2025-12-22T20:50:38.6722602Z Current runner version: '2.330.0'
2025-12-22T20:50:38.6752196Z ##[group]Runner Image Provisioner
2025-12-22T20:50:38.6753023Z Hosted Compute Agent
2025-12-22T20:50:38.6753647Z Version: 20251211.462
2025-12-22T20:50:38.6754235Z Commit: 6cbad8c2bb55d58165063d031ccabf57e2d2db61
2025-12-22T20:50:38.6754962Z Build Date: 2025-12-11T16:28:49Z
2025-12-22T20:50:38.6755839Z Worker ID: {0652d05a-5814-4a6e-bfb4-7cb14b143da6}
2025-12-22T20:50:38.6756631Z ##[endgroup]
2025-12-22T20:50:38.6757119Z ##[group]Operating System
2025-12-22T20:50:38.6757665Z Ubuntu
2025-12-22T20:50:38.6758165Z 24.04.3
2025-12-22T20:50:38.6758686Z LTS
2025-12-22T20:50:38.6759108Z ##[endgroup]
2025-12-22T20:50:38.6759610Z ##[group]Runner Image
2025-12-22T20:50:38.6760141Z Image: ubuntu-24.04
2025-12-22T20:50:38.6760602Z Version: 20251215.174.1
2025-12-22T20:50:38.6761656Z Included Software: https://github.com/actions/runner-images/blob/ubuntu24/20251215.174/images/ubuntu/Ubuntu2404-Readme.md
2025-12-22T20:50:38.6763185Z Image Release: https://github.com/actions/runner-images/releases/tag/ubuntu24%2F20251215.174
2025-12-22T20:50:38.6764605Z ##[endgroup]
2025-12-22T20:50:38.6766330Z ##[group]GITHUB_TOKEN Permissions
2025-12-22T20:50:38.6768765Z Contents: read
2025-12-22T20:50:38.6769658Z Metadata: read
2025-12-22T20:50:38.6770355Z ##[endgroup]
2025-12-22T20:50:38.6773514Z Secret source: Actions
2025-12-22T20:50:38.6774817Z Prepare workflow directory
2025-12-22T20:50:38.7395336Z Prepare all required actions
2025-12-22T20:50:38.7449962Z Getting action download info
2025-12-22T20:50:39.0692227Z Download action repository 'actions/checkout@11bd71901bbe5b1630ceea73d27597364c9af683' (SHA:11bd71901bbe5b1630ceea73d27597364c9af683)
2025-12-22T20:50:39.1924398Z Download action repository 'actions/setup-python@0b93645e9fea7318ecaed2b359559ac225c90a2b' (SHA:0b93645e9fea7318ecaed2b359559ac225c90a2b)
2025-12-22T20:50:39.3616560Z Download action repository 'actions/setup-node@39370e3970a6d050c480ffad4ff0ed4d3fdee5af' (SHA:39370e3970a6d050c480ffad4ff0ed4d3fdee5af)
2025-12-22T20:50:39.6119683Z Download action repository 'actions/upload-artifact@6f51ac03b9356f520e9adb1b1b7802705f340c2b' (SHA:6f51ac03b9356f520e9adb1b1b7802705f340c2b)
2025-12-22T20:50:39.9870665Z Complete job name: e2e
2025-12-22T20:50:40.0412994Z ##[group]Checking docker version
2025-12-22T20:50:40.0426674Z ##[command]/usr/bin/docker version --format '{{.Server.APIVersion}}'
2025-12-22T20:50:40.1606878Z '1.48'
2025-12-22T20:50:40.1621649Z Docker daemon API version: '1.48'
2025-12-22T20:50:40.1622986Z ##[command]/usr/bin/docker version --format '{{.Client.APIVersion}}'
2025-12-22T20:50:40.1797513Z '1.48'
2025-12-22T20:50:40.1813035Z Docker client API version: '1.48'
2025-12-22T20:50:40.1821162Z ##[endgroup]
2025-12-22T20:50:40.1826880Z ##[group]Clean up resources from previous jobs
2025-12-22T20:50:40.1832680Z ##[command]/usr/bin/docker ps --all --quiet --no-trunc --filter "label=164b42"
2025-12-22T20:50:40.1981996Z ##[command]/usr/bin/docker network prune --force --filter "label=164b42"
2025-12-22T20:50:40.2141654Z ##[endgroup]
2025-12-22T20:50:40.2142522Z ##[group]Create local container network
2025-12-22T20:50:40.2154180Z ##[command]/usr/bin/docker network create --label 164b42 github_network_af2d6608437945359fb2fe74623dc07a
2025-12-22T20:50:40.2935008Z 1f6f7103bbfba59451dff3113b5bbec1c196eccc7275ec2ea6c28d7e84c23bc4
2025-12-22T20:50:40.2954994Z ##[endgroup]
2025-12-22T20:50:40.2980827Z ##[group]Starting postgres service container
2025-12-22T20:50:40.3001251Z ##[command]/usr/bin/docker pull postgres:15-alpine
2025-12-22T20:50:40.6973154Z 15-alpine: Pulling from library/postgres
2025-12-22T20:50:40.8277781Z 1074353eec0d: Pulling fs layer
2025-12-22T20:50:40.8278597Z d2e5feb410e8: Pulling fs layer
2025-12-22T20:50:40.8279317Z ff7ac73e977d: Pulling fs layer
2025-12-22T20:50:40.8280001Z 25fbe13bb576: Pulling fs layer
2025-12-22T20:50:40.8280822Z 060e3656c186: Pulling fs layer
2025-12-22T20:50:40.8281531Z 9fa3a17171bc: Pulling fs layer
2025-12-22T20:50:40.8282219Z 1de01a2b564f: Pulling fs layer
2025-12-22T20:50:40.8283251Z 141979064465: Pulling fs layer
2025-12-22T20:50:40.8284185Z 86a96880bc80: Pulling fs layer
2025-12-22T20:50:40.8284912Z c5fd49a04d70: Pulling fs layer
2025-12-22T20:50:40.8285816Z 9bb1b164157a: Pulling fs layer
2025-12-22T20:50:40.8287173Z 25fbe13bb576: Waiting
2025-12-22T20:50:40.8287854Z 060e3656c186: Waiting
2025-12-22T20:50:40.8288502Z 9fa3a17171bc: Waiting
2025-12-22T20:50:40.8289177Z 1de01a2b564f: Waiting
2025-12-22T20:50:40.8289919Z 141979064465: Waiting
2025-12-22T20:50:40.8290643Z 86a96880bc80: Waiting
2025-12-22T20:50:40.8291411Z c5fd49a04d70: Waiting
2025-12-22T20:50:40.8292237Z 9bb1b164157a: Waiting
2025-12-22T20:50:41.0230105Z ff7ac73e977d: Verifying Checksum
2025-12-22T20:50:41.0232619Z ff7ac73e977d: Download complete
2025-12-22T20:50:41.0233359Z d2e5feb410e8: Verifying Checksum
2025-12-22T20:50:41.0234280Z d2e5feb410e8: Download complete
2025-12-22T20:50:41.0235152Z 1074353eec0d: Verifying Checksum
2025-12-22T20:50:41.0236091Z 1074353eec0d: Download complete
2025-12-22T20:50:41.0633923Z 25fbe13bb576: Verifying Checksum
2025-12-22T20:50:41.0645228Z 25fbe13bb576: Download complete
2025-12-22T20:50:41.0647690Z 060e3656c186: Verifying Checksum
2025-12-22T20:50:41.0649323Z 060e3656c186: Download complete
2025-12-22T20:50:41.1350232Z 1074353eec0d: Pull complete
2025-12-22T20:50:41.1852070Z 141979064465: Verifying Checksum
2025-12-22T20:50:41.1852848Z 141979064465: Download complete
2025-12-22T20:50:41.1870182Z 1de01a2b564f: Verifying Checksum
2025-12-22T20:50:41.1871947Z 1de01a2b564f: Download complete
2025-12-22T20:50:41.5758752Z 86a96880bc80: Verifying Checksum
2025-12-22T20:50:41.5771189Z c5fd49a04d70: Verifying Checksum
2025-12-22T20:50:41.5779030Z c5fd49a04d70: Download complete
2025-12-22T20:50:41.5781498Z 86a96880bc80: Download complete
2025-12-22T20:50:41.6988385Z 9bb1b164157a: Verifying Checksum
2025-12-22T20:50:41.6991711Z 9bb1b164157a: Download complete
2025-12-22T20:50:42.3400613Z 9fa3a17171bc: Verifying Checksum
2025-12-22T20:50:42.3401124Z 9fa3a17171bc: Download complete
2025-12-22T20:50:42.6855843Z d2e5feb410e8: Pull complete
2025-12-22T20:50:43.1486401Z ff7ac73e977d: Pull complete
2025-12-22T20:50:43.1699563Z 25fbe13bb576: Pull complete
2025-12-22T20:50:43.1932351Z 060e3656c186: Pull complete
2025-12-22T20:50:46.3351932Z 9fa3a17171bc: Pull complete
2025-12-22T20:50:46.3557404Z 1de01a2b564f: Pull complete
2025-12-22T20:50:46.3760284Z 141979064465: Pull complete
2025-12-22T20:50:46.3947630Z 86a96880bc80: Pull complete
2025-12-22T20:50:46.4093147Z c5fd49a04d70: Pull complete
2025-12-22T20:50:46.4256404Z 9bb1b164157a: Pull complete
2025-12-22T20:50:46.4320355Z Digest: sha256:b3968e348b48f1198cc6de6611d055dbad91cd561b7990c406c3fc28d7095b21
2025-12-22T20:50:46.4337795Z Status: Downloaded newer image for postgres:15-alpine
2025-12-22T20:50:46.4353208Z docker.io/library/postgres:15-alpine
2025-12-22T20:50:46.4426497Z ##[command]/usr/bin/docker create --name d3b49ebb25a64cefa37d00bcb551dcb5_postgres15alpine_f87f1a --label 164b42 --network github_network_af2d6608437945359fb2fe74623dc07a --network-alias postgres -p 5432:5432 --health-cmd pg_isready --health-interval 10s --health-timeout 5s --health-retries 5 -e "POSTGRES_USER=postgres" -e "POSTGRES_PASSWORD=postgres" -e "POSTGRES_DB=postgres" -e GITHUB_ACTIONS=true -e CI=true postgres:15-alpine
2025-12-22T20:50:46.4760531Z 056447e34464843b278b7bb5d9ff55f46dda548837e0061e4074b77f5278d91f
2025-12-22T20:50:46.4784039Z ##[command]/usr/bin/docker start 056447e34464843b278b7bb5d9ff55f46dda548837e0061e4074b77f5278d91f
2025-12-22T20:50:46.7251544Z 056447e34464843b278b7bb5d9ff55f46dda548837e0061e4074b77f5278d91f
2025-12-22T20:50:46.7284461Z ##[command]/usr/bin/docker ps --all --filter id=056447e34464843b278b7bb5d9ff55f46dda548837e0061e4074b77f5278d91f --filter status=running --no-trunc --format "{{.ID}} {{.Status}}"
2025-12-22T20:50:46.7472214Z 056447e34464843b278b7bb5d9ff55f46dda548837e0061e4074b77f5278d91f Up Less than a second (health: starting)
2025-12-22T20:50:46.7501620Z ##[command]/usr/bin/docker port 056447e34464843b278b7bb5d9ff55f46dda548837e0061e4074b77f5278d91f
2025-12-22T20:50:46.7675005Z 5432/tcp -> 0.0.0.0:5432
2025-12-22T20:50:46.7676503Z 5432/tcp -> [::]:5432
2025-12-22T20:50:46.7745013Z ##[endgroup]
2025-12-22T20:50:46.7756501Z ##[group]Waiting for all services to be ready
2025-12-22T20:50:46.7775206Z ##[command]/usr/bin/docker inspect --format="{{if .Config.Healthcheck}}{{print .State.Health.Status}}{{end}}" 056447e34464843b278b7bb5d9ff55f46dda548837e0061e4074b77f5278d91f
2025-12-22T20:50:46.8037517Z starting
2025-12-22T20:50:46.8093290Z postgres service is starting, waiting 2 seconds before checking again.
2025-12-22T20:50:48.8097884Z ##[command]/usr/bin/docker inspect --format="{{if .Config.Healthcheck}}{{print .State.Health.Status}}{{end}}" 056447e34464843b278b7bb5d9ff55f46dda548837e0061e4074b77f5278d91f
2025-12-22T20:50:48.8240030Z starting
2025-12-22T20:50:48.8254760Z postgres service is starting, waiting 3 seconds before checking again.
2025-12-22T20:50:52.5209629Z ##[command]/usr/bin/docker inspect --format="{{if .Config.Healthcheck}}{{print .State.Health.Status}}{{end}}" 056447e34464843b278b7bb5d9ff55f46dda548837e0061e4074b77f5278d91f
2025-12-22T20:50:52.5356809Z starting
2025-12-22T20:50:52.5372165Z postgres service is starting, waiting 8 seconds before checking again.
2025-12-22T20:51:00.5673824Z ##[command]/usr/bin/docker inspect --format="{{if .Config.Healthcheck}}{{print .State.Health.Status}}{{end}}" 056447e34464843b278b7bb5d9ff55f46dda548837e0061e4074b77f5278d91f
2025-12-22T20:51:00.5843910Z healthy
2025-12-22T20:51:00.5863094Z postgres service is healthy.
2025-12-22T20:51:00.5863898Z ##[endgroup]
2025-12-22T20:51:00.6124437Z ##[group]Run actions/checkout@11bd71901bbe5b1630ceea73d27597364c9af683
2025-12-22T20:51:00.6125079Z with:
2025-12-22T20:51:00.6125275Z   repository: m-cahill/tunix-rt
2025-12-22T20:51:00.6125853Z   token: ***
2025-12-22T20:51:00.6126034Z   ssh-strict: true
2025-12-22T20:51:00.6126204Z   ssh-user: git
2025-12-22T20:51:00.6126391Z   persist-credentials: true
2025-12-22T20:51:00.6126593Z   clean: true
2025-12-22T20:51:00.6126800Z   sparse-checkout-cone-mode: true
2025-12-22T20:51:00.6190125Z   fetch-depth: 1
2025-12-22T20:51:00.6190486Z   fetch-tags: false
2025-12-22T20:51:00.6190766Z   show-progress: true
2025-12-22T20:51:00.6191056Z   lfs: false
2025-12-22T20:51:00.6191314Z   submodules: false
2025-12-22T20:51:00.6191621Z   set-safe-directory: true
2025-12-22T20:51:00.6192789Z env:
2025-12-22T20:51:00.6193060Z   REDIAI_MODE: mock
2025-12-22T20:51:00.6194163Z   DATABASE_URL: ***localhost:5432/postgres
2025-12-22T20:51:00.6194598Z ##[endgroup]
2025-12-22T20:51:00.7477490Z Syncing repository: m-cahill/tunix-rt
2025-12-22T20:51:00.7479277Z ##[group]Getting Git version info
2025-12-22T20:51:00.7479867Z Working directory is '/home/runner/work/tunix-rt/tunix-rt'
2025-12-22T20:51:00.7490850Z [command]/usr/bin/git version
2025-12-22T20:51:00.7641684Z git version 2.52.0
2025-12-22T20:51:00.7673457Z ##[endgroup]
2025-12-22T20:51:00.7697769Z Temporarily overriding HOME='/home/runner/work/_temp/9bea41bc-bb52-45d0-86c1-172a4852f9d9' before making global git config changes
2025-12-22T20:51:00.7700115Z Adding repository directory to the temporary git global config as a safe directory
2025-12-22T20:51:00.7705714Z [command]/usr/bin/git config --global --add safe.directory /home/runner/work/tunix-rt/tunix-rt
2025-12-22T20:51:00.7751887Z Deleting the contents of '/home/runner/work/tunix-rt/tunix-rt'
2025-12-22T20:51:00.7757112Z ##[group]Initializing the repository
2025-12-22T20:51:00.7761681Z [command]/usr/bin/git init /home/runner/work/tunix-rt/tunix-rt
2025-12-22T20:51:00.7896076Z hint: Using 'master' as the name for the initial branch. This default branch name
2025-12-22T20:51:00.7897245Z hint: will change to "main" in Git 3.0. To configure the initial branch name
2025-12-22T20:51:00.7898042Z hint: to use in all of your new repositories, which will suppress this warning,
2025-12-22T20:51:00.7898673Z hint: call:
2025-12-22T20:51:00.7898959Z hint:
2025-12-22T20:51:00.7899361Z hint: 	git config --global init.defaultBranch <name>
2025-12-22T20:51:00.7900106Z hint:
2025-12-22T20:51:00.7900583Z hint: Names commonly chosen instead of 'master' are 'main', 'trunk' and
2025-12-22T20:51:00.7901386Z hint: 'development'. The just-created branch can be renamed via this command:
2025-12-22T20:51:00.7901978Z hint:
2025-12-22T20:51:00.7902278Z hint: 	git branch -m <name>
2025-12-22T20:51:00.7902620Z hint:
2025-12-22T20:51:00.7903122Z hint: Disable this message with "git config set advice.defaultBranchName false"
2025-12-22T20:51:00.7905382Z Initialized empty Git repository in /home/runner/work/tunix-rt/tunix-rt/.git/
2025-12-22T20:51:00.7917002Z [command]/usr/bin/git remote add origin https://github.com/m-cahill/tunix-rt
2025-12-22T20:51:00.7960794Z ##[endgroup]
2025-12-22T20:51:00.7961670Z ##[group]Disabling automatic garbage collection
2025-12-22T20:51:00.7965135Z [command]/usr/bin/git config --local gc.auto 0
2025-12-22T20:51:00.7996167Z ##[endgroup]
2025-12-22T20:51:00.7997069Z ##[group]Setting up auth
2025-12-22T20:51:00.8003645Z [command]/usr/bin/git config --local --name-only --get-regexp core\.sshCommand
2025-12-22T20:51:00.8036443Z [command]/usr/bin/git submodule foreach --recursive sh -c "git config --local --name-only --get-regexp 'core\.sshCommand' && git config --local --unset-all 'core.sshCommand' || :"
2025-12-22T20:51:00.8424403Z [command]/usr/bin/git config --local --name-only --get-regexp http\.https\:\/\/github\.com\/\.extraheader
2025-12-22T20:51:00.8457819Z [command]/usr/bin/git submodule foreach --recursive sh -c "git config --local --name-only --get-regexp 'http\.https\:\/\/github\.com\/\.extraheader' && git config --local --unset-all 'http.https://github.com/.extraheader' || :"
2025-12-22T20:51:00.8692574Z [command]/usr/bin/git config --local http.https://github.com/.extraheader AUTHORIZATION: basic ***
2025-12-22T20:51:00.8735001Z ##[endgroup]
2025-12-22T20:51:00.8736267Z ##[group]Fetching the repository
2025-12-22T20:51:00.8746043Z [command]/usr/bin/git -c protocol.version=2 fetch --no-tags --prune --no-recurse-submodules --depth=1 origin +e2a7d8993dacd481d7be7ed8a46710f7c0286796:refs/remotes/origin/main
2025-12-22T20:51:01.2650901Z From https://github.com/m-cahill/tunix-rt
2025-12-22T20:51:01.2651573Z  * [new ref]         e2a7d8993dacd481d7be7ed8a46710f7c0286796 -> origin/main
2025-12-22T20:51:01.2684012Z ##[endgroup]
2025-12-22T20:51:01.2685008Z ##[group]Determining the checkout info
2025-12-22T20:51:01.2687363Z ##[endgroup]
2025-12-22T20:51:01.2693627Z [command]/usr/bin/git sparse-checkout disable
2025-12-22T20:51:01.2736922Z [command]/usr/bin/git config --local --unset-all extensions.worktreeConfig
2025-12-22T20:51:01.2770391Z ##[group]Checking out the ref
2025-12-22T20:51:01.2773000Z [command]/usr/bin/git checkout --progress --force -B main refs/remotes/origin/main
2025-12-22T20:51:01.3763657Z Switched to a new branch 'main'
2025-12-22T20:51:01.3777038Z branch 'main' set up to track 'origin/main'.
2025-12-22T20:51:01.3781696Z ##[endgroup]
2025-12-22T20:51:01.3867050Z [command]/usr/bin/git log -1 --format=%H
2025-12-22T20:51:01.3896323Z e2a7d8993dacd481d7be7ed8a46710f7c0286796
2025-12-22T20:51:01.4122511Z ##[group]Run actions/setup-python@0b93645e9fea7318ecaed2b359559ac225c90a2b
2025-12-22T20:51:01.4122875Z with:
2025-12-22T20:51:01.4123044Z   python-version: 3.11
2025-12-22T20:51:01.4123243Z   cache: pip
2025-12-22T20:51:01.4123465Z   cache-dependency-path: backend/pyproject.toml
2025-12-22T20:51:01.4123736Z   check-latest: false
2025-12-22T20:51:01.4124044Z   token: ***
2025-12-22T20:51:01.4124231Z   update-environment: true
2025-12-22T20:51:01.4124454Z   allow-prereleases: false
2025-12-22T20:51:01.4124662Z env:
2025-12-22T20:51:01.4124819Z   REDIAI_MODE: mock
2025-12-22T20:51:01.4125228Z   DATABASE_URL: ***localhost:5432/postgres
2025-12-22T20:51:01.4125629Z ##[endgroup]
2025-12-22T20:51:01.5696659Z ##[group]Installed versions
2025-12-22T20:51:01.5848169Z Successfully set up CPython (3.11.14)
2025-12-22T20:51:01.5849643Z ##[endgroup]
2025-12-22T20:51:01.6497998Z [command]/opt/hostedtoolcache/Python/3.11.14/x64/bin/pip cache dir
2025-12-22T20:51:04.3451779Z /home/runner/.cache/pip
2025-12-22T20:51:04.4487186Z ##[warning]Failed to restore: Cache service responded with 400
2025-12-22T20:51:04.4497300Z pip cache is not found
2025-12-22T20:51:04.4601318Z ##[group]Run cd ../backend && python -m pip install -e ".[dev]"
2025-12-22T20:51:04.4601784Z [36;1mcd ../backend && python -m pip install -e ".[dev]"[0m
2025-12-22T20:51:04.4640656Z shell: /usr/bin/bash -e {0}
2025-12-22T20:51:04.4640879Z env:
2025-12-22T20:51:04.4641042Z   REDIAI_MODE: mock
2025-12-22T20:51:04.4641562Z   DATABASE_URL: ***localhost:5432/postgres
2025-12-22T20:51:04.4641889Z   pythonLocation: /opt/hostedtoolcache/Python/3.11.14/x64
2025-12-22T20:51:04.4642290Z   PKG_CONFIG_PATH: /opt/hostedtoolcache/Python/3.11.14/x64/lib/pkgconfig
2025-12-22T20:51:04.4642693Z   Python_ROOT_DIR: /opt/hostedtoolcache/Python/3.11.14/x64
2025-12-22T20:51:04.4643031Z   Python2_ROOT_DIR: /opt/hostedtoolcache/Python/3.11.14/x64
2025-12-22T20:51:04.4643381Z   Python3_ROOT_DIR: /opt/hostedtoolcache/Python/3.11.14/x64
2025-12-22T20:51:04.4643741Z   LD_LIBRARY_PATH: /opt/hostedtoolcache/Python/3.11.14/x64/lib
2025-12-22T20:51:04.4644017Z ##[endgroup]
2025-12-22T20:51:05.9015282Z Obtaining file:///home/runner/work/tunix-rt/tunix-rt/backend
2025-12-22T20:51:05.9037669Z   Installing build dependencies: started
2025-12-22T20:51:07.0402385Z   Installing build dependencies: finished with status 'done'
2025-12-22T20:51:07.0408856Z   Checking if build backend supports build_editable: started
2025-12-22T20:51:07.5028088Z   Checking if build backend supports build_editable: finished with status 'done'
2025-12-22T20:51:07.5035662Z   Getting requirements to build editable: started
2025-12-22T20:51:07.8139103Z   Getting requirements to build editable: finished with status 'done'
2025-12-22T20:51:07.8148434Z   Preparing editable metadata (pyproject.toml): started
2025-12-22T20:51:07.9899300Z   Preparing editable metadata (pyproject.toml): finished with status 'done'
2025-12-22T20:51:08.1178359Z Collecting fastapi>=0.104.0 (from tunix-rt-backend==0.1.0)
2025-12-22T20:51:08.2050165Z   Downloading fastapi-0.127.0-py3-none-any.whl.metadata (30 kB)
2025-12-22T20:51:08.2514641Z Collecting uvicorn>=0.24.0 (from uvicorn[standard]>=0.24.0->tunix-rt-backend==0.1.0)
2025-12-22T20:51:08.2655731Z   Downloading uvicorn-0.40.0-py3-none-any.whl.metadata (6.7 kB)
2025-12-22T20:51:08.2975346Z Collecting httpx>=0.25.0 (from tunix-rt-backend==0.1.0)
2025-12-22T20:51:08.3120304Z   Downloading httpx-0.28.1-py3-none-any.whl.metadata (7.1 kB)
2025-12-22T20:51:08.4328837Z Collecting pydantic>=2.4.0 (from tunix-rt-backend==0.1.0)
2025-12-22T20:51:08.4478284Z   Downloading pydantic-2.12.5-py3-none-any.whl.metadata (90 kB)
2025-12-22T20:51:08.4830186Z Collecting pydantic-settings>=2.0.0 (from tunix-rt-backend==0.1.0)
2025-12-22T20:51:08.4979893Z   Downloading pydantic_settings-2.12.0-py3-none-any.whl.metadata (3.4 kB)
2025-12-22T20:51:08.7606611Z Collecting sqlalchemy>=2.0.0 (from sqlalchemy[asyncio]>=2.0.0->tunix-rt-backend==0.1.0)
2025-12-22T20:51:08.7752965Z   Downloading sqlalchemy-2.0.45-cp311-cp311-manylinux2014_x86_64.manylinux_2_17_x86_64.manylinux_2_28_x86_64.whl.metadata (9.5 kB)
2025-12-22T20:51:08.8071383Z Collecting alembic>=1.12.0 (from tunix-rt-backend==0.1.0)
2025-12-22T20:51:08.8213584Z   Downloading alembic-1.17.2-py3-none-any.whl.metadata (7.2 kB)
2025-12-22T20:51:08.8838156Z Collecting asyncpg>=0.29.0 (from tunix-rt-backend==0.1.0)
2025-12-22T20:51:08.8986039Z   Downloading asyncpg-0.31.0-cp311-cp311-manylinux2014_x86_64.manylinux_2_17_x86_64.manylinux_2_28_x86_64.whl.metadata (4.4 kB)
2025-12-22T20:51:08.9394176Z Collecting pyyaml>=6.0.0 (from tunix-rt-backend==0.1.0)
2025-12-22T20:51:08.9545706Z   Downloading pyyaml-6.0.3-cp311-cp311-manylinux2014_x86_64.manylinux_2_17_x86_64.manylinux_2_28_x86_64.whl.metadata (2.4 kB)
2025-12-22T20:51:08.9910022Z Collecting pytest>=7.4.0 (from tunix-rt-backend==0.1.0)
2025-12-22T20:51:09.0053084Z   Downloading pytest-9.0.2-py3-none-any.whl.metadata (7.6 kB)
2025-12-22T20:51:09.0248818Z Collecting pytest-cov>=4.1.0 (from tunix-rt-backend==0.1.0)
2025-12-22T20:51:09.0388867Z   Downloading pytest_cov-7.0.0-py3-none-any.whl.metadata (31 kB)
2025-12-22T20:51:09.0647106Z Collecting pytest-asyncio>=0.21.0 (from tunix-rt-backend==0.1.0)
2025-12-22T20:51:09.0790459Z   Downloading pytest_asyncio-1.3.0-py3-none-any.whl.metadata (4.1 kB)
2025-12-22T20:51:09.4455638Z Collecting ruff>=0.1.0 (from tunix-rt-backend==0.1.0)
2025-12-22T20:51:09.4598730Z   Downloading ruff-0.14.10-py3-none-manylinux_2_17_x86_64.manylinux2014_x86_64.whl.metadata (26 kB)
2025-12-22T20:51:09.5654614Z Collecting mypy>=1.6.0 (from tunix-rt-backend==0.1.0)
2025-12-22T20:51:09.5798433Z   Downloading mypy-1.19.1-cp311-cp311-manylinux2014_x86_64.manylinux_2_17_x86_64.manylinux_2_28_x86_64.whl.metadata (2.2 kB)
2025-12-22T20:51:09.5964011Z Collecting aiosqlite>=0.19.0 (from tunix-rt-backend==0.1.0)
2025-12-22T20:51:09.6106100Z   Downloading aiosqlite-0.22.0-py3-none-any.whl.metadata (4.3 kB)
2025-12-22T20:51:09.6472822Z Collecting Mako (from alembic>=1.12.0->tunix-rt-backend==0.1.0)
2025-12-22T20:51:09.6616145Z   Downloading mako-1.3.10-py3-none-any.whl.metadata (2.9 kB)
2025-12-22T20:51:09.6810872Z Collecting typing-extensions>=4.12 (from alembic>=1.12.0->tunix-rt-backend==0.1.0)
2025-12-22T20:51:09.6951936Z   Downloading typing_extensions-4.15.0-py3-none-any.whl.metadata (3.3 kB)
2025-12-22T20:51:09.7262257Z Collecting starlette<0.51.0,>=0.40.0 (from fastapi>=0.104.0->tunix-rt-backend==0.1.0)
2025-12-22T20:51:09.7402609Z   Downloading starlette-0.50.0-py3-none-any.whl.metadata (6.3 kB)
2025-12-22T20:51:09.7674612Z Collecting annotated-doc>=0.0.2 (from fastapi>=0.104.0->tunix-rt-backend==0.1.0)
2025-12-22T20:51:09.7814412Z   Downloading annotated_doc-0.0.4-py3-none-any.whl.metadata (6.6 kB)
2025-12-22T20:51:09.8040331Z Collecting anyio<5,>=3.6.2 (from starlette<0.51.0,>=0.40.0->fastapi>=0.104.0->tunix-rt-backend==0.1.0)
2025-12-22T20:51:09.8181153Z   Downloading anyio-4.12.0-py3-none-any.whl.metadata (4.3 kB)
2025-12-22T20:51:09.8394383Z Collecting idna>=2.8 (from anyio<5,>=3.6.2->starlette<0.51.0,>=0.40.0->fastapi>=0.104.0->tunix-rt-backend==0.1.0)
2025-12-22T20:51:09.8551592Z   Downloading idna-3.11-py3-none-any.whl.metadata (8.4 kB)
2025-12-22T20:51:09.8836249Z Collecting certifi (from httpx>=0.25.0->tunix-rt-backend==0.1.0)
2025-12-22T20:51:09.8976106Z   Downloading certifi-2025.11.12-py3-none-any.whl.metadata (2.5 kB)
2025-12-22T20:51:09.9195013Z Collecting httpcore==1.* (from httpx>=0.25.0->tunix-rt-backend==0.1.0)
2025-12-22T20:51:09.9337908Z   Downloading httpcore-1.0.9-py3-none-any.whl.metadata (21 kB)
2025-12-22T20:51:09.9501855Z Collecting h11>=0.16 (from httpcore==1.*->httpx>=0.25.0->tunix-rt-backend==0.1.0)
2025-12-22T20:51:09.9682971Z   Downloading h11-0.16.0-py3-none-any.whl.metadata (8.3 kB)
2025-12-22T20:51:09.9873323Z Collecting mypy_extensions>=1.0.0 (from mypy>=1.6.0->tunix-rt-backend==0.1.0)
2025-12-22T20:51:10.0014132Z   Downloading mypy_extensions-1.1.0-py3-none-any.whl.metadata (1.1 kB)
2025-12-22T20:51:10.0162437Z Collecting pathspec>=0.9.0 (from mypy>=1.6.0->tunix-rt-backend==0.1.0)
2025-12-22T20:51:10.0303971Z   Downloading pathspec-0.12.1-py3-none-any.whl.metadata (21 kB)
2025-12-22T20:51:10.1169784Z Collecting librt>=0.6.2 (from mypy>=1.6.0->tunix-rt-backend==0.1.0)
2025-12-22T20:51:10.1315190Z   Downloading librt-0.7.4-cp311-cp311-manylinux2014_x86_64.manylinux_2_17_x86_64.manylinux_2_28_x86_64.whl.metadata (1.3 kB)
2025-12-22T20:51:10.1469205Z Collecting annotated-types>=0.6.0 (from pydantic>=2.4.0->tunix-rt-backend==0.1.0)
2025-12-22T20:51:10.1615922Z   Downloading annotated_types-0.7.0-py3-none-any.whl.metadata (15 kB)
2025-12-22T20:51:10.8621809Z Collecting pydantic-core==2.41.5 (from pydantic>=2.4.0->tunix-rt-backend==0.1.0)
2025-12-22T20:51:10.8765345Z   Downloading pydantic_core-2.41.5-cp311-cp311-manylinux_2_17_x86_64.manylinux2014_x86_64.whl.metadata (7.3 kB)
2025-12-22T20:51:10.8927517Z Collecting typing-inspection>=0.4.2 (from pydantic>=2.4.0->tunix-rt-backend==0.1.0)
2025-12-22T20:51:10.9067785Z   Downloading typing_inspection-0.4.2-py3-none-any.whl.metadata (2.6 kB)
2025-12-22T20:51:10.9274315Z Collecting python-dotenv>=0.21.0 (from pydantic-settings>=2.0.0->tunix-rt-backend==0.1.0)
2025-12-22T20:51:10.9417592Z   Downloading python_dotenv-1.2.1-py3-none-any.whl.metadata (25 kB)
2025-12-22T20:51:10.9568775Z Collecting iniconfig>=1.0.1 (from pytest>=7.4.0->tunix-rt-backend==0.1.0)
2025-12-22T20:51:10.9713224Z   Downloading iniconfig-2.3.0-py3-none-any.whl.metadata (2.5 kB)
2025-12-22T20:51:10.9886758Z Collecting packaging>=22 (from pytest>=7.4.0->tunix-rt-backend==0.1.0)
2025-12-22T20:51:11.0026793Z   Downloading packaging-25.0-py3-none-any.whl.metadata (3.3 kB)
2025-12-22T20:51:11.0172014Z Collecting pluggy<2,>=1.5 (from pytest>=7.4.0->tunix-rt-backend==0.1.0)
2025-12-22T20:51:11.0316131Z   Downloading pluggy-1.6.0-py3-none-any.whl.metadata (4.8 kB)
2025-12-22T20:51:11.0542271Z Collecting pygments>=2.7.2 (from pytest>=7.4.0->tunix-rt-backend==0.1.0)
2025-12-22T20:51:11.0684478Z   Downloading pygments-2.19.2-py3-none-any.whl.metadata (2.5 kB)
2025-12-22T20:51:11.4264093Z Collecting coverage>=7.10.6 (from coverage[toml]>=7.10.6->pytest-cov>=4.1.0->tunix-rt-backend==0.1.0)
2025-12-22T20:51:11.4410454Z   Downloading coverage-7.13.0-cp311-cp311-manylinux1_x86_64.manylinux_2_28_x86_64.manylinux_2_5_x86_64.whl.metadata (8.5 kB)
2025-12-22T20:51:11.6356973Z Collecting greenlet>=1 (from sqlalchemy>=2.0.0->sqlalchemy[asyncio]>=2.0.0->tunix-rt-backend==0.1.0)
2025-12-22T20:51:11.6502266Z   Downloading greenlet-3.3.0-cp311-cp311-manylinux_2_24_x86_64.manylinux_2_28_x86_64.whl.metadata (4.1 kB)
2025-12-22T20:51:11.6830475Z Collecting click>=7.0 (from uvicorn>=0.24.0->uvicorn[standard]>=0.24.0->tunix-rt-backend==0.1.0)
2025-12-22T20:51:11.6971491Z   Downloading click-8.3.1-py3-none-any.whl.metadata (2.6 kB)
2025-12-22T20:51:11.7319780Z Collecting httptools>=0.6.3 (from uvicorn[standard]>=0.24.0->tunix-rt-backend==0.1.0)
2025-12-22T20:51:11.7460470Z   Downloading httptools-0.7.1-cp311-cp311-manylinux1_x86_64.manylinux_2_28_x86_64.manylinux_2_5_x86_64.whl.metadata (3.5 kB)
2025-12-22T20:51:11.7926180Z Collecting uvloop>=0.15.1 (from uvicorn[standard]>=0.24.0->tunix-rt-backend==0.1.0)
2025-12-22T20:51:11.8070156Z   Downloading uvloop-0.22.1-cp311-cp311-manylinux2014_x86_64.manylinux_2_17_x86_64.manylinux_2_28_x86_64.whl.metadata (4.9 kB)
2025-12-22T20:51:11.8860956Z Collecting watchfiles>=0.13 (from uvicorn[standard]>=0.24.0->tunix-rt-backend==0.1.0)
2025-12-22T20:51:11.9004410Z   Downloading watchfiles-1.1.1-cp311-cp311-manylinux_2_17_x86_64.manylinux2014_x86_64.whl.metadata (4.9 kB)
2025-12-22T20:51:11.9844231Z Collecting websockets>=10.4 (from uvicorn[standard]>=0.24.0->tunix-rt-backend==0.1.0)
2025-12-22T20:51:11.9989087Z   Downloading websockets-15.0.1-cp311-cp311-manylinux_2_5_x86_64.manylinux1_x86_64.manylinux_2_17_x86_64.manylinux2014_x86_64.whl.metadata (6.8 kB)
2025-12-22T20:51:12.0649838Z Collecting MarkupSafe>=0.9.2 (from Mako->alembic>=1.12.0->tunix-rt-backend==0.1.0)
2025-12-22T20:51:12.0794715Z   Downloading markupsafe-3.0.3-cp311-cp311-manylinux2014_x86_64.manylinux_2_17_x86_64.manylinux_2_28_x86_64.whl.metadata (2.7 kB)
2025-12-22T20:51:12.0999207Z Downloading aiosqlite-0.22.0-py3-none-any.whl (17 kB)
2025-12-22T20:51:12.1165293Z Downloading alembic-1.17.2-py3-none-any.whl (248 kB)
2025-12-22T20:51:12.1491994Z Downloading asyncpg-0.31.0-cp311-cp311-manylinux2014_x86_64.manylinux_2_17_x86_64.manylinux_2_28_x86_64.whl (3.0 MB)
2025-12-22T20:51:12.1976598Z    ━━━━━━━━━━━━━━━━━━━━━━━━━━━━━━━━━━━━━━━━ 3.0/3.0 MB 61.8 MB/s  0:00:00
2025-12-22T20:51:12.2120540Z Downloading fastapi-0.127.0-py3-none-any.whl (112 kB)
2025-12-22T20:51:12.2295244Z Downloading starlette-0.50.0-py3-none-any.whl (74 kB)
2025-12-22T20:51:12.2463004Z Downloading anyio-4.12.0-py3-none-any.whl (113 kB)
2025-12-22T20:51:12.2706931Z Downloading annotated_doc-0.0.4-py3-none-any.whl (5.3 kB)
2025-12-22T20:51:12.2882291Z Downloading httpx-0.28.1-py3-none-any.whl (73 kB)
2025-12-22T20:51:12.3054047Z Downloading httpcore-1.0.9-py3-none-any.whl (78 kB)
2025-12-22T20:51:12.3221165Z Downloading h11-0.16.0-py3-none-any.whl (37 kB)
2025-12-22T20:51:12.3389285Z Downloading idna-3.11-py3-none-any.whl (71 kB)
2025-12-22T20:51:12.3562425Z Downloading mypy-1.19.1-cp311-cp311-manylinux2014_x86_64.manylinux_2_17_x86_64.manylinux_2_28_x86_64.whl (13.4 MB)
2025-12-22T20:51:12.4294079Z    ━━━━━━━━━━━━━━━━━━━━━━━━━━━━━━━━━━━━━━━━ 13.4/13.4 MB 187.8 MB/s  0:00:00
2025-12-22T20:51:12.4440844Z Downloading librt-0.7.4-cp311-cp311-manylinux2014_x86_64.manylinux_2_17_x86_64.manylinux_2_28_x86_64.whl (184 kB)
2025-12-22T20:51:12.4619328Z Downloading mypy_extensions-1.1.0-py3-none-any.whl (5.0 kB)
2025-12-22T20:51:12.4784980Z Downloading pathspec-0.12.1-py3-none-any.whl (31 kB)
2025-12-22T20:51:12.5001019Z Downloading pydantic-2.12.5-py3-none-any.whl (463 kB)
2025-12-22T20:51:12.5192714Z Downloading pydantic_core-2.41.5-cp311-cp311-manylinux_2_17_x86_64.manylinux2014_x86_64.whl (2.1 MB)
2025-12-22T20:51:12.5326478Z    ━━━━━━━━━━━━━━━━━━━━━━━━━━━━━━━━━━━━━━━━ 2.1/2.1 MB 175.6 MB/s  0:00:00
2025-12-22T20:51:12.5470719Z Downloading annotated_types-0.7.0-py3-none-any.whl (13 kB)
2025-12-22T20:51:12.5640966Z Downloading pydantic_settings-2.12.0-py3-none-any.whl (51 kB)
2025-12-22T20:51:12.5807980Z Downloading pytest-9.0.2-py3-none-any.whl (374 kB)
2025-12-22T20:51:12.5990416Z Downloading pluggy-1.6.0-py3-none-any.whl (20 kB)
2025-12-22T20:51:12.6161194Z Downloading iniconfig-2.3.0-py3-none-any.whl (7.5 kB)
2025-12-22T20:51:12.6323848Z Downloading packaging-25.0-py3-none-any.whl (66 kB)
2025-12-22T20:51:12.6491998Z Downloading pygments-2.19.2-py3-none-any.whl (1.2 MB)
2025-12-22T20:51:12.6608913Z    ━━━━━━━━━━━━━━━━━━━━━━━━━━━━━━━━━━━━━━━━ 1.2/1.2 MB 122.5 MB/s  0:00:00
2025-12-22T20:51:12.6751849Z Downloading pytest_asyncio-1.3.0-py3-none-any.whl (15 kB)
2025-12-22T20:51:12.6915892Z Downloading pytest_cov-7.0.0-py3-none-any.whl (22 kB)
2025-12-22T20:51:12.7087038Z Downloading coverage-7.13.0-cp311-cp311-manylinux1_x86_64.manylinux_2_28_x86_64.manylinux_2_5_x86_64.whl (250 kB)
2025-12-22T20:51:12.7261231Z Downloading python_dotenv-1.2.1-py3-none-any.whl (21 kB)
2025-12-22T20:51:12.7430083Z Downloading pyyaml-6.0.3-cp311-cp311-manylinux2014_x86_64.manylinux_2_17_x86_64.manylinux_2_28_x86_64.whl (806 kB)
2025-12-22T20:51:12.7505256Z    ━━━━━━━━━━━━━━━━━━━━━━━━━━━━━━━━━━━━━━━━ 806.6/806.6 kB 119.1 MB/s  0:00:00
2025-12-22T20:51:12.7645696Z Downloading ruff-0.14.10-py3-none-manylinux_2_17_x86_64.manylinux2014_x86_64.whl (14.2 MB)
2025-12-22T20:51:12.8300139Z    ━━━━━━━━━━━━━━━━━━━━━━━━━━━━━━━━━━━━━━━━ 14.2/14.2 MB 222.4 MB/s  0:00:00
2025-12-22T20:51:12.8450351Z Downloading sqlalchemy-2.0.45-cp311-cp311-manylinux2014_x86_64.manylinux_2_17_x86_64.manylinux_2_28_x86_64.whl (3.3 MB)
2025-12-22T20:51:12.8644619Z    ━━━━━━━━━━━━━━━━━━━━━━━━━━━━━━━━━━━━━━━━ 3.3/3.3 MB 185.0 MB/s  0:00:00
2025-12-22T20:51:12.8787658Z Downloading greenlet-3.3.0-cp311-cp311-manylinux_2_24_x86_64.manylinux_2_28_x86_64.whl (590 kB)
2025-12-22T20:51:12.8872135Z    ━━━━━━━━━━━━━━━━━━━━━━━━━━━━━━━━━━━━━━━━ 590.2/590.2 kB 59.4 MB/s  0:00:00
2025-12-22T20:51:12.9012124Z Downloading typing_extensions-4.15.0-py3-none-any.whl (44 kB)
2025-12-22T20:51:12.9190803Z Downloading typing_inspection-0.4.2-py3-none-any.whl (14 kB)
2025-12-22T20:51:12.9373348Z Downloading uvicorn-0.40.0-py3-none-any.whl (68 kB)
2025-12-22T20:51:12.9541428Z Downloading click-8.3.1-py3-none-any.whl (108 kB)
2025-12-22T20:51:12.9736927Z Downloading httptools-0.7.1-cp311-cp311-manylinux1_x86_64.manylinux_2_28_x86_64.manylinux_2_5_x86_64.whl (456 kB)
2025-12-22T20:51:12.9937025Z Downloading uvloop-0.22.1-cp311-cp311-manylinux2014_x86_64.manylinux_2_17_x86_64.manylinux_2_28_x86_64.whl (3.8 MB)
2025-12-22T20:51:13.0147153Z    ━━━━━━━━━━━━━━━━━━━━━━━━━━━━━━━━━━━━━━━━ 3.8/3.8 MB 193.1 MB/s  0:00:00
2025-12-22T20:51:13.0307226Z Downloading watchfiles-1.1.1-cp311-cp311-manylinux_2_17_x86_64.manylinux2014_x86_64.whl (456 kB)
2025-12-22T20:51:13.0501043Z Downloading websockets-15.0.1-cp311-cp311-manylinux_2_5_x86_64.manylinux1_x86_64.manylinux_2_17_x86_64.manylinux2014_x86_64.whl (182 kB)
2025-12-22T20:51:13.0683011Z Downloading certifi-2025.11.12-py3-none-any.whl (159 kB)
2025-12-22T20:51:13.0873801Z Downloading mako-1.3.10-py3-none-any.whl (78 kB)
2025-12-22T20:51:13.1047817Z Downloading markupsafe-3.0.3-cp311-cp311-manylinux2014_x86_64.manylinux_2_17_x86_64.manylinux_2_28_x86_64.whl (22 kB)
2025-12-22T20:51:13.1760134Z Building wheels for collected packages: tunix-rt-backend
2025-12-22T20:51:13.1768415Z   Building editable for tunix-rt-backend (pyproject.toml): started
2025-12-22T20:51:13.3747461Z   Building editable for tunix-rt-backend (pyproject.toml): finished with status 'done'
2025-12-22T20:51:13.3752467Z   Created wheel for tunix-rt-backend: filename=tunix_rt_backend-0.1.0-0.editable-py3-none-any.whl size=3127 sha256=96e5185478e49bad67b0b1512f17aa104bd5380c84cc5d9620eff713ff59bd75
2025-12-22T20:51:13.3754662Z   Stored in directory: /tmp/pip-ephem-wheel-cache-gmia0g3r/wheels/6c/ee/47/0b2814d300ad026845dfa3996505f4a0f855be918f2df7eb34
2025-12-22T20:51:13.3769589Z Successfully built tunix-rt-backend
2025-12-22T20:51:13.4449965Z Installing collected packages: websockets, uvloop, typing-extensions, ruff, pyyaml, python-dotenv, pygments, pluggy, pathspec, packaging, mypy_extensions, MarkupSafe, librt, iniconfig, idna, httptools, h11, greenlet, coverage, click, certifi, asyncpg, annotated-types, annotated-doc, aiosqlite, uvicorn, typing-inspection, sqlalchemy, pytest, pydantic-core, mypy, Mako, httpcore, anyio, watchfiles, starlette, pytest-cov, pytest-asyncio, pydantic, httpx, alembic, pydantic-settings, fastapi, tunix-rt-backend
2025-12-22T20:51:18.6373166Z
2025-12-22T20:51:18.6401569Z Successfully installed Mako-1.3.10 MarkupSafe-3.0.3 aiosqlite-0.22.0 alembic-1.17.2 annotated-doc-0.0.4 annotated-types-0.7.0 anyio-4.12.0 asyncpg-0.31.0 certifi-2025.11.12 click-8.3.1 coverage-7.13.0 fastapi-0.127.0 greenlet-3.3.0 h11-0.16.0 httpcore-1.0.9 httptools-0.7.1 httpx-0.28.1 idna-3.11 iniconfig-2.3.0 librt-0.7.4 mypy-1.19.1 mypy_extensions-1.1.0 packaging-25.0 pathspec-0.12.1 pluggy-1.6.0 pydantic-2.12.5 pydantic-core-2.41.5 pydantic-settings-2.12.0 pygments-2.19.2 pytest-9.0.2 pytest-asyncio-1.3.0 pytest-cov-7.0.0 python-dotenv-1.2.1 pyyaml-6.0.3 ruff-0.14.10 sqlalchemy-2.0.45 starlette-0.50.0 tunix-rt-backend-0.1.0 typing-extensions-4.15.0 typing-inspection-0.4.2 uvicorn-0.40.0 uvloop-0.22.1 watchfiles-1.1.1 websockets-15.0.1
2025-12-22T20:51:19.1720094Z ##[group]Run cd ../backend && alembic upgrade head
2025-12-22T20:51:19.1720450Z [36;1mcd ../backend && alembic upgrade head[0m
2025-12-22T20:51:19.1753217Z shell: /usr/bin/bash -e {0}
2025-12-22T20:51:19.1753438Z env:
2025-12-22T20:51:19.1753602Z   REDIAI_MODE: mock
2025-12-22T20:51:19.1754142Z   DATABASE_URL: ***localhost:5432/postgres
2025-12-22T20:51:19.1754463Z   pythonLocation: /opt/hostedtoolcache/Python/3.11.14/x64
2025-12-22T20:51:19.1754849Z   PKG_CONFIG_PATH: /opt/hostedtoolcache/Python/3.11.14/x64/lib/pkgconfig
2025-12-22T20:51:19.1755235Z   Python_ROOT_DIR: /opt/hostedtoolcache/Python/3.11.14/x64
2025-12-22T20:51:19.1755889Z   Python2_ROOT_DIR: /opt/hostedtoolcache/Python/3.11.14/x64
2025-12-22T20:51:19.1756481Z   Python3_ROOT_DIR: /opt/hostedtoolcache/Python/3.11.14/x64
2025-12-22T20:51:19.1756833Z   LD_LIBRARY_PATH: /opt/hostedtoolcache/Python/3.11.14/x64/lib
2025-12-22T20:51:19.1757121Z ##[endgroup]
2025-12-22T20:51:20.0707792Z INFO  [alembic.runtime.migration] Context impl PostgresqlImpl.
2025-12-22T20:51:20.0710168Z INFO  [alembic.runtime.migration] Will assume transactional DDL.
2025-12-22T20:51:20.0898196Z INFO  [alembic.runtime.migration] Running upgrade  -> 001, create_traces_table
2025-12-22T20:51:20.0980427Z INFO  [alembic.runtime.migration] Running upgrade 001 -> f8f1393630e4, add traces created_at index
2025-12-22T20:51:20.1028418Z INFO  [alembic.runtime.migration] Running upgrade f8f1393630e4 -> f3cc010ca8a6, add_scores_table
2025-12-22T20:51:20.2012455Z ##[group]Run actions/setup-node@39370e3970a6d050c480ffad4ff0ed4d3fdee5af
2025-12-22T20:51:20.2012814Z with:
2025-12-22T20:51:20.2012984Z   node-version: 18
2025-12-22T20:51:20.2013161Z   always-auth: false
2025-12-22T20:51:20.2013527Z   check-latest: false
2025-12-22T20:51:20.2013807Z   token: ***
2025-12-22T20:51:20.2013969Z env:
2025-12-22T20:51:20.2014120Z   REDIAI_MODE: mock
2025-12-22T20:51:20.2014527Z   DATABASE_URL: ***localhost:5432/postgres
2025-12-22T20:51:20.2014842Z   pythonLocation: /opt/hostedtoolcache/Python/3.11.14/x64
2025-12-22T20:51:20.2015244Z   PKG_CONFIG_PATH: /opt/hostedtoolcache/Python/3.11.14/x64/lib/pkgconfig
2025-12-22T20:51:20.2016024Z   Python_ROOT_DIR: /opt/hostedtoolcache/Python/3.11.14/x64
2025-12-22T20:51:20.2016384Z   Python2_ROOT_DIR: /opt/hostedtoolcache/Python/3.11.14/x64
2025-12-22T20:51:20.2016722Z   Python3_ROOT_DIR: /opt/hostedtoolcache/Python/3.11.14/x64
2025-12-22T20:51:20.2017104Z   LD_LIBRARY_PATH: /opt/hostedtoolcache/Python/3.11.14/x64/lib
2025-12-22T20:51:20.2017388Z ##[endgroup]
2025-12-22T20:51:20.3977580Z Attempting to download 18...
2025-12-22T20:51:20.9704153Z Acquiring 18.20.8 - x64 from https://github.com/actions/node-versions/releases/download/18.20.8-14110393767/node-18.20.8-linux-x64.tar.gz
2025-12-22T20:51:21.4654510Z Extracting ...
2025-12-22T20:51:21.4766487Z [command]/usr/bin/tar xz --strip 1 --warning=no-unknown-keyword --overwrite -C /home/runner/work/_temp/2e07ee72-5810-444f-818c-e302254ae14c -f /home/runner/work/_temp/a92fec0c-a649-4266-96c1-d05100542c1b
2025-12-22T20:51:22.5186903Z Adding to the cache ...
2025-12-22T20:51:24.4938461Z ##[group]Environment details
2025-12-22T20:51:24.7917948Z node: v18.20.8
2025-12-22T20:51:24.7919651Z npm: 10.8.2
2025-12-22T20:51:24.7920946Z yarn: 1.22.22
2025-12-22T20:51:24.7922552Z ##[endgroup]
2025-12-22T20:51:24.8058593Z ##[group]Run cd ../frontend && npm ci
2025-12-22T20:51:24.8058885Z [36;1mcd ../frontend && npm ci[0m
2025-12-22T20:51:24.8091629Z shell: /usr/bin/bash -e {0}
2025-12-22T20:51:24.8091843Z env:
2025-12-22T20:51:24.8092001Z   REDIAI_MODE: mock
2025-12-22T20:51:24.8092597Z   DATABASE_URL: ***localhost:5432/postgres
2025-12-22T20:51:24.8092925Z   pythonLocation: /opt/hostedtoolcache/Python/3.11.14/x64
2025-12-22T20:51:24.8093331Z   PKG_CONFIG_PATH: /opt/hostedtoolcache/Python/3.11.14/x64/lib/pkgconfig
2025-12-22T20:51:24.8093714Z   Python_ROOT_DIR: /opt/hostedtoolcache/Python/3.11.14/x64
2025-12-22T20:51:24.8094056Z   Python2_ROOT_DIR: /opt/hostedtoolcache/Python/3.11.14/x64
2025-12-22T20:51:24.8094388Z   Python3_ROOT_DIR: /opt/hostedtoolcache/Python/3.11.14/x64
2025-12-22T20:51:24.8094727Z   LD_LIBRARY_PATH: /opt/hostedtoolcache/Python/3.11.14/x64/lib
2025-12-22T20:51:24.8095006Z ##[endgroup]
2025-12-22T20:51:27.2445227Z npm warn deprecated rimraf@3.0.2: Rimraf versions prior to v4 are no longer supported
2025-12-22T20:51:27.6064271Z npm warn deprecated inflight@1.0.6: This module is not supported, and leaks memory. Do not use it. Check out lru-cache if you want a good and tested way to coalesce async requests by a key value, which is much more comprehensive and powerful.
2025-12-22T20:51:27.7245594Z npm warn deprecated glob@7.2.3: Glob versions prior to v9 are no longer supported
2025-12-22T20:51:28.4728541Z npm warn deprecated @humanwhocodes/object-schema@2.0.3: Use @eslint/object-schema instead
2025-12-22T20:51:28.4751631Z npm warn deprecated @humanwhocodes/config-array@0.13.0: Use @eslint/config-array instead
2025-12-22T20:51:30.5411239Z npm warn deprecated eslint@8.57.1: This version is no longer supported. Please see https://eslint.org/version-support for other options.
2025-12-22T20:51:30.9416471Z
2025-12-22T20:51:30.9417381Z added 406 packages, and audited 407 packages in 6s
2025-12-22T20:51:30.9417871Z
2025-12-22T20:51:30.9418212Z 117 packages are looking for funding
2025-12-22T20:51:30.9418760Z   run `npm fund` for details
2025-12-22T20:51:30.9710755Z
2025-12-22T20:51:30.9711547Z 5 moderate severity vulnerabilities
2025-12-22T20:51:30.9712021Z
2025-12-22T20:51:30.9712678Z To address all issues (including breaking changes), run:
2025-12-22T20:51:30.9713301Z   npm audit fix --force
2025-12-22T20:51:30.9713617Z
2025-12-22T20:51:30.9713896Z Run `npm audit` for details.
2025-12-22T20:51:31.0184383Z ##[group]Run npm ci
2025-12-22T20:51:31.0184718Z [36;1mnpm ci[0m
2025-12-22T20:51:31.0277181Z shell: /usr/bin/bash -e {0}
2025-12-22T20:51:31.0277542Z env:
2025-12-22T20:51:31.0277806Z   REDIAI_MODE: mock
2025-12-22T20:51:31.0278571Z   DATABASE_URL: ***localhost:5432/postgres
2025-12-22T20:51:31.0279104Z   pythonLocation: /opt/hostedtoolcache/Python/3.11.14/x64
2025-12-22T20:51:31.0279747Z   PKG_CONFIG_PATH: /opt/hostedtoolcache/Python/3.11.14/x64/lib/pkgconfig
2025-12-22T20:51:31.0280389Z   Python_ROOT_DIR: /opt/hostedtoolcache/Python/3.11.14/x64
2025-12-22T20:51:31.0280962Z   Python2_ROOT_DIR: /opt/hostedtoolcache/Python/3.11.14/x64
2025-12-22T20:51:31.0281542Z   Python3_ROOT_DIR: /opt/hostedtoolcache/Python/3.11.14/x64
2025-12-22T20:51:31.0282124Z   LD_LIBRARY_PATH: /opt/hostedtoolcache/Python/3.11.14/x64/lib
2025-12-22T20:51:31.0282596Z ##[endgroup]
2025-12-22T20:51:32.2621014Z
2025-12-22T20:51:32.2622067Z added 5 packages, and audited 6 packages in 1s
2025-12-22T20:51:32.2655397Z
2025-12-22T20:51:32.2656104Z found 0 vulnerabilities
2025-12-22T20:51:32.2825622Z ##[group]Run npx playwright install chromium --with-deps
2025-12-22T20:51:32.2826245Z [36;1mnpx playwright install chromium --with-deps[0m
2025-12-22T20:51:32.2872442Z shell: /usr/bin/bash -e {0}
2025-12-22T20:51:32.2872782Z env:
2025-12-22T20:51:32.2873036Z   REDIAI_MODE: mock
2025-12-22T20:51:32.2873810Z   DATABASE_URL: ***localhost:5432/postgres
2025-12-22T20:51:32.2874338Z   pythonLocation: /opt/hostedtoolcache/Python/3.11.14/x64
2025-12-22T20:51:32.2875000Z   PKG_CONFIG_PATH: /opt/hostedtoolcache/Python/3.11.14/x64/lib/pkgconfig
2025-12-22T20:51:32.2875861Z   Python_ROOT_DIR: /opt/hostedtoolcache/Python/3.11.14/x64
2025-12-22T20:51:32.2876430Z   Python2_ROOT_DIR: /opt/hostedtoolcache/Python/3.11.14/x64
2025-12-22T20:51:32.2877004Z   Python3_ROOT_DIR: /opt/hostedtoolcache/Python/3.11.14/x64
2025-12-22T20:51:32.2877579Z   LD_LIBRARY_PATH: /opt/hostedtoolcache/Python/3.11.14/x64/lib
2025-12-22T20:51:32.2878054Z ##[endgroup]
2025-12-22T20:51:33.7085154Z Installing dependencies...
2025-12-22T20:51:33.7210385Z Switching to root user to install dependencies...
2025-12-22T20:51:33.8499903Z Get:1 file:/etc/apt/apt-mirrors.txt Mirrorlist [144 B]
2025-12-22T20:51:33.9677243Z Hit:2 http://azure.archive.ubuntu.com/ubuntu noble InRelease
2025-12-22T20:51:33.9689280Z Hit:6 https://packages.microsoft.com/repos/azure-cli noble InRelease
2025-12-22T20:51:33.9698845Z Get:7 https://packages.microsoft.com/ubuntu/24.04/prod noble InRelease [3600 B]
2025-12-22T20:51:33.9729868Z Get:3 http://azure.archive.ubuntu.com/ubuntu noble-updates InRelease [126 kB]
2025-12-22T20:51:34.0009454Z Get:4 http://azure.archive.ubuntu.com/ubuntu noble-backports InRelease [126 kB]
2025-12-22T20:51:34.0057811Z Get:5 http://azure.archive.ubuntu.com/ubuntu noble-security InRelease [126 kB]
2025-12-22T20:51:34.2416487Z Get:8 https://packages.microsoft.com/ubuntu/24.04/prod noble/main amd64 Packages [77.2 kB]
2025-12-22T20:51:34.3154949Z Get:9 http://azure.archive.ubuntu.com/ubuntu noble-updates/main amd64 Packages [1684 kB]
2025-12-22T20:51:34.3328781Z Get:10 http://azure.archive.ubuntu.com/ubuntu noble-updates/main Translation-en [311 kB]
2025-12-22T20:51:34.3339954Z Get:11 http://azure.archive.ubuntu.com/ubuntu noble-updates/main amd64 Components [175 kB]
2025-12-22T20:51:34.3406632Z Get:12 http://azure.archive.ubuntu.com/ubuntu noble-updates/main amd64 c-n-f Metadata [15.8 kB]
2025-12-22T20:51:34.3408072Z Get:13 http://azure.archive.ubuntu.com/ubuntu noble-updates/universe amd64 Packages [1506 kB]
2025-12-22T20:51:34.3546143Z Get:14 http://azure.archive.ubuntu.com/ubuntu noble-updates/universe Translation-en [306 kB]
2025-12-22T20:51:34.3610680Z Get:15 http://azure.archive.ubuntu.com/ubuntu noble-updates/universe amd64 Components [378 kB]
2025-12-22T20:51:34.3658280Z Get:16 http://azure.archive.ubuntu.com/ubuntu noble-updates/universe amd64 c-n-f Metadata [31.4 kB]
2025-12-22T20:51:34.3719112Z Get:17 http://azure.archive.ubuntu.com/ubuntu noble-updates/restricted amd64 Packages [2413 kB]
2025-12-22T20:51:34.3959053Z Get:18 http://azure.archive.ubuntu.com/ubuntu noble-updates/restricted Translation-en [550 kB]
2025-12-22T20:51:34.4458591Z Get:19 http://azure.archive.ubuntu.com/ubuntu noble-updates/restricted amd64 Components [212 B]
2025-12-22T20:51:34.4473852Z Get:20 http://azure.archive.ubuntu.com/ubuntu noble-updates/restricted amd64 c-n-f Metadata [516 B]
2025-12-22T20:51:34.4526621Z Get:21 http://azure.archive.ubuntu.com/ubuntu noble-updates/multiverse amd64 Packages [30.3 kB]
2025-12-22T20:51:34.4534755Z Get:22 http://azure.archive.ubuntu.com/ubuntu noble-updates/multiverse Translation-en [6048 B]
2025-12-22T20:51:34.4543926Z Get:23 http://azure.archive.ubuntu.com/ubuntu noble-updates/multiverse amd64 Components [940 B]
2025-12-22T20:51:34.4570776Z Get:24 http://azure.archive.ubuntu.com/ubuntu noble-updates/multiverse amd64 c-n-f Metadata [488 B]
2025-12-22T20:51:34.4584650Z Get:25 http://azure.archive.ubuntu.com/ubuntu noble-backports/main amd64 Packages [40.4 kB]
2025-12-22T20:51:34.4598349Z Get:26 http://azure.archive.ubuntu.com/ubuntu noble-backports/main amd64 Components [7312 B]
2025-12-22T20:51:34.4621125Z Get:27 http://azure.archive.ubuntu.com/ubuntu noble-backports/main amd64 c-n-f Metadata [368 B]
2025-12-22T20:51:34.4667608Z Get:28 http://azure.archive.ubuntu.com/ubuntu noble-backports/universe amd64 Packages [29.5 kB]
2025-12-22T20:51:34.4675052Z Get:29 http://azure.archive.ubuntu.com/ubuntu noble-backports/universe Translation-en [17.9 kB]
2025-12-22T20:51:34.4721194Z Get:30 http://azure.archive.ubuntu.com/ubuntu noble-backports/universe amd64 Components [10.5 kB]
2025-12-22T20:51:34.4736028Z Get:31 http://azure.archive.ubuntu.com/ubuntu noble-backports/universe amd64 c-n-f Metadata [1444 B]
2025-12-22T20:51:34.4747830Z Get:32 http://azure.archive.ubuntu.com/ubuntu noble-backports/restricted amd64 Components [216 B]
2025-12-22T20:51:34.4753613Z Get:34 https://packages.microsoft.com/ubuntu/24.04/prod noble/main arm64 Packages [58.8 kB]
2025-12-22T20:51:34.4814498Z Get:35 https://packages.microsoft.com/ubuntu/24.04/prod noble/main armhf Packages [11.4 kB]
2025-12-22T20:51:34.5203374Z Get:33 http://azure.archive.ubuntu.com/ubuntu noble-backports/multiverse amd64 Components [212 B]
2025-12-22T20:51:34.5684621Z Get:36 http://azure.archive.ubuntu.com/ubuntu noble-security/main Translation-en [225 kB]
2025-12-22T20:51:34.5738678Z Get:37 http://azure.archive.ubuntu.com/ubuntu noble-security/main amd64 Components [21.5 kB]
2025-12-22T20:51:34.5771251Z Get:38 http://azure.archive.ubuntu.com/ubuntu noble-security/main amd64 c-n-f Metadata [9504 B]
2025-12-22T20:51:34.5783455Z Get:39 http://azure.archive.ubuntu.com/ubuntu noble-security/universe amd64 Components [71.5 kB]
2025-12-22T20:51:34.5821395Z Get:40 http://azure.archive.ubuntu.com/ubuntu noble-security/restricted amd64 Components [212 B]
2025-12-22T20:51:34.5848697Z Get:41 http://azure.archive.ubuntu.com/ubuntu noble-security/multiverse amd64 Components [212 B]
2025-12-22T20:51:43.3133331Z Fetched 8375 kB in 2s (4953 kB/s)
2025-12-22T20:51:44.1137804Z Reading package lists...
2025-12-22T20:51:44.1406641Z Reading package lists...
2025-12-22T20:51:44.3373025Z Building dependency tree...
2025-12-22T20:51:44.3381405Z Reading state information...
2025-12-22T20:51:44.5097901Z libasound2t64 is already the newest version (1.2.11-1ubuntu0.1).
2025-12-22T20:51:44.5100358Z libasound2t64 set to manually installed.
2025-12-22T20:51:44.5105361Z libatk-bridge2.0-0t64 is already the newest version (2.52.0-1build1).
2025-12-22T20:51:44.5106421Z libatk-bridge2.0-0t64 set to manually installed.
2025-12-22T20:51:44.5107248Z libatk1.0-0t64 is already the newest version (2.52.0-1build1).
2025-12-22T20:51:44.5107934Z libatk1.0-0t64 set to manually installed.
2025-12-22T20:51:44.5108717Z libatspi2.0-0t64 is already the newest version (2.52.0-1build1).
2025-12-22T20:51:44.5109375Z libatspi2.0-0t64 set to manually installed.
2025-12-22T20:51:44.5110028Z libcairo2 is already the newest version (1.18.0-3build1).
2025-12-22T20:51:44.5110597Z libcairo2 set to manually installed.
2025-12-22T20:51:44.5111679Z libcups2t64 is already the newest version (2.4.7-1.2ubuntu7.9).
2025-12-22T20:51:44.5112320Z libcups2t64 set to manually installed.
2025-12-22T20:51:44.5112958Z libdbus-1-3 is already the newest version (1.14.10-4ubuntu4.1).
2025-12-22T20:51:44.5113568Z libdbus-1-3 set to manually installed.
2025-12-22T20:51:44.5114045Z libdrm2 is already the newest version (2.4.122-1~ubuntu0.24.04.2).
2025-12-22T20:51:44.5114822Z libdrm2 set to manually installed.
2025-12-22T20:51:44.5115215Z libgbm1 is already the newest version (25.0.7-0ubuntu0.24.04.2).
2025-12-22T20:51:44.5115806Z libgbm1 set to manually installed.
2025-12-22T20:51:44.5116180Z libnspr4 is already the newest version (2:4.35-1.1build1).
2025-12-22T20:51:44.5116529Z libnspr4 set to manually installed.
2025-12-22T20:51:44.5116871Z libnss3 is already the newest version (2:3.98-1build1).
2025-12-22T20:51:44.5117192Z libnss3 set to manually installed.
2025-12-22T20:51:44.5117562Z libpango-1.0-0 is already the newest version (1.52.1+ds-1build1).
2025-12-22T20:51:44.5118164Z libpango-1.0-0 set to manually installed.
2025-12-22T20:51:44.5118537Z libx11-6 is already the newest version (2:1.8.7-1build1).
2025-12-22T20:51:44.5119146Z libx11-6 set to manually installed.
2025-12-22T20:51:44.5119480Z libxcb1 is already the newest version (1.15-1ubuntu2).
2025-12-22T20:51:44.5119802Z libxcb1 set to manually installed.
2025-12-22T20:51:44.5120169Z libxcomposite1 is already the newest version (1:0.4.5-1build3).
2025-12-22T20:51:44.5120543Z libxcomposite1 set to manually installed.
2025-12-22T20:51:44.5120920Z libxdamage1 is already the newest version (1:1.1.6-1build1).
2025-12-22T20:51:44.5121265Z libxdamage1 set to manually installed.
2025-12-22T20:51:44.5121619Z libxext6 is already the newest version (2:1.3.4-1build2).
2025-12-22T20:51:44.5121946Z libxext6 set to manually installed.
2025-12-22T20:51:44.5122299Z libxfixes3 is already the newest version (1:6.0.0-2build1).
2025-12-22T20:51:44.5122657Z libxfixes3 set to manually installed.
2025-12-22T20:51:44.5123029Z libxkbcommon0 is already the newest version (1.6.0-1build1).
2025-12-22T20:51:44.5123528Z libxkbcommon0 set to manually installed.
2025-12-22T20:51:44.5124142Z libxrandr2 is already the newest version (2:1.5.2-2build1).
2025-12-22T20:51:44.5124726Z libxrandr2 set to manually installed.
2025-12-22T20:51:44.5125349Z xvfb is already the newest version (2:21.1.12-1ubuntu1.5).
2025-12-22T20:51:44.5126391Z fonts-noto-color-emoji is already the newest version (2.047-0ubuntu0.24.04.1).
2025-12-22T20:51:44.5127047Z libfontconfig1 is already the newest version (2.15.0-1.1ubuntu2).
2025-12-22T20:51:44.5127437Z libfontconfig1 set to manually installed.
2025-12-22T20:51:44.5127839Z libfreetype6 is already the newest version (2.13.2+dfsg-1build3).
2025-12-22T20:51:44.5128205Z libfreetype6 set to manually installed.
2025-12-22T20:51:44.5128584Z fonts-liberation is already the newest version (1:2.1.5-3).
2025-12-22T20:51:44.5128950Z fonts-liberation set to manually installed.
2025-12-22T20:51:44.5129329Z The following additional packages will be installed:
2025-12-22T20:51:44.5130062Z   gir1.2-glib-2.0 libglib2.0-bin libglib2.0-data xfonts-encodings xfonts-utils
2025-12-22T20:51:44.5130753Z Suggested packages:
2025-12-22T20:51:44.5131100Z   low-memory-monitor
2025-12-22T20:51:44.5131469Z Recommended packages:
2025-12-22T20:51:44.5131832Z   fonts-ipafont-mincho fonts-tlwg-loma
2025-12-22T20:51:44.5337736Z The following NEW packages will be installed:
2025-12-22T20:51:44.5338948Z   fonts-freefont-ttf fonts-ipafont-gothic fonts-tlwg-loma-otf fonts-unifont
2025-12-22T20:51:44.5346120Z   fonts-wqy-zenhei xfonts-cyrillic xfonts-encodings xfonts-scalable
2025-12-22T20:51:44.5346890Z   xfonts-utils
2025-12-22T20:51:44.5351090Z The following packages will be upgraded:
2025-12-22T20:51:44.5357905Z   gir1.2-glib-2.0 libglib2.0-0t64 libglib2.0-bin libglib2.0-data
2025-12-22T20:51:44.5539561Z 4 upgraded, 9 newly installed, 0 to remove and 65 not upgraded.
2025-12-22T20:51:44.5540584Z Need to get 23.0 MB of archives.
2025-12-22T20:51:44.5542486Z After this operation, 79.5 MB of additional disk space will be used.
2025-12-22T20:51:44.5543308Z Get:1 file:/etc/apt/apt-mirrors.txt Mirrorlist [144 B]
2025-12-22T20:51:44.5972558Z Get:2 http://azure.archive.ubuntu.com/ubuntu noble/universe amd64 fonts-ipafont-gothic all 00303-21ubuntu1 [3513 kB]
2025-12-22T20:51:44.6485165Z Get:3 http://azure.archive.ubuntu.com/ubuntu noble-updates/main amd64 libglib2.0-data all 2.80.0-6ubuntu3.5 [48.8 kB]
2025-12-22T20:51:44.6712126Z Get:4 http://azure.archive.ubuntu.com/ubuntu noble-updates/main amd64 libglib2.0-bin amd64 2.80.0-6ubuntu3.5 [97.9 kB]
2025-12-22T20:51:44.6941697Z Get:5 http://azure.archive.ubuntu.com/ubuntu noble-updates/main amd64 gir1.2-glib-2.0 amd64 2.80.0-6ubuntu3.5 [183 kB]
2025-12-22T20:51:44.7184297Z Get:6 http://azure.archive.ubuntu.com/ubuntu noble-updates/main amd64 libglib2.0-0t64 amd64 2.80.0-6ubuntu3.5 [1544 kB]
2025-12-22T20:51:44.7546228Z Get:7 http://azure.archive.ubuntu.com/ubuntu noble/main amd64 fonts-freefont-ttf all 20211204+svn4273-2 [5641 kB]
2025-12-22T20:51:44.8203696Z Get:8 http://azure.archive.ubuntu.com/ubuntu noble/universe amd64 fonts-tlwg-loma-otf all 1:0.7.3-1 [107 kB]
2025-12-22T20:51:44.8431590Z Get:9 http://azure.archive.ubuntu.com/ubuntu noble/universe amd64 fonts-unifont all 1:15.1.01-1build1 [2993 kB]
2025-12-22T20:51:44.8902223Z Get:10 http://azure.archive.ubuntu.com/ubuntu noble/universe amd64 fonts-wqy-zenhei all 0.9.45-8 [7472 kB]
2025-12-22T20:51:45.0003525Z Get:11 http://azure.archive.ubuntu.com/ubuntu noble/main amd64 xfonts-encodings all 1:1.0.5-0ubuntu2 [578 kB]
2025-12-22T20:51:45.0267606Z Get:12 http://azure.archive.ubuntu.com/ubuntu noble/main amd64 xfonts-utils amd64 1:7.7+6build3 [94.4 kB]
2025-12-22T20:51:45.0500963Z Get:13 http://azure.archive.ubuntu.com/ubuntu noble/universe amd64 xfonts-cyrillic all 1:1.0.5+nmu1 [384 kB]
2025-12-22T20:51:45.0752526Z Get:14 http://azure.archive.ubuntu.com/ubuntu noble/main amd64 xfonts-scalable all 1:1.0.3-1.3 [304 kB]
2025-12-22T20:51:45.3496427Z Fetched 23.0 MB in 1s (42.9 MB/s)
2025-12-22T20:51:45.3832420Z Selecting previously unselected package fonts-ipafont-gothic.
2025-12-22T20:51:45.4220768Z (Reading database ...
2025-12-22T20:51:45.4221944Z (Reading database ... 5%
2025-12-22T20:51:45.4222343Z (Reading database ... 10%
2025-12-22T20:51:45.4222926Z (Reading database ... 15%
2025-12-22T20:51:45.4223320Z (Reading database ... 20%
2025-12-22T20:51:45.4223705Z (Reading database ... 25%
2025-12-22T20:51:45.4224096Z (Reading database ... 30%
2025-12-22T20:51:45.4224385Z (Reading database ... 35%
2025-12-22T20:51:45.4224618Z (Reading database ... 40%
2025-12-22T20:51:45.4224832Z (Reading database ... 45%
2025-12-22T20:51:45.4225050Z (Reading database ... 50%
2025-12-22T20:51:45.4343622Z (Reading database ... 55%
2025-12-22T20:51:45.5711699Z (Reading database ... 60%
2025-12-22T20:51:45.6774139Z (Reading database ... 65%
2025-12-22T20:51:45.7476669Z (Reading database ... 70%
2025-12-22T20:51:45.8569542Z (Reading database ... 75%
2025-12-22T20:51:45.9789684Z (Reading database ... 80%
2025-12-22T20:51:46.1829116Z (Reading database ... 85%
2025-12-22T20:51:46.4001628Z (Reading database ... 90%
2025-12-22T20:51:46.5764768Z (Reading database ... 95%
2025-12-22T20:51:46.5766693Z (Reading database ... 100%
2025-12-22T20:51:46.5769143Z (Reading database ... 217374 files and directories currently installed.)
2025-12-22T20:51:46.5811654Z Preparing to unpack .../00-fonts-ipafont-gothic_00303-21ubuntu1_all.deb ...
2025-12-22T20:51:46.5906491Z Unpacking fonts-ipafont-gothic (00303-21ubuntu1) ...
2025-12-22T20:51:46.8461684Z Preparing to unpack .../01-libglib2.0-data_2.80.0-6ubuntu3.5_all.deb ...
2025-12-22T20:51:46.8502642Z Unpacking libglib2.0-data (2.80.0-6ubuntu3.5) over (2.80.0-6ubuntu3.4) ...
2025-12-22T20:51:46.8894510Z Preparing to unpack .../02-libglib2.0-bin_2.80.0-6ubuntu3.5_amd64.deb ...
2025-12-22T20:51:46.8945874Z Unpacking libglib2.0-bin (2.80.0-6ubuntu3.5) over (2.80.0-6ubuntu3.4) ...
2025-12-22T20:51:46.9583408Z Preparing to unpack .../03-gir1.2-glib-2.0_2.80.0-6ubuntu3.5_amd64.deb ...
2025-12-22T20:51:46.9616625Z Unpacking gir1.2-glib-2.0:amd64 (2.80.0-6ubuntu3.5) over (2.80.0-6ubuntu3.4) ...
2025-12-22T20:51:47.0091430Z Preparing to unpack .../04-libglib2.0-0t64_2.80.0-6ubuntu3.5_amd64.deb ...
2025-12-22T20:51:47.0215375Z Unpacking libglib2.0-0t64:amd64 (2.80.0-6ubuntu3.5) over (2.80.0-6ubuntu3.4) ...
2025-12-22T20:51:47.0875060Z Selecting previously unselected package fonts-freefont-ttf.
2025-12-22T20:51:47.1011544Z Preparing to unpack .../05-fonts-freefont-ttf_20211204+svn4273-2_all.deb ...
2025-12-22T20:51:47.1024194Z Unpacking fonts-freefont-ttf (20211204+svn4273-2) ...
2025-12-22T20:51:47.1948239Z Selecting previously unselected package fonts-tlwg-loma-otf.
2025-12-22T20:51:47.2081399Z Preparing to unpack .../06-fonts-tlwg-loma-otf_1%3a0.7.3-1_all.deb ...
2025-12-22T20:51:47.2094841Z Unpacking fonts-tlwg-loma-otf (1:0.7.3-1) ...
2025-12-22T20:51:47.2348693Z Selecting previously unselected package fonts-unifont.
2025-12-22T20:51:47.2481937Z Preparing to unpack .../07-fonts-unifont_1%3a15.1.01-1build1_all.deb ...
2025-12-22T20:51:47.2502304Z Unpacking fonts-unifont (1:15.1.01-1build1) ...
2025-12-22T20:51:47.3848280Z Selecting previously unselected package fonts-wqy-zenhei.
2025-12-22T20:51:47.3980003Z Preparing to unpack .../08-fonts-wqy-zenhei_0.9.45-8_all.deb ...
2025-12-22T20:51:47.4093019Z Unpacking fonts-wqy-zenhei (0.9.45-8) ...
2025-12-22T20:51:47.8816462Z Selecting previously unselected package xfonts-encodings.
2025-12-22T20:51:47.8950632Z Preparing to unpack .../09-xfonts-encodings_1%3a1.0.5-0ubuntu2_all.deb ...
2025-12-22T20:51:47.8963137Z Unpacking xfonts-encodings (1:1.0.5-0ubuntu2) ...
2025-12-22T20:51:47.9328054Z Selecting previously unselected package xfonts-utils.
2025-12-22T20:51:47.9461680Z Preparing to unpack .../10-xfonts-utils_1%3a7.7+6build3_amd64.deb ...
2025-12-22T20:51:47.9478070Z Unpacking xfonts-utils (1:7.7+6build3) ...
2025-12-22T20:51:47.9939105Z Selecting previously unselected package xfonts-cyrillic.
2025-12-22T20:51:48.0071433Z Preparing to unpack .../11-xfonts-cyrillic_1%3a1.0.5+nmu1_all.deb ...
2025-12-22T20:51:48.0090138Z Unpacking xfonts-cyrillic (1:1.0.5+nmu1) ...
2025-12-22T20:51:48.0524828Z Selecting previously unselected package xfonts-scalable.
2025-12-22T20:51:48.0658704Z Preparing to unpack .../12-xfonts-scalable_1%3a1.0.3-1.3_all.deb ...
2025-12-22T20:51:48.0676795Z Unpacking xfonts-scalable (1:1.0.3-1.3) ...
2025-12-22T20:51:48.1472138Z Setting up fonts-wqy-zenhei (0.9.45-8) ...
2025-12-22T20:51:48.3263969Z Setting up fonts-freefont-ttf (20211204+svn4273-2) ...
2025-12-22T20:51:48.4156553Z Setting up libglib2.0-0t64:amd64 (2.80.0-6ubuntu3.5) ...
2025-12-22T20:51:48.6358399Z Setting up libglib2.0-data (2.80.0-6ubuntu3.5) ...
2025-12-22T20:51:48.6756474Z Setting up fonts-tlwg-loma-otf (1:0.7.3-1) ...
2025-12-22T20:51:48.7217624Z Setting up xfonts-encodings (1:1.0.5-0ubuntu2) ...
2025-12-22T20:51:48.7680949Z Setting up gir1.2-glib-2.0:amd64 (2.80.0-6ubuntu3.5) ...
2025-12-22T20:51:48.8152776Z Setting up fonts-ipafont-gothic (00303-21ubuntu1) ...
2025-12-22T20:51:48.8306602Z update-alternatives: using /usr/share/fonts/opentype/ipafont-gothic/ipag.ttf to provide /usr/share/fonts/truetype/fonts-japanese-gothic.ttf (fonts-japanese-gothic.ttf) in auto mode
2025-12-22T20:51:48.8861456Z Setting up fonts-unifont (1:15.1.01-1build1) ...
2025-12-22T20:51:48.9285726Z Setting up libglib2.0-bin (2.80.0-6ubuntu3.5) ...
2025-12-22T20:51:48.9347741Z Setting up xfonts-utils (1:7.7+6build3) ...
2025-12-22T20:51:48.9774950Z Setting up xfonts-cyrillic (1:1.0.5+nmu1) ...
2025-12-22T20:51:49.1300590Z Setting up xfonts-scalable (1:1.0.3-1.3) ...
2025-12-22T20:51:49.3294444Z Processing triggers for libc-bin (2.39-0ubuntu8.6) ...
2025-12-22T20:51:50.2483040Z Processing triggers for man-db (2.12.0-4build2) ...
2025-12-22T20:51:50.2518031Z Not building database; man-db/auto-update is not 'true'.
2025-12-22T20:51:50.2535089Z Processing triggers for fontconfig (2.15.0-1.1ubuntu2) ...
2025-12-22T20:51:51.0261250Z
2025-12-22T20:51:51.0263486Z Running kernel seems to be up-to-date.
2025-12-22T20:51:51.0265200Z
2025-12-22T20:51:51.0265910Z Restarting services...
2025-12-22T20:51:51.0700871Z  systemctl restart packagekit.service php8.3-fpm.service polkit.service udisks2.service
2025-12-22T20:51:51.3061583Z
2025-12-22T20:51:51.3062464Z Service restarts being deferred:
2025-12-22T20:51:51.3063213Z  systemctl restart ModemManager.service
2025-12-22T20:51:51.3064851Z  systemctl restart networkd-dispatcher.service
2025-12-22T20:51:51.3065199Z
2025-12-22T20:51:51.3065775Z No containers need to be restarted.
2025-12-22T20:51:51.3066076Z
2025-12-22T20:51:51.3066350Z No user sessions are running outdated binaries.
2025-12-22T20:51:51.3066688Z
2025-12-22T20:51:51.3067149Z No VM guests are running outdated hypervisor (qemu) binaries on this host.
2025-12-22T20:51:52.1719889Z Downloading Chromium 143.0.7499.4 (playwright build v1200) from https://cdn.playwright.dev/dbazure/download/playwright/builds/chromium/1200/chromium-linux.zip
2025-12-22T20:51:52.4466646Z |                                                                                |   0% of 164.7 MiB
2025-12-22T20:51:52.6723026Z |■■■■■■■■                                                                        |  10% of 164.7 MiB
2025-12-22T20:51:52.8283526Z |■■■■■■■■■■■■■■■■                                                                |  20% of 164.7 MiB
2025-12-22T20:51:52.9619499Z |■■■■■■■■■■■■■■■■■■■■■■■■                                                        |  30% of 164.7 MiB
2025-12-22T20:51:53.0854209Z |■■■■■■■■■■■■■■■■■■■■■■■■■■■■■■■■                                                |  40% of 164.7 MiB
2025-12-22T20:51:53.2009625Z |■■■■■■■■■■■■■■■■■■■■■■■■■■■■■■■■■■■■■■■■                                        |  50% of 164.7 MiB
2025-12-22T20:51:53.3105050Z |■■■■■■■■■■■■■■■■■■■■■■■■■■■■■■■■■■■■■■■■■■■■■■■■                                |  60% of 164.7 MiB
2025-12-22T20:51:53.4236741Z |■■■■■■■■■■■■■■■■■■■■■■■■■■■■■■■■■■■■■■■■■■■■■■■■■■■■■■■■                        |  70% of 164.7 MiB
2025-12-22T20:51:53.5325311Z |■■■■■■■■■■■■■■■■■■■■■■■■■■■■■■■■■■■■■■■■■■■■■■■■■■■■■■■■■■■■■■■■                |  80% of 164.7 MiB
2025-12-22T20:51:53.6436981Z |■■■■■■■■■■■■■■■■■■■■■■■■■■■■■■■■■■■■■■■■■■■■■■■■■■■■■■■■■■■■■■■■■■■■■■■■        |  90% of 164.7 MiB
2025-12-22T20:51:53.7531755Z |■■■■■■■■■■■■■■■■■■■■■■■■■■■■■■■■■■■■■■■■■■■■■■■■■■■■■■■■■■■■■■■■■■■■■■■■■■■■■■■■| 100% of 164.7 MiB
2025-12-22T20:51:57.5372558Z Chromium 143.0.7499.4 (playwright build v1200) downloaded to /home/runner/.cache/ms-playwright/chromium-1200
2025-12-22T20:51:57.5378047Z Downloading FFMPEG playwright build v1011 from https://cdn.playwright.dev/dbazure/download/playwright/builds/ffmpeg/1011/ffmpeg-linux.zip
2025-12-22T20:51:57.7141230Z |                                                                                |   0% of 2.3 MiB
2025-12-22T20:51:57.7208707Z |■■■■■■■■                                                                        |  10% of 2.3 MiB
2025-12-22T20:51:57.7245865Z |■■■■■■■■■■■■■■■■                                                                |  20% of 2.3 MiB
2025-12-22T20:51:57.7279007Z |■■■■■■■■■■■■■■■■■■■■■■■■                                                        |  30% of 2.3 MiB
2025-12-22T20:51:57.7308205Z |■■■■■■■■■■■■■■■■■■■■■■■■■■■■■■■■                                                |  40% of 2.3 MiB
2025-12-22T20:51:57.7335182Z |■■■■■■■■■■■■■■■■■■■■■■■■■■■■■■■■■■■■■■■■                                        |  50% of 2.3 MiB
2025-12-22T20:51:57.7363514Z |■■■■■■■■■■■■■■■■■■■■■■■■■■■■■■■■■■■■■■■■■■■■■■■■                                |  60% of 2.3 MiB
2025-12-22T20:51:57.7393456Z |■■■■■■■■■■■■■■■■■■■■■■■■■■■■■■■■■■■■■■■■■■■■■■■■■■■■■■■■                        |  70% of 2.3 MiB
2025-12-22T20:51:57.7419424Z |■■■■■■■■■■■■■■■■■■■■■■■■■■■■■■■■■■■■■■■■■■■■■■■■■■■■■■■■■■■■■■■■                |  80% of 2.3 MiB
2025-12-22T20:51:57.7443964Z |■■■■■■■■■■■■■■■■■■■■■■■■■■■■■■■■■■■■■■■■■■■■■■■■■■■■■■■■■■■■■■■■■■■■■■■■        |  90% of 2.3 MiB
2025-12-22T20:51:57.7469293Z |■■■■■■■■■■■■■■■■■■■■■■■■■■■■■■■■■■■■■■■■■■■■■■■■■■■■■■■■■■■■■■■■■■■■■■■■■■■■■■■■| 100% of 2.3 MiB
2025-12-22T20:51:57.8276799Z FFMPEG playwright build v1011 downloaded to /home/runner/.cache/ms-playwright/ffmpeg-1011
2025-12-22T20:51:57.8281632Z Downloading Chromium Headless Shell 143.0.7499.4 (playwright build v1200) from https://cdn.playwright.dev/dbazure/download/playwright/builds/chromium/1200/chromium-headless-shell-linux.zip
2025-12-22T20:51:58.0604143Z |                                                                                |   0% of 109.7 MiB
2025-12-22T20:51:58.2288420Z |■■■■■■■■                                                                        |  10% of 109.7 MiB
2025-12-22T20:51:58.3487238Z |■■■■■■■■■■■■■■■■                                                                |  20% of 109.7 MiB
2025-12-22T20:51:58.4574806Z |■■■■■■■■■■■■■■■■■■■■■■■■                                                        |  30% of 109.7 MiB
2025-12-22T20:51:58.5497535Z |■■■■■■■■■■■■■■■■■■■■■■■■■■■■■■■■                                                |  40% of 109.7 MiB
2025-12-22T20:51:58.6719402Z |■■■■■■■■■■■■■■■■■■■■■■■■■■■■■■■■■■■■■■■■                                        |  50% of 109.7 MiB
2025-12-22T20:51:58.7786697Z |■■■■■■■■■■■■■■■■■■■■■■■■■■■■■■■■■■■■■■■■■■■■■■■■                                |  60% of 109.7 MiB
2025-12-22T20:51:58.9033404Z |■■■■■■■■■■■■■■■■■■■■■■■■■■■■■■■■■■■■■■■■■■■■■■■■■■■■■■■■                        |  70% of 109.7 MiB
2025-12-22T20:51:59.0099349Z |■■■■■■■■■■■■■■■■■■■■■■■■■■■■■■■■■■■■■■■■■■■■■■■■■■■■■■■■■■■■■■■■                |  80% of 109.7 MiB
2025-12-22T20:51:59.1115972Z |■■■■■■■■■■■■■■■■■■■■■■■■■■■■■■■■■■■■■■■■■■■■■■■■■■■■■■■■■■■■■■■■■■■■■■■■        |  90% of 109.7 MiB
2025-12-22T20:51:59.2608649Z |■■■■■■■■■■■■■■■■■■■■■■■■■■■■■■■■■■■■■■■■■■■■■■■■■■■■■■■■■■■■■■■■■■■■■■■■■■■■■■■■| 100% of 109.7 MiB
2025-12-22T20:52:02.0882907Z Chromium Headless Shell 143.0.7499.4 (playwright build v1200) downloaded to /home/runner/.cache/ms-playwright/chromium_headless_shell-1200
2025-12-22T20:52:02.1169078Z ##[group]Run npx playwright test
2025-12-22T20:52:02.1169802Z [36;1mnpx playwright test[0m
2025-12-22T20:52:02.1212342Z shell: /usr/bin/bash -e {0}
2025-12-22T20:52:02.1212564Z env:
2025-12-22T20:52:02.1212725Z   REDIAI_MODE: mock
2025-12-22T20:52:02.1213369Z   DATABASE_URL: ***localhost:5432/postgres
2025-12-22T20:52:02.1213944Z   pythonLocation: /opt/hostedtoolcache/Python/3.11.14/x64
2025-12-22T20:52:02.1214653Z   PKG_CONFIG_PATH: /opt/hostedtoolcache/Python/3.11.14/x64/lib/pkgconfig
2025-12-22T20:52:02.1215351Z   Python_ROOT_DIR: /opt/hostedtoolcache/Python/3.11.14/x64
2025-12-22T20:52:02.1216154Z   Python2_ROOT_DIR: /opt/hostedtoolcache/Python/3.11.14/x64
2025-12-22T20:52:02.1216782Z   Python3_ROOT_DIR: /opt/hostedtoolcache/Python/3.11.14/x64
2025-12-22T20:52:02.1217421Z   LD_LIBRARY_PATH: /opt/hostedtoolcache/Python/3.11.14/x64/lib
2025-12-22T20:52:02.1217910Z ##[endgroup]
2025-12-22T20:52:04.4410156Z [WebServer] INFO:     Started server process [3403]
2025-12-22T20:52:04.4416120Z [WebServer] INFO:     Waiting for application startup.
2025-12-22T20:52:04.4428468Z [WebServer] INFO:     Application startup complete.
2025-12-22T20:52:04.4429407Z [WebServer] INFO:     Uvicorn running on http://127.0.0.1:8000 (Press CTRL+C to quit)
2025-12-22T20:52:06.0026638Z
2025-12-22T20:52:06.0027528Z Running 7 tests using 1 worker
2025-12-22T20:52:12.5628319Z ·······
2025-12-22T20:52:12.5639290Z   7 passed (9.1s)
2025-12-22T20:52:12.6131319Z ##[group]Run actions/upload-artifact@6f51ac03b9356f520e9adb1b1b7802705f340c2b
2025-12-22T20:52:12.6131715Z with:
2025-12-22T20:52:12.6131908Z   name: playwright-report
2025-12-22T20:52:12.6132147Z   path: e2e/playwright-report/
2025-12-22T20:52:12.6132382Z   retention-days: 7
2025-12-22T20:52:12.6132583Z   if-no-files-found: warn
2025-12-22T20:52:12.6132794Z   compression-level: 6
2025-12-22T20:52:12.6132995Z   overwrite: false
2025-12-22T20:52:12.6133192Z   include-hidden-files: false
2025-12-22T20:52:12.6133407Z env:
2025-12-22T20:52:12.6133567Z   REDIAI_MODE: mock
2025-12-22T20:52:12.6134060Z   DATABASE_URL: ***localhost:5432/postgres
2025-12-22T20:52:12.6134434Z   pythonLocation: /opt/hostedtoolcache/Python/3.11.14/x64
2025-12-22T20:52:12.6134859Z   PKG_CONFIG_PATH: /opt/hostedtoolcache/Python/3.11.14/x64/lib/pkgconfig
2025-12-22T20:52:12.6135278Z   Python_ROOT_DIR: /opt/hostedtoolcache/Python/3.11.14/x64
2025-12-22T20:52:12.6136125Z   Python2_ROOT_DIR: /opt/hostedtoolcache/Python/3.11.14/x64
2025-12-22T20:52:12.6136515Z   Python3_ROOT_DIR: /opt/hostedtoolcache/Python/3.11.14/x64
2025-12-22T20:52:12.6136904Z   LD_LIBRARY_PATH: /opt/hostedtoolcache/Python/3.11.14/x64/lib
2025-12-22T20:52:12.6137210Z ##[endgroup]
2025-12-22T20:52:12.8400550Z With the provided path, there will be 1 file uploaded
2025-12-22T20:52:12.8410497Z Artifact name is valid!
2025-12-22T20:52:12.8426276Z Root directory input is valid!
2025-12-22T20:52:12.9667253Z Beginning upload of artifact content to blob storage
2025-12-22T20:52:13.1832955Z Uploaded bytes 199322
2025-12-22T20:52:13.2187720Z Finished uploading artifact content to blob storage!
2025-12-22T20:52:13.2192589Z SHA256 hash of uploaded artifact zip is 950ebbfbd86a7f97920e60cd244a5c602dab4ab4af724f54a30ab5ac96ca7870
2025-12-22T20:52:13.2194918Z Finalizing artifact upload
2025-12-22T20:52:13.3112208Z Artifact playwright-report.zip successfully finalized. Artifact ID 4947361410
2025-12-22T20:52:13.3114194Z Artifact playwright-report has been successfully uploaded! Final size is 199322 bytes. Artifact ID is 4947361410
2025-12-22T20:52:13.3120862Z Artifact download URL: https://github.com/m-cahill/tunix-rt/actions/runs/20443624828/artifacts/4947361410
2025-12-22T20:52:13.3264710Z Post job cleanup.
2025-12-22T20:52:13.4901151Z Post job cleanup.
2025-12-22T20:52:13.6543619Z [command]/usr/bin/tar --posix -cf cache.tzst --exclude cache.tzst -P -C /home/runner/work/tunix-rt/tunix-rt --files-from manifest.txt --use-compress-program zstdmt
2025-12-22T20:52:13.8953353Z ##[warning]Failed to save: <h2>Our services aren't available right now</h2><p>We're working to restore all services as soon as possible. Please check back soon.</p>0fa9JaQAAAAAYRCwBVVajR61KCdEgg9eMQ0hJMzBFREdFMDQwOQBFZGdl
2025-12-22T20:52:13.9209082Z Post job cleanup.
2025-12-22T20:52:14.0251610Z [command]/usr/bin/git version
2025-12-22T20:52:14.0293192Z git version 2.52.0
2025-12-22T20:52:14.0339410Z Temporarily overriding HOME='/home/runner/work/_temp/1e63a48d-666f-409a-811d-eccc1e790731' before making global git config changes
2025-12-22T20:52:14.0342126Z Adding repository directory to the temporary git global config as a safe directory
2025-12-22T20:52:14.0347390Z [command]/usr/bin/git config --global --add safe.directory /home/runner/work/tunix-rt/tunix-rt
2025-12-22T20:52:14.0398161Z [command]/usr/bin/git config --local --name-only --get-regexp core\.sshCommand
2025-12-22T20:52:14.0435675Z [command]/usr/bin/git submodule foreach --recursive sh -c "git config --local --name-only --get-regexp 'core\.sshCommand' && git config --local --unset-all 'core.sshCommand' || :"
2025-12-22T20:52:14.0691911Z [command]/usr/bin/git config --local --name-only --get-regexp http\.https\:\/\/github\.com\/\.extraheader
2025-12-22T20:52:14.0718998Z http.https://github.com/.extraheader
2025-12-22T20:52:14.0736369Z [command]/usr/bin/git config --local --unset-all http.https://github.com/.extraheader
2025-12-22T20:52:14.0773885Z [command]/usr/bin/git submodule foreach --recursive sh -c "git config --local --name-only --get-regexp 'http\.https\:\/\/github\.com\/\.extraheader' && git config --local --unset-all 'http.https://github.com/.extraheader' || :"
2025-12-22T20:52:14.1121502Z Print service container logs: d3b49ebb25a64cefa37d00bcb551dcb5_postgres15alpine_f87f1a
2025-12-22T20:52:14.1126584Z ##[command]/usr/bin/docker logs --details 056447e34464843b278b7bb5d9ff55f46dda548837e0061e4074b77f5278d91f
2025-12-22T20:52:14.1265333Z  The files belonging to this database system will be owned by user "postgres".
2025-12-22T20:52:14.1271347Z  sh: locale: not found
2025-12-22T20:52:14.1271742Z  This user must also own the server process.
2025-12-22T20:52:14.1272361Z  2025-12-22 20:50:47.220 UTC [34] WARNING:  no usable system locales were found
2025-12-22T20:52:14.1273120Z
2025-12-22T20:52:14.1273545Z  The database cluster will be initialized with locale "en_US.utf8".
2025-12-22T20:52:14.1274263Z  The default database encoding has accordingly been set to "UTF8".
2025-12-22T20:52:14.1274932Z  The default text search configuration will be set to "english".
2025-12-22T20:52:14.1275627Z
2025-12-22T20:52:14.1275917Z  Data page checksums are disabled.
2025-12-22T20:52:14.1276364Z
2025-12-22T20:52:14.1276864Z  fixing permissions on existing directory /var/lib/postgresql/data ... ok
2025-12-22T20:52:14.1286981Z  creating subdirectories ... ok
2025-12-22T20:52:14.1287482Z  selecting dynamic shared memory implementation ... posix
2025-12-22T20:52:14.1288000Z  selecting default max_connections ... 100
2025-12-22T20:52:14.1288433Z  selecting default shared_buffers ... 128MB
2025-12-22T20:52:14.1288841Z  selecting default time zone ... UTC
2025-12-22T20:52:14.1289235Z  creating configuration files ... ok
2025-12-22T20:52:14.1289936Z  running bootstrap script ... ok
2025-12-22T20:52:14.1290389Z  performing post-bootstrap initialization ... ok
2025-12-22T20:52:14.1290857Z  syncing data to disk ... ok
2025-12-22T20:52:14.1291189Z
2025-12-22T20:52:14.1291643Z  initdb: warning: enabling "trust" authentication for local connections
2025-12-22T20:52:14.1292633Z  initdb: hint: You can change this by editing pg_hba.conf or using the option -A, or --auth-local and --auth-host, the next time you run initdb.
2025-12-22T20:52:14.1293762Z  2025-12-22 20:50:48.000 UTC [1] LOG:  starting PostgreSQL 15.15 on x86_64-pc-linux-musl, compiled by gcc (Alpine 15.2.0) 15.2.0, 64-bit
2025-12-22T20:52:14.1294651Z  2025-12-22 20:50:48.000 UTC [1] LOG:  listening on IPv4 address "0.0.0.0", port 5432
2025-12-22T20:52:14.1295333Z  2025-12-22 20:50:48.000 UTC [1] LOG:  listening on IPv6 address "::", port 5432
2025-12-22T20:52:14.1296258Z  2025-12-22 20:50:48.003 UTC [1] LOG:  listening on Unix socket "/var/run/postgresql/.s.PGSQL.5432"
2025-12-22T20:52:14.1299264Z  2025-12-22 20:50:48.005 UTC [54] LOG:  database system was shut down at 2025-12-22 20:50:47 UTC
2025-12-22T20:52:14.1300020Z  2025-12-22 20:50:48.009 UTC [1] LOG:  database system is ready to accept connections
2025-12-22T20:52:14.1300662Z  2025-12-22 20:50:56.761 UTC [64] FATAL:  role "root" does not exist
2025-12-22T20:52:14.1301240Z  2025-12-22 20:51:06.805 UTC [71] FATAL:  role "root" does not exist
2025-12-22T20:52:14.1301815Z  2025-12-22 20:51:16.868 UTC [78] FATAL:  role "root" does not exist
2025-12-22T20:52:14.1302167Z  2025-12-22 20:51:26.944 UTC [87] FATAL:  role "root" does not exist
2025-12-22T20:52:14.1302516Z  2025-12-22 20:51:37.005 UTC [93] FATAL:  role "root" does not exist
2025-12-22T20:52:14.1302857Z  2025-12-22 20:51:47.056 UTC [100] FATAL:  role "root" does not exist
2025-12-22T20:52:14.1303198Z  2025-12-22 20:51:57.113 UTC [108] FATAL:  role "root" does not exist
2025-12-22T20:52:14.1303531Z  2025-12-22 20:52:07.197 UTC [115] FATAL:  role "root" does not exist
2025-12-22T20:52:14.1303800Z
2025-12-22T20:52:14.1304010Z  Success. You can now start the database server using:
2025-12-22T20:52:14.1304277Z
2025-12-22T20:52:14.1304494Z      pg_ctl -D /var/lib/postgresql/data -l logfile start
2025-12-22T20:52:14.1304770Z
2025-12-22T20:52:14.1305258Z  waiting for server to start....2025-12-22 20:50:47.781 UTC [40] LOG:  starting PostgreSQL 15.15 on x86_64-pc-linux-musl, compiled by gcc (Alpine 15.2.0) 15.2.0, 64-bit
2025-12-22T20:52:14.1306482Z  2025-12-22 20:50:47.782 UTC [40] LOG:  listening on Unix socket "/var/run/postgresql/.s.PGSQL.5432"
2025-12-22T20:52:14.1306987Z  2025-12-22 20:50:47.786 UTC [43] LOG:  database system was shut down at 2025-12-22 20:50:47 UTC
2025-12-22T20:52:14.1307433Z  2025-12-22 20:50:47.790 UTC [40] LOG:  database system is ready to accept connections
2025-12-22T20:52:14.1307748Z   done
2025-12-22T20:52:14.1307900Z  server started
2025-12-22T20:52:14.1308062Z
2025-12-22T20:52:14.1308352Z  /usr/local/bin/docker-entrypoint.sh: ignoring /docker-entrypoint-initdb.d/*
2025-12-22T20:52:14.1308705Z
2025-12-22T20:52:14.1309007Z  waiting for server to shut down...2025-12-22 20:50:47.880 UTC [40] LOG:  received fast shutdown request
2025-12-22T20:52:14.1309467Z  .2025-12-22 20:50:47.881 UTC [40] LOG:  aborting any active transactions
2025-12-22T20:52:14.1309956Z  2025-12-22 20:50:47.883 UTC [40] LOG:  background worker "logical replication launcher" (PID 46) exited with exit code 1
2025-12-22T20:52:14.1310415Z  2025-12-22 20:50:47.886 UTC [41] LOG:  shutting down
2025-12-22T20:52:14.1310744Z  2025-12-22 20:50:47.887 UTC [41] LOG:  checkpoint starting: shutdown immediate
2025-12-22T20:52:14.1311547Z  2025-12-22 20:50:47.892 UTC [41] LOG:  checkpoint complete: wrote 3 buffers (0.0%); 0 WAL file(s) added, 0 removed, 0 recycled; write=0.001 s, sync=0.001 s, total=0.006 s; sync files=2, longest=0.001 s, average=0.001 s; distance=0 kB, estimate=0 kB
2025-12-22T20:52:14.1312342Z  2025-12-22 20:50:47.896 UTC [40] LOG:  database system is shut down
2025-12-22T20:52:14.1312764Z   done
2025-12-22T20:52:14.1312916Z  server stopped
2025-12-22T20:52:14.1313082Z
2025-12-22T20:52:14.1313282Z  PostgreSQL init process complete; ready for start up.
2025-12-22T20:52:14.1313549Z
2025-12-22T20:52:14.1320395Z Stop and remove container: d3b49ebb25a64cefa37d00bcb551dcb5_postgres15alpine_f87f1a
2025-12-22T20:52:14.1325140Z ##[command]/usr/bin/docker rm --force 056447e34464843b278b7bb5d9ff55f46dda548837e0061e4074b77f5278d91f
2025-12-22T20:52:16.6826813Z 056447e34464843b278b7bb5d9ff55f46dda548837e0061e4074b77f5278d91f
2025-12-22T20:52:16.6855951Z Remove container network: github_network_af2d6608437945359fb2fe74623dc07a
2025-12-22T20:52:16.6860393Z ##[command]/usr/bin/docker network rm github_network_af2d6608437945359fb2fe74623dc07a
2025-12-22T20:52:16.7658158Z github_network_af2d6608437945359fb2fe74623dc07a
2025-12-22T20:52:16.7728461Z Cleaning up orphan processes
