2025-12-22T20:50:40.8137981Z Current runner version: '2.330.0'
2025-12-22T20:50:40.8170570Z ##[group]Runner Image Provisioner
2025-12-22T20:50:40.8172203Z Hosted Compute Agent
2025-12-22T20:50:40.8173011Z Version: 20251211.462
2025-12-22T20:50:40.8173962Z Commit: 6cbad8c2bb55d58165063d031ccabf57e2d2db61
2025-12-22T20:50:40.8175188Z Build Date: 2025-12-11T16:28:49Z
2025-12-22T20:50:40.8176198Z Worker ID: {421106e0-a53f-4ccd-8c2c-5e376e83b862}
2025-12-22T20:50:40.8177325Z ##[endgroup]
2025-12-22T20:50:40.8178179Z ##[group]Operating System
2025-12-22T20:50:40.8179128Z Ubuntu
2025-12-22T20:50:40.8179828Z 24.04.3
2025-12-22T20:50:40.8180615Z LTS
2025-12-22T20:50:40.8181601Z ##[endgroup]
2025-12-22T20:50:40.8182558Z ##[group]Runner Image
2025-12-22T20:50:40.8183611Z Image: ubuntu-24.04
2025-12-22T20:50:40.8184489Z Version: 20251215.174.1
2025-12-22T20:50:40.8186273Z Included Software: https://github.com/actions/runner-images/blob/ubuntu24/20251215.174/images/ubuntu/Ubuntu2404-Readme.md
2025-12-22T20:50:40.8189021Z Image Release: https://github.com/actions/runner-images/releases/tag/ubuntu24%2F20251215.174
2025-12-22T20:50:40.8191026Z ##[endgroup]
2025-12-22T20:50:40.8192825Z ##[group]GITHUB_TOKEN Permissions
2025-12-22T20:50:40.8195334Z Contents: read
2025-12-22T20:50:40.8196154Z Metadata: read
2025-12-22T20:50:40.8197097Z ##[endgroup]
2025-12-22T20:50:40.8200031Z Secret source: Actions
2025-12-22T20:50:40.8201374Z Prepare workflow directory
2025-12-22T20:50:40.8954657Z Prepare all required actions
2025-12-22T20:50:40.9011365Z Getting action download info
2025-12-22T20:50:41.4274191Z Download action repository 'actions/checkout@11bd71901bbe5b1630ceea73d27597364c9af683' (SHA:11bd71901bbe5b1630ceea73d27597364c9af683)
2025-12-22T20:50:41.5350246Z Download action repository 'actions/setup-python@0b93645e9fea7318ecaed2b359559ac225c90a2b' (SHA:0b93645e9fea7318ecaed2b359559ac225c90a2b)
2025-12-22T20:50:41.6697352Z Download action repository 'actions/upload-artifact@6f51ac03b9356f520e9adb1b1b7802705f340c2b' (SHA:6f51ac03b9356f520e9adb1b1b7802705f340c2b)
2025-12-22T20:50:41.9345875Z Complete job name: backend (3.12)
2025-12-22T20:50:42.0043983Z ##[group]Run actions/checkout@11bd71901bbe5b1630ceea73d27597364c9af683
2025-12-22T20:50:42.0045047Z with:
2025-12-22T20:50:42.0045476Z   repository: m-cahill/tunix-rt
2025-12-22T20:50:42.0046172Z   token: ***
2025-12-22T20:50:42.0046579Z   ssh-strict: true
2025-12-22T20:50:42.0046984Z   ssh-user: git
2025-12-22T20:50:42.0047408Z   persist-credentials: true
2025-12-22T20:50:42.0047882Z   clean: true
2025-12-22T20:50:42.0048309Z   sparse-checkout-cone-mode: true
2025-12-22T20:50:42.0048810Z   fetch-depth: 1
2025-12-22T20:50:42.0049219Z   fetch-tags: false
2025-12-22T20:50:42.0049638Z   show-progress: true
2025-12-22T20:50:42.0050064Z   lfs: false
2025-12-22T20:50:42.0050469Z   submodules: false
2025-12-22T20:50:42.0051059Z   set-safe-directory: true
2025-12-22T20:50:42.0051766Z ##[endgroup]
2025-12-22T20:50:42.1210527Z Syncing repository: m-cahill/tunix-rt
2025-12-22T20:50:42.1214008Z ##[group]Getting Git version info
2025-12-22T20:50:42.1215570Z Working directory is '/home/runner/work/tunix-rt/tunix-rt'
2025-12-22T20:50:42.1217474Z [command]/usr/bin/git version
2025-12-22T20:50:42.1284080Z git version 2.52.0
2025-12-22T20:50:42.1313803Z ##[endgroup]
2025-12-22T20:50:42.1341420Z Temporarily overriding HOME='/home/runner/work/_temp/978c3a57-d783-4ada-8bfa-7425344842d6' before making global git config changes
2025-12-22T20:50:42.1347563Z Adding repository directory to the temporary git global config as a safe directory
2025-12-22T20:50:42.1349918Z [command]/usr/bin/git config --global --add safe.directory /home/runner/work/tunix-rt/tunix-rt
2025-12-22T20:50:42.1390376Z Deleting the contents of '/home/runner/work/tunix-rt/tunix-rt'
2025-12-22T20:50:42.1393843Z ##[group]Initializing the repository
2025-12-22T20:50:42.1398748Z [command]/usr/bin/git init /home/runner/work/tunix-rt/tunix-rt
2025-12-22T20:50:42.1505956Z hint: Using 'master' as the name for the initial branch. This default branch name
2025-12-22T20:50:42.1507961Z hint: will change to "main" in Git 3.0. To configure the initial branch name
2025-12-22T20:50:42.1510013Z hint: to use in all of your new repositories, which will suppress this warning,
2025-12-22T20:50:42.1511707Z hint: call:
2025-12-22T20:50:42.1512399Z hint:
2025-12-22T20:50:42.1513196Z hint: 	git config --global init.defaultBranch <name>
2025-12-22T20:50:42.1514227Z hint:
2025-12-22T20:50:42.1515282Z hint: Names commonly chosen instead of 'master' are 'main', 'trunk' and
2025-12-22T20:50:42.1517156Z hint: 'development'. The just-created branch can be renamed via this command:
2025-12-22T20:50:42.1518619Z hint:
2025-12-22T20:50:42.1519418Z hint: 	git branch -m <name>
2025-12-22T20:50:42.1520332Z hint:
2025-12-22T20:50:42.1521689Z hint: Disable this message with "git config set advice.defaultBranchName false"
2025-12-22T20:50:42.1523733Z Initialized empty Git repository in /home/runner/work/tunix-rt/tunix-rt/.git/
2025-12-22T20:50:42.1531123Z [command]/usr/bin/git remote add origin https://github.com/m-cahill/tunix-rt
2025-12-22T20:50:42.1567030Z ##[endgroup]
2025-12-22T20:50:42.1568485Z ##[group]Disabling automatic garbage collection
2025-12-22T20:50:42.1574506Z [command]/usr/bin/git config --local gc.auto 0
2025-12-22T20:50:42.1608629Z ##[endgroup]
2025-12-22T20:50:42.1609986Z ##[group]Setting up auth
2025-12-22T20:50:42.1616678Z [command]/usr/bin/git config --local --name-only --get-regexp core\.sshCommand
2025-12-22T20:50:42.1649610Z [command]/usr/bin/git submodule foreach --recursive sh -c "git config --local --name-only --get-regexp 'core\.sshCommand' && git config --local --unset-all 'core.sshCommand' || :"
2025-12-22T20:50:42.2004376Z [command]/usr/bin/git config --local --name-only --get-regexp http\.https\:\/\/github\.com\/\.extraheader
2025-12-22T20:50:42.2038709Z [command]/usr/bin/git submodule foreach --recursive sh -c "git config --local --name-only --get-regexp 'http\.https\:\/\/github\.com\/\.extraheader' && git config --local --unset-all 'http.https://github.com/.extraheader' || :"
2025-12-22T20:50:42.2272118Z [command]/usr/bin/git config --local http.https://github.com/.extraheader AUTHORIZATION: basic ***
2025-12-22T20:50:42.2319374Z ##[endgroup]
2025-12-22T20:50:42.2322265Z ##[group]Fetching the repository
2025-12-22T20:50:42.2330144Z [command]/usr/bin/git -c protocol.version=2 fetch --no-tags --prune --no-recurse-submodules --depth=1 origin +e2a7d8993dacd481d7be7ed8a46710f7c0286796:refs/remotes/origin/main
2025-12-22T20:50:42.8282344Z From https://github.com/m-cahill/tunix-rt
2025-12-22T20:50:42.8285382Z  * [new ref]         e2a7d8993dacd481d7be7ed8a46710f7c0286796 -> origin/main
2025-12-22T20:50:42.8313291Z ##[endgroup]
2025-12-22T20:50:42.8315069Z ##[group]Determining the checkout info
2025-12-22T20:50:42.8317167Z ##[endgroup]
2025-12-22T20:50:42.8320555Z [command]/usr/bin/git sparse-checkout disable
2025-12-22T20:50:42.8363594Z [command]/usr/bin/git config --local --unset-all extensions.worktreeConfig
2025-12-22T20:50:42.8395357Z ##[group]Checking out the ref
2025-12-22T20:50:42.8399314Z [command]/usr/bin/git checkout --progress --force -B main refs/remotes/origin/main
2025-12-22T20:50:42.9512496Z Switched to a new branch 'main'
2025-12-22T20:50:42.9515177Z branch 'main' set up to track 'origin/main'.
2025-12-22T20:50:42.9520292Z ##[endgroup]
2025-12-22T20:50:42.9527383Z [command]/usr/bin/git log -1 --format=%H
2025-12-22T20:50:42.9529106Z e2a7d8993dacd481d7be7ed8a46710f7c0286796
2025-12-22T20:50:42.9882241Z ##[group]Run actions/setup-python@0b93645e9fea7318ecaed2b359559ac225c90a2b
2025-12-22T20:50:42.9883908Z with:
2025-12-22T20:50:42.9884742Z   python-version: 3.12
2025-12-22T20:50:42.9885664Z   cache: pip
2025-12-22T20:50:42.9886658Z   cache-dependency-path: backend/pyproject.toml
2025-12-22T20:50:42.9887934Z   check-latest: false
2025-12-22T20:50:42.9889143Z   token: ***
2025-12-22T20:50:42.9890000Z   update-environment: true
2025-12-22T20:50:42.9891286Z   allow-prereleases: false
2025-12-22T20:50:42.9892287Z ##[endgroup]
2025-12-22T20:50:43.1823142Z ##[group]Installed versions
2025-12-22T20:50:43.1976564Z Successfully set up CPython (3.12.12)
2025-12-22T20:50:43.1979817Z ##[endgroup]
2025-12-22T20:50:43.2285597Z [command]/opt/hostedtoolcache/Python/3.12.12/x64/bin/pip cache dir
2025-12-22T20:50:43.5595050Z /home/runner/.cache/pip
2025-12-22T20:50:43.6522543Z ##[warning]Failed to restore: Cache service responded with 400
2025-12-22T20:50:43.6536487Z pip cache is not found
2025-12-22T20:50:43.6679172Z ##[group]Run python -m pip install -e ".[dev]"
2025-12-22T20:50:43.6680554Z [36;1mpython -m pip install -e ".[dev]"[0m
2025-12-22T20:50:43.6723248Z shell: /usr/bin/bash -e {0}
2025-12-22T20:50:43.6724198Z env:
2025-12-22T20:50:43.6725188Z   pythonLocation: /opt/hostedtoolcache/Python/3.12.12/x64
2025-12-22T20:50:43.6726903Z   PKG_CONFIG_PATH: /opt/hostedtoolcache/Python/3.12.12/x64/lib/pkgconfig
2025-12-22T20:50:43.6728611Z   Python_ROOT_DIR: /opt/hostedtoolcache/Python/3.12.12/x64
2025-12-22T20:50:43.6730135Z   Python2_ROOT_DIR: /opt/hostedtoolcache/Python/3.12.12/x64
2025-12-22T20:50:43.6731964Z   Python3_ROOT_DIR: /opt/hostedtoolcache/Python/3.12.12/x64
2025-12-22T20:50:43.6733528Z   LD_LIBRARY_PATH: /opt/hostedtoolcache/Python/3.12.12/x64/lib
2025-12-22T20:50:43.6734821Z ##[endgroup]
2025-12-22T20:50:44.2992760Z Obtaining file:///home/runner/work/tunix-rt/tunix-rt/backend
2025-12-22T20:50:44.3013069Z   Installing build dependencies: started
2025-12-22T20:50:45.3172691Z   Installing build dependencies: finished with status 'done'
2025-12-22T20:50:45.3174113Z   Checking if build backend supports build_editable: started
2025-12-22T20:50:45.7074276Z   Checking if build backend supports build_editable: finished with status 'done'
2025-12-22T20:50:45.7083727Z   Getting requirements to build editable: started
2025-12-22T20:50:46.0521377Z   Getting requirements to build editable: finished with status 'done'
2025-12-22T20:50:46.0529653Z   Preparing editable metadata (pyproject.toml): started
2025-12-22T20:50:46.2528482Z   Preparing editable metadata (pyproject.toml): finished with status 'done'
2025-12-22T20:50:46.3840629Z Collecting fastapi>=0.104.0 (from tunix-rt-backend==0.1.0)
2025-12-22T20:50:46.4371559Z   Downloading fastapi-0.127.0-py3-none-any.whl.metadata (30 kB)
2025-12-22T20:50:46.4807354Z Collecting uvicorn>=0.24.0 (from uvicorn[standard]>=0.24.0->tunix-rt-backend==0.1.0)
2025-12-22T20:50:46.4902230Z   Downloading uvicorn-0.40.0-py3-none-any.whl.metadata (6.7 kB)
2025-12-22T20:50:46.5087878Z Collecting httpx>=0.25.0 (from tunix-rt-backend==0.1.0)
2025-12-22T20:50:46.5118063Z   Downloading httpx-0.28.1-py3-none-any.whl.metadata (7.1 kB)
2025-12-22T20:50:46.6441580Z Collecting pydantic>=2.4.0 (from tunix-rt-backend==0.1.0)
2025-12-22T20:50:46.6473322Z   Downloading pydantic-2.12.5-py3-none-any.whl.metadata (90 kB)
2025-12-22T20:50:46.6767127Z Collecting pydantic-settings>=2.0.0 (from tunix-rt-backend==0.1.0)
2025-12-22T20:50:46.6799560Z   Downloading pydantic_settings-2.12.0-py3-none-any.whl.metadata (3.4 kB)
2025-12-22T20:50:46.9490691Z Collecting sqlalchemy>=2.0.0 (from sqlalchemy[asyncio]>=2.0.0->tunix-rt-backend==0.1.0)
2025-12-22T20:50:46.9528482Z   Downloading sqlalchemy-2.0.45-cp312-cp312-manylinux2014_x86_64.manylinux_2_17_x86_64.manylinux_2_28_x86_64.whl.metadata (9.5 kB)
2025-12-22T20:50:46.9853195Z Collecting alembic>=1.12.0 (from tunix-rt-backend==0.1.0)
2025-12-22T20:50:46.9887968Z   Downloading alembic-1.17.2-py3-none-any.whl.metadata (7.2 kB)
2025-12-22T20:50:47.0314741Z Collecting asyncpg>=0.29.0 (from tunix-rt-backend==0.1.0)
2025-12-22T20:50:47.0355771Z   Downloading asyncpg-0.31.0-cp312-cp312-manylinux_2_28_x86_64.whl.metadata (4.4 kB)
2025-12-22T20:50:47.0731682Z Collecting pyyaml>=6.0.0 (from tunix-rt-backend==0.1.0)
2025-12-22T20:50:47.0765723Z   Downloading pyyaml-6.0.3-cp312-cp312-manylinux2014_x86_64.manylinux_2_17_x86_64.manylinux_2_28_x86_64.whl.metadata (2.4 kB)
2025-12-22T20:50:47.1137335Z Collecting pytest>=7.4.0 (from tunix-rt-backend==0.1.0)
2025-12-22T20:50:47.1165984Z   Downloading pytest-9.0.2-py3-none-any.whl.metadata (7.6 kB)
2025-12-22T20:50:47.1359152Z Collecting pytest-cov>=4.1.0 (from tunix-rt-backend==0.1.0)
2025-12-22T20:50:47.1399079Z   Downloading pytest_cov-7.0.0-py3-none-any.whl.metadata (31 kB)
2025-12-22T20:50:47.1775484Z Collecting pytest-asyncio>=0.21.0 (from tunix-rt-backend==0.1.0)
2025-12-22T20:50:47.1815835Z   Downloading pytest_asyncio-1.3.0-py3-none-any.whl.metadata (4.1 kB)
2025-12-22T20:50:47.5542331Z Collecting ruff>=0.1.0 (from tunix-rt-backend==0.1.0)
2025-12-22T20:50:47.5575874Z   Downloading ruff-0.14.10-py3-none-manylinux_2_17_x86_64.manylinux2014_x86_64.whl.metadata (26 kB)
2025-12-22T20:50:47.6596616Z Collecting mypy>=1.6.0 (from tunix-rt-backend==0.1.0)
2025-12-22T20:50:47.6637654Z   Downloading mypy-1.19.1-cp312-cp312-manylinux2014_x86_64.manylinux_2_17_x86_64.manylinux_2_28_x86_64.whl.metadata (2.2 kB)
2025-12-22T20:50:47.6779077Z Collecting aiosqlite>=0.19.0 (from tunix-rt-backend==0.1.0)
2025-12-22T20:50:47.6808600Z   Downloading aiosqlite-0.22.0-py3-none-any.whl.metadata (4.3 kB)
2025-12-22T20:50:47.7148502Z Collecting Mako (from alembic>=1.12.0->tunix-rt-backend==0.1.0)
2025-12-22T20:50:47.7177748Z   Downloading mako-1.3.10-py3-none-any.whl.metadata (2.9 kB)
2025-12-22T20:50:47.7356835Z Collecting typing-extensions>=4.12 (from alembic>=1.12.0->tunix-rt-backend==0.1.0)
2025-12-22T20:50:47.7387396Z   Downloading typing_extensions-4.15.0-py3-none-any.whl.metadata (3.3 kB)
2025-12-22T20:50:47.7696253Z Collecting starlette<0.51.0,>=0.40.0 (from fastapi>=0.104.0->tunix-rt-backend==0.1.0)
2025-12-22T20:50:47.7740370Z   Downloading starlette-0.50.0-py3-none-any.whl.metadata (6.3 kB)
2025-12-22T20:50:47.8019017Z Collecting annotated-doc>=0.0.2 (from fastapi>=0.104.0->tunix-rt-backend==0.1.0)
2025-12-22T20:50:47.8064680Z   Downloading annotated_doc-0.0.4-py3-none-any.whl.metadata (6.6 kB)
2025-12-22T20:50:47.8292624Z Collecting anyio<5,>=3.6.2 (from starlette<0.51.0,>=0.40.0->fastapi>=0.104.0->tunix-rt-backend==0.1.0)
2025-12-22T20:50:47.8320966Z   Downloading anyio-4.12.0-py3-none-any.whl.metadata (4.3 kB)
2025-12-22T20:50:47.8521386Z Collecting idna>=2.8 (from anyio<5,>=3.6.2->starlette<0.51.0,>=0.40.0->fastapi>=0.104.0->tunix-rt-backend==0.1.0)
2025-12-22T20:50:47.8552988Z   Downloading idna-3.11-py3-none-any.whl.metadata (8.4 kB)
2025-12-22T20:50:47.8816404Z Collecting certifi (from httpx>=0.25.0->tunix-rt-backend==0.1.0)
2025-12-22T20:50:47.8852261Z   Downloading certifi-2025.11.12-py3-none-any.whl.metadata (2.5 kB)
2025-12-22T20:50:47.9046739Z Collecting httpcore==1.* (from httpx>=0.25.0->tunix-rt-backend==0.1.0)
2025-12-22T20:50:47.9080687Z   Downloading httpcore-1.0.9-py3-none-any.whl.metadata (21 kB)
2025-12-22T20:50:47.9230586Z Collecting h11>=0.16 (from httpcore==1.*->httpx>=0.25.0->tunix-rt-backend==0.1.0)
2025-12-22T20:50:47.9262646Z   Downloading h11-0.16.0-py3-none-any.whl.metadata (8.3 kB)
2025-12-22T20:50:47.9445726Z Collecting mypy_extensions>=1.0.0 (from mypy>=1.6.0->tunix-rt-backend==0.1.0)
2025-12-22T20:50:47.9475518Z   Downloading mypy_extensions-1.1.0-py3-none-any.whl.metadata (1.1 kB)
2025-12-22T20:50:47.9605460Z Collecting pathspec>=0.9.0 (from mypy>=1.6.0->tunix-rt-backend==0.1.0)
2025-12-22T20:50:47.9642414Z   Downloading pathspec-0.12.1-py3-none-any.whl.metadata (21 kB)
2025-12-22T20:50:48.0412997Z Collecting librt>=0.6.2 (from mypy>=1.6.0->tunix-rt-backend==0.1.0)
2025-12-22T20:50:48.0465078Z   Downloading librt-0.7.4-cp312-cp312-manylinux2014_x86_64.manylinux_2_17_x86_64.manylinux_2_28_x86_64.whl.metadata (1.3 kB)
2025-12-22T20:50:48.0621296Z Collecting annotated-types>=0.6.0 (from pydantic>=2.4.0->tunix-rt-backend==0.1.0)
2025-12-22T20:50:48.0654766Z   Downloading annotated_types-0.7.0-py3-none-any.whl.metadata (15 kB)
2025-12-22T20:50:48.7591384Z Collecting pydantic-core==2.41.5 (from pydantic>=2.4.0->tunix-rt-backend==0.1.0)
2025-12-22T20:50:48.7625221Z   Downloading pydantic_core-2.41.5-cp312-cp312-manylinux_2_17_x86_64.manylinux2014_x86_64.whl.metadata (7.3 kB)
2025-12-22T20:50:48.7776248Z Collecting typing-inspection>=0.4.2 (from pydantic>=2.4.0->tunix-rt-backend==0.1.0)
2025-12-22T20:50:48.7807080Z   Downloading typing_inspection-0.4.2-py3-none-any.whl.metadata (2.6 kB)
2025-12-22T20:50:48.8004275Z Collecting python-dotenv>=0.21.0 (from pydantic-settings>=2.0.0->tunix-rt-backend==0.1.0)
2025-12-22T20:50:48.8033450Z   Downloading python_dotenv-1.2.1-py3-none-any.whl.metadata (25 kB)
2025-12-22T20:50:48.8175358Z Collecting iniconfig>=1.0.1 (from pytest>=7.4.0->tunix-rt-backend==0.1.0)
2025-12-22T20:50:48.8205127Z   Downloading iniconfig-2.3.0-py3-none-any.whl.metadata (2.5 kB)
2025-12-22T20:50:48.8370038Z Collecting packaging>=22 (from pytest>=7.4.0->tunix-rt-backend==0.1.0)
2025-12-22T20:50:48.8411669Z   Downloading packaging-25.0-py3-none-any.whl.metadata (3.3 kB)
2025-12-22T20:50:48.8534461Z Collecting pluggy<2,>=1.5 (from pytest>=7.4.0->tunix-rt-backend==0.1.0)
2025-12-22T20:50:48.8568482Z   Downloading pluggy-1.6.0-py3-none-any.whl.metadata (4.8 kB)
2025-12-22T20:50:48.8772275Z Collecting pygments>=2.7.2 (from pytest>=7.4.0->tunix-rt-backend==0.1.0)
2025-12-22T20:50:48.8813677Z   Downloading pygments-2.19.2-py3-none-any.whl.metadata (2.5 kB)
2025-12-22T20:50:49.2993576Z Collecting coverage>=7.10.6 (from coverage[toml]>=7.10.6->pytest-cov>=4.1.0->tunix-rt-backend==0.1.0)
2025-12-22T20:50:49.3028974Z   Downloading coverage-7.13.0-cp312-cp312-manylinux1_x86_64.manylinux_2_28_x86_64.manylinux_2_5_x86_64.whl.metadata (8.5 kB)
2025-12-22T20:50:49.4424856Z Collecting greenlet>=1 (from sqlalchemy>=2.0.0->sqlalchemy[asyncio]>=2.0.0->tunix-rt-backend==0.1.0)
2025-12-22T20:50:49.4461547Z   Downloading greenlet-3.3.0-cp312-cp312-manylinux_2_24_x86_64.manylinux_2_28_x86_64.whl.metadata (4.1 kB)
2025-12-22T20:50:49.4769957Z Collecting click>=7.0 (from uvicorn>=0.24.0->uvicorn[standard]>=0.24.0->tunix-rt-backend==0.1.0)
2025-12-22T20:50:49.4801712Z   Downloading click-8.3.1-py3-none-any.whl.metadata (2.6 kB)
2025-12-22T20:50:49.5145221Z Collecting httptools>=0.6.3 (from uvicorn[standard]>=0.24.0->tunix-rt-backend==0.1.0)
2025-12-22T20:50:49.5173837Z   Downloading httptools-0.7.1-cp312-cp312-manylinux1_x86_64.manylinux_2_28_x86_64.manylinux_2_5_x86_64.whl.metadata (3.5 kB)
2025-12-22T20:50:49.5613252Z Collecting uvloop>=0.15.1 (from uvicorn[standard]>=0.24.0->tunix-rt-backend==0.1.0)
2025-12-22T20:50:49.5642084Z   Downloading uvloop-0.22.1-cp312-cp312-manylinux2014_x86_64.manylinux_2_17_x86_64.manylinux_2_28_x86_64.whl.metadata (4.9 kB)
2025-12-22T20:50:49.6883318Z Collecting watchfiles>=0.13 (from uvicorn[standard]>=0.24.0->tunix-rt-backend==0.1.0)
2025-12-22T20:50:49.6918554Z   Downloading watchfiles-1.1.1-cp312-cp312-manylinux_2_17_x86_64.manylinux2014_x86_64.whl.metadata (4.9 kB)
2025-12-22T20:50:49.7774311Z Collecting websockets>=10.4 (from uvicorn[standard]>=0.24.0->tunix-rt-backend==0.1.0)
2025-12-22T20:50:49.7806596Z   Downloading websockets-15.0.1-cp312-cp312-manylinux_2_5_x86_64.manylinux1_x86_64.manylinux_2_17_x86_64.manylinux2014_x86_64.whl.metadata (6.8 kB)
2025-12-22T20:50:49.9089653Z Collecting MarkupSafe>=0.9.2 (from Mako->alembic>=1.12.0->tunix-rt-backend==0.1.0)
2025-12-22T20:50:49.9122312Z   Downloading markupsafe-3.0.3-cp312-cp312-manylinux2014_x86_64.manylinux_2_17_x86_64.manylinux_2_28_x86_64.whl.metadata (2.7 kB)
2025-12-22T20:50:49.9215951Z Downloading aiosqlite-0.22.0-py3-none-any.whl (17 kB)
2025-12-22T20:50:49.9268698Z Downloading alembic-1.17.2-py3-none-any.whl (248 kB)
2025-12-22T20:50:49.9366580Z Downloading asyncpg-0.31.0-cp312-cp312-manylinux_2_28_x86_64.whl (3.5 MB)
2025-12-22T20:50:49.9570210Z    ━━━━━━━━━━━━━━━━━━━━━━━━━━━━━━━━━━━━━━━━ 3.5/3.5 MB 188.0 MB/s  0:00:00
2025-12-22T20:50:49.9601681Z Downloading fastapi-0.127.0-py3-none-any.whl (112 kB)
2025-12-22T20:50:49.9657769Z Downloading starlette-0.50.0-py3-none-any.whl (74 kB)
2025-12-22T20:50:49.9713085Z Downloading anyio-4.12.0-py3-none-any.whl (113 kB)
2025-12-22T20:50:49.9766879Z Downloading annotated_doc-0.0.4-py3-none-any.whl (5.3 kB)
2025-12-22T20:50:49.9816362Z Downloading httpx-0.28.1-py3-none-any.whl (73 kB)
2025-12-22T20:50:49.9869922Z Downloading httpcore-1.0.9-py3-none-any.whl (78 kB)
2025-12-22T20:50:49.9931594Z Downloading h11-0.16.0-py3-none-any.whl (37 kB)
2025-12-22T20:50:49.9987258Z Downloading idna-3.11-py3-none-any.whl (71 kB)
2025-12-22T20:50:50.0045581Z Downloading mypy-1.19.1-cp312-cp312-manylinux2014_x86_64.manylinux_2_17_x86_64.manylinux_2_28_x86_64.whl (13.6 MB)
2025-12-22T20:50:50.0797720Z    ━━━━━━━━━━━━━━━━━━━━━━━━━━━━━━━━━━━━━━━━ 13.6/13.6 MB 189.4 MB/s  0:00:00
2025-12-22T20:50:50.0837167Z Downloading librt-0.7.4-cp312-cp312-manylinux2014_x86_64.manylinux_2_17_x86_64.manylinux_2_28_x86_64.whl (189 kB)
2025-12-22T20:50:50.0896099Z Downloading mypy_extensions-1.1.0-py3-none-any.whl (5.0 kB)
2025-12-22T20:50:50.0948312Z Downloading pathspec-0.12.1-py3-none-any.whl (31 kB)
2025-12-22T20:50:50.1003572Z Downloading pydantic-2.12.5-py3-none-any.whl (463 kB)
2025-12-22T20:50:50.1075247Z Downloading pydantic_core-2.41.5-cp312-cp312-manylinux_2_17_x86_64.manylinux2014_x86_64.whl (2.1 MB)
2025-12-22T20:50:50.1200569Z    ━━━━━━━━━━━━━━━━━━━━━━━━━━━━━━━━━━━━━━━━ 2.1/2.1 MB 184.4 MB/s  0:00:00
2025-12-22T20:50:50.1238940Z Downloading annotated_types-0.7.0-py3-none-any.whl (13 kB)
2025-12-22T20:50:50.1295543Z Downloading pydantic_settings-2.12.0-py3-none-any.whl (51 kB)
2025-12-22T20:50:50.1349051Z Downloading pytest-9.0.2-py3-none-any.whl (374 kB)
2025-12-22T20:50:50.1413625Z Downloading pluggy-1.6.0-py3-none-any.whl (20 kB)
2025-12-22T20:50:50.1460616Z Downloading iniconfig-2.3.0-py3-none-any.whl (7.5 kB)
2025-12-22T20:50:50.1507914Z Downloading packaging-25.0-py3-none-any.whl (66 kB)
2025-12-22T20:50:50.1572649Z Downloading pygments-2.19.2-py3-none-any.whl (1.2 MB)
2025-12-22T20:50:50.1659220Z    ━━━━━━━━━━━━━━━━━━━━━━━━━━━━━━━━━━━━━━━━ 1.2/1.2 MB 167.1 MB/s  0:00:00
2025-12-22T20:50:50.1688450Z Downloading pytest_asyncio-1.3.0-py3-none-any.whl (15 kB)
2025-12-22T20:50:50.1741765Z Downloading pytest_cov-7.0.0-py3-none-any.whl (22 kB)
2025-12-22T20:50:50.1790295Z Downloading coverage-7.13.0-cp312-cp312-manylinux1_x86_64.manylinux_2_28_x86_64.manylinux_2_5_x86_64.whl (252 kB)
2025-12-22T20:50:50.1851665Z Downloading python_dotenv-1.2.1-py3-none-any.whl (21 kB)
2025-12-22T20:50:50.1907190Z Downloading pyyaml-6.0.3-cp312-cp312-manylinux2014_x86_64.manylinux_2_17_x86_64.manylinux_2_28_x86_64.whl (807 kB)
2025-12-22T20:50:50.1974961Z    ━━━━━━━━━━━━━━━━━━━━━━━━━━━━━━━━━━━━━━━━ 807.9/807.9 kB 129.5 MB/s  0:00:00
2025-12-22T20:50:50.2015956Z Downloading ruff-0.14.10-py3-none-manylinux_2_17_x86_64.manylinux2014_x86_64.whl (14.2 MB)
2025-12-22T20:50:50.2683549Z    ━━━━━━━━━━━━━━━━━━━━━━━━━━━━━━━━━━━━━━━━ 14.2/14.2 MB 221.3 MB/s  0:00:00
2025-12-22T20:50:50.2718305Z Downloading sqlalchemy-2.0.45-cp312-cp312-manylinux2014_x86_64.manylinux_2_17_x86_64.manylinux_2_28_x86_64.whl (3.3 MB)
2025-12-22T20:50:50.2954488Z    ━━━━━━━━━━━━━━━━━━━━━━━━━━━━━━━━━━━━━━━━ 3.3/3.3 MB 179.4 MB/s  0:00:00
2025-12-22T20:50:50.2985182Z Downloading greenlet-3.3.0-cp312-cp312-manylinux_2_24_x86_64.manylinux_2_28_x86_64.whl (609 kB)
2025-12-22T20:50:50.3058107Z    ━━━━━━━━━━━━━━━━━━━━━━━━━━━━━━━━━━━━━━━━ 609.9/609.9 kB 96.2 MB/s  0:00:00
2025-12-22T20:50:50.3089873Z Downloading typing_extensions-4.15.0-py3-none-any.whl (44 kB)
2025-12-22T20:50:50.3148021Z Downloading typing_inspection-0.4.2-py3-none-any.whl (14 kB)
2025-12-22T20:50:50.3199734Z Downloading uvicorn-0.40.0-py3-none-any.whl (68 kB)
2025-12-22T20:50:50.3253556Z Downloading click-8.3.1-py3-none-any.whl (108 kB)
2025-12-22T20:50:50.3308542Z Downloading httptools-0.7.1-cp312-cp312-manylinux1_x86_64.manylinux_2_28_x86_64.manylinux_2_5_x86_64.whl (517 kB)
2025-12-22T20:50:50.3409360Z Downloading uvloop-0.22.1-cp312-cp312-manylinux2014_x86_64.manylinux_2_17_x86_64.manylinux_2_28_x86_64.whl (4.4 MB)
2025-12-22T20:50:50.3703680Z    ━━━━━━━━━━━━━━━━━━━━━━━━━━━━━━━━━━━━━━━━ 4.4/4.4 MB 179.7 MB/s  0:00:00
2025-12-22T20:50:50.3737605Z Downloading watchfiles-1.1.1-cp312-cp312-manylinux_2_17_x86_64.manylinux2014_x86_64.whl (456 kB)
2025-12-22T20:50:50.3816014Z Downloading websockets-15.0.1-cp312-cp312-manylinux_2_5_x86_64.manylinux1_x86_64.manylinux_2_17_x86_64.manylinux2014_x86_64.whl (182 kB)
2025-12-22T20:50:50.3869590Z Downloading certifi-2025.11.12-py3-none-any.whl (159 kB)
2025-12-22T20:50:50.3929051Z Downloading mako-1.3.10-py3-none-any.whl (78 kB)
2025-12-22T20:50:50.3982940Z Downloading markupsafe-3.0.3-cp312-cp312-manylinux2014_x86_64.manylinux_2_17_x86_64.manylinux_2_28_x86_64.whl (22 kB)
2025-12-22T20:50:50.4754119Z Building wheels for collected packages: tunix-rt-backend
2025-12-22T20:50:50.4763027Z   Building editable for tunix-rt-backend (pyproject.toml): started
2025-12-22T20:50:50.7078598Z   Building editable for tunix-rt-backend (pyproject.toml): finished with status 'done'
2025-12-22T20:50:50.7084867Z   Created wheel for tunix-rt-backend: filename=tunix_rt_backend-0.1.0-0.editable-py3-none-any.whl size=3127 sha256=5e38c491b71194029eeee142162aa0ce057fb23257bc386a9bdf4aa3957eb4b6
2025-12-22T20:50:50.7087607Z   Stored in directory: /tmp/pip-ephem-wheel-cache-7ai78onu/wheels/ca/82/26/1257064f2ccacab10a6c1673d369503c6cf47642032a94cd53
2025-12-22T20:50:50.7103941Z Successfully built tunix-rt-backend
2025-12-22T20:50:50.7854047Z Installing collected packages: websockets, uvloop, typing-extensions, ruff, pyyaml, python-dotenv, pygments, pluggy, pathspec, packaging, mypy_extensions, MarkupSafe, librt, iniconfig, idna, httptools, h11, greenlet, coverage, click, certifi, asyncpg, annotated-types, annotated-doc, aiosqlite, uvicorn, typing-inspection, sqlalchemy, pytest, pydantic-core, mypy, Mako, httpcore, anyio, watchfiles, starlette, pytest-cov, pytest-asyncio, pydantic, httpx, alembic, pydantic-settings, fastapi, tunix-rt-backend
2025-12-22T20:50:56.4585361Z
2025-12-22T20:50:56.4635489Z Successfully installed Mako-1.3.10 MarkupSafe-3.0.3 aiosqlite-0.22.0 alembic-1.17.2 annotated-doc-0.0.4 annotated-types-0.7.0 anyio-4.12.0 asyncpg-0.31.0 certifi-2025.11.12 click-8.3.1 coverage-7.13.0 fastapi-0.127.0 greenlet-3.3.0 h11-0.16.0 httpcore-1.0.9 httptools-0.7.1 httpx-0.28.1 idna-3.11 iniconfig-2.3.0 librt-0.7.4 mypy-1.19.1 mypy_extensions-1.1.0 packaging-25.0 pathspec-0.12.1 pluggy-1.6.0 pydantic-2.12.5 pydantic-core-2.41.5 pydantic-settings-2.12.0 pygments-2.19.2 pytest-9.0.2 pytest-asyncio-1.3.0 pytest-cov-7.0.0 python-dotenv-1.2.1 pyyaml-6.0.3 ruff-0.14.10 sqlalchemy-2.0.45 starlette-0.50.0 tunix-rt-backend-0.1.0 typing-extensions-4.15.0 typing-inspection-0.4.2 uvicorn-0.40.0 uvloop-0.22.1 watchfiles-1.1.1 websockets-15.0.1
2025-12-22T20:50:56.9811226Z ##[group]Run ruff check .
2025-12-22T20:50:56.9811548Z [36;1mruff check .[0m
2025-12-22T20:50:56.9844169Z shell: /usr/bin/bash -e {0}
2025-12-22T20:50:56.9844376Z env:
2025-12-22T20:50:56.9844611Z   pythonLocation: /opt/hostedtoolcache/Python/3.12.12/x64
2025-12-22T20:50:56.9845009Z   PKG_CONFIG_PATH: /opt/hostedtoolcache/Python/3.12.12/x64/lib/pkgconfig
2025-12-22T20:50:56.9845397Z   Python_ROOT_DIR: /opt/hostedtoolcache/Python/3.12.12/x64
2025-12-22T20:50:56.9845726Z   Python2_ROOT_DIR: /opt/hostedtoolcache/Python/3.12.12/x64
2025-12-22T20:50:56.9846068Z   Python3_ROOT_DIR: /opt/hostedtoolcache/Python/3.12.12/x64
2025-12-22T20:50:56.9846413Z   LD_LIBRARY_PATH: /opt/hostedtoolcache/Python/3.12.12/x64/lib
2025-12-22T20:50:56.9846708Z ##[endgroup]
2025-12-22T20:50:57.0089890Z All checks passed!
2025-12-22T20:50:57.0124948Z ##[group]Run ruff format --check .
2025-12-22T20:50:57.0125224Z [36;1mruff format --check .[0m
2025-12-22T20:50:57.0157114Z shell: /usr/bin/bash -e {0}
2025-12-22T20:50:57.0157333Z env:
2025-12-22T20:50:57.0157569Z   pythonLocation: /opt/hostedtoolcache/Python/3.12.12/x64
2025-12-22T20:50:57.0157977Z   PKG_CONFIG_PATH: /opt/hostedtoolcache/Python/3.12.12/x64/lib/pkgconfig
2025-12-22T20:50:57.0158359Z   Python_ROOT_DIR: /opt/hostedtoolcache/Python/3.12.12/x64
2025-12-22T20:50:57.0158695Z   Python2_ROOT_DIR: /opt/hostedtoolcache/Python/3.12.12/x64
2025-12-22T20:50:57.0159034Z   Python3_ROOT_DIR: /opt/hostedtoolcache/Python/3.12.12/x64
2025-12-22T20:50:57.0159367Z   LD_LIBRARY_PATH: /opt/hostedtoolcache/Python/3.12.12/x64/lib
2025-12-22T20:50:57.0159647Z ##[endgroup]
2025-12-22T20:50:57.0408024Z Would reformat: tests/test_services_datasets.py
2025-12-22T20:50:57.0409989Z Would reformat: tests/test_services_ungar.py
2025-12-22T20:50:57.0412362Z Would reformat: tests/test_training_scripts_smoke.py
2025-12-22T20:50:57.0414729Z Would reformat: tunix_rt_backend/services/datasets_builder.py
2025-12-22T20:50:57.0415366Z Would reformat: tunix_rt_backend/services/ungar_generator.py
2025-12-22T20:50:57.0415961Z 5 files would be reformatted, 54 files already formatted
2025-12-22T20:50:57.0425336Z ##[error]Process completed with exit code 1.
2025-12-22T20:50:57.0527689Z Post job cleanup.
2025-12-22T20:50:57.1485688Z [command]/usr/bin/git version
2025-12-22T20:50:57.1526541Z git version 2.52.0
2025-12-22T20:50:57.1575358Z Temporarily overriding HOME='/home/runner/work/_temp/2290aac5-b2b0-4914-b775-8913ca744cd2' before making global git config changes
2025-12-22T20:50:57.1578526Z Adding repository directory to the temporary git global config as a safe directory
2025-12-22T20:50:57.1582897Z [command]/usr/bin/git config --global --add safe.directory /home/runner/work/tunix-rt/tunix-rt
2025-12-22T20:50:57.1627421Z [command]/usr/bin/git config --local --name-only --get-regexp core\.sshCommand
2025-12-22T20:50:57.1663464Z [command]/usr/bin/git submodule foreach --recursive sh -c "git config --local --name-only --get-regexp 'core\.sshCommand' && git config --local --unset-all 'core.sshCommand' || :"
2025-12-22T20:50:57.1909768Z [command]/usr/bin/git config --local --name-only --get-regexp http\.https\:\/\/github\.com\/\.extraheader
2025-12-22T20:50:57.1933702Z http.https://github.com/.extraheader
2025-12-22T20:50:57.1948889Z [command]/usr/bin/git config --local --unset-all http.https://github.com/.extraheader
2025-12-22T20:50:57.1983291Z [command]/usr/bin/git submodule foreach --recursive sh -c "git config --local --name-only --get-regexp 'http\.https\:\/\/github\.com\/\.extraheader' && git config --local --unset-all 'http.https://github.com/.extraheader' || :"
2025-12-22T20:50:57.2336096Z Cleaning up orphan processes
