2025-12-23T21:43:20.5968911Z Current runner version: '2.330.0'
2025-12-23T21:43:20.6105133Z ##[group]Runner Image Provisioner
2025-12-23T21:43:20.6106219Z Hosted Compute Agent
2025-12-23T21:43:20.6107199Z Version: 20251211.462
2025-12-23T21:43:20.6108096Z Commit: 6cbad8c2bb55d58165063d031ccabf57e2d2db61
2025-12-23T21:43:20.6109211Z Build Date: 2025-12-11T16:28:49Z
2025-12-23T21:43:20.6110286Z Worker ID: {af61a887-64e1-4f99-991a-5bcec8938994}
2025-12-23T21:43:20.6111436Z ##[endgroup]
2025-12-23T21:43:20.6112237Z ##[group]Operating System
2025-12-23T21:43:20.6113213Z Ubuntu
2025-12-23T21:43:20.6114219Z 24.04.3
2025-12-23T21:43:20.6114869Z LTS
2025-12-23T21:43:20.6115737Z ##[endgroup]
2025-12-23T21:43:20.6116577Z ##[group]Runner Image
2025-12-23T21:43:20.6117550Z Image: ubuntu-24.04
2025-12-23T21:43:20.6118329Z Version: 20251215.174.1
2025-12-23T21:43:20.6120267Z Included Software: https://github.com/actions/runner-images/blob/ubuntu24/20251215.174/images/ubuntu/Ubuntu2404-Readme.md
2025-12-23T21:43:20.6123045Z Image Release: https://github.com/actions/runner-images/releases/tag/ubuntu24%2F20251215.174
2025-12-23T21:43:20.6145281Z ##[endgroup]
2025-12-23T21:43:20.6147085Z ##[group]GITHUB_TOKEN Permissions
2025-12-23T21:43:20.6149608Z Contents: read
2025-12-23T21:43:20.6150537Z Metadata: read
2025-12-23T21:43:20.6151511Z ##[endgroup]
2025-12-23T21:43:20.6155054Z Secret source: Actions
2025-12-23T21:43:20.6156203Z Prepare workflow directory
2025-12-23T21:43:20.6914957Z Prepare all required actions
2025-12-23T21:43:20.7009040Z Getting action download info
2025-12-23T21:43:20.9867829Z Download action repository 'actions/checkout@11bd71901bbe5b1630ceea73d27597364c9af683' (SHA:11bd71901bbe5b1630ceea73d27597364c9af683)
2025-12-23T21:43:21.1687710Z Download action repository 'actions/setup-python@0b93645e9fea7318ecaed2b359559ac225c90a2b' (SHA:0b93645e9fea7318ecaed2b359559ac225c90a2b)
2025-12-23T21:43:21.3142272Z Download action repository 'actions/upload-artifact@6f51ac03b9356f520e9adb1b1b7802705f340c2b' (SHA:6f51ac03b9356f520e9adb1b1b7802705f340c2b)
2025-12-23T21:43:21.7224167Z Complete job name: backend (3.12)
2025-12-23T21:43:21.7922958Z ##[group]Run actions/checkout@11bd71901bbe5b1630ceea73d27597364c9af683
2025-12-23T21:43:21.7924434Z with:
2025-12-23T21:43:21.7924885Z   repository: m-cahill/tunix-rt
2025-12-23T21:43:21.7925575Z   token: ***
2025-12-23T21:43:21.7925983Z   ssh-strict: true
2025-12-23T21:43:21.7926428Z   ssh-user: git
2025-12-23T21:43:21.7926877Z   persist-credentials: true
2025-12-23T21:43:21.7927356Z   clean: true
2025-12-23T21:43:21.7927777Z   sparse-checkout-cone-mode: true
2025-12-23T21:43:21.7928281Z   fetch-depth: 1
2025-12-23T21:43:21.7928698Z   fetch-tags: false
2025-12-23T21:43:21.7929123Z   show-progress: true
2025-12-23T21:43:21.7929558Z   lfs: false
2025-12-23T21:43:21.7929955Z   submodules: false
2025-12-23T21:43:21.7930398Z   set-safe-directory: true
2025-12-23T21:43:21.7931061Z ##[endgroup]
2025-12-23T21:43:21.9054931Z Syncing repository: m-cahill/tunix-rt
2025-12-23T21:43:21.9056767Z ##[group]Getting Git version info
2025-12-23T21:43:21.9057656Z Working directory is '/home/runner/work/tunix-rt/tunix-rt'
2025-12-23T21:43:21.9058638Z [command]/usr/bin/git version
2025-12-23T21:43:21.9182876Z git version 2.52.0
2025-12-23T21:43:21.9213158Z ##[endgroup]
2025-12-23T21:43:21.9229021Z Temporarily overriding HOME='/home/runner/work/_temp/b1cf38a0-5bee-4f2e-ae4f-182a45549159' before making global git config changes
2025-12-23T21:43:21.9235660Z Adding repository directory to the temporary git global config as a safe directory
2025-12-23T21:43:21.9237837Z [command]/usr/bin/git config --global --add safe.directory /home/runner/work/tunix-rt/tunix-rt
2025-12-23T21:43:21.9290533Z Deleting the contents of '/home/runner/work/tunix-rt/tunix-rt'
2025-12-23T21:43:21.9294575Z ##[group]Initializing the repository
2025-12-23T21:43:21.9299595Z [command]/usr/bin/git init /home/runner/work/tunix-rt/tunix-rt
2025-12-23T21:43:21.9444407Z hint: Using 'master' as the name for the initial branch. This default branch name
2025-12-23T21:43:21.9446288Z hint: will change to "main" in Git 3.0. To configure the initial branch name
2025-12-23T21:43:21.9448276Z hint: to use in all of your new repositories, which will suppress this warning,
2025-12-23T21:43:21.9449644Z hint: call:
2025-12-23T21:43:21.9450340Z hint:
2025-12-23T21:43:21.9451154Z hint: 	git config --global init.defaultBranch <name>
2025-12-23T21:43:21.9452191Z hint:
2025-12-23T21:43:21.9453315Z hint: Names commonly chosen instead of 'master' are 'main', 'trunk' and
2025-12-23T21:43:21.9455449Z hint: 'development'. The just-created branch can be renamed via this command:
2025-12-23T21:43:21.9456972Z hint:
2025-12-23T21:43:21.9457747Z hint: 	git branch -m <name>
2025-12-23T21:43:21.9458704Z hint:
2025-12-23T21:43:21.9459927Z hint: Disable this message with "git config set advice.defaultBranchName false"
2025-12-23T21:43:21.9463814Z Initialized empty Git repository in /home/runner/work/tunix-rt/tunix-rt/.git/
2025-12-23T21:43:21.9468738Z [command]/usr/bin/git remote add origin https://github.com/m-cahill/tunix-rt
2025-12-23T21:43:21.9505990Z ##[endgroup]
2025-12-23T21:43:21.9508506Z ##[group]Disabling automatic garbage collection
2025-12-23T21:43:21.9510946Z [command]/usr/bin/git config --local gc.auto 0
2025-12-23T21:43:21.9542604Z ##[endgroup]
2025-12-23T21:43:21.9544167Z ##[group]Setting up auth
2025-12-23T21:43:21.9550477Z [command]/usr/bin/git config --local --name-only --get-regexp core\.sshCommand
2025-12-23T21:43:21.9583315Z [command]/usr/bin/git submodule foreach --recursive sh -c "git config --local --name-only --get-regexp 'core\.sshCommand' && git config --local --unset-all 'core.sshCommand' || :"
2025-12-23T21:43:22.0025072Z [command]/usr/bin/git config --local --name-only --get-regexp http\.https\:\/\/github\.com\/\.extraheader
2025-12-23T21:43:22.0057697Z [command]/usr/bin/git submodule foreach --recursive sh -c "git config --local --name-only --get-regexp 'http\.https\:\/\/github\.com\/\.extraheader' && git config --local --unset-all 'http.https://github.com/.extraheader' || :"
2025-12-23T21:43:22.0289926Z [command]/usr/bin/git config --local http.https://github.com/.extraheader AUTHORIZATION: basic ***
2025-12-23T21:43:22.0329153Z ##[endgroup]
2025-12-23T21:43:22.0330690Z ##[group]Fetching the repository
2025-12-23T21:43:22.0347490Z [command]/usr/bin/git -c protocol.version=2 fetch --no-tags --prune --no-recurse-submodules --depth=1 origin +8fd6b1017b9f776efd3f840d074c86ec81c77db1:refs/remotes/origin/main
2025-12-23T21:43:22.6832045Z From https://github.com/m-cahill/tunix-rt
2025-12-23T21:43:22.6834287Z  * [new ref]         8fd6b1017b9f776efd3f840d074c86ec81c77db1 -> origin/main
2025-12-23T21:43:22.7008480Z ##[endgroup]
2025-12-23T21:43:22.7010709Z ##[group]Determining the checkout info
2025-12-23T21:43:22.7013065Z ##[endgroup]
2025-12-23T21:43:22.7015268Z [command]/usr/bin/git sparse-checkout disable
2025-12-23T21:43:22.7018939Z [command]/usr/bin/git config --local --unset-all extensions.worktreeConfig
2025-12-23T21:43:22.7023874Z ##[group]Checking out the ref
2025-12-23T21:43:22.7026149Z [command]/usr/bin/git checkout --progress --force -B main refs/remotes/origin/main
2025-12-23T21:43:22.8232571Z Switched to a new branch 'main'
2025-12-23T21:43:22.8238250Z branch 'main' set up to track 'origin/main'.
2025-12-23T21:43:22.8251150Z ##[endgroup]
2025-12-23T21:43:22.8292672Z [command]/usr/bin/git log -1 --format=%H
2025-12-23T21:43:22.8316318Z 8fd6b1017b9f776efd3f840d074c86ec81c77db1
2025-12-23T21:43:22.8626767Z ##[group]Run actions/setup-python@0b93645e9fea7318ecaed2b359559ac225c90a2b
2025-12-23T21:43:22.8628422Z with:
2025-12-23T21:43:22.8629226Z   python-version: 3.12
2025-12-23T21:43:22.8630146Z   cache: pip
2025-12-23T21:43:22.8631121Z   cache-dependency-path: backend/pyproject.toml
2025-12-23T21:43:22.8632418Z   check-latest: false
2025-12-23T21:43:22.8633926Z   token: ***
2025-12-23T21:43:22.8634836Z   update-environment: true
2025-12-23T21:43:22.8635883Z   allow-prereleases: false
2025-12-23T21:43:22.8636880Z ##[endgroup]
2025-12-23T21:43:23.0248778Z ##[group]Installed versions
2025-12-23T21:43:23.0408362Z Successfully set up CPython (3.12.12)
2025-12-23T21:43:23.0411584Z ##[endgroup]
2025-12-23T21:43:23.0713400Z [command]/opt/hostedtoolcache/Python/3.12.12/x64/bin/pip cache dir
2025-12-23T21:43:23.5261822Z /home/runner/.cache/pip
2025-12-23T21:43:23.6721374Z ##[warning]Failed to restore: Cache service responded with 400
2025-12-23T21:43:23.6730877Z pip cache is not found
2025-12-23T21:43:23.6847039Z ##[group]Run python -m pip install -e ".[dev]"
2025-12-23T21:43:23.6847485Z [36;1mpython -m pip install -e ".[dev]"[0m
2025-12-23T21:43:23.6887691Z shell: /usr/bin/bash -e {0}
2025-12-23T21:43:23.6887966Z env:
2025-12-23T21:43:23.6888252Z   pythonLocation: /opt/hostedtoolcache/Python/3.12.12/x64
2025-12-23T21:43:23.6888727Z   PKG_CONFIG_PATH: /opt/hostedtoolcache/Python/3.12.12/x64/lib/pkgconfig
2025-12-23T21:43:23.6889187Z   Python_ROOT_DIR: /opt/hostedtoolcache/Python/3.12.12/x64
2025-12-23T21:43:23.6889588Z   Python2_ROOT_DIR: /opt/hostedtoolcache/Python/3.12.12/x64
2025-12-23T21:43:23.6889973Z   Python3_ROOT_DIR: /opt/hostedtoolcache/Python/3.12.12/x64
2025-12-23T21:43:23.6890383Z   LD_LIBRARY_PATH: /opt/hostedtoolcache/Python/3.12.12/x64/lib
2025-12-23T21:43:23.6890724Z ##[endgroup]
2025-12-23T21:43:24.3479825Z Obtaining file:///home/runner/work/tunix-rt/tunix-rt/backend
2025-12-23T21:43:24.3487872Z   Installing build dependencies: started
2025-12-23T21:43:25.4361339Z   Installing build dependencies: finished with status 'done'
2025-12-23T21:43:25.4367931Z   Checking if build backend supports build_editable: started
2025-12-23T21:43:25.7374968Z   Checking if build backend supports build_editable: finished with status 'done'
2025-12-23T21:43:25.7384368Z   Getting requirements to build editable: started
2025-12-23T21:43:26.0776807Z   Getting requirements to build editable: finished with status 'done'
2025-12-23T21:43:26.0786965Z   Preparing editable metadata (pyproject.toml): started
2025-12-23T21:43:26.2743807Z   Preparing editable metadata (pyproject.toml): finished with status 'done'
2025-12-23T21:43:26.4191059Z Collecting fastapi==0.125.0 (from tunix-rt-backend==0.1.0)
2025-12-23T21:43:26.4846827Z   Downloading fastapi-0.125.0-py3-none-any.whl.metadata (30 kB)
2025-12-23T21:43:26.5337508Z Collecting uvicorn==0.38.0 (from uvicorn[standard]==0.38.0->tunix-rt-backend==0.1.0)
2025-12-23T21:43:26.5408950Z   Downloading uvicorn-0.38.0-py3-none-any.whl.metadata (6.8 kB)
2025-12-23T21:43:26.5727321Z Collecting httpx==0.28.1 (from tunix-rt-backend==0.1.0)
2025-12-23T21:43:26.5800465Z   Downloading httpx-0.28.1-py3-none-any.whl.metadata (7.1 kB)
2025-12-23T21:43:26.7314168Z Collecting pydantic==2.12.5 (from tunix-rt-backend==0.1.0)
2025-12-23T21:43:26.7390508Z   Downloading pydantic-2.12.5-py3-none-any.whl.metadata (90 kB)
2025-12-23T21:43:26.7824820Z Collecting pydantic-settings==2.12.0 (from tunix-rt-backend==0.1.0)
2025-12-23T21:43:26.7897091Z   Downloading pydantic_settings-2.12.0-py3-none-any.whl.metadata (3.4 kB)
2025-12-23T21:43:27.0991324Z Collecting sqlalchemy==2.0.45 (from sqlalchemy[asyncio]==2.0.45->tunix-rt-backend==0.1.0)
2025-12-23T21:43:27.1069567Z   Downloading sqlalchemy-2.0.45-cp312-cp312-manylinux2014_x86_64.manylinux_2_17_x86_64.manylinux_2_28_x86_64.whl.metadata (9.5 kB)
2025-12-23T21:43:27.1463863Z Collecting alembic==1.17.2 (from tunix-rt-backend==0.1.0)
2025-12-23T21:43:27.1540168Z   Downloading alembic-1.17.2-py3-none-any.whl.metadata (7.2 kB)
2025-12-23T21:43:27.2046397Z Collecting asyncpg==0.31.0 (from tunix-rt-backend==0.1.0)
2025-12-23T21:43:27.2134507Z   Downloading asyncpg-0.31.0-cp312-cp312-manylinux_2_28_x86_64.whl.metadata (4.4 kB)
2025-12-23T21:43:27.2624221Z Collecting pyyaml==6.0.3 (from tunix-rt-backend==0.1.0)
2025-12-23T21:43:27.2698540Z   Downloading pyyaml-6.0.3-cp312-cp312-manylinux2014_x86_64.manylinux_2_17_x86_64.manylinux_2_28_x86_64.whl.metadata (2.4 kB)
2025-12-23T21:43:27.2897015Z Collecting prometheus-client==0.23.1 (from tunix-rt-backend==0.1.0)
2025-12-23T21:43:27.2969997Z   Downloading prometheus_client-0.23.1-py3-none-any.whl.metadata (1.9 kB)
2025-12-23T21:43:27.3393789Z Collecting pytest>=7.4.0 (from tunix-rt-backend==0.1.0)
2025-12-23T21:43:27.3477088Z   Downloading pytest-9.0.2-py3-none-any.whl.metadata (7.6 kB)
2025-12-23T21:43:27.3732468Z Collecting pytest-cov>=4.1.0 (from tunix-rt-backend==0.1.0)
2025-12-23T21:43:27.3796722Z   Downloading pytest_cov-7.0.0-py3-none-any.whl.metadata (31 kB)
2025-12-23T21:43:27.4118756Z Collecting pytest-asyncio>=0.21.0 (from tunix-rt-backend==0.1.0)
2025-12-23T21:43:27.4201727Z   Downloading pytest_asyncio-1.3.0-py3-none-any.whl.metadata (4.1 kB)
2025-12-23T21:43:27.8235511Z Collecting ruff>=0.1.0 (from tunix-rt-backend==0.1.0)
2025-12-23T21:43:27.8313083Z   Downloading ruff-0.14.10-py3-none-manylinux_2_17_x86_64.manylinux2014_x86_64.whl.metadata (26 kB)
2025-12-23T21:43:27.9455360Z Collecting mypy>=1.6.0 (from tunix-rt-backend==0.1.0)
2025-12-23T21:43:27.9529456Z   Downloading mypy-1.19.1-cp312-cp312-manylinux2014_x86_64.manylinux_2_17_x86_64.manylinux_2_28_x86_64.whl.metadata (2.2 kB)
2025-12-23T21:43:27.9788032Z Collecting types-PyYAML>=6.0.0 (from tunix-rt-backend==0.1.0)
2025-12-23T21:43:27.9860836Z   Downloading types_pyyaml-6.0.12.20250915-py3-none-any.whl.metadata (1.7 kB)
2025-12-23T21:43:28.0038364Z Collecting aiosqlite>=0.19.0 (from tunix-rt-backend==0.1.0)
2025-12-23T21:43:28.0135386Z   Downloading aiosqlite-0.22.1-py3-none-any.whl.metadata (4.3 kB)
2025-12-23T21:43:28.0469791Z Collecting Mako (from alembic==1.17.2->tunix-rt-backend==0.1.0)
2025-12-23T21:43:28.0538052Z   Downloading mako-1.3.10-py3-none-any.whl.metadata (2.9 kB)
2025-12-23T21:43:28.0801303Z Collecting typing-extensions>=4.12 (from alembic==1.17.2->tunix-rt-backend==0.1.0)
2025-12-23T21:43:28.0902150Z   Downloading typing_extensions-4.15.0-py3-none-any.whl.metadata (3.3 kB)
2025-12-23T21:43:28.1261912Z Collecting starlette<0.51.0,>=0.40.0 (from fastapi==0.125.0->tunix-rt-backend==0.1.0)
2025-12-23T21:43:28.1334546Z   Downloading starlette-0.50.0-py3-none-any.whl.metadata (6.3 kB)
2025-12-23T21:43:28.1900348Z Collecting annotated-doc>=0.0.2 (from fastapi==0.125.0->tunix-rt-backend==0.1.0)
2025-12-23T21:43:28.1972498Z   Downloading annotated_doc-0.0.4-py3-none-any.whl.metadata (6.6 kB)
2025-12-23T21:43:28.2142562Z Collecting annotated-types>=0.6.0 (from pydantic==2.12.5->tunix-rt-backend==0.1.0)
2025-12-23T21:43:28.2214086Z   Downloading annotated_types-0.7.0-py3-none-any.whl.metadata (15 kB)
2025-12-23T21:43:28.9372606Z Collecting pydantic-core==2.41.5 (from pydantic==2.12.5->tunix-rt-backend==0.1.0)
2025-12-23T21:43:28.9457649Z   Downloading pydantic_core-2.41.5-cp312-cp312-manylinux_2_17_x86_64.manylinux2014_x86_64.whl.metadata (7.3 kB)
2025-12-23T21:43:28.9657984Z Collecting typing-inspection>=0.4.2 (from pydantic==2.12.5->tunix-rt-backend==0.1.0)
2025-12-23T21:43:28.9744015Z   Downloading typing_inspection-0.4.2-py3-none-any.whl.metadata (2.6 kB)
2025-12-23T21:43:29.0024505Z Collecting anyio (from httpx==0.28.1->tunix-rt-backend==0.1.0)
2025-12-23T21:43:29.0102078Z   Downloading anyio-4.12.0-py3-none-any.whl.metadata (4.3 kB)
2025-12-23T21:43:29.0391899Z Collecting certifi (from httpx==0.28.1->tunix-rt-backend==0.1.0)
2025-12-23T21:43:29.0465547Z   Downloading certifi-2025.11.12-py3-none-any.whl.metadata (2.5 kB)
2025-12-23T21:43:29.0731759Z Collecting httpcore==1.* (from httpx==0.28.1->tunix-rt-backend==0.1.0)
2025-12-23T21:43:29.0807668Z   Downloading httpcore-1.0.9-py3-none-any.whl.metadata (21 kB)
2025-12-23T21:43:29.1026462Z Collecting idna (from httpx==0.28.1->tunix-rt-backend==0.1.0)
2025-12-23T21:43:29.1097780Z   Downloading idna-3.11-py3-none-any.whl.metadata (8.4 kB)
2025-12-23T21:43:29.1648251Z Collecting python-dotenv>=0.21.0 (from pydantic-settings==2.12.0->tunix-rt-backend==0.1.0)
2025-12-23T21:43:29.1721192Z   Downloading python_dotenv-1.2.1-py3-none-any.whl.metadata (25 kB)
2025-12-23T21:43:29.3042123Z Collecting greenlet>=1 (from sqlalchemy==2.0.45->sqlalchemy[asyncio]==2.0.45->tunix-rt-backend==0.1.0)
2025-12-23T21:43:29.3113741Z   Downloading greenlet-3.3.0-cp312-cp312-manylinux_2_24_x86_64.manylinux_2_28_x86_64.whl.metadata (4.1 kB)
2025-12-23T21:43:29.3428607Z Collecting click>=7.0 (from uvicorn==0.38.0->uvicorn[standard]==0.38.0->tunix-rt-backend==0.1.0)
2025-12-23T21:43:29.3502200Z   Downloading click-8.3.1-py3-none-any.whl.metadata (2.6 kB)
2025-12-23T21:43:29.3702873Z Collecting h11>=0.8 (from uvicorn==0.38.0->uvicorn[standard]==0.38.0->tunix-rt-backend==0.1.0)
2025-12-23T21:43:29.3779579Z   Downloading h11-0.16.0-py3-none-any.whl.metadata (8.3 kB)
2025-12-23T21:43:29.4157778Z Collecting httptools>=0.6.3 (from uvicorn[standard]==0.38.0->tunix-rt-backend==0.1.0)
2025-12-23T21:43:29.4229948Z   Downloading httptools-0.7.1-cp312-cp312-manylinux1_x86_64.manylinux_2_28_x86_64.manylinux_2_5_x86_64.whl.metadata (3.5 kB)
2025-12-23T21:43:29.4733922Z Collecting uvloop>=0.15.1 (from uvicorn[standard]==0.38.0->tunix-rt-backend==0.1.0)
2025-12-23T21:43:29.4807620Z   Downloading uvloop-0.22.1-cp312-cp312-manylinux2014_x86_64.manylinux_2_17_x86_64.manylinux_2_28_x86_64.whl.metadata (4.9 kB)
2025-12-23T21:43:29.6088567Z Collecting watchfiles>=0.13 (from uvicorn[standard]==0.38.0->tunix-rt-backend==0.1.0)
2025-12-23T21:43:29.6162691Z   Downloading watchfiles-1.1.1-cp312-cp312-manylinux_2_17_x86_64.manylinux2014_x86_64.whl.metadata (4.9 kB)
2025-12-23T21:43:29.7091718Z Collecting websockets>=10.4 (from uvicorn[standard]==0.38.0->tunix-rt-backend==0.1.0)
2025-12-23T21:43:29.7166446Z   Downloading websockets-15.0.1-cp312-cp312-manylinux_2_5_x86_64.manylinux1_x86_64.manylinux_2_17_x86_64.manylinux2014_x86_64.whl.metadata (6.8 kB)
2025-12-23T21:43:29.7630562Z Collecting mypy_extensions>=1.0.0 (from mypy>=1.6.0->tunix-rt-backend==0.1.0)
2025-12-23T21:43:29.7700403Z   Downloading mypy_extensions-1.1.0-py3-none-any.whl.metadata (1.1 kB)
2025-12-23T21:43:29.7872862Z Collecting pathspec>=0.9.0 (from mypy>=1.6.0->tunix-rt-backend==0.1.0)
2025-12-23T21:43:29.7943199Z   Downloading pathspec-0.12.1-py3-none-any.whl.metadata (21 kB)
2025-12-23T21:43:29.8808180Z Collecting librt>=0.6.2 (from mypy>=1.6.0->tunix-rt-backend==0.1.0)
2025-12-23T21:43:29.8891449Z   Downloading librt-0.7.4-cp312-cp312-manylinux2014_x86_64.manylinux_2_17_x86_64.manylinux_2_28_x86_64.whl.metadata (1.3 kB)
2025-12-23T21:43:29.9141433Z Collecting iniconfig>=1.0.1 (from pytest>=7.4.0->tunix-rt-backend==0.1.0)
2025-12-23T21:43:29.9215222Z   Downloading iniconfig-2.3.0-py3-none-any.whl.metadata (2.5 kB)
2025-12-23T21:43:29.9425776Z Collecting packaging>=22 (from pytest>=7.4.0->tunix-rt-backend==0.1.0)
2025-12-23T21:43:29.9501325Z   Downloading packaging-25.0-py3-none-any.whl.metadata (3.3 kB)
2025-12-23T21:43:29.9694176Z Collecting pluggy<2,>=1.5 (from pytest>=7.4.0->tunix-rt-backend==0.1.0)
2025-12-23T21:43:29.9764096Z   Downloading pluggy-1.6.0-py3-none-any.whl.metadata (4.8 kB)
2025-12-23T21:43:30.0038152Z Collecting pygments>=2.7.2 (from pytest>=7.4.0->tunix-rt-backend==0.1.0)
2025-12-23T21:43:30.0109278Z   Downloading pygments-2.19.2-py3-none-any.whl.metadata (2.5 kB)
2025-12-23T21:43:30.3938276Z Collecting coverage>=7.10.6 (from coverage[toml]>=7.10.6->pytest-cov>=4.1.0->tunix-rt-backend==0.1.0)
2025-12-23T21:43:30.4016450Z   Downloading coverage-7.13.0-cp312-cp312-manylinux1_x86_64.manylinux_2_28_x86_64.manylinux_2_5_x86_64.whl.metadata (8.5 kB)
2025-12-23T21:43:30.5566758Z Collecting MarkupSafe>=0.9.2 (from Mako->alembic==1.17.2->tunix-rt-backend==0.1.0)
2025-12-23T21:43:30.5638197Z   Downloading markupsafe-3.0.3-cp312-cp312-manylinux2014_x86_64.manylinux_2_17_x86_64.manylinux_2_28_x86_64.whl.metadata (2.7 kB)
2025-12-23T21:43:30.5800572Z Downloading alembic-1.17.2-py3-none-any.whl (248 kB)
2025-12-23T21:43:30.5987063Z Downloading asyncpg-0.31.0-cp312-cp312-manylinux_2_28_x86_64.whl (3.5 MB)
2025-12-23T21:43:30.6271534Z    ━━━━━━━━━━━━━━━━━━━━━━━━━━━━━━━━━━━━━━━━ 3.5/3.5 MB 129.3 MB/s  0:00:00
2025-12-23T21:43:30.6345975Z Downloading fastapi-0.125.0-py3-none-any.whl (112 kB)
2025-12-23T21:43:30.6494081Z Downloading pydantic-2.12.5-py3-none-any.whl (463 kB)
2025-12-23T21:43:30.6638459Z Downloading httpx-0.28.1-py3-none-any.whl (73 kB)
2025-12-23T21:43:30.6744485Z Downloading prometheus_client-0.23.1-py3-none-any.whl (61 kB)
2025-12-23T21:43:30.6859195Z Downloading pydantic_core-2.41.5-cp312-cp312-manylinux_2_17_x86_64.manylinux2014_x86_64.whl (2.1 MB)
2025-12-23T21:43:30.7044428Z    ━━━━━━━━━━━━━━━━━━━━━━━━━━━━━━━━━━━━━━━━ 2.1/2.1 MB 115.5 MB/s  0:00:00
2025-12-23T21:43:30.7117714Z Downloading pydantic_settings-2.12.0-py3-none-any.whl (51 kB)
2025-12-23T21:43:30.7220747Z Downloading pyyaml-6.0.3-cp312-cp312-manylinux2014_x86_64.manylinux_2_17_x86_64.manylinux_2_28_x86_64.whl (807 kB)
2025-12-23T21:43:30.7307093Z    ━━━━━━━━━━━━━━━━━━━━━━━━━━━━━━━━━━━━━━━━ 807.9/807.9 kB 96.9 MB/s  0:00:00
2025-12-23T21:43:30.7385211Z Downloading sqlalchemy-2.0.45-cp312-cp312-manylinux2014_x86_64.manylinux_2_17_x86_64.manylinux_2_28_x86_64.whl (3.3 MB)
2025-12-23T21:43:30.7607901Z    ━━━━━━━━━━━━━━━━━━━━━━━━━━━━━━━━━━━━━━━━ 3.3/3.3 MB 162.4 MB/s  0:00:00
2025-12-23T21:43:30.7681290Z Downloading uvicorn-0.38.0-py3-none-any.whl (68 kB)
2025-12-23T21:43:30.7806316Z Downloading httpcore-1.0.9-py3-none-any.whl (78 kB)
2025-12-23T21:43:30.7918099Z Downloading starlette-0.50.0-py3-none-any.whl (74 kB)
2025-12-23T21:43:30.8031462Z Downloading anyio-4.12.0-py3-none-any.whl (113 kB)
2025-12-23T21:43:30.8143076Z Downloading aiosqlite-0.22.1-py3-none-any.whl (17 kB)
2025-12-23T21:43:30.8244792Z Downloading annotated_doc-0.0.4-py3-none-any.whl (5.3 kB)
2025-12-23T21:43:30.8348275Z Downloading annotated_types-0.7.0-py3-none-any.whl (13 kB)
2025-12-23T21:43:30.8451780Z Downloading click-8.3.1-py3-none-any.whl (108 kB)
2025-12-23T21:43:30.8568319Z Downloading greenlet-3.3.0-cp312-cp312-manylinux_2_24_x86_64.manylinux_2_28_x86_64.whl (609 kB)
2025-12-23T21:43:30.8643413Z    ━━━━━━━━━━━━━━━━━━━━━━━━━━━━━━━━━━━━━━━━ 609.9/609.9 kB 76.0 MB/s  0:00:00
2025-12-23T21:43:30.8715211Z Downloading h11-0.16.0-py3-none-any.whl (37 kB)
2025-12-23T21:43:30.8823138Z Downloading httptools-0.7.1-cp312-cp312-manylinux1_x86_64.manylinux_2_28_x86_64.manylinux_2_5_x86_64.whl (517 kB)
2025-12-23T21:43:30.8949538Z Downloading idna-3.11-py3-none-any.whl (71 kB)
2025-12-23T21:43:30.9066472Z Downloading mypy-1.19.1-cp312-cp312-manylinux2014_x86_64.manylinux_2_17_x86_64.manylinux_2_28_x86_64.whl (13.6 MB)
2025-12-23T21:43:30.9686859Z    ━━━━━━━━━━━━━━━━━━━━━━━━━━━━━━━━━━━━━━━━ 13.6/13.6 MB 226.5 MB/s  0:00:00
2025-12-23T21:43:30.9764336Z Downloading librt-0.7.4-cp312-cp312-manylinux2014_x86_64.manylinux_2_17_x86_64.manylinux_2_28_x86_64.whl (189 kB)
2025-12-23T21:43:30.9884264Z Downloading mypy_extensions-1.1.0-py3-none-any.whl (5.0 kB)
2025-12-23T21:43:30.9977276Z Downloading pathspec-0.12.1-py3-none-any.whl (31 kB)
2025-12-23T21:43:31.0082830Z Downloading pytest-9.0.2-py3-none-any.whl (374 kB)
2025-12-23T21:43:31.0199816Z Downloading pluggy-1.6.0-py3-none-any.whl (20 kB)
2025-12-23T21:43:31.0302301Z Downloading iniconfig-2.3.0-py3-none-any.whl (7.5 kB)
2025-12-23T21:43:31.0426215Z Downloading packaging-25.0-py3-none-any.whl (66 kB)
2025-12-23T21:43:31.0523040Z Downloading pygments-2.19.2-py3-none-any.whl (1.2 MB)
2025-12-23T21:43:31.0615776Z    ━━━━━━━━━━━━━━━━━━━━━━━━━━━━━━━━━━━━━━━━ 1.2/1.2 MB 154.8 MB/s  0:00:00
2025-12-23T21:43:31.0757101Z Downloading pytest_asyncio-1.3.0-py3-none-any.whl (15 kB)
2025-12-23T21:43:31.0903811Z Downloading pytest_cov-7.0.0-py3-none-any.whl (22 kB)
2025-12-23T21:43:31.1012635Z Downloading coverage-7.13.0-cp312-cp312-manylinux1_x86_64.manylinux_2_28_x86_64.manylinux_2_5_x86_64.whl (252 kB)
2025-12-23T21:43:31.1118255Z Downloading python_dotenv-1.2.1-py3-none-any.whl (21 kB)
2025-12-23T21:43:31.1219340Z Downloading ruff-0.14.10-py3-none-manylinux_2_17_x86_64.manylinux2014_x86_64.whl (14.2 MB)
2025-12-23T21:43:31.1857834Z    ━━━━━━━━━━━━━━━━━━━━━━━━━━━━━━━━━━━━━━━━ 14.2/14.2 MB 227.7 MB/s  0:00:00
2025-12-23T21:43:31.1929897Z Downloading types_pyyaml-6.0.12.20250915-py3-none-any.whl (20 kB)
2025-12-23T21:43:31.2036135Z Downloading typing_extensions-4.15.0-py3-none-any.whl (44 kB)
2025-12-23T21:43:31.2141685Z Downloading typing_inspection-0.4.2-py3-none-any.whl (14 kB)
2025-12-23T21:43:31.2241063Z Downloading uvloop-0.22.1-cp312-cp312-manylinux2014_x86_64.manylinux_2_17_x86_64.manylinux_2_28_x86_64.whl (4.4 MB)
2025-12-23T21:43:31.2486409Z    ━━━━━━━━━━━━━━━━━━━━━━━━━━━━━━━━━━━━━━━━ 4.4/4.4 MB 195.6 MB/s  0:00:00
2025-12-23T21:43:31.2642517Z Downloading watchfiles-1.1.1-cp312-cp312-manylinux_2_17_x86_64.manylinux2014_x86_64.whl (456 kB)
2025-12-23T21:43:31.2778267Z Downloading websockets-15.0.1-cp312-cp312-manylinux_2_5_x86_64.manylinux1_x86_64.manylinux_2_17_x86_64.manylinux2014_x86_64.whl (182 kB)
2025-12-23T21:43:31.2995146Z Downloading certifi-2025.11.12-py3-none-any.whl (159 kB)
2025-12-23T21:43:31.3102698Z Downloading mako-1.3.10-py3-none-any.whl (78 kB)
2025-12-23T21:43:31.3216775Z Downloading markupsafe-3.0.3-cp312-cp312-manylinux2014_x86_64.manylinux_2_17_x86_64.manylinux_2_28_x86_64.whl (22 kB)
2025-12-23T21:43:31.4007164Z Building wheels for collected packages: tunix-rt-backend
2025-12-23T21:43:31.4015139Z   Building editable for tunix-rt-backend (pyproject.toml): started
2025-12-23T21:43:31.6274016Z   Building editable for tunix-rt-backend (pyproject.toml): finished with status 'done'
2025-12-23T21:43:31.6279144Z   Created wheel for tunix-rt-backend: filename=tunix_rt_backend-0.1.0-0.editable-py3-none-any.whl size=3178 sha256=675d5adef46200dbe8abef8c81d9c16e891fa25886c65911dfcf1be27e4384f8
2025-12-23T21:43:31.6281869Z   Stored in directory: /tmp/pip-ephem-wheel-cache-926m_zju/wheels/ca/82/26/1257064f2ccacab10a6c1673d369503c6cf47642032a94cd53
2025-12-23T21:43:31.6298327Z Successfully built tunix-rt-backend
2025-12-23T21:43:31.7067432Z Installing collected packages: websockets, uvloop, typing-extensions, types-PyYAML, ruff, pyyaml, python-dotenv, pygments, prometheus-client, pluggy, pathspec, packaging, mypy_extensions, MarkupSafe, librt, iniconfig, idna, httptools, h11, greenlet, coverage, click, certifi, asyncpg, annotated-types, annotated-doc, aiosqlite, uvicorn, typing-inspection, sqlalchemy, pytest, pydantic-core, mypy, Mako, httpcore, anyio, watchfiles, starlette, pytest-cov, pytest-asyncio, pydantic, httpx, alembic, pydantic-settings, fastapi, tunix-rt-backend
2025-12-23T21:43:37.4607856Z
2025-12-23T21:43:37.4657606Z Successfully installed Mako-1.3.10 MarkupSafe-3.0.3 aiosqlite-0.22.1 alembic-1.17.2 annotated-doc-0.0.4 annotated-types-0.7.0 anyio-4.12.0 asyncpg-0.31.0 certifi-2025.11.12 click-8.3.1 coverage-7.13.0 fastapi-0.125.0 greenlet-3.3.0 h11-0.16.0 httpcore-1.0.9 httptools-0.7.1 httpx-0.28.1 idna-3.11 iniconfig-2.3.0 librt-0.7.4 mypy-1.19.1 mypy_extensions-1.1.0 packaging-25.0 pathspec-0.12.1 pluggy-1.6.0 prometheus-client-0.23.1 pydantic-2.12.5 pydantic-core-2.41.5 pydantic-settings-2.12.0 pygments-2.19.2 pytest-9.0.2 pytest-asyncio-1.3.0 pytest-cov-7.0.0 python-dotenv-1.2.1 pyyaml-6.0.3 ruff-0.14.10 sqlalchemy-2.0.45 starlette-0.50.0 tunix-rt-backend-0.1.0 types-PyYAML-6.0.12.20250915 typing-extensions-4.15.0 typing-inspection-0.4.2 uvicorn-0.38.0 uvloop-0.22.1 watchfiles-1.1.1 websockets-15.0.1
2025-12-23T21:43:37.9614467Z ##[group]Run ruff check .
2025-12-23T21:43:37.9614742Z [36;1mruff check .[0m
2025-12-23T21:43:37.9647424Z shell: /usr/bin/bash -e {0}
2025-12-23T21:43:37.9647661Z env:
2025-12-23T21:43:37.9647906Z   pythonLocation: /opt/hostedtoolcache/Python/3.12.12/x64
2025-12-23T21:43:37.9648323Z   PKG_CONFIG_PATH: /opt/hostedtoolcache/Python/3.12.12/x64/lib/pkgconfig
2025-12-23T21:43:37.9648718Z   Python_ROOT_DIR: /opt/hostedtoolcache/Python/3.12.12/x64
2025-12-23T21:43:37.9649067Z   Python2_ROOT_DIR: /opt/hostedtoolcache/Python/3.12.12/x64
2025-12-23T21:43:37.9649420Z   Python3_ROOT_DIR: /opt/hostedtoolcache/Python/3.12.12/x64
2025-12-23T21:43:37.9649760Z   LD_LIBRARY_PATH: /opt/hostedtoolcache/Python/3.12.12/x64/lib
2025-12-23T21:43:37.9650046Z ##[endgroup]
2025-12-23T21:43:37.9930726Z All checks passed!
2025-12-23T21:43:37.9963376Z ##[group]Run ruff format --check .
2025-12-23T21:43:37.9964047Z [36;1mruff format --check .[0m
2025-12-23T21:43:37.9995311Z shell: /usr/bin/bash -e {0}
2025-12-23T21:43:37.9995548Z env:
2025-12-23T21:43:37.9995779Z   pythonLocation: /opt/hostedtoolcache/Python/3.12.12/x64
2025-12-23T21:43:37.9996337Z   PKG_CONFIG_PATH: /opt/hostedtoolcache/Python/3.12.12/x64/lib/pkgconfig
2025-12-23T21:43:37.9996728Z   Python_ROOT_DIR: /opt/hostedtoolcache/Python/3.12.12/x64
2025-12-23T21:43:37.9997064Z   Python2_ROOT_DIR: /opt/hostedtoolcache/Python/3.12.12/x64
2025-12-23T21:43:37.9997409Z   Python3_ROOT_DIR: /opt/hostedtoolcache/Python/3.12.12/x64
2025-12-23T21:43:37.9997759Z   LD_LIBRARY_PATH: /opt/hostedtoolcache/Python/3.12.12/x64/lib
2025-12-23T21:43:37.9998045Z ##[endgroup]
2025-12-23T21:43:38.0287930Z Would reformat: tests/test_tunix_registry.py
2025-12-23T21:43:38.0288848Z 1 file would be reformatted, 70 files already formatted
2025-12-23T21:43:38.0302356Z ##[error]Process completed with exit code 1.
2025-12-23T21:43:38.0403065Z Post job cleanup.
2025-12-23T21:43:38.1337084Z [command]/usr/bin/git version
2025-12-23T21:43:38.1377177Z git version 2.52.0
2025-12-23T21:43:38.1422914Z Temporarily overriding HOME='/home/runner/work/_temp/f59d553f-b422-498e-b137-75c7da940098' before making global git config changes
2025-12-23T21:43:38.1428072Z Adding repository directory to the temporary git global config as a safe directory
2025-12-23T21:43:38.1431131Z [command]/usr/bin/git config --global --add safe.directory /home/runner/work/tunix-rt/tunix-rt
2025-12-23T21:43:38.1478826Z [command]/usr/bin/git config --local --name-only --get-regexp core\.sshCommand
2025-12-23T21:43:38.1515229Z [command]/usr/bin/git submodule foreach --recursive sh -c "git config --local --name-only --get-regexp 'core\.sshCommand' && git config --local --unset-all 'core.sshCommand' || :"
2025-12-23T21:43:38.1772948Z [command]/usr/bin/git config --local --name-only --get-regexp http\.https\:\/\/github\.com\/\.extraheader
2025-12-23T21:43:38.1797229Z http.https://github.com/.extraheader
2025-12-23T21:43:38.1817660Z [command]/usr/bin/git config --local --unset-all http.https://github.com/.extraheader
2025-12-23T21:43:38.1850454Z [command]/usr/bin/git submodule foreach --recursive sh -c "git config --local --name-only --get-regexp 'http\.https\:\/\/github\.com\/\.extraheader' && git config --local --unset-all 'http.https://github.com/.extraheader' || :"
2025-12-23T21:43:38.2185224Z Cleaning up orphan processes
