2025-12-23T21:43:21.4814174Z Current runner version: '2.330.0'
2025-12-23T21:43:21.4847023Z ##[group]Runner Image Provisioner
2025-12-23T21:43:21.4848231Z Hosted Compute Agent
2025-12-23T21:43:21.4849556Z Version: 20251211.462
2025-12-23T21:43:21.4850450Z Commit: 6cbad8c2bb55d58165063d031ccabf57e2d2db61
2025-12-23T21:43:21.4851573Z Build Date: 2025-12-11T16:28:49Z
2025-12-23T21:43:21.4852641Z Worker ID: {9282a0c5-2601-4192-9a34-ac24c60c4cd3}
2025-12-23T21:43:21.4853859Z ##[endgroup]
2025-12-23T21:43:21.4854631Z ##[group]Operating System
2025-12-23T21:43:21.4855603Z Ubuntu
2025-12-23T21:43:21.4856343Z 24.04.3
2025-12-23T21:43:21.4857086Z LTS
2025-12-23T21:43:21.4857868Z ##[endgroup]
2025-12-23T21:43:21.4859125Z ##[group]Runner Image
2025-12-23T21:43:21.4860128Z Image: ubuntu-24.04
2025-12-23T21:43:21.4860950Z Version: 20251215.174.1
2025-12-23T21:43:21.4862949Z Included Software: https://github.com/actions/runner-images/blob/ubuntu24/20251215.174/images/ubuntu/Ubuntu2404-Readme.md
2025-12-23T21:43:21.4865741Z Image Release: https://github.com/actions/runner-images/releases/tag/ubuntu24%2F20251215.174
2025-12-23T21:43:21.4867686Z ##[endgroup]
2025-12-23T21:43:21.4869755Z ##[group]GITHUB_TOKEN Permissions
2025-12-23T21:43:21.4872514Z Contents: read
2025-12-23T21:43:21.4873428Z Metadata: read
2025-12-23T21:43:21.4874248Z ##[endgroup]
2025-12-23T21:43:21.4877359Z Secret source: Actions
2025-12-23T21:43:21.4878416Z Prepare workflow directory
2025-12-23T21:43:21.5581075Z Prepare all required actions
2025-12-23T21:43:21.5637653Z Getting action download info
2025-12-23T21:43:21.9836437Z Download action repository 'actions/checkout@11bd71901bbe5b1630ceea73d27597364c9af683' (SHA:11bd71901bbe5b1630ceea73d27597364c9af683)
2025-12-23T21:43:22.1067863Z Download action repository 'actions/setup-python@0b93645e9fea7318ecaed2b359559ac225c90a2b' (SHA:0b93645e9fea7318ecaed2b359559ac225c90a2b)
2025-12-23T21:43:22.2872419Z Download action repository 'actions/upload-artifact@6f51ac03b9356f520e9adb1b1b7802705f340c2b' (SHA:6f51ac03b9356f520e9adb1b1b7802705f340c2b)
2025-12-23T21:43:22.5669330Z Complete job name: backend (3.11)
2025-12-23T21:43:22.6502622Z ##[group]Run actions/checkout@11bd71901bbe5b1630ceea73d27597364c9af683
2025-12-23T21:43:22.6504304Z with:
2025-12-23T21:43:22.6505037Z   repository: m-cahill/tunix-rt
2025-12-23T21:43:22.6506254Z   token: ***
2025-12-23T21:43:22.6507001Z   ssh-strict: true
2025-12-23T21:43:22.6507748Z   ssh-user: git
2025-12-23T21:43:22.6508822Z   persist-credentials: true
2025-12-23T21:43:22.6509784Z   clean: true
2025-12-23T21:43:22.6510575Z   sparse-checkout-cone-mode: true
2025-12-23T21:43:22.6511547Z   fetch-depth: 1
2025-12-23T21:43:22.6512299Z   fetch-tags: false
2025-12-23T21:43:22.6513099Z   show-progress: true
2025-12-23T21:43:22.6513909Z   lfs: false
2025-12-23T21:43:22.6514663Z   submodules: false
2025-12-23T21:43:22.6515469Z   set-safe-directory: true
2025-12-23T21:43:22.6516628Z ##[endgroup]
2025-12-23T21:43:22.7691656Z Syncing repository: m-cahill/tunix-rt
2025-12-23T21:43:22.7695935Z ##[group]Getting Git version info
2025-12-23T21:43:22.7698670Z Working directory is '/home/runner/work/tunix-rt/tunix-rt'
2025-12-23T21:43:22.7704868Z [command]/usr/bin/git version
2025-12-23T21:43:22.7777637Z git version 2.52.0
2025-12-23T21:43:22.7812205Z ##[endgroup]
2025-12-23T21:43:22.7824186Z Temporarily overriding HOME='/home/runner/work/_temp/cef7aa88-0651-4369-abc8-917a9236a2c8' before making global git config changes
2025-12-23T21:43:22.7840587Z Adding repository directory to the temporary git global config as a safe directory
2025-12-23T21:43:22.7849623Z [command]/usr/bin/git config --global --add safe.directory /home/runner/work/tunix-rt/tunix-rt
2025-12-23T21:43:22.7895418Z Deleting the contents of '/home/runner/work/tunix-rt/tunix-rt'
2025-12-23T21:43:22.7901191Z ##[group]Initializing the repository
2025-12-23T21:43:22.7904540Z [command]/usr/bin/git init /home/runner/work/tunix-rt/tunix-rt
2025-12-23T21:43:22.8023637Z hint: Using 'master' as the name for the initial branch. This default branch name
2025-12-23T21:43:22.8026842Z hint: will change to "main" in Git 3.0. To configure the initial branch name
2025-12-23T21:43:22.8030342Z hint: to use in all of your new repositories, which will suppress this warning,
2025-12-23T21:43:22.8032662Z hint: call:
2025-12-23T21:43:22.8033826Z hint:
2025-12-23T21:43:22.8035539Z hint: 	git config --global init.defaultBranch <name>
2025-12-23T21:43:22.8037486Z hint:
2025-12-23T21:43:22.8039423Z hint: Names commonly chosen instead of 'master' are 'main', 'trunk' and
2025-12-23T21:43:22.8042479Z hint: 'development'. The just-created branch can be renamed via this command:
2025-12-23T21:43:22.8044804Z hint:
2025-12-23T21:43:22.8046024Z hint: 	git branch -m <name>
2025-12-23T21:43:22.8047450Z hint:
2025-12-23T21:43:22.8049526Z hint: Disable this message with "git config set advice.defaultBranchName false"
2025-12-23T21:43:22.8052873Z Initialized empty Git repository in /home/runner/work/tunix-rt/tunix-rt/.git/
2025-12-23T21:43:22.8058317Z [command]/usr/bin/git remote add origin https://github.com/m-cahill/tunix-rt
2025-12-23T21:43:22.8096209Z ##[endgroup]
2025-12-23T21:43:22.8098736Z ##[group]Disabling automatic garbage collection
2025-12-23T21:43:22.8100715Z [command]/usr/bin/git config --local gc.auto 0
2025-12-23T21:43:22.8133356Z ##[endgroup]
2025-12-23T21:43:22.8135385Z ##[group]Setting up auth
2025-12-23T21:43:22.8139479Z [command]/usr/bin/git config --local --name-only --get-regexp core\.sshCommand
2025-12-23T21:43:22.8175247Z [command]/usr/bin/git submodule foreach --recursive sh -c "git config --local --name-only --get-regexp 'core\.sshCommand' && git config --local --unset-all 'core.sshCommand' || :"
2025-12-23T21:43:22.8526583Z [command]/usr/bin/git config --local --name-only --get-regexp http\.https\:\/\/github\.com\/\.extraheader
2025-12-23T21:43:22.8563692Z [command]/usr/bin/git submodule foreach --recursive sh -c "git config --local --name-only --get-regexp 'http\.https\:\/\/github\.com\/\.extraheader' && git config --local --unset-all 'http.https://github.com/.extraheader' || :"
2025-12-23T21:43:22.8795173Z [command]/usr/bin/git config --local http.https://github.com/.extraheader AUTHORIZATION: basic ***
2025-12-23T21:43:22.8834485Z ##[endgroup]
2025-12-23T21:43:22.8840193Z ##[group]Fetching the repository
2025-12-23T21:43:22.8859914Z [command]/usr/bin/git -c protocol.version=2 fetch --no-tags --prune --no-recurse-submodules --depth=1 origin +8fd6b1017b9f776efd3f840d074c86ec81c77db1:refs/remotes/origin/main
2025-12-23T21:43:23.7546666Z From https://github.com/m-cahill/tunix-rt
2025-12-23T21:43:23.7547575Z  * [new ref]         8fd6b1017b9f776efd3f840d074c86ec81c77db1 -> origin/main
2025-12-23T21:43:23.7590431Z ##[endgroup]
2025-12-23T21:43:23.7591313Z ##[group]Determining the checkout info
2025-12-23T21:43:23.7592193Z ##[endgroup]
2025-12-23T21:43:23.7595037Z [command]/usr/bin/git sparse-checkout disable
2025-12-23T21:43:23.7656020Z [command]/usr/bin/git config --local --unset-all extensions.worktreeConfig
2025-12-23T21:43:23.7693069Z ##[group]Checking out the ref
2025-12-23T21:43:23.7696735Z [command]/usr/bin/git checkout --progress --force -B main refs/remotes/origin/main
2025-12-23T21:43:23.8991054Z Switched to a new branch 'main'
2025-12-23T21:43:23.8995486Z branch 'main' set up to track 'origin/main'.
2025-12-23T21:43:23.9007925Z ##[endgroup]
2025-12-23T21:43:23.9047886Z [command]/usr/bin/git log -1 --format=%H
2025-12-23T21:43:23.9071970Z 8fd6b1017b9f776efd3f840d074c86ec81c77db1
2025-12-23T21:43:23.9311984Z ##[group]Run actions/setup-python@0b93645e9fea7318ecaed2b359559ac225c90a2b
2025-12-23T21:43:23.9312590Z with:
2025-12-23T21:43:23.9312967Z   python-version: 3.11
2025-12-23T21:43:23.9313376Z   cache: pip
2025-12-23T21:43:23.9313800Z   cache-dependency-path: backend/pyproject.toml
2025-12-23T21:43:23.9314293Z   check-latest: false
2025-12-23T21:43:23.9314840Z   token: ***
2025-12-23T21:43:23.9315225Z   update-environment: true
2025-12-23T21:43:23.9315652Z   allow-prereleases: false
2025-12-23T21:43:23.9316069Z ##[endgroup]
2025-12-23T21:43:24.0973795Z ##[group]Installed versions
2025-12-23T21:43:24.1098350Z Successfully set up CPython (3.11.14)
2025-12-23T21:43:24.1100354Z ##[endgroup]
2025-12-23T21:43:24.1407173Z [command]/opt/hostedtoolcache/Python/3.11.14/x64/bin/pip cache dir
2025-12-23T21:43:24.5560048Z /home/runner/.cache/pip
2025-12-23T21:43:24.6664295Z ##[warning]Failed to restore: Cache service responded with 400
2025-12-23T21:43:24.6674815Z pip cache is not found
2025-12-23T21:43:24.6793175Z ##[group]Run python -m pip install -e ".[dev]"
2025-12-23T21:43:24.6793655Z [36;1mpython -m pip install -e ".[dev]"[0m
2025-12-23T21:43:24.6834452Z shell: /usr/bin/bash -e {0}
2025-12-23T21:43:24.6834750Z env:
2025-12-23T21:43:24.6835049Z   pythonLocation: /opt/hostedtoolcache/Python/3.11.14/x64
2025-12-23T21:43:24.6835521Z   PKG_CONFIG_PATH: /opt/hostedtoolcache/Python/3.11.14/x64/lib/pkgconfig
2025-12-23T21:43:24.6835961Z   Python_ROOT_DIR: /opt/hostedtoolcache/Python/3.11.14/x64
2025-12-23T21:43:24.6836364Z   Python2_ROOT_DIR: /opt/hostedtoolcache/Python/3.11.14/x64
2025-12-23T21:43:24.6836769Z   Python3_ROOT_DIR: /opt/hostedtoolcache/Python/3.11.14/x64
2025-12-23T21:43:24.6837216Z   LD_LIBRARY_PATH: /opt/hostedtoolcache/Python/3.11.14/x64/lib
2025-12-23T21:43:24.6837570Z ##[endgroup]
2025-12-23T21:43:25.2765436Z Obtaining file:///home/runner/work/tunix-rt/tunix-rt/backend
2025-12-23T21:43:25.2786177Z   Installing build dependencies: started
2025-12-23T21:43:26.4502186Z   Installing build dependencies: finished with status 'done'
2025-12-23T21:43:26.4507476Z   Checking if build backend supports build_editable: started
2025-12-23T21:43:26.7224597Z   Checking if build backend supports build_editable: finished with status 'done'
2025-12-23T21:43:26.7234425Z   Getting requirements to build editable: started
2025-12-23T21:43:27.0286866Z   Getting requirements to build editable: finished with status 'done'
2025-12-23T21:43:27.0296975Z   Preparing editable metadata (pyproject.toml): started
2025-12-23T21:43:27.2131305Z   Preparing editable metadata (pyproject.toml): finished with status 'done'
2025-12-23T21:43:27.3329638Z Collecting fastapi==0.125.0 (from tunix-rt-backend==0.1.0)
2025-12-23T21:43:27.3896674Z   Downloading fastapi-0.125.0-py3-none-any.whl.metadata (30 kB)
2025-12-23T21:43:27.4307866Z Collecting uvicorn==0.38.0 (from uvicorn[standard]==0.38.0->tunix-rt-backend==0.1.0)
2025-12-23T21:43:27.4352768Z   Downloading uvicorn-0.38.0-py3-none-any.whl.metadata (6.8 kB)
2025-12-23T21:43:27.4818372Z Collecting httpx==0.28.1 (from tunix-rt-backend==0.1.0)
2025-12-23T21:43:27.4870784Z   Downloading httpx-0.28.1-py3-none-any.whl.metadata (7.1 kB)
2025-12-23T21:43:27.5971750Z Collecting pydantic==2.12.5 (from tunix-rt-backend==0.1.0)
2025-12-23T21:43:27.6013646Z   Downloading pydantic-2.12.5-py3-none-any.whl.metadata (90 kB)
2025-12-23T21:43:27.6285997Z Collecting pydantic-settings==2.12.0 (from tunix-rt-backend==0.1.0)
2025-12-23T21:43:27.6323737Z   Downloading pydantic_settings-2.12.0-py3-none-any.whl.metadata (3.4 kB)
2025-12-23T21:43:27.9124149Z Collecting sqlalchemy==2.0.45 (from sqlalchemy[asyncio]==2.0.45->tunix-rt-backend==0.1.0)
2025-12-23T21:43:27.9169913Z   Downloading sqlalchemy-2.0.45-cp311-cp311-manylinux2014_x86_64.manylinux_2_17_x86_64.manylinux_2_28_x86_64.whl.metadata (9.5 kB)
2025-12-23T21:43:27.9468860Z Collecting alembic==1.17.2 (from tunix-rt-backend==0.1.0)
2025-12-23T21:43:27.9547810Z   Downloading alembic-1.17.2-py3-none-any.whl.metadata (7.2 kB)
2025-12-23T21:43:28.0191462Z Collecting asyncpg==0.31.0 (from tunix-rt-backend==0.1.0)
2025-12-23T21:43:28.0234355Z   Downloading asyncpg-0.31.0-cp311-cp311-manylinux2014_x86_64.manylinux_2_17_x86_64.manylinux_2_28_x86_64.whl.metadata (4.4 kB)
2025-12-23T21:43:28.0635830Z Collecting pyyaml==6.0.3 (from tunix-rt-backend==0.1.0)
2025-12-23T21:43:28.0697585Z   Downloading pyyaml-6.0.3-cp311-cp311-manylinux2014_x86_64.manylinux_2_17_x86_64.manylinux_2_28_x86_64.whl.metadata (2.4 kB)
2025-12-23T21:43:28.0859646Z Collecting prometheus-client==0.23.1 (from tunix-rt-backend==0.1.0)
2025-12-23T21:43:28.0897756Z   Downloading prometheus_client-0.23.1-py3-none-any.whl.metadata (1.9 kB)
2025-12-23T21:43:28.1275159Z Collecting pytest>=7.4.0 (from tunix-rt-backend==0.1.0)
2025-12-23T21:43:28.1313242Z   Downloading pytest-9.0.2-py3-none-any.whl.metadata (7.6 kB)
2025-12-23T21:43:28.1509602Z Collecting pytest-cov>=4.1.0 (from tunix-rt-backend==0.1.0)
2025-12-23T21:43:28.1544741Z   Downloading pytest_cov-7.0.0-py3-none-any.whl.metadata (31 kB)
2025-12-23T21:43:28.1796923Z Collecting pytest-asyncio>=0.21.0 (from tunix-rt-backend==0.1.0)
2025-12-23T21:43:28.1831951Z   Downloading pytest_asyncio-1.3.0-py3-none-any.whl.metadata (4.1 kB)
2025-12-23T21:43:28.5515531Z Collecting ruff>=0.1.0 (from tunix-rt-backend==0.1.0)
2025-12-23T21:43:28.5556008Z   Downloading ruff-0.14.10-py3-none-manylinux_2_17_x86_64.manylinux2014_x86_64.whl.metadata (26 kB)
2025-12-23T21:43:28.6614174Z Collecting mypy>=1.6.0 (from tunix-rt-backend==0.1.0)
2025-12-23T21:43:28.6661213Z   Downloading mypy-1.19.1-cp311-cp311-manylinux2014_x86_64.manylinux_2_17_x86_64.manylinux_2_28_x86_64.whl.metadata (2.2 kB)
2025-12-23T21:43:28.6874053Z Collecting types-PyYAML>=6.0.0 (from tunix-rt-backend==0.1.0)
2025-12-23T21:43:28.6915718Z   Downloading types_pyyaml-6.0.12.20250915-py3-none-any.whl.metadata (1.7 kB)
2025-12-23T21:43:28.7054257Z Collecting aiosqlite>=0.19.0 (from tunix-rt-backend==0.1.0)
2025-12-23T21:43:28.7091898Z   Downloading aiosqlite-0.22.1-py3-none-any.whl.metadata (4.3 kB)
2025-12-23T21:43:28.7386992Z Collecting Mako (from alembic==1.17.2->tunix-rt-backend==0.1.0)
2025-12-23T21:43:28.7421869Z   Downloading mako-1.3.10-py3-none-any.whl.metadata (2.9 kB)
2025-12-23T21:43:28.7608083Z Collecting typing-extensions>=4.12 (from alembic==1.17.2->tunix-rt-backend==0.1.0)
2025-12-23T21:43:28.7643696Z   Downloading typing_extensions-4.15.0-py3-none-any.whl.metadata (3.3 kB)
2025-12-23T21:43:28.7939743Z Collecting starlette<0.51.0,>=0.40.0 (from fastapi==0.125.0->tunix-rt-backend==0.1.0)
2025-12-23T21:43:28.7980925Z   Downloading starlette-0.50.0-py3-none-any.whl.metadata (6.3 kB)
2025-12-23T21:43:28.8329746Z Collecting annotated-doc>=0.0.2 (from fastapi==0.125.0->tunix-rt-backend==0.1.0)
2025-12-23T21:43:28.8366559Z   Downloading annotated_doc-0.0.4-py3-none-any.whl.metadata (6.6 kB)
2025-12-23T21:43:28.8490420Z Collecting annotated-types>=0.6.0 (from pydantic==2.12.5->tunix-rt-backend==0.1.0)
2025-12-23T21:43:28.8525258Z   Downloading annotated_types-0.7.0-py3-none-any.whl.metadata (15 kB)
2025-12-23T21:43:29.5115881Z Collecting pydantic-core==2.41.5 (from pydantic==2.12.5->tunix-rt-backend==0.1.0)
2025-12-23T21:43:29.5156093Z   Downloading pydantic_core-2.41.5-cp311-cp311-manylinux_2_17_x86_64.manylinux2014_x86_64.whl.metadata (7.3 kB)
2025-12-23T21:43:29.5304832Z Collecting typing-inspection>=0.4.2 (from pydantic==2.12.5->tunix-rt-backend==0.1.0)
2025-12-23T21:43:29.5340371Z   Downloading typing_inspection-0.4.2-py3-none-any.whl.metadata (2.6 kB)
2025-12-23T21:43:29.5540056Z Collecting anyio (from httpx==0.28.1->tunix-rt-backend==0.1.0)
2025-12-23T21:43:29.5573617Z   Downloading anyio-4.12.0-py3-none-any.whl.metadata (4.3 kB)
2025-12-23T21:43:29.5779053Z Collecting certifi (from httpx==0.28.1->tunix-rt-backend==0.1.0)
2025-12-23T21:43:29.5814644Z   Downloading certifi-2025.11.12-py3-none-any.whl.metadata (2.5 kB)
2025-12-23T21:43:29.6457466Z Collecting httpcore==1.* (from httpx==0.28.1->tunix-rt-backend==0.1.0)
2025-12-23T21:43:29.6499902Z   Downloading httpcore-1.0.9-py3-none-any.whl.metadata (21 kB)
2025-12-23T21:43:29.6659478Z Collecting idna (from httpx==0.28.1->tunix-rt-backend==0.1.0)
2025-12-23T21:43:29.6697930Z   Downloading idna-3.11-py3-none-any.whl.metadata (8.4 kB)
2025-12-23T21:43:29.7084581Z Collecting python-dotenv>=0.21.0 (from pydantic-settings==2.12.0->tunix-rt-backend==0.1.0)
2025-12-23T21:43:29.7119381Z   Downloading python_dotenv-1.2.1-py3-none-any.whl.metadata (25 kB)
2025-12-23T21:43:29.8320149Z Collecting greenlet>=1 (from sqlalchemy==2.0.45->sqlalchemy[asyncio]==2.0.45->tunix-rt-backend==0.1.0)
2025-12-23T21:43:29.8356431Z   Downloading greenlet-3.3.0-cp311-cp311-manylinux_2_24_x86_64.manylinux_2_28_x86_64.whl.metadata (4.1 kB)
2025-12-23T21:43:29.8652797Z Collecting click>=7.0 (from uvicorn==0.38.0->uvicorn[standard]==0.38.0->tunix-rt-backend==0.1.0)
2025-12-23T21:43:29.8690369Z   Downloading click-8.3.1-py3-none-any.whl.metadata (2.6 kB)
2025-12-23T21:43:29.8813751Z Collecting h11>=0.8 (from uvicorn==0.38.0->uvicorn[standard]==0.38.0->tunix-rt-backend==0.1.0)
2025-12-23T21:43:29.8852401Z   Downloading h11-0.16.0-py3-none-any.whl.metadata (8.3 kB)
2025-12-23T21:43:29.9164706Z Collecting httptools>=0.6.3 (from uvicorn[standard]==0.38.0->tunix-rt-backend==0.1.0)
2025-12-23T21:43:29.9207841Z   Downloading httptools-0.7.1-cp311-cp311-manylinux1_x86_64.manylinux_2_28_x86_64.manylinux_2_5_x86_64.whl.metadata (3.5 kB)
2025-12-23T21:43:29.9661745Z Collecting uvloop>=0.15.1 (from uvicorn[standard]==0.38.0->tunix-rt-backend==0.1.0)
2025-12-23T21:43:29.9706353Z   Downloading uvloop-0.22.1-cp311-cp311-manylinux2014_x86_64.manylinux_2_17_x86_64.manylinux_2_28_x86_64.whl.metadata (4.9 kB)
2025-12-23T21:43:30.0436788Z Collecting watchfiles>=0.13 (from uvicorn[standard]==0.38.0->tunix-rt-backend==0.1.0)
2025-12-23T21:43:30.0474905Z   Downloading watchfiles-1.1.1-cp311-cp311-manylinux_2_17_x86_64.manylinux2014_x86_64.whl.metadata (4.9 kB)
2025-12-23T21:43:30.1436641Z Collecting websockets>=10.4 (from uvicorn[standard]==0.38.0->tunix-rt-backend==0.1.0)
2025-12-23T21:43:30.1476394Z   Downloading websockets-15.0.1-cp311-cp311-manylinux_2_5_x86_64.manylinux1_x86_64.manylinux_2_17_x86_64.manylinux2014_x86_64.whl.metadata (6.8 kB)
2025-12-23T21:43:30.1894517Z Collecting mypy_extensions>=1.0.0 (from mypy>=1.6.0->tunix-rt-backend==0.1.0)
2025-12-23T21:43:30.1930116Z   Downloading mypy_extensions-1.1.0-py3-none-any.whl.metadata (1.1 kB)
2025-12-23T21:43:30.2066647Z Collecting pathspec>=0.9.0 (from mypy>=1.6.0->tunix-rt-backend==0.1.0)
2025-12-23T21:43:30.2107558Z   Downloading pathspec-0.12.1-py3-none-any.whl.metadata (21 kB)
2025-12-23T21:43:30.2907873Z Collecting librt>=0.6.2 (from mypy>=1.6.0->tunix-rt-backend==0.1.0)
2025-12-23T21:43:30.2941989Z   Downloading librt-0.7.4-cp311-cp311-manylinux2014_x86_64.manylinux_2_17_x86_64.manylinux_2_28_x86_64.whl.metadata (1.3 kB)
2025-12-23T21:43:30.3084370Z Collecting iniconfig>=1.0.1 (from pytest>=7.4.0->tunix-rt-backend==0.1.0)
2025-12-23T21:43:30.3117814Z   Downloading iniconfig-2.3.0-py3-none-any.whl.metadata (2.5 kB)
2025-12-23T21:43:30.3273642Z Collecting packaging>=22 (from pytest>=7.4.0->tunix-rt-backend==0.1.0)
2025-12-23T21:43:30.3306010Z   Downloading packaging-25.0-py3-none-any.whl.metadata (3.3 kB)
2025-12-23T21:43:30.3443951Z Collecting pluggy<2,>=1.5 (from pytest>=7.4.0->tunix-rt-backend==0.1.0)
2025-12-23T21:43:30.3475182Z   Downloading pluggy-1.6.0-py3-none-any.whl.metadata (4.8 kB)
2025-12-23T21:43:30.3743752Z Collecting pygments>=2.7.2 (from pytest>=7.4.0->tunix-rt-backend==0.1.0)
2025-12-23T21:43:30.3777808Z   Downloading pygments-2.19.2-py3-none-any.whl.metadata (2.5 kB)
2025-12-23T21:43:30.7939930Z Collecting coverage>=7.10.6 (from coverage[toml]>=7.10.6->pytest-cov>=4.1.0->tunix-rt-backend==0.1.0)
2025-12-23T21:43:30.7977124Z   Downloading coverage-7.13.0-cp311-cp311-manylinux1_x86_64.manylinux_2_28_x86_64.manylinux_2_5_x86_64.whl.metadata (8.5 kB)
2025-12-23T21:43:30.8820266Z Collecting MarkupSafe>=0.9.2 (from Mako->alembic==1.17.2->tunix-rt-backend==0.1.0)
2025-12-23T21:43:30.8857802Z   Downloading markupsafe-3.0.3-cp311-cp311-manylinux2014_x86_64.manylinux_2_17_x86_64.manylinux_2_28_x86_64.whl.metadata (2.7 kB)
2025-12-23T21:43:30.8962437Z Downloading alembic-1.17.2-py3-none-any.whl (248 kB)
2025-12-23T21:43:30.9060204Z Downloading asyncpg-0.31.0-cp311-cp311-manylinux2014_x86_64.manylinux_2_17_x86_64.manylinux_2_28_x86_64.whl (3.0 MB)
2025-12-23T21:43:30.9347599Z    ━━━━━━━━━━━━━━━━━━━━━━━━━━━━━━━━━━━━━━━━ 3.0/3.0 MB 108.5 MB/s  0:00:00
2025-12-23T21:43:30.9401421Z Downloading fastapi-0.125.0-py3-none-any.whl (112 kB)
2025-12-23T21:43:30.9463394Z Downloading pydantic-2.12.5-py3-none-any.whl (463 kB)
2025-12-23T21:43:30.9562369Z Downloading httpx-0.28.1-py3-none-any.whl (73 kB)
2025-12-23T21:43:30.9641618Z Downloading prometheus_client-0.23.1-py3-none-any.whl (61 kB)
2025-12-23T21:43:30.9707922Z Downloading pydantic_core-2.41.5-cp311-cp311-manylinux_2_17_x86_64.manylinux2014_x86_64.whl (2.1 MB)
2025-12-23T21:43:30.9847413Z    ━━━━━━━━━━━━━━━━━━━━━━━━━━━━━━━━━━━━━━━━ 2.1/2.1 MB 164.4 MB/s  0:00:00
2025-12-23T21:43:30.9882774Z Downloading pydantic_settings-2.12.0-py3-none-any.whl (51 kB)
2025-12-23T21:43:30.9973095Z Downloading pyyaml-6.0.3-cp311-cp311-manylinux2014_x86_64.manylinux_2_17_x86_64.manylinux_2_28_x86_64.whl (806 kB)
2025-12-23T21:43:31.0048925Z    ━━━━━━━━━━━━━━━━━━━━━━━━━━━━━━━━━━━━━━━━ 806.6/806.6 kB 116.5 MB/s  0:00:00
2025-12-23T21:43:31.0084220Z Downloading sqlalchemy-2.0.45-cp311-cp311-manylinux2014_x86_64.manylinux_2_17_x86_64.manylinux_2_28_x86_64.whl (3.3 MB)
2025-12-23T21:43:31.0249319Z    ━━━━━━━━━━━━━━━━━━━━━━━━━━━━━━━━━━━━━━━━ 3.3/3.3 MB 215.9 MB/s  0:00:00
2025-12-23T21:43:31.0298796Z Downloading uvicorn-0.38.0-py3-none-any.whl (68 kB)
2025-12-23T21:43:31.0359489Z Downloading httpcore-1.0.9-py3-none-any.whl (78 kB)
2025-12-23T21:43:31.0421493Z Downloading starlette-0.50.0-py3-none-any.whl (74 kB)
2025-12-23T21:43:31.0479240Z Downloading anyio-4.12.0-py3-none-any.whl (113 kB)
2025-12-23T21:43:31.0544387Z Downloading aiosqlite-0.22.1-py3-none-any.whl (17 kB)
2025-12-23T21:43:31.0607135Z Downloading annotated_doc-0.0.4-py3-none-any.whl (5.3 kB)
2025-12-23T21:43:31.0666769Z Downloading annotated_types-0.7.0-py3-none-any.whl (13 kB)
2025-12-23T21:43:31.0732539Z Downloading click-8.3.1-py3-none-any.whl (108 kB)
2025-12-23T21:43:31.0811291Z Downloading greenlet-3.3.0-cp311-cp311-manylinux_2_24_x86_64.manylinux_2_28_x86_64.whl (590 kB)
2025-12-23T21:43:31.0872940Z    ━━━━━━━━━━━━━━━━━━━━━━━━━━━━━━━━━━━━━━━━ 590.2/590.2 kB 97.8 MB/s  0:00:00
2025-12-23T21:43:31.0910354Z Downloading h11-0.16.0-py3-none-any.whl (37 kB)
2025-12-23T21:43:31.0987131Z Downloading httptools-0.7.1-cp311-cp311-manylinux1_x86_64.manylinux_2_28_x86_64.manylinux_2_5_x86_64.whl (456 kB)
2025-12-23T21:43:31.1078812Z Downloading idna-3.11-py3-none-any.whl (71 kB)
2025-12-23T21:43:31.1167121Z Downloading mypy-1.19.1-cp311-cp311-manylinux2014_x86_64.manylinux_2_17_x86_64.manylinux_2_28_x86_64.whl (13.4 MB)
2025-12-23T21:43:31.1788226Z    ━━━━━━━━━━━━━━━━━━━━━━━━━━━━━━━━━━━━━━━━ 13.4/13.4 MB 223.4 MB/s  0:00:00
2025-12-23T21:43:31.1847378Z Downloading librt-0.7.4-cp311-cp311-manylinux2014_x86_64.manylinux_2_17_x86_64.manylinux_2_28_x86_64.whl (184 kB)
2025-12-23T21:43:31.1911311Z Downloading mypy_extensions-1.1.0-py3-none-any.whl (5.0 kB)
2025-12-23T21:43:31.1971361Z Downloading pathspec-0.12.1-py3-none-any.whl (31 kB)
2025-12-23T21:43:31.2083226Z Downloading pytest-9.0.2-py3-none-any.whl (374 kB)
2025-12-23T21:43:31.2166331Z Downloading pluggy-1.6.0-py3-none-any.whl (20 kB)
2025-12-23T21:43:31.2227431Z Downloading iniconfig-2.3.0-py3-none-any.whl (7.5 kB)
2025-12-23T21:43:31.2283447Z Downloading packaging-25.0-py3-none-any.whl (66 kB)
2025-12-23T21:43:31.2345020Z Downloading pygments-2.19.2-py3-none-any.whl (1.2 MB)
2025-12-23T21:43:31.2432329Z    ━━━━━━━━━━━━━━━━━━━━━━━━━━━━━━━━━━━━━━━━ 1.2/1.2 MB 162.2 MB/s  0:00:00
2025-12-23T21:43:31.2465074Z Downloading pytest_asyncio-1.3.0-py3-none-any.whl (15 kB)
2025-12-23T21:43:31.2525032Z Downloading pytest_cov-7.0.0-py3-none-any.whl (22 kB)
2025-12-23T21:43:31.2596416Z Downloading coverage-7.13.0-cp311-cp311-manylinux1_x86_64.manylinux_2_28_x86_64.manylinux_2_5_x86_64.whl (250 kB)
2025-12-23T21:43:31.2664079Z Downloading python_dotenv-1.2.1-py3-none-any.whl (21 kB)
2025-12-23T21:43:31.2737852Z Downloading ruff-0.14.10-py3-none-manylinux_2_17_x86_64.manylinux2014_x86_64.whl (14.2 MB)
2025-12-23T21:43:31.3376840Z    ━━━━━━━━━━━━━━━━━━━━━━━━━━━━━━━━━━━━━━━━ 14.2/14.2 MB 231.5 MB/s  0:00:00
2025-12-23T21:43:31.3419942Z Downloading types_pyyaml-6.0.12.20250915-py3-none-any.whl (20 kB)
2025-12-23T21:43:31.3478155Z Downloading typing_extensions-4.15.0-py3-none-any.whl (44 kB)
2025-12-23T21:43:31.3547567Z Downloading typing_inspection-0.4.2-py3-none-any.whl (14 kB)
2025-12-23T21:43:31.3622922Z Downloading uvloop-0.22.1-cp311-cp311-manylinux2014_x86_64.manylinux_2_17_x86_64.manylinux_2_28_x86_64.whl (3.8 MB)
2025-12-23T21:43:31.3854626Z    ━━━━━━━━━━━━━━━━━━━━━━━━━━━━━━━━━━━━━━━━ 3.8/3.8 MB 174.5 MB/s  0:00:00
2025-12-23T21:43:31.3913569Z Downloading watchfiles-1.1.1-cp311-cp311-manylinux_2_17_x86_64.manylinux2014_x86_64.whl (456 kB)
2025-12-23T21:43:31.3993037Z Downloading websockets-15.0.1-cp311-cp311-manylinux_2_5_x86_64.manylinux1_x86_64.manylinux_2_17_x86_64.manylinux2014_x86_64.whl (182 kB)
2025-12-23T21:43:31.4055257Z Downloading certifi-2025.11.12-py3-none-any.whl (159 kB)
2025-12-23T21:43:31.4114832Z Downloading mako-1.3.10-py3-none-any.whl (78 kB)
2025-12-23T21:43:31.4188866Z Downloading markupsafe-3.0.3-cp311-cp311-manylinux2014_x86_64.manylinux_2_17_x86_64.manylinux_2_28_x86_64.whl (22 kB)
2025-12-23T21:43:31.4905488Z Building wheels for collected packages: tunix-rt-backend
2025-12-23T21:43:31.4915560Z   Building editable for tunix-rt-backend (pyproject.toml): started
2025-12-23T21:43:31.6924002Z   Building editable for tunix-rt-backend (pyproject.toml): finished with status 'done'
2025-12-23T21:43:31.6929573Z   Created wheel for tunix-rt-backend: filename=tunix_rt_backend-0.1.0-0.editable-py3-none-any.whl size=3178 sha256=675d5adef46200dbe8abef8c81d9c16e891fa25886c65911dfcf1be27e4384f8
2025-12-23T21:43:31.6931897Z   Stored in directory: /tmp/pip-ephem-wheel-cache-ku6ya5hn/wheels/6c/ee/47/0b2814d300ad026845dfa3996505f4a0f855be918f2df7eb34
2025-12-23T21:43:31.6945746Z Successfully built tunix-rt-backend
2025-12-23T21:43:31.7641324Z Installing collected packages: websockets, uvloop, typing-extensions, types-PyYAML, ruff, pyyaml, python-dotenv, pygments, prometheus-client, pluggy, pathspec, packaging, mypy_extensions, MarkupSafe, librt, iniconfig, idna, httptools, h11, greenlet, coverage, click, certifi, asyncpg, annotated-types, annotated-doc, aiosqlite, uvicorn, typing-inspection, sqlalchemy, pytest, pydantic-core, mypy, Mako, httpcore, anyio, watchfiles, starlette, pytest-cov, pytest-asyncio, pydantic, httpx, alembic, pydantic-settings, fastapi, tunix-rt-backend
2025-12-23T21:43:36.6245653Z
2025-12-23T21:43:36.6274446Z Successfully installed Mako-1.3.10 MarkupSafe-3.0.3 aiosqlite-0.22.1 alembic-1.17.2 annotated-doc-0.0.4 annotated-types-0.7.0 anyio-4.12.0 asyncpg-0.31.0 certifi-2025.11.12 click-8.3.1 coverage-7.13.0 fastapi-0.125.0 greenlet-3.3.0 h11-0.16.0 httpcore-1.0.9 httptools-0.7.1 httpx-0.28.1 idna-3.11 iniconfig-2.3.0 librt-0.7.4 mypy-1.19.1 mypy_extensions-1.1.0 packaging-25.0 pathspec-0.12.1 pluggy-1.6.0 prometheus-client-0.23.1 pydantic-2.12.5 pydantic-core-2.41.5 pydantic-settings-2.12.0 pygments-2.19.2 pytest-9.0.2 pytest-asyncio-1.3.0 pytest-cov-7.0.0 python-dotenv-1.2.1 pyyaml-6.0.3 ruff-0.14.10 sqlalchemy-2.0.45 starlette-0.50.0 tunix-rt-backend-0.1.0 types-PyYAML-6.0.12.20250915 typing-extensions-4.15.0 typing-inspection-0.4.2 uvicorn-0.38.0 uvloop-0.22.1 watchfiles-1.1.1 websockets-15.0.1
2025-12-23T21:43:37.1878353Z ##[group]Run ruff check .
2025-12-23T21:43:37.1878911Z [36;1mruff check .[0m
2025-12-23T21:43:37.1912820Z shell: /usr/bin/bash -e {0}
2025-12-23T21:43:37.1913047Z env:
2025-12-23T21:43:37.1913290Z   pythonLocation: /opt/hostedtoolcache/Python/3.11.14/x64
2025-12-23T21:43:37.1913698Z   PKG_CONFIG_PATH: /opt/hostedtoolcache/Python/3.11.14/x64/lib/pkgconfig
2025-12-23T21:43:37.1914101Z   Python_ROOT_DIR: /opt/hostedtoolcache/Python/3.11.14/x64
2025-12-23T21:43:37.1914445Z   Python2_ROOT_DIR: /opt/hostedtoolcache/Python/3.11.14/x64
2025-12-23T21:43:37.1914793Z   Python3_ROOT_DIR: /opt/hostedtoolcache/Python/3.11.14/x64
2025-12-23T21:43:37.1915138Z   LD_LIBRARY_PATH: /opt/hostedtoolcache/Python/3.11.14/x64/lib
2025-12-23T21:43:37.1915423Z ##[endgroup]
2025-12-23T21:43:37.2193197Z All checks passed!
2025-12-23T21:43:37.2226681Z ##[group]Run ruff format --check .
2025-12-23T21:43:37.2226969Z [36;1mruff format --check .[0m
2025-12-23T21:43:37.2258259Z shell: /usr/bin/bash -e {0}
2025-12-23T21:43:37.2258686Z env:
2025-12-23T21:43:37.2259113Z   pythonLocation: /opt/hostedtoolcache/Python/3.11.14/x64
2025-12-23T21:43:37.2259528Z   PKG_CONFIG_PATH: /opt/hostedtoolcache/Python/3.11.14/x64/lib/pkgconfig
2025-12-23T21:43:37.2259924Z   Python_ROOT_DIR: /opt/hostedtoolcache/Python/3.11.14/x64
2025-12-23T21:43:37.2260268Z   Python2_ROOT_DIR: /opt/hostedtoolcache/Python/3.11.14/x64
2025-12-23T21:43:37.2260631Z   Python3_ROOT_DIR: /opt/hostedtoolcache/Python/3.11.14/x64
2025-12-23T21:43:37.2260973Z   LD_LIBRARY_PATH: /opt/hostedtoolcache/Python/3.11.14/x64/lib
2025-12-23T21:43:37.2261263Z ##[endgroup]
2025-12-23T21:43:37.2552673Z Would reformat: tests/test_tunix_registry.py
2025-12-23T21:43:37.2553403Z 1 file would be reformatted, 70 files already formatted
2025-12-23T21:43:37.2569723Z ##[error]Process completed with exit code 1.
2025-12-23T21:43:37.2672099Z Post job cleanup.
2025-12-23T21:43:37.3619032Z [command]/usr/bin/git version
2025-12-23T21:43:37.3661545Z git version 2.52.0
2025-12-23T21:43:37.3711285Z Temporarily overriding HOME='/home/runner/work/_temp/94114b60-7f8a-4755-8407-02c03eace29f' before making global git config changes
2025-12-23T21:43:37.3712556Z Adding repository directory to the temporary git global config as a safe directory
2025-12-23T21:43:37.3716344Z [command]/usr/bin/git config --global --add safe.directory /home/runner/work/tunix-rt/tunix-rt
2025-12-23T21:43:37.3758371Z [command]/usr/bin/git config --local --name-only --get-regexp core\.sshCommand
2025-12-23T21:43:37.3794460Z [command]/usr/bin/git submodule foreach --recursive sh -c "git config --local --name-only --get-regexp 'core\.sshCommand' && git config --local --unset-all 'core.sshCommand' || :"
2025-12-23T21:43:37.4131269Z [command]/usr/bin/git config --local --name-only --get-regexp http\.https\:\/\/github\.com\/\.extraheader
2025-12-23T21:43:37.4176868Z http.https://github.com/.extraheader
2025-12-23T21:43:37.4187409Z [command]/usr/bin/git config --local --unset-all http.https://github.com/.extraheader
2025-12-23T21:43:37.4240641Z [command]/usr/bin/git submodule foreach --recursive sh -c "git config --local --name-only --get-regexp 'http\.https\:\/\/github\.com\/\.extraheader' && git config --local --unset-all 'http.https://github.com/.extraheader' || :"
2025-12-23T21:43:37.4744947Z Cleaning up orphan processes
