2025-12-23T22:52:44.7539323Z Current runner version: '2.330.0'
2025-12-23T22:52:44.7573143Z ##[group]Runner Image Provisioner
2025-12-23T22:52:44.7574424Z Hosted Compute Agent
2025-12-23T22:52:44.7575249Z Version: 20251211.462
2025-12-23T22:52:44.7576141Z Commit: 6cbad8c2bb55d58165063d031ccabf57e2d2db61
2025-12-23T22:52:44.7577173Z Build Date: 2025-12-11T16:28:49Z
2025-12-23T22:52:44.7578361Z Worker ID: {a348ec44-a022-4b94-98cc-f4e2b7e75ba4}
2025-12-23T22:52:44.7579375Z ##[endgroup]
2025-12-23T22:52:44.7580187Z ##[group]Operating System
2025-12-23T22:52:44.7580995Z Ubuntu
2025-12-23T22:52:44.7581658Z 24.04.3
2025-12-23T22:52:44.7582215Z LTS
2025-12-23T22:52:44.7582948Z ##[endgroup]
2025-12-23T22:52:44.7583695Z ##[group]Runner Image
2025-12-23T22:52:44.7584444Z Image: ubuntu-24.04
2025-12-23T22:52:44.7585279Z Version: 20251215.174.1
2025-12-23T22:52:44.7586790Z Included Software: https://github.com/actions/runner-images/blob/ubuntu24/20251215.174/images/ubuntu/Ubuntu2404-Readme.md
2025-12-23T22:52:44.7589573Z Image Release: https://github.com/actions/runner-images/releases/tag/ubuntu24%2F20251215.174
2025-12-23T22:52:44.7591045Z ##[endgroup]
2025-12-23T22:52:44.7592562Z ##[group]GITHUB_TOKEN Permissions
2025-12-23T22:52:44.7595062Z Contents: read
2025-12-23T22:52:44.7595784Z Metadata: read
2025-12-23T22:52:44.7596627Z ##[endgroup]
2025-12-23T22:52:44.7599840Z Secret source: Actions
2025-12-23T22:52:44.7600831Z Prepare workflow directory
2025-12-23T22:52:44.8246987Z Prepare all required actions
2025-12-23T22:52:44.8304137Z Getting action download info
2025-12-23T22:52:45.3381937Z Download action repository 'actions/checkout@11bd71901bbe5b1630ceea73d27597364c9af683' (SHA:11bd71901bbe5b1630ceea73d27597364c9af683)
2025-12-23T22:52:45.4729298Z Download action repository 'dorny/paths-filter@de90cc6fb38fc0963ad72b210f1f284cd68cea36' (SHA:de90cc6fb38fc0963ad72b210f1f284cd68cea36)
2025-12-23T22:52:46.4503044Z Complete job name: changes
2025-12-23T22:52:46.5186264Z ##[group]Run actions/checkout@11bd71901bbe5b1630ceea73d27597364c9af683
2025-12-23T22:52:46.5187633Z with:
2025-12-23T22:52:46.5188354Z   fetch-depth: 0
2025-12-23T22:52:46.5188982Z   repository: m-cahill/tunix-rt
2025-12-23T22:52:46.5189964Z   token: ***
2025-12-23T22:52:46.5190535Z   ssh-strict: true
2025-12-23T22:52:46.5191110Z   ssh-user: git
2025-12-23T22:52:46.5191689Z   persist-credentials: true
2025-12-23T22:52:46.5192302Z   clean: true
2025-12-23T22:52:46.5192929Z   sparse-checkout-cone-mode: true
2025-12-23T22:52:46.5193662Z   fetch-tags: false
2025-12-23T22:52:46.5194202Z   show-progress: true
2025-12-23T22:52:46.5194858Z   lfs: false
2025-12-23T22:52:46.5195349Z   submodules: false
2025-12-23T22:52:46.5195924Z   set-safe-directory: true
2025-12-23T22:52:46.5196851Z ##[endgroup]
2025-12-23T22:52:46.6280813Z Syncing repository: m-cahill/tunix-rt
2025-12-23T22:52:46.6284412Z ##[group]Getting Git version info
2025-12-23T22:52:46.6286249Z Working directory is '/home/runner/work/tunix-rt/tunix-rt'
2025-12-23T22:52:46.6289004Z [command]/usr/bin/git version
2025-12-23T22:52:46.6341332Z git version 2.52.0
2025-12-23T22:52:46.6368939Z ##[endgroup]
2025-12-23T22:52:46.6384543Z Temporarily overriding HOME='/home/runner/work/_temp/be2f74fe-0486-49e6-a0b3-e57fdb865abf' before making global git config changes
2025-12-23T22:52:46.6388782Z Adding repository directory to the temporary git global config as a safe directory
2025-12-23T22:52:46.6393942Z [command]/usr/bin/git config --global --add safe.directory /home/runner/work/tunix-rt/tunix-rt
2025-12-23T22:52:46.6444622Z Deleting the contents of '/home/runner/work/tunix-rt/tunix-rt'
2025-12-23T22:52:46.6449089Z ##[group]Initializing the repository
2025-12-23T22:52:46.6454304Z [command]/usr/bin/git init /home/runner/work/tunix-rt/tunix-rt
2025-12-23T22:52:46.6562910Z hint: Using 'master' as the name for the initial branch. This default branch name
2025-12-23T22:52:46.6566792Z hint: will change to "main" in Git 3.0. To configure the initial branch name
2025-12-23T22:52:46.6569323Z hint: to use in all of your new repositories, which will suppress this warning,
2025-12-23T22:52:46.6571462Z hint: call:
2025-12-23T22:52:46.6572319Z hint:
2025-12-23T22:52:46.6573880Z hint: 	git config --global init.defaultBranch <name>
2025-12-23T22:52:46.6575352Z hint:
2025-12-23T22:52:46.6576605Z hint: Names commonly chosen instead of 'master' are 'main', 'trunk' and
2025-12-23T22:52:46.6579520Z hint: 'development'. The just-created branch can be renamed via this command:
2025-12-23T22:52:46.6581283Z hint:
2025-12-23T22:52:46.6582185Z hint: 	git branch -m <name>
2025-12-23T22:52:46.6583276Z hint:
2025-12-23T22:52:46.6584681Z hint: Disable this message with "git config set advice.defaultBranchName false"
2025-12-23T22:52:46.6587448Z Initialized empty Git repository in /home/runner/work/tunix-rt/tunix-rt/.git/
2025-12-23T22:52:46.6592892Z [command]/usr/bin/git remote add origin https://github.com/m-cahill/tunix-rt
2025-12-23T22:52:46.6621874Z ##[endgroup]
2025-12-23T22:52:46.6624653Z ##[group]Disabling automatic garbage collection
2025-12-23T22:52:46.6626812Z [command]/usr/bin/git config --local gc.auto 0
2025-12-23T22:52:46.6656137Z ##[endgroup]
2025-12-23T22:52:46.6657683Z ##[group]Setting up auth
2025-12-23T22:52:46.6662390Z [command]/usr/bin/git config --local --name-only --get-regexp core\.sshCommand
2025-12-23T22:52:46.6692163Z [command]/usr/bin/git submodule foreach --recursive sh -c "git config --local --name-only --get-regexp 'core\.sshCommand' && git config --local --unset-all 'core.sshCommand' || :"
2025-12-23T22:52:46.6989779Z [command]/usr/bin/git config --local --name-only --get-regexp http\.https\:\/\/github\.com\/\.extraheader
2025-12-23T22:52:46.7020521Z [command]/usr/bin/git submodule foreach --recursive sh -c "git config --local --name-only --get-regexp 'http\.https\:\/\/github\.com\/\.extraheader' && git config --local --unset-all 'http.https://github.com/.extraheader' || :"
2025-12-23T22:52:46.7352853Z [command]/usr/bin/git config --local http.https://github.com/.extraheader AUTHORIZATION: basic ***
2025-12-23T22:52:46.7357040Z ##[endgroup]
2025-12-23T22:52:46.7358895Z ##[group]Fetching the repository
2025-12-23T22:52:46.7362148Z [command]/usr/bin/git -c protocol.version=2 fetch --prune --no-recurse-submodules origin +refs/heads/*:refs/remotes/origin/* +refs/tags/*:refs/tags/*
2025-12-23T22:52:48.0011783Z From https://github.com/m-cahill/tunix-rt
2025-12-23T22:52:48.0014737Z  * [new branch]      dependabot/github_actions/actions/cache-5.0.1 -> origin/dependabot/github_actions/actions/cache-5.0.1
2025-12-23T22:52:48.0019080Z  * [new branch]      dependabot/github_actions/actions/checkout-6 -> origin/dependabot/github_actions/actions/checkout-6
2025-12-23T22:52:48.0024268Z  * [new branch]      dependabot/github_actions/actions/setup-node-6.1.0 -> origin/dependabot/github_actions/actions/setup-node-6.1.0
2025-12-23T22:52:48.0029307Z  * [new branch]      dependabot/github_actions/actions/setup-python-6 -> origin/dependabot/github_actions/actions/setup-python-6
2025-12-23T22:52:48.0034073Z  * [new branch]      dependabot/github_actions/actions/upload-artifact-6 -> origin/dependabot/github_actions/actions/upload-artifact-6
2025-12-23T22:52:48.0038359Z  * [new branch]      dependabot/npm_and_yarn/e2e/types/node-25.0.3 -> origin/dependabot/npm_and_yarn/e2e/types/node-25.0.3
2025-12-23T22:52:48.0042061Z  * [new branch]      dependabot/npm_and_yarn/frontend/eslint-9.39.2 -> origin/dependabot/npm_and_yarn/frontend/eslint-9.39.2
2025-12-23T22:52:48.0046682Z  * [new branch]      dependabot/npm_and_yarn/frontend/eslint-plugin-react-hooks-7.0.1 -> origin/dependabot/npm_and_yarn/frontend/eslint-plugin-react-hooks-7.0.1
2025-12-23T22:52:48.0051561Z  * [new branch]      dependabot/npm_and_yarn/frontend/multi-92cd713b78 -> origin/dependabot/npm_and_yarn/frontend/multi-92cd713b78
2025-12-23T22:52:48.0055323Z  * [new branch]      dependabot/npm_and_yarn/frontend/testing-library/react-16.3.1 -> origin/dependabot/npm_and_yarn/frontend/testing-library/react-16.3.1
2025-12-23T22:52:48.0060774Z  * [new branch]      dependabot/npm_and_yarn/frontend/vitejs/plugin-react-5.1.2 -> origin/dependabot/npm_and_yarn/frontend/vitejs/plugin-react-5.1.2
2025-12-23T22:52:48.0065424Z  * [new branch]      fix/ci-final-remediation -> origin/fix/ci-final-remediation
2025-12-23T22:52:48.0067489Z  * [new branch]      main       -> origin/main
2025-12-23T22:52:48.0080142Z [command]/usr/bin/git branch --list --remote origin/main
2025-12-23T22:52:48.0101942Z   origin/main
2025-12-23T22:52:48.0112506Z [command]/usr/bin/git rev-parse refs/remotes/origin/main
2025-12-23T22:52:48.0132335Z 9d0c4e1d832db3f9c75ff321e5a43f4417fd68b2
2025-12-23T22:52:48.0140895Z ##[endgroup]
2025-12-23T22:52:48.0143253Z ##[group]Determining the checkout info
2025-12-23T22:52:48.0146483Z ##[endgroup]
2025-12-23T22:52:48.0148438Z [command]/usr/bin/git sparse-checkout disable
2025-12-23T22:52:48.0184705Z [command]/usr/bin/git config --local --unset-all extensions.worktreeConfig
2025-12-23T22:52:48.0210255Z ##[group]Checking out the ref
2025-12-23T22:52:48.0213471Z [command]/usr/bin/git checkout --progress --force -B main refs/remotes/origin/main
2025-12-23T22:52:48.1362891Z Switched to a new branch 'main'
2025-12-23T22:52:48.1368214Z branch 'main' set up to track 'origin/main'.
2025-12-23T22:52:48.1378808Z ##[endgroup]
2025-12-23T22:52:48.1413449Z [command]/usr/bin/git log -1 --format=%H
2025-12-23T22:52:48.1434231Z 9d0c4e1d832db3f9c75ff321e5a43f4417fd68b2
2025-12-23T22:52:48.1743039Z ##[group]Run BASE="f78db09675bf24f26509b7b4ecefad6fd929149b"
2025-12-23T22:52:48.1744500Z [36;1mBASE="f78db09675bf24f26509b7b4ecefad6fd929149b"[0m
2025-12-23T22:52:48.1745676Z [36;1mREF="9d0c4e1d832db3f9c75ff321e5a43f4417fd68b2"[0m
2025-12-23T22:52:48.1746754Z [36;1mecho "Base SHA: $BASE"[0m
2025-12-23T22:52:48.1747663Z [36;1mecho "Ref SHA: $REF"[0m
2025-12-23T22:52:48.1748728Z [36;1mif [ -z "$BASE" ] || [ -z "$REF" ]; then[0m
2025-12-23T22:52:48.1750082Z [36;1m  echo "::error::paths-filter base or ref SHA is empty — workflow misconfigured"[0m
2025-12-23T22:52:48.1751347Z [36;1m  exit 1[0m
2025-12-23T22:52:48.1752072Z [36;1mfi[0m
2025-12-23T22:52:48.1775044Z shell: /usr/bin/bash -e {0}
2025-12-23T22:52:48.1775953Z ##[endgroup]
2025-12-23T22:52:48.1846891Z Base SHA: f78db09675bf24f26509b7b4ecefad6fd929149b
2025-12-23T22:52:48.1849156Z Ref SHA: 9d0c4e1d832db3f9c75ff321e5a43f4417fd68b2
2025-12-23T22:52:48.1954187Z ##[group]Run dorny/paths-filter@de90cc6fb38fc0963ad72b210f1f284cd68cea36
2025-12-23T22:52:48.1955307Z with:
2025-12-23T22:52:48.1956028Z   base: f78db09675bf24f26509b7b4ecefad6fd929149b
2025-12-23T22:52:48.1956992Z   ref: 9d0c4e1d832db3f9c75ff321e5a43f4417fd68b2
2025-12-23T22:52:48.1958591Z   filters: backend:
  - 'backend/**'
frontend:
  - 'frontend/**'
e2e:
  - 'e2e/**'
workflow:
  - '.github/workflows/**'

2025-12-23T22:52:48.1959916Z   list-files: none
2025-12-23T22:52:48.1960604Z   initial-fetch-depth: 100
2025-12-23T22:52:48.1961347Z ##[endgroup]
2025-12-23T22:52:48.2854324Z ##[group]Get current git ref
2025-12-23T22:52:48.2895581Z [command]/usr/bin/git branch --show-current
2025-12-23T22:52:48.2933117Z main
2025-12-23T22:52:48.2955247Z ##[endgroup]
2025-12-23T22:52:48.2961093Z Changes will be detected between f78db09675bf24f26509b7b4ecefad6fd929149b and 9d0c4e1d832db3f9c75ff321e5a43f4417fd68b2
2025-12-23T22:52:48.2965685Z ##[group]Ensuring f78db09675bf24f26509b7b4ecefad6fd929149b is fetched from origin
2025-12-23T22:52:48.2970875Z [command]/usr/bin/git cat-file -e f78db09675bf24f26509b7b4ecefad6fd929149b^{commit}
2025-12-23T22:52:48.3001977Z ##[endgroup]
2025-12-23T22:52:48.3004752Z ##[group]Ensuring 9d0c4e1d832db3f9c75ff321e5a43f4417fd68b2 is fetched from origin
2025-12-23T22:52:48.3014340Z [command]/usr/bin/git cat-file -e 9d0c4e1d832db3f9c75ff321e5a43f4417fd68b2^{commit}
2025-12-23T22:52:48.3042402Z ##[endgroup]
2025-12-23T22:52:48.3047774Z ##[group]Change detection f78db09675bf24f26509b7b4ecefad6fd929149b..9d0c4e1d832db3f9c75ff321e5a43f4417fd68b2
2025-12-23T22:52:48.3054598Z [command]/usr/bin/git diff --no-renames --name-status -z f78db09675bf24f26509b7b4ecefad6fd929149b..9d0c4e1d832db3f9c75ff321e5a43f4417fd68b2
2025-12-23T22:52:48.3462755Z A ProjectFiles/Milestones/Phase3/M15_full_audit.md A ProjectFiles/Workflows/context_52932119858.md A ProjectFiles/Workflows/context_52933273262.md A ProjectFiles/Workflows/context_52934970024.md A ProjectFiles/Workflows/context_52935611263.md A ProjectFiles/Workflows/logs_52932119858/0_e2e.txt A ProjectFiles/Workflows/logs_52932119858/1_security-backend.txt A ProjectFiles/Workflows/logs_52932119858/3_backend (3.12).txt A ProjectFiles/Workflows/logs_52932119858/4_backend (3.11).txt A ProjectFiles/Workflows/logs_52932119858/6_changes.txt A ProjectFiles/Workflows/logs_52932119858/7_security-secrets.txt A ProjectFiles/Workflows/logs_52932119858/backend (3.11)/1_Set up job.txt A ProjectFiles/Workflows/logs_52932119858/backend (3.11)/24_Post Run actions_checkout@11bd71901bbe5b1630ceea73d27597364c9af683.txt A ProjectFiles/Workflows/logs_52932119858/backend (3.11)/25_Complete job.txt A ProjectFiles/Workflows/logs_52932119858/backend (3.11)/2_Run actions_checkout@11bd71901bbe5b1630ceea73d27597364c9af683.txt A ProjectFiles/Workflows/logs_52932119858/backend (3.11)/3_Run actions_setup-python@0b93645e9fea7318ecaed2b359559ac225c90a2b.txt A ProjectFiles/Workflows/logs_52932119858/backend (3.11)/4_Install dependencies.txt A ProjectFiles/Workflows/logs_52932119858/backend (3.11)/system.txt A ProjectFiles/Workflows/logs_52932119858/backend (3.12)/1_Set up job.txt A ProjectFiles/Workflows/logs_52932119858/backend (3.12)/24_Post Run actions_checkout@11bd71901bbe5b1630ceea73d27597364c9af683.txt A ProjectFiles/Workflows/logs_52932119858/backend (3.12)/25_Complete job.txt A ProjectFiles/Workflows/logs_52932119858/backend (3.12)/2_Run actions_checkout@11bd71901bbe5b1630ceea73d27597364c9af683.txt A ProjectFiles/Workflows/logs_52932119858/backend (3.12)/3_Run actions_setup-python@0b93645e9fea7318ecaed2b359559ac225c90a2b.txt A ProjectFiles/Workflows/logs_52932119858/backend (3.12)/4_Install dependencies.txt A ProjectFiles/Workflows/logs_52932119858/backend (3.12)/5_Ruff check.txt A ProjectFiles/Workflows/logs_52932119858/backend (3.12)/6_Ruff format check.txt A ProjectFiles/Workflows/logs_52932119858/backend (3.12)/system.txt A ProjectFiles/Workflows/logs_52932119858/changes/1_Set up job.txt A ProjectFiles/Workflows/logs_52932119858/changes/2_Run actions_checkout@11bd71901bbe5b1630ceea73d27597364c9af683.txt A ProjectFiles/Workflows/logs_52932119858/changes/3_Validate paths-filter inputs.txt A ProjectFiles/Workflows/logs_52932119858/changes/4_Run dorny_paths-filter@de90cc6fb38fc0963ad72b210f1f284cd68cea36.txt A ProjectFiles/Workflows/logs_52932119858/changes/8_Post Run actions_checkout@11bd71901bbe5b1630ceea73d27597364c9af683.txt A ProjectFiles/Workflows/logs_52932119858/changes/9_Complete job.txt A ProjectFiles/Workflows/logs_52932119858/changes/system.txt A ProjectFiles/Workflows/logs_52932119858/e2e/10_Cache Playwright browsers.txt A ProjectFiles/Workflows/logs_52932119858/e2e/11_Install Playwright browsers.txt A ProjectFiles/Workflows/logs_52932119858/e2e/12_Run Playwright tests.txt A ProjectFiles/Workflows/logs_52932119858/e2e/13_Run actions_upload-artifact@6f51ac03b9356f520e9adb1b1b7802705f340c2b.txt A ProjectFiles/Workflows/logs_52932119858/e2e/1_Set up job.txt A ProjectFiles/Workflows/logs_52932119858/e2e/25_Post Run actions_checkout@11bd71901bbe5b1630ceea73d27597364c9af683.txt A ProjectFiles/Workflows/logs_52932119858/e2e/26_Stop containers.txt A ProjectFiles/Workflows/logs_52932119858/e2e/27_Complete job.txt A ProjectFiles/Workflows/logs_52932119858/e2e/2_Initialize containers.txt A ProjectFiles/Workflows/logs_52932119858/e2e/3_Run actions_checkout@11bd71901bbe5b1630ceea73d27597364c9af683.txt A ProjectFiles/Workflows/logs_52932119858/e2e/4_Run actions_setup-python@0b93645e9fea7318ecaed2b359559ac225c90a2b.txt A ProjectFiles/Workflows/logs_52932119858/e2e/5_Install backend dependencies.txt A ProjectFiles/Workflows/logs_52932119858/e2e/6_Run database migrations.txt A ProjectFiles/Workflows/logs_52932119858/e2e/7_Run actions_setup-node@39370e3970a6d050c480ffad4ff0ed4d3fdee5af.txt A ProjectFiles/Workflows/logs_52932119858/e2e/8_Install frontend dependencies.txt A ProjectFiles/Workflows/logs_52932119858/e2e/9_Install E2E dependencies.txt A ProjectFiles/Workflows/logs_52932119858/e2e/system.txt A ProjectFiles/Workflows/logs_52932119858/security-backend/10_Upload SBOM.txt A ProjectFiles/Workflows/logs_52932119858/security-backend/18_Post Cache security tools.txt A ProjectFiles/Workflows/logs_52932119858/security-backend/19_Post Run actions_setup-python@0b93645e9fea7318ecaed2b359559ac225c90a2b.txt A ProjectFiles/Workflows/logs_52932119858/security-backend/1_Set up job.txt A ProjectFiles/Workflows/logs_52932119858/security-backend/20_Post Run actions_checkout@11bd71901bbe5b1630ceea73d27597364c9af683.txt A ProjectFiles/Workflows/logs_52932119858/security-backend/21_Complete job.txt A ProjectFiles/Workflows/logs_52932119858/security-backend/2_Run actions_checkout@11bd71901bbe5b1630ceea73d27597364c9af683.txt A ProjectFiles/Workflows/logs_52932119858/security-backend/3_Run actions_setup-python@0b93645e9fea7318ecaed2b359559ac225c90a2b.txt A ProjectFiles/Workflows/logs_52932119858/security-backend/4_Install dependencies.txt A ProjectFiles/Workflows/logs_52932119858/security-backend/5_Cache security tools.txt A ProjectFiles/Workflows/logs_52932119858/security-backend/6_Run pip-audit.txt A ProjectFiles/Workflows/logs_52932119858/security-backend/7_Upload pip-audit report.txt A ProjectFiles/Workflows/logs_52932119858/security-backend/8_Install SBOM tool.txt A ProjectFiles/Workflows/logs_52932119858/security-backend/9_Generate SBOM.txt A ProjectFiles/Workflows/logs_52932119858/security-backend/system.txt A ProjectFiles/Workflows/logs_52932119858/security-secrets/1_Set up job.txt A ProjectFiles/Workflows/logs_52932119858/security-secrets/2_Run actions_checkout@11bd71901bbe5b1630ceea73d27597364c9af683.txt A ProjectFiles/Workflows/logs_52932119858/security-secrets/3_Run Gitleaks.txt A ProjectFiles/Workflows/logs_52932119858/security-secrets/6_Post Run actions_checkout@11bd71901bbe5b1630ceea73d27597364c9af683.txt A ProjectFiles/Workflows/logs_52932119858/security-secrets/7_Complete job.txt A ProjectFiles/Workflows/logs_52932119858/security-secrets/system.txt A ProjectFiles/Workflows/logs_52933273262/0_backend (3.11).txt A ProjectFiles/Workflows/logs_52933273262/1_backend (3.12).txt A ProjectFiles/Workflows/logs_52933273262/2_security-backend.txt A ProjectFiles/Workflows/logs_52933273262/3_e2e.txt A ProjectFiles/Workflows/logs_52933273262/6_changes.txt A ProjectFiles/Workflows/logs_52933273262/7_security-secrets.txt A ProjectFiles/Workflows/logs_52933273262/backend (3.11)/1_Set up job.txt A ProjectFiles/Workflows/logs_52933273262/backend (3.11)/24_Post Run actions_checkout@11bd71901bbe5b1630ceea73d27597364c9af683.txt A ProjectFiles/Workflows/logs_52933273262/backend (3.11)/25_Complete job.txt A ProjectFiles/Workflows/logs_52933273262/backend (3.11)/2_Run actions_checkout@11bd71901bbe5b1630ceea73d27597364c9af683.txt A ProjectFiles/Workflows/logs_52933273262/backend (3.11)/3_Run actions_setup-python@0b93645e9fea7318ecaed2b359559ac225c90a2b.txt A ProjectFiles/Workflows/logs_52933273262/backend (3.11)/4_Install dependencies.txt A ProjectFiles/Workflows/logs_52933273262/backend (3.11)/5_Ruff check.txt A ProjectFiles/Workflows/logs_52933273262/backend (3.11)/6_Ruff format check.txt A ProjectFiles/Workflows/logs_52933273262/backend (3.11)/system.txt A ProjectFiles/Workflows/logs_52933273262/backend (3.12)/1_Set up job.txt A ProjectFiles/Workflows/logs_52933273262/backend (3.12)/24_Post Run actions_checkout@11bd71901bbe5b1630ceea73d27597364c9af683.txt A ProjectFiles/Workflows/logs_52933273262/backend (3.12)/25_Complete job.txt A ProjectFiles/Workflows/logs_52933273262/backend (3.12)/2_Run actions_checkout@11bd71901bbe5b1630ceea73d27597364c9af683.txt A ProjectFiles/Workflows/logs_52933273262/backend (3.12)/3_Run actions_setup-python@0b93645e9fea7318ecaed2b359559ac225c90a2b.txt A ProjectFiles/Workflows/logs_52933273262/backend (3.12)/4_Install dependencies.txt A ProjectFiles/Workflows/logs_52933273262/backend (3.12)/5_Ruff check.txt A ProjectFiles/Workflows/logs_52933273262/backend (3.12)/6_Ruff format check.txt A ProjectFiles/Workflows/logs_52933273262/backend (3.12)/system.txt A ProjectFiles/Workflows/logs_52933273262/changes/1_Set up job.txt A ProjectFiles/Workflows/logs_52933273262/changes/2_Run actions_checkout@11bd71901bbe5b1630ceea73d27597364c9af683.txt A ProjectFiles/Workflows/logs_52933273262/changes/3_Validate paths-filter inputs.txt A ProjectFiles/Workflows/logs_52933273262/changes/4_Run dorny_paths-filter@de90cc6fb38fc0963ad72b210f1f284cd68cea36.txt A ProjectFiles/Workflows/logs_52933273262/changes/8_Post Run actions_checkout@11bd71901bbe5b1630ceea73d27597364c9af683.txt A ProjectFiles/Workflows/logs_52933273262/changes/9_Complete job.txt A ProjectFiles/Workflows/logs_52933273262/changes/system.txt A ProjectFiles/Workflows/logs_52933273262/e2e/10_Cache Playwright browsers.txt A ProjectFiles/Workflows/logs_52933273262/e2e/11_Install Playwright browsers.txt A ProjectFiles/Workflows/logs_52933273262/e2e/12_Run Playwright tests.txt A ProjectFiles/Workflows/logs_52933273262/e2e/13_Run actions_upload-artifact@6f51ac03b9356f520e9adb1b1b7802705f340c2b.txt A ProjectFiles/Workflows/logs_52933273262/e2e/1_Set up job.txt A ProjectFiles/Workflows/logs_52933273262/e2e/25_Post Run actions_checkout@11bd71901bbe5b1630ceea73d27597364c9af683.txt A ProjectFiles/Workflows/logs_52933273262/e2e/26_Stop containers.txt A ProjectFiles/Workflows/logs_52933273262/e2e/27_Complete job.txt A ProjectFiles/Workflows/logs_52933273262/e2e/2_Initialize containers.txt A ProjectFiles/Workflows/logs_52933273262/e2e/3_Run actions_checkout@11bd71901bbe5b1630ceea73d27597364c9af683.txt A ProjectFiles/Workflows/logs_52933273262/e2e/4_Run actions_setup-python@0b93645e9fea7318ecaed2b359559ac225c90a2b.txt A ProjectFiles/Workflows/logs_52933273262/e2e/5_Install backend dependencies.txt A ProjectFiles/Workflows/logs_52933273262/e2e/6_Run database migrations.txt A ProjectFiles/Workflows/logs_52933273262/e2e/7_Run actions_setup-node@39370e3970a6d050c480ffad4ff0ed4d3fdee5af.txt A ProjectFiles/Workflows/logs_52933273262/e2e/8_Install frontend dependencies.txt A ProjectFiles/Workflows/logs_52933273262/e2e/9_Install E2E dependencies.txt A ProjectFiles/Workflows/logs_52933273262/e2e/system.txt A ProjectFiles/Workflows/logs_52933273262/security-backend/10_Upload SBOM.txt A ProjectFiles/Workflows/logs_52933273262/security-backend/18_Post Cache security tools.txt A ProjectFiles/Workflows/logs_52933273262/security-backend/19_Post Run actions_setup-python@0b93645e9fea7318ecaed2b359559ac225c90a2b.txt A ProjectFiles/Workflows/logs_52933273262/security-backend/1_Set up job.txt A ProjectFiles/Workflows/logs_52933273262/security-backend/20_Post Run actions_checkout@11bd71901bbe5b1630ceea73d27597364c9af683.txt A ProjectFiles/Workflows/logs_52933273262/security-backend/21_Complete job.txt A ProjectFiles/Workflows/logs_52933273262/security-backend/2_Run actions_checkout@11bd71901bbe5b1630ceea73d27597364c9af683.txt A ProjectFiles/Workflows/logs_52933273262/security-backend/3_Run actions_setup-python@0b93645e9fea7318ecaed2b359559ac225c90a2b.txt A ProjectFiles/Workflows/logs_52933273262/security-backend/4_Install dependencies.txt A ProjectFiles/Workflows/logs_52933273262/security-backend/5_Cache security tools.txt A ProjectFiles/Workflows/logs_52933273262/security-backend/6_Run pip-audit.txt A ProjectFiles/Workflows/logs_52933273262/security-backend/7_Upload pip-audit report.txt A ProjectFiles/Workflows/logs_52933273262/security-backend/8_Install SBOM tool.txt A ProjectFiles/Workflows/logs_52933273262/security-backend/9_Generate SBOM.txt A ProjectFiles/Workflows/logs_52933273262/security-backend/system.txt A ProjectFiles/Workflows/logs_52933273262/security-secrets/1_Set up job.txt A ProjectFiles/Workflows/logs_52933273262/security-secrets/2_Run actions_checkout@11bd71901bbe5b1630ceea73d27597364c9af683.txt A ProjectFiles/Workflows/logs_52933273262/security-secrets/3_Run Gitleaks.txt A ProjectFiles/Workflows/logs_52933273262/security-secrets/6_Post Run actions_checkout@11bd71901bbe5b1630ceea73d27597364c9af683.txt A ProjectFiles/Workflows/logs_52933273262/security-secrets/7_Complete job.txt A ProjectFiles/Workflows/logs_52933273262/security-secrets/system.txt A ProjectFiles/Workflows/logs_52934970024/0_backend (3.12).txt A ProjectFiles/Workflows/logs_52934970024/1_security-backend.txt A ProjectFiles/Workflows/logs_52934970024/2_e2e.txt A ProjectFiles/Workflows/logs_52934970024/3_backend (3.11).txt A ProjectFiles/Workflows/logs_52934970024/6_changes.txt A ProjectFiles/Workflows/logs_52934970024/7_security-secrets.txt A ProjectFiles/Workflows/logs_52934970024/backend (3.11)/1_Set up job.txt A ProjectFiles/Workflows/logs_52934970024/backend (3.11)/24_Post Run actions_checkout@11bd71901bbe5b1630ceea73d27597364c9af683.txt A ProjectFiles/Workflows/logs_52934970024/backend (3.11)/25_Complete job.txt A ProjectFiles/Workflows/logs_52934970024/backend (3.11)/2_Run actions_checkout@11bd71901bbe5b1630ceea73d27597364c9af683.txt A ProjectFiles/Workflows/logs_52934970024/backend (3.11)/3_Run actions_setup-python@0b93645e9fea7318ecaed2b359559ac225c90a2b.txt A ProjectFiles/Workflows/logs_52934970024/backend (3.11)/4_Install dependencies.txt A ProjectFiles/Workflows/logs_52934970024/backend (3.11)/5_Ruff check.txt A ProjectFiles/Workflows/logs_52934970024/backend (3.11)/6_Ruff format check.txt A ProjectFiles/Workflows/logs_52934970024/backend (3.11)/system.txt A ProjectFiles/Workflows/logs_52934970024/backend (3.12)/1_Set up job.txt A ProjectFiles/Workflows/logs_52934970024/backend (3.12)/24_Post Run actions_checkout@11bd71901bbe5b1630ceea73d27597364c9af683.txt A ProjectFiles/Workflows/logs_52934970024/backend (3.12)/25_Complete job.txt A ProjectFiles/Workflows/logs_52934970024/backend (3.12)/2_Run actions_checkout@11bd71901bbe5b1630ceea73d27597364c9af683.txt A ProjectFiles/Workflows/logs_52934970024/backend (3.12)/3_Run actions_setup-python@0b93645e9fea7318ecaed2b359559ac225c90a2b.txt A ProjectFiles/Workflows/logs_52934970024/backend (3.12)/4_Install dependencies.txt A ProjectFiles/Workflows/logs_52934970024/backend (3.12)/system.txt A ProjectFiles/Workflows/logs_52934970024/changes/1_Set up job.txt A ProjectFiles/Workflows/logs_52934970024/changes/2_Run actions_checkout@11bd71901bbe5b1630ceea73d27597364c9af683.txt A ProjectFiles/Workflows/logs_52934970024/changes/3_Validate paths-filter inputs.txt A ProjectFiles/Workflows/logs_52934970024/changes/4_Run dorny_paths-filter@de90cc6fb38fc0963ad72b210f1f284cd68cea36.txt A ProjectFiles/Workflows/logs_52934970024/changes/8_Post Run actions_checkout@11bd71901bbe5b1630ceea73d27597364c9af683.txt A ProjectFiles/Workflows/logs_52934970024/changes/9_Complete job.txt A ProjectFiles/Workflows/logs_52934970024/changes/system.txt A ProjectFiles/Workflows/logs_52934970024/e2e/10_Cache Playwright browsers.txt A ProjectFiles/Workflows/logs_52934970024/e2e/11_Install Playwright browsers.txt A ProjectFiles/Workflows/logs_52934970024/e2e/12_Run Playwright tests.txt A ProjectFiles/Workflows/logs_52934970024/e2e/13_Run actions_upload-artifact@6f51ac03b9356f520e9adb1b1b7802705f340c2b.txt A ProjectFiles/Workflows/logs_52934970024/e2e/1_Set up job.txt A ProjectFiles/Workflows/logs_52934970024/e2e/25_Post Run actions_checkout@11bd71901bbe5b1630ceea73d27597364c9af683.txt A ProjectFiles/Workflows/logs_52934970024/e2e/26_Stop containers.txt A ProjectFiles/Workflows/logs_52934970024/e2e/27_Complete job.txt A ProjectFiles/Workflows/logs_52934970024/e2e/2_Initialize containers.txt A ProjectFiles/Workflows/logs_52934970024/e2e/3_Run actions_checkout@11bd71901bbe5b1630ceea73d27597364c9af683.txt A ProjectFiles/Workflows/logs_52934970024/e2e/4_Run actions_setup-python@0b93645e9fea7318ecaed2b359559ac225c90a2b.txt A ProjectFiles/Workflows/logs_52934970024/e2e/5_Install backend dependencies.txt A ProjectFiles/Workflows/logs_52934970024/e2e/6_Run database migrations.txt A ProjectFiles/Workflows/logs_52934970024/e2e/7_Run actions_setup-node@39370e3970a6d050c480ffad4ff0ed4d3fdee5af.txt A ProjectFiles/Workflows/logs_52934970024/e2e/8_Install frontend dependencies.txt A ProjectFiles/Workflows/logs_52934970024/e2e/9_Install E2E dependencies.txt A ProjectFiles/Workflows/logs_52934970024/e2e/system.txt A ProjectFiles/Workflows/logs_52934970024/security-backend/10_Upload SBOM.txt A ProjectFiles/Workflows/logs_52934970024/security-backend/18_Post Cache security tools.txt A ProjectFiles/Workflows/logs_52934970024/security-backend/19_Post Run actions_setup-python@0b93645e9fea7318ecaed2b359559ac225c90a2b.txt A ProjectFiles/Workflows/logs_52934970024/security-backend/1_Set up job.txt A ProjectFiles/Workflows/logs_52934970024/security-backend/20_Post Run actions_checkout@11bd71901bbe5b1630ceea73d27597364c9af683.txt A ProjectFiles/Workflows/logs_52934970024/security-backend/21_Complete job.txt A ProjectFiles/Workflows/logs_52934970024/security-backend/2_Run actions_checkout@11bd71901bbe5b1630ceea73d27597364c9af683.txt A ProjectFiles/Workflows/logs_52934970024/security-backend/3_Run actions_setup-python@0b93645e9fea7318ecaed2b359559ac225c90a2b.txt A ProjectFiles/Workflows/logs_52934970024/security-backend/4_Install dependencies.txt A ProjectFiles/Workflows/logs_52934970024/security-backend/5_Cache security tools.txt A ProjectFiles/Workflows/logs_52934970024/security-backend/6_Run pip-audit.txt A ProjectFiles/Workflows/logs_52934970024/security-backend/7_Upload pip-audit report.txt A ProjectFiles/Workflows/logs_52934970024/security-backend/8_Install SBOM tool.txt A ProjectFiles/Workflows/logs_52934970024/security-backend/9_Generate SBOM.txt A ProjectFiles/Workflows/logs_52934970024/security-backend/system.txt A ProjectFiles/Workflows/logs_52934970024/security-secrets/1_Set up job.txt A ProjectFiles/Workflows/logs_52934970024/security-secrets/2_Run actions_checkout@11bd71901bbe5b1630ceea73d27597364c9af683.txt A ProjectFiles/Workflows/logs_52934970024/security-secrets/3_Run Gitleaks.txt A ProjectFiles/Workflows/logs_52934970024/security-secrets/6_Post Run actions_checkout@11bd71901bbe5b1630ceea73d27597364c9af683.txt A ProjectFiles/Workflows/logs_52934970024/security-secrets/7_Complete job.txt A ProjectFiles/Workflows/logs_52934970024/security-secrets/system.txt A ProjectFiles/Workflows/logs_52935611263/0_security-backend.txt A ProjectFiles/Workflows/logs_52935611263/1_backend (3.12).txt A ProjectFiles/Workflows/logs_52935611263/2_e2e.txt A ProjectFiles/Workflows/logs_52935611263/3_backend (3.11).txt A ProjectFiles/Workflows/logs_52935611263/4_changes.txt A ProjectFiles/Workflows/logs_52935611263/5_security-secrets.txt A ProjectFiles/Workflows/logs_52935611263/backend (3.11)/1_Set up job.txt A ProjectFiles/Workflows/logs_52935611263/backend (3.11)/24_Post Run actions_checkout@11bd71901bbe5b1630ceea73d27597364c9af683.txt A ProjectFiles/Workflows/logs_52935611263/backend (3.11)/25_Complete job.txt A ProjectFiles/Workflows/logs_52935611263/backend (3.11)/2_Run actions_checkout@11bd71901bbe5b1630ceea73d27597364c9af683.txt A ProjectFiles/Workflows/logs_52935611263/backend (3.11)/3_Run actions_setup-python@0b93645e9fea7318ecaed2b359559ac225c90a2b.txt A ProjectFiles/Workflows/logs_52935611263/backend (3.11)/4_Install dependencies.txt A ProjectFiles/Workflows/logs_52935611263/backend (3.11)/5_Ruff check.txt A ProjectFiles/Workflows/logs_52935611263/backend (3.11)/6_Ruff format check.txt A ProjectFiles/Workflows/logs_52935611263/backend (3.11)/system.txt A ProjectFiles/Workflows/logs_52935611263/backend (3.12)/1_Set up job.txt A ProjectFiles/Workflows/logs_52935611263/backend (3.12)/24_Post Run actions_checkout@11bd71901bbe5b1630ceea73d27597364c9af683.txt A ProjectFiles/Workflows/logs_52935611263/backend (3.12)/25_Complete job.txt A ProjectFiles/Workflows/logs_52935611263/backend (3.12)/2_Run actions_checkout@11bd71901bbe5b1630ceea73d27597364c9af683.txt A ProjectFiles/Workflows/logs_52935611263/backend (3.12)/3_Run actions_setup-python@0b93645e9fea7318ecaed2b359559ac225c90a2b.txt A ProjectFiles/Workflows/logs_52935611263/backend (3.12)/4_Install dependencies.txt A ProjectFiles/Workflows/logs_52935611263/backend (3.12)/5_Ruff check.txt A ProjectFiles/Workflows/logs_52935611263/backend (3.12)/6_Ruff format check.txt A ProjectFiles/Workflows/logs_52935611263/backend (3.12)/system.txt A ProjectFiles/Workflows/logs_52935611263/changes/1_Set up job.txt A ProjectFiles/Workflows/logs_52935611263/changes/2_Run actions_checkout@11bd71901bbe5b1630ceea73d27597364c9af683.txt A ProjectFiles/Workflows/logs_52935611263/changes/3_Validate paths-filter inputs.txt A ProjectFiles/Workflows/logs_52935611263/changes/4_Run dorny_paths-filter@de90cc6fb38fc0963ad72b210f1f284cd68cea36.txt A ProjectFiles/Workflows/logs_52935611263/changes/8_Post Run actions_checkout@11bd71901bbe5b1630ceea73d27597364c9af683.txt A ProjectFiles/Workflows/logs_52935611263/changes/9_Complete job.txt A ProjectFiles/Workflows/logs_52935611263/changes/system.txt A ProjectFiles/Workflows/logs_52935611263/e2e/10_Cache Playwright browsers.txt A ProjectFiles/Workflows/logs_52935611263/e2e/11_Install Playwright browsers.txt A ProjectFiles/Workflows/logs_52935611263/e2e/12_Run Playwright tests.txt A ProjectFiles/Workflows/logs_52935611263/e2e/13_Run actions_upload-artifact@6f51ac03b9356f520e9adb1b1b7802705f340c2b.txt A ProjectFiles/Workflows/logs_52935611263/e2e/1_Set up job.txt A ProjectFiles/Workflows/logs_52935611263/e2e/25_Post Run actions_checkout@11bd71901bbe5b1630ceea73d27597364c9af683.txt A ProjectFiles/Workflows/logs_52935611263/e2e/26_Stop containers.txt A ProjectFiles/Workflows/logs_52935611263/e2e/27_Complete job.txt A ProjectFiles/Workflows/logs_52935611263/e2e/2_Initialize containers.txt A ProjectFiles/Workflows/logs_52935611263/e2e/3_Run actions_checkout@11bd71901bbe5b1630ceea73d27597364c9af683.txt A ProjectFiles/Workflows/logs_52935611263/e2e/4_Run actions_setup-python@0b93645e9fea7318ecaed2b359559ac225c90a2b.txt A ProjectFiles/Workflows/logs_52935611263/e2e/5_Install backend dependencies.txt A ProjectFiles/Workflows/logs_52935611263/e2e/6_Run database migrations.txt A ProjectFiles/Workflows/logs_52935611263/e2e/7_Run actions_setup-node@39370e3970a6d050c480ffad4ff0ed4d3fdee5af.txt A ProjectFiles/Workflows/logs_52935611263/e2e/8_Install frontend dependencies.txt A ProjectFiles/Workflows/logs_52935611263/e2e/9_Install E2E dependencies.txt A ProjectFiles/Workflows/logs_52935611263/e2e/system.txt A ProjectFiles/Workflows/logs_52935611263/security-backend/10_Upload SBOM.txt A ProjectFiles/Workflows/logs_52935611263/security-backend/18_Post Cache security tools.txt A ProjectFiles/Workflows/logs_52935611263/security-backend/19_Post Run actions_setup-python@0b93645e9fea7318ecaed2b359559ac225c90a2b.txt A ProjectFiles/Workflows/logs_52935611263/security-backend/1_Set up job.txt A ProjectFiles/Workflows/logs_52935611263/security-backend/20_Post Run actions_checkout@11bd71901bbe5b1630ceea73d27597364c9af683.txt A ProjectFiles/Workflows/logs_52935611263/security-backend/21_Complete job.txt A ProjectFiles/Workflows/logs_52935611263/security-backend/2_Run actions_checkout@11bd71901bbe5b1630ceea73d27597364c9af683.txt A ProjectFiles/Workflows/logs_52935611263/security-backend/3_Run actions_setup-python@0b93645e9fea7318ecaed2b359559ac225c90a2b.txt A ProjectFiles/Workflows/logs_52935611263/security-backend/4_Install dependencies.txt A ProjectFiles/Workflows/logs_52935611263/security-backend/5_Cache security tools.txt A ProjectFiles/Workflows/logs_52935611263/security-backend/6_Run pip-audit.txt A ProjectFiles/Workflows/logs_52935611263/security-backend/7_Upload pip-audit report.txt A ProjectFiles/Workflows/logs_52935611263/security-backend/8_Install SBOM tool.txt A ProjectFiles/Workflows/logs_52935611263/security-backend/9_Generate SBOM.txt A ProjectFiles/Workflows/logs_52935611263/security-backend/system.txt A ProjectFiles/Workflows/logs_52935611263/security-secrets/1_Set up job.txt A ProjectFiles/Workflows/logs_52935611263/security-secrets/2_Run actions_checkout@11bd71901bbe5b1630ceea73d27597364c9af683.txt A ProjectFiles/Workflows/logs_52935611263/security-secrets/3_Run Gitleaks.txt A ProjectFiles/Workflows/logs_52935611263/security-secrets/6_Post Run actions_checkout@11bd71901bbe5b1630ceea73d27597364c9af683.txt A ProjectFiles/Workflows/logs_52935611263/security-secrets/7_Complete job.txt A ProjectFiles/Workflows/logs_52935611263/security-secrets/system.txt A ProjectFiles/Workflows/logs_52937173423/0_frontend.txt A ProjectFiles/Workflows/logs_52937173423/1_backend (3.12).txt A ProjectFiles/Workflows/logs_52937173423/2_backend (3.11).txt A ProjectFiles/Workflows/logs_52937173423/3_security-backend.txt A ProjectFiles/Workflows/logs_52937173423/4_e2e.txt A ProjectFiles/Workflows/logs_52937173423/5_security-frontend.txt A ProjectFiles/Workflows/logs_52937173423/6_changes.txt A ProjectFiles/Workflows/logs_52937173423/7_security-secrets.txt A ProjectFiles/Workflows/logs_52937173423/backend (3.11)/1_Set up job.txt A ProjectFiles/Workflows/logs_52937173423/backend (3.11)/24_Post Run actions_checkout@11bd71901bbe5b1630ceea73d27597364c9af683.txt A ProjectFiles/Workflows/logs_52937173423/backend (3.11)/25_Complete job.txt A ProjectFiles/Workflows/logs_52937173423/backend (3.11)/2_Run actions_checkout@11bd71901bbe5b1630ceea73d27597364c9af683.txt A ProjectFiles/Workflows/logs_52937173423/backend (3.11)/3_Run actions_setup-python@0b93645e9fea7318ecaed2b359559ac225c90a2b.txt A ProjectFiles/Workflows/logs_52937173423/backend (3.11)/4_Install dependencies.txt A ProjectFiles/Workflows/logs_52937173423/backend (3.11)/5_Ruff check.txt A ProjectFiles/Workflows/logs_52937173423/backend (3.11)/6_Ruff format check.txt A ProjectFiles/Workflows/logs_52937173423/backend (3.11)/system.txt A ProjectFiles/Workflows/logs_52937173423/backend (3.12)/1_Set up job.txt A ProjectFiles/Workflows/logs_52937173423/backend (3.12)/24_Post Run actions_checkout@11bd71901bbe5b1630ceea73d27597364c9af683.txt A ProjectFiles/Workflows/logs_52937173423/backend (3.12)/25_Complete job.txt A ProjectFiles/Workflows/logs_52937173423/backend (3.12)/2_Run actions_checkout@11bd71901bbe5b1630ceea73d27597364c9af683.txt A ProjectFiles/Workflows/logs_52937173423/backend (3.12)/3_Run actions_setup-python@0b93645e9fea7318ecaed2b359559ac225c90a2b.txt A ProjectFiles/Workflows/logs_52937173423/backend (3.12)/4_Install dependencies.txt A ProjectFiles/Workflows/logs_52937173423/backend (3.12)/5_Ruff check.txt A ProjectFiles/Workflows/logs_52937173423/backend (3.12)/6_Ruff format check.txt A ProjectFiles/Workflows/logs_52937173423/backend (3.12)/system.txt A ProjectFiles/Workflows/logs_52937173423/changes/1_Set up job.txt A ProjectFiles/Workflows/logs_52937173423/changes/2_Run actions_checkout@11bd71901bbe5b1630ceea73d27597364c9af683.txt A ProjectFiles/Workflows/logs_52937173423/changes/3_Validate paths-filter inputs.txt A ProjectFiles/Workflows/logs_52937173423/changes/4_Run dorny_paths-filter@de90cc6fb38fc0963ad72b210f1f284cd68cea36.txt A ProjectFiles/Workflows/logs_52937173423/changes/8_Post Run actions_checkout@11bd71901bbe5b1630ceea73d27597364c9af683.txt A ProjectFiles/Workflows/logs_52937173423/changes/9_Complete job.txt A ProjectFiles/Workflows/logs_52937173423/changes/system.txt A ProjectFiles/Workflows/logs_52937173423/e2e/10_Cache Playwright browsers.txt A ProjectFiles/Workflows/logs_52937173423/e2e/11_Install Playwright browsers.txt A ProjectFiles/Workflows/logs_52937173423/e2e/12_Run Playwright tests.txt A ProjectFiles/Workflows/logs_52937173423/e2e/13_Run actions_upload-artifact@6f51ac03b9356f520e9adb1b1b7802705f340c2b.txt A ProjectFiles/Workflows/logs_52937173423/e2e/1_Set up job.txt A ProjectFiles/Workflows/logs_52937173423/e2e/25_Post Run actions_checkout@11bd71901bbe5b1630ceea73d27597364c9af683.txt A ProjectFiles/Workflows/logs_52937173423/e2e/26_Stop containers.txt A ProjectFiles/Workflows/logs_52937173423/e2e/27_Complete job.txt A ProjectFiles/Workflows/logs_52937173423/e2e/2_Initialize containers.txt A ProjectFiles/Workflows/logs_52937173423/e2e/3_Run actions_checkout@11bd71901bbe5b1630ceea73d27597364c9af683.txt A ProjectFiles/Workflows/logs_52937173423/e2e/4_Run actions_setup-python@0b93645e9fea7318ecaed2b359559ac225c90a2b.txt A ProjectFiles/Workflows/logs_52937173423/e2e/5_Install backend dependencies.txt A ProjectFiles/Workflows/logs_52937173423/e2e/6_Run database migrations.txt A ProjectFiles/Workflows/logs_52937173423/e2e/7_Run actions_setup-node@39370e3970a6d050c480ffad4ff0ed4d3fdee5af.txt A ProjectFiles/Workflows/logs_52937173423/e2e/8_Install frontend dependencies.txt A ProjectFiles/Workflows/logs_52937173423/e2e/9_Install E2E dependencies.txt A ProjectFiles/Workflows/logs_52937173423/e2e/system.txt A ProjectFiles/Workflows/logs_52937173423/frontend/14_Post Run actions_checkout@11bd71901bbe5b1630ceea73d27597364c9af683.txt A ProjectFiles/Workflows/logs_52937173423/frontend/15_Complete job.txt A ProjectFiles/Workflows/logs_52937173423/frontend/1_Set up job.txt A ProjectFiles/Workflows/logs_52937173423/frontend/2_Run actions_checkout@11bd71901bbe5b1630ceea73d27597364c9af683.txt A ProjectFiles/Workflows/logs_52937173423/frontend/3_Run actions_setup-node@39370e3970a6d050c480ffad4ff0ed4d3fdee5af.txt A ProjectFiles/Workflows/logs_52937173423/frontend/4_Install dependencies.txt A ProjectFiles/Workflows/logs_52937173423/frontend/5_Run tests with coverage.txt A ProjectFiles/Workflows/logs_52937173423/frontend/system.txt A ProjectFiles/Workflows/logs_52937173423/security-backend/10_Upload SBOM.txt A ProjectFiles/Workflows/logs_52937173423/security-backend/18_Post Cache security tools.txt A ProjectFiles/Workflows/logs_52937173423/security-backend/19_Post Run actions_setup-python@0b93645e9fea7318ecaed2b359559ac225c90a2b.txt A ProjectFiles/Workflows/logs_52937173423/security-backend/1_Set up job.txt A ProjectFiles/Workflows/logs_52937173423/security-backend/20_Post Run actions_checkout@11bd71901bbe5b1630ceea73d27597364c9af683.txt A ProjectFiles/Workflows/logs_52937173423/security-backend/21_Complete job.txt A ProjectFiles/Workflows/logs_52937173423/security-backend/2_Run actions_checkout@11bd71901bbe5b1630ceea73d27597364c9af683.txt A ProjectFiles/Workflows/logs_52937173423/security-backend/3_Run actions_setup-python@0b93645e9fea7318ecaed2b359559ac225c90a2b.txt A ProjectFiles/Workflows/logs_52937173423/security-backend/4_Install dependencies.txt A ProjectFiles/Workflows/logs_52937173423/security-backend/5_Cache security tools.txt A ProjectFiles/Workflows/logs_52937173423/security-backend/6_Run pip-audit.txt A ProjectFiles/Workflows/logs_52937173423/security-backend/7_Upload pip-audit report.txt A ProjectFiles/Workflows/logs_52937173423/security-backend/8_Install SBOM tool.txt A ProjectFiles/Workflows/logs_52937173423/security-backend/9_Generate SBOM.txt A ProjectFiles/Workflows/logs_52937173423/security-backend/system.txt A ProjectFiles/Workflows/logs_52937173423/security-frontend/11_Post Run actions_setup-node@39370e3970a6d050c480ffad4ff0ed4d3fdee5af.txt A ProjectFiles/Workflows/logs_52937173423/security-frontend/12_Post Run actions_checkout@11bd71901bbe5b1630ceea73d27597364c9af683.txt A ProjectFiles/Workflows/logs_52937173423/security-frontend/13_Complete job.txt A ProjectFiles/Workflows/logs_52937173423/security-frontend/1_Set up job.txt A ProjectFiles/Workflows/logs_52937173423/security-frontend/2_Run actions_checkout@11bd71901bbe5b1630ceea73d27597364c9af683.txt A ProjectFiles/Workflows/logs_52937173423/security-frontend/3_Run actions_setup-node@39370e3970a6d050c480ffad4ff0ed4d3fdee5af.txt A ProjectFiles/Workflows/logs_52937173423/security-frontend/4_Install dependencies.txt A ProjectFiles/Workflows/logs_52937173423/security-frontend/5_Run npm audit.txt A ProjectFiles/Workflows/logs_52937173423/security-frontend/6_Upload npm audit report.txt A ProjectFiles/Workflows/logs_52937173423/security-frontend/system.txt A ProjectFiles/Workflows/logs_52937173423/security-secrets/1_Set up job.txt A ProjectFiles/Workflows/logs_52937173423/security-secrets/2_Run actions_checkout@11bd71901bbe5b1630ceea73d27597364c9af683.txt A ProjectFiles/Workflows/logs_52937173423/security-secrets/3_Run Gitleaks.txt A ProjectFiles/Workflows/logs_52937173423/security-secrets/6_Post Run actions_checkout@11bd71901bbe5b1630ceea73d27597364c9af683.txt A ProjectFiles/Workflows/logs_52937173423/security-secrets/7_Complete job.txt A ProjectFiles/Workflows/logs_52937173423/security-secrets/system.txt A frontend/src/components/LiveLogs.tsx 
2025-12-23T22:52:48.3703773Z ##[endgroup]
2025-12-23T22:52:48.3704480Z Detected 367 changed files
2025-12-23T22:52:48.3705213Z Results:
2025-12-23T22:52:48.3706302Z ##[group]Filter backend = false
2025-12-23T22:52:48.3707240Z Matching files: none
2025-12-23T22:52:48.3708407Z ##[endgroup]
2025-12-23T22:52:48.3709487Z ##[group]Filter frontend = true
2025-12-23T22:52:48.3710241Z Matching files:
2025-12-23T22:52:48.3711000Z frontend/src/components/LiveLogs.tsx [added]
2025-12-23T22:52:48.3712250Z ##[endgroup]
2025-12-23T22:52:48.3713303Z ##[group]Filter e2e = false
2025-12-23T22:52:48.3714022Z Matching files: none
2025-12-23T22:52:48.3715075Z ##[endgroup]
2025-12-23T22:52:48.3716129Z ##[group]Filter workflow = false
2025-12-23T22:52:48.3716885Z Matching files: none
2025-12-23T22:52:48.3717974Z ##[endgroup]
2025-12-23T22:52:48.3718633Z Changes output set to ["frontend"]
2025-12-23T22:52:48.3868938Z Post job cleanup.
2025-12-23T22:52:48.4775048Z [command]/usr/bin/git version
2025-12-23T22:52:48.4810957Z git version 2.52.0
2025-12-23T22:52:48.4854356Z Temporarily overriding HOME='/home/runner/work/_temp/4d71519b-3d44-4a52-aad6-729d6186c41d' before making global git config changes
2025-12-23T22:52:48.4859219Z Adding repository directory to the temporary git global config as a safe directory
2025-12-23T22:52:48.4862754Z [command]/usr/bin/git config --global --add safe.directory /home/runner/work/tunix-rt/tunix-rt
2025-12-23T22:52:48.4903903Z [command]/usr/bin/git config --local --name-only --get-regexp core\.sshCommand
2025-12-23T22:52:48.4937498Z [command]/usr/bin/git submodule foreach --recursive sh -c "git config --local --name-only --get-regexp 'core\.sshCommand' && git config --local --unset-all 'core.sshCommand' || :"
2025-12-23T22:52:48.5131236Z [command]/usr/bin/git config --local --name-only --get-regexp http\.https\:\/\/github\.com\/\.extraheader
2025-12-23T22:52:48.5152429Z http.https://github.com/.extraheader
2025-12-23T22:52:48.5166593Z [command]/usr/bin/git config --local --unset-all http.https://github.com/.extraheader
2025-12-23T22:52:48.5197588Z [command]/usr/bin/git submodule foreach --recursive sh -c "git config --local --name-only --get-regexp 'http\.https\:\/\/github\.com\/\.extraheader' && git config --local --unset-all 'http.https://github.com/.extraheader' || :"
2025-12-23T22:52:48.5482049Z Evaluate and set job outputs
2025-12-23T22:52:48.5490740Z Set output 'backend'
2025-12-23T22:52:48.5493114Z Set output 'frontend'
2025-12-23T22:52:48.5494471Z Set output 'e2e'
2025-12-23T22:52:48.5495402Z Set output 'workflow'
2025-12-23T22:52:48.5496761Z Cleaning up orphan processes
