2025-12-22T01:41:24.8572444Z Current runner version: '2.330.0'
2025-12-22T01:41:24.8595588Z ##[group]Runner Image Provisioner
2025-12-22T01:41:24.8596559Z Hosted Compute Agent
2025-12-22T01:41:24.8597185Z Version: 20251211.462
2025-12-22T01:41:24.8597760Z Commit: 6cbad8c2bb55d58165063d031ccabf57e2d2db61
2025-12-22T01:41:24.8598451Z Build Date: 2025-12-11T16:28:49Z
2025-12-22T01:41:24.8599103Z Worker ID: {c7f182af-36e7-4e76-b2a3-0cf1d3db891c}
2025-12-22T01:41:24.8599814Z ##[endgroup]
2025-12-22T01:41:24.8600309Z ##[group]Operating System
2025-12-22T01:41:24.8600906Z Ubuntu
2025-12-22T01:41:24.8601360Z 24.04.3
2025-12-22T01:41:24.8601844Z LTS
2025-12-22T01:41:24.8602335Z ##[endgroup]
2025-12-22T01:41:24.8602839Z ##[group]Runner Image
2025-12-22T01:41:24.8603377Z Image: ubuntu-24.04
2025-12-22T01:41:24.8603837Z Version: 20251215.174.1
2025-12-22T01:41:24.8604921Z Included Software: https://github.com/actions/runner-images/blob/ubuntu24/20251215.174/images/ubuntu/Ubuntu2404-Readme.md
2025-12-22T01:41:24.8606886Z Image Release: https://github.com/actions/runner-images/releases/tag/ubuntu24%2F20251215.174
2025-12-22T01:41:24.8607980Z ##[endgroup]
2025-12-22T01:41:24.8608934Z ##[group]GITHUB_TOKEN Permissions
2025-12-22T01:41:24.8611228Z Contents: read
2025-12-22T01:41:24.8611782Z Metadata: read
2025-12-22T01:41:24.8612250Z ##[endgroup]
2025-12-22T01:41:24.8614358Z Secret source: Actions
2025-12-22T01:41:24.8615157Z Prepare workflow directory
2025-12-22T01:41:24.9205347Z Prepare all required actions
2025-12-22T01:41:24.9260078Z Getting action download info
2025-12-22T01:41:25.6023818Z Download action repository 'actions/checkout@v4' (SHA:34e114876b0b11c390a56381ad16ebd13914f8d5)
2025-12-22T01:41:26.7984110Z Download action repository 'actions/setup-python@v5' (SHA:a26af69be951a213d495a4c3e4e4022e16d87065)
2025-12-22T01:41:27.4545158Z Download action repository 'actions/setup-node@v4' (SHA:49933ea5288caeca8642d1e84afbd3f7d6820020)
2025-12-22T01:41:27.5489892Z Download action repository 'actions/upload-artifact@v4' (SHA:ea165f8d65b6e75b540449e92b4886f43607fa02)
2025-12-22T01:41:27.7721013Z Complete job name: e2e
2025-12-22T01:41:27.8189752Z ##[group]Checking docker version
2025-12-22T01:41:27.8202353Z ##[command]/usr/bin/docker version --format '{{.Server.APIVersion}}'
2025-12-22T01:41:27.9199642Z '1.48'
2025-12-22T01:41:27.9209247Z Docker daemon API version: '1.48'
2025-12-22T01:41:27.9209699Z ##[command]/usr/bin/docker version --format '{{.Client.APIVersion}}'
2025-12-22T01:41:27.9405266Z '1.48'
2025-12-22T01:41:27.9408809Z Docker client API version: '1.48'
2025-12-22T01:41:27.9415425Z ##[endgroup]
2025-12-22T01:41:27.9419789Z ##[group]Clean up resources from previous jobs
2025-12-22T01:41:27.9427452Z ##[command]/usr/bin/docker ps --all --quiet --no-trunc --filter "label=a10bac"
2025-12-22T01:41:27.9576084Z ##[command]/usr/bin/docker network prune --force --filter "label=a10bac"
2025-12-22T01:41:27.9713503Z ##[endgroup]
2025-12-22T01:41:27.9713823Z ##[group]Create local container network
2025-12-22T01:41:27.9723651Z ##[command]/usr/bin/docker network create --label a10bac github_network_0461a1355b1c4ac3a2d25978a9c9d445
2025-12-22T01:41:28.0429539Z eead9f70c7180897d3b0f94846db4f3e2c487d61805c3692f5ab413679ada4dc
2025-12-22T01:41:28.0453345Z ##[endgroup]
2025-12-22T01:41:28.0477755Z ##[group]Starting postgres service container
2025-12-22T01:41:28.0498471Z ##[command]/usr/bin/docker pull postgres:15-alpine
2025-12-22T01:41:28.6057571Z 15-alpine: Pulling from library/postgres
2025-12-22T01:41:28.7530450Z 1074353eec0d: Pulling fs layer
2025-12-22T01:41:28.7547482Z d2e5feb410e8: Pulling fs layer
2025-12-22T01:41:28.7547921Z ff7ac73e977d: Pulling fs layer
2025-12-22T01:41:28.7548297Z 25fbe13bb576: Pulling fs layer
2025-12-22T01:41:28.7548663Z 060e3656c186: Pulling fs layer
2025-12-22T01:41:28.7549034Z 9fa3a17171bc: Pulling fs layer
2025-12-22T01:41:28.7549436Z 1de01a2b564f: Pulling fs layer
2025-12-22T01:41:28.7549775Z 141979064465: Pulling fs layer
2025-12-22T01:41:28.7550122Z 86a96880bc80: Pulling fs layer
2025-12-22T01:41:28.7550491Z c5fd49a04d70: Pulling fs layer
2025-12-22T01:41:28.7551119Z 9bb1b164157a: Pulling fs layer
2025-12-22T01:41:28.7551337Z 25fbe13bb576: Waiting
2025-12-22T01:41:28.7551529Z 060e3656c186: Waiting
2025-12-22T01:41:28.7551709Z 9fa3a17171bc: Waiting
2025-12-22T01:41:28.7551884Z 1de01a2b564f: Waiting
2025-12-22T01:41:28.7552050Z 141979064465: Waiting
2025-12-22T01:41:28.7552216Z 86a96880bc80: Waiting
2025-12-22T01:41:28.7552399Z c5fd49a04d70: Waiting
2025-12-22T01:41:28.7552566Z 9bb1b164157a: Waiting
2025-12-22T01:41:28.9318124Z d2e5feb410e8: Download complete
2025-12-22T01:41:28.9885487Z ff7ac73e977d: Verifying Checksum
2025-12-22T01:41:28.9886195Z ff7ac73e977d: Download complete
2025-12-22T01:41:29.0372136Z 1074353eec0d: Download complete
2025-12-22T01:41:29.1413349Z 25fbe13bb576: Verifying Checksum
2025-12-22T01:41:29.1420985Z 25fbe13bb576: Download complete
2025-12-22T01:41:29.1851801Z 1074353eec0d: Pull complete
2025-12-22T01:41:29.1959363Z 060e3656c186: Verifying Checksum
2025-12-22T01:41:29.1960896Z 060e3656c186: Download complete
2025-12-22T01:41:29.3354790Z 1de01a2b564f: Verifying Checksum
2025-12-22T01:41:29.3355919Z 1de01a2b564f: Download complete
2025-12-22T01:41:29.3844363Z 141979064465: Verifying Checksum
2025-12-22T01:41:29.3847427Z 141979064465: Download complete
2025-12-22T01:41:29.5309743Z 86a96880bc80: Verifying Checksum
2025-12-22T01:41:29.5321042Z 86a96880bc80: Download complete
2025-12-22T01:41:29.5917006Z c5fd49a04d70: Verifying Checksum
2025-12-22T01:41:29.5917537Z c5fd49a04d70: Download complete
2025-12-22T01:41:29.7426040Z 9bb1b164157a: Verifying Checksum
2025-12-22T01:41:29.7426977Z 9bb1b164157a: Download complete
2025-12-22T01:41:30.1829819Z d2e5feb410e8: Pull complete
2025-12-22T01:41:30.4981789Z ff7ac73e977d: Pull complete
2025-12-22T01:41:30.5393386Z 25fbe13bb576: Pull complete
2025-12-22T01:41:30.5847803Z 060e3656c186: Pull complete
2025-12-22T01:41:30.9443836Z 9fa3a17171bc: Verifying Checksum
2025-12-22T01:41:30.9444680Z 9fa3a17171bc: Download complete
2025-12-22T01:41:34.2353232Z 9fa3a17171bc: Pull complete
2025-12-22T01:41:34.2580801Z 1de01a2b564f: Pull complete
2025-12-22T01:41:34.2754084Z 141979064465: Pull complete
2025-12-22T01:41:34.2935364Z 86a96880bc80: Pull complete
2025-12-22T01:41:34.3114579Z c5fd49a04d70: Pull complete
2025-12-22T01:41:34.3252316Z 9bb1b164157a: Pull complete
2025-12-22T01:41:34.3299496Z Digest: sha256:b3968e348b48f1198cc6de6611d055dbad91cd561b7990c406c3fc28d7095b21
2025-12-22T01:41:34.3314976Z Status: Downloaded newer image for postgres:15-alpine
2025-12-22T01:41:34.3329592Z docker.io/library/postgres:15-alpine
2025-12-22T01:41:34.3393375Z ##[command]/usr/bin/docker create --name 62644b7691134694a3efbf15f2503e49_postgres15alpine_846280 --label a10bac --network github_network_0461a1355b1c4ac3a2d25978a9c9d445 --network-alias postgres -p 5432:5432 --health-cmd pg_isready --health-interval 10s --health-timeout 5s --health-retries 5 -e "POSTGRES_USER=postgres" -e "POSTGRES_PASSWORD=postgres" -e "POSTGRES_DB=postgres" -e GITHUB_ACTIONS=true -e CI=true postgres:15-alpine
2025-12-22T01:41:34.3694713Z 93fd38e413354a1b2cb6d17b8cb4162122a344bb8ecc6547ffd2626e0ba4bd4f
2025-12-22T01:41:34.3716243Z ##[command]/usr/bin/docker start 93fd38e413354a1b2cb6d17b8cb4162122a344bb8ecc6547ffd2626e0ba4bd4f
2025-12-22T01:41:34.6978014Z 93fd38e413354a1b2cb6d17b8cb4162122a344bb8ecc6547ffd2626e0ba4bd4f
2025-12-22T01:41:34.7010088Z ##[command]/usr/bin/docker ps --all --filter id=93fd38e413354a1b2cb6d17b8cb4162122a344bb8ecc6547ffd2626e0ba4bd4f --filter status=running --no-trunc --format "{{.ID}} {{.Status}}"
2025-12-22T01:41:34.7186844Z 93fd38e413354a1b2cb6d17b8cb4162122a344bb8ecc6547ffd2626e0ba4bd4f Up Less than a second (health: starting)
2025-12-22T01:41:34.7217873Z ##[command]/usr/bin/docker port 93fd38e413354a1b2cb6d17b8cb4162122a344bb8ecc6547ffd2626e0ba4bd4f
2025-12-22T01:41:34.7390245Z 5432/tcp -> 0.0.0.0:5432
2025-12-22T01:41:34.7408608Z 5432/tcp -> [::]:5432
2025-12-22T01:41:34.7456444Z ##[endgroup]
2025-12-22T01:41:34.7468080Z ##[group]Waiting for all services to be ready
2025-12-22T01:41:34.7485583Z ##[command]/usr/bin/docker inspect --format="{{if .Config.Healthcheck}}{{print .State.Health.Status}}{{end}}" 93fd38e413354a1b2cb6d17b8cb4162122a344bb8ecc6547ffd2626e0ba4bd4f
2025-12-22T01:41:34.7685083Z starting
2025-12-22T01:41:34.7722439Z postgres service is starting, waiting 2 seconds before checking again.
2025-12-22T01:41:36.7724024Z ##[command]/usr/bin/docker inspect --format="{{if .Config.Healthcheck}}{{print .State.Health.Status}}{{end}}" 93fd38e413354a1b2cb6d17b8cb4162122a344bb8ecc6547ffd2626e0ba4bd4f
2025-12-22T01:41:36.7857492Z starting
2025-12-22T01:41:36.7874740Z postgres service is starting, waiting 4 seconds before checking again.
2025-12-22T01:41:40.8359682Z ##[command]/usr/bin/docker inspect --format="{{if .Config.Healthcheck}}{{print .State.Health.Status}}{{end}}" 93fd38e413354a1b2cb6d17b8cb4162122a344bb8ecc6547ffd2626e0ba4bd4f
2025-12-22T01:41:40.8493112Z starting
2025-12-22T01:41:40.8518131Z postgres service is starting, waiting 8 seconds before checking again.
2025-12-22T01:41:49.5271248Z ##[command]/usr/bin/docker inspect --format="{{if .Config.Healthcheck}}{{print .State.Health.Status}}{{end}}" 93fd38e413354a1b2cb6d17b8cb4162122a344bb8ecc6547ffd2626e0ba4bd4f
2025-12-22T01:41:49.5398802Z healthy
2025-12-22T01:41:49.5422818Z postgres service is healthy.
2025-12-22T01:41:49.5423770Z ##[endgroup]
2025-12-22T01:41:49.5748893Z ##[group]Run actions/checkout@v4
2025-12-22T01:41:49.5749426Z with:
2025-12-22T01:41:49.5749622Z   repository: m-cahill/tunix-rt
2025-12-22T01:41:49.5750024Z   token: ***
2025-12-22T01:41:49.5750197Z   ssh-strict: true
2025-12-22T01:41:49.5750369Z   ssh-user: git
2025-12-22T01:41:49.5750544Z   persist-credentials: true
2025-12-22T01:41:49.5750744Z   clean: true
2025-12-22T01:41:49.5750920Z   sparse-checkout-cone-mode: true
2025-12-22T01:41:49.5751141Z   fetch-depth: 1
2025-12-22T01:41:49.5751305Z   fetch-tags: false
2025-12-22T01:41:49.5751483Z   show-progress: true
2025-12-22T01:41:49.5751653Z   lfs: false
2025-12-22T01:41:49.5751811Z   submodules: false
2025-12-22T01:41:49.5751980Z   set-safe-directory: true
2025-12-22T01:41:49.5752359Z env:
2025-12-22T01:41:49.5752503Z   REDIAI_MODE: mock
2025-12-22T01:41:49.5752962Z   DATABASE_URL: ***localhost:5432/postgres
2025-12-22T01:41:49.5753202Z ##[endgroup]
2025-12-22T01:41:49.6859322Z Syncing repository: m-cahill/tunix-rt
2025-12-22T01:41:49.6861190Z ##[group]Getting Git version info
2025-12-22T01:41:49.6861805Z Working directory is '/home/runner/work/tunix-rt/tunix-rt'
2025-12-22T01:41:49.6871269Z [command]/usr/bin/git version
2025-12-22T01:41:49.7016839Z git version 2.52.0
2025-12-22T01:41:49.7030141Z ##[endgroup]
2025-12-22T01:41:49.7055388Z Temporarily overriding HOME='/home/runner/work/_temp/35bf2a23-a5b7-4369-bb4b-279f168fd967' before making global git config changes
2025-12-22T01:41:49.7057890Z Adding repository directory to the temporary git global config as a safe directory
2025-12-22T01:41:49.7061959Z [command]/usr/bin/git config --global --add safe.directory /home/runner/work/tunix-rt/tunix-rt
2025-12-22T01:41:49.7105106Z Deleting the contents of '/home/runner/work/tunix-rt/tunix-rt'
2025-12-22T01:41:49.7109329Z ##[group]Initializing the repository
2025-12-22T01:41:49.7114058Z [command]/usr/bin/git init /home/runner/work/tunix-rt/tunix-rt
2025-12-22T01:41:49.7244257Z hint: Using 'master' as the name for the initial branch. This default branch name
2025-12-22T01:41:49.7246325Z hint: will change to "main" in Git 3.0. To configure the initial branch name
2025-12-22T01:41:49.7247187Z hint: to use in all of your new repositories, which will suppress this warning,
2025-12-22T01:41:49.7247829Z hint: call:
2025-12-22T01:41:49.7248117Z hint:
2025-12-22T01:41:49.7248552Z hint: 	git config --global init.defaultBranch <name>
2025-12-22T01:41:49.7249047Z hint:
2025-12-22T01:41:49.7249527Z hint: Names commonly chosen instead of 'master' are 'main', 'trunk' and
2025-12-22T01:41:49.7250338Z hint: 'development'. The just-created branch can be renamed via this command:
2025-12-22T01:41:49.7250939Z hint:
2025-12-22T01:41:49.7251231Z hint: 	git branch -m <name>
2025-12-22T01:41:49.7251810Z hint:
2025-12-22T01:41:49.7252311Z hint: Disable this message with "git config set advice.defaultBranchName false"
2025-12-22T01:41:49.7253616Z Initialized empty Git repository in /home/runner/work/tunix-rt/tunix-rt/.git/
2025-12-22T01:41:49.7264156Z [command]/usr/bin/git remote add origin https://github.com/m-cahill/tunix-rt
2025-12-22T01:41:49.7301787Z ##[endgroup]
2025-12-22T01:41:49.7303206Z ##[group]Disabling automatic garbage collection
2025-12-22T01:41:49.7306621Z [command]/usr/bin/git config --local gc.auto 0
2025-12-22T01:41:49.7337893Z ##[endgroup]
2025-12-22T01:41:49.7339412Z ##[group]Setting up auth
2025-12-22T01:41:49.7345022Z [command]/usr/bin/git config --local --name-only --get-regexp core\.sshCommand
2025-12-22T01:41:49.7377361Z [command]/usr/bin/git submodule foreach --recursive sh -c "git config --local --name-only --get-regexp 'core\.sshCommand' && git config --local --unset-all 'core.sshCommand' || :"
2025-12-22T01:41:49.7777808Z [command]/usr/bin/git config --local --name-only --get-regexp http\.https\:\/\/github\.com\/\.extraheader
2025-12-22T01:41:49.7812056Z [command]/usr/bin/git submodule foreach --recursive sh -c "git config --local --name-only --get-regexp 'http\.https\:\/\/github\.com\/\.extraheader' && git config --local --unset-all 'http.https://github.com/.extraheader' || :"
2025-12-22T01:41:49.8052456Z [command]/usr/bin/git config --local --name-only --get-regexp ^includeIf\.gitdir:
2025-12-22T01:41:49.8090787Z [command]/usr/bin/git submodule foreach --recursive git config --local --show-origin --name-only --get-regexp remote.origin.url
2025-12-22T01:41:49.8334114Z [command]/usr/bin/git config --local http.https://github.com/.extraheader AUTHORIZATION: basic ***
2025-12-22T01:41:49.8372415Z ##[endgroup]
2025-12-22T01:41:49.8372996Z ##[group]Fetching the repository
2025-12-22T01:41:49.8390254Z [command]/usr/bin/git -c protocol.version=2 fetch --no-tags --prune --no-recurse-submodules --depth=1 origin +abceb9cd3056c87c56cc948e42bcd585765757f6:refs/remotes/origin/main
2025-12-22T01:41:50.3362168Z From https://github.com/m-cahill/tunix-rt
2025-12-22T01:41:50.3378857Z  * [new ref]         abceb9cd3056c87c56cc948e42bcd585765757f6 -> origin/main
2025-12-22T01:41:50.3402710Z ##[endgroup]
2025-12-22T01:41:50.3403440Z ##[group]Determining the checkout info
2025-12-22T01:41:50.3404230Z ##[endgroup]
2025-12-22T01:41:50.3416381Z [command]/usr/bin/git sparse-checkout disable
2025-12-22T01:41:50.3467954Z [command]/usr/bin/git config --local --unset-all extensions.worktreeConfig
2025-12-22T01:41:50.3497060Z ##[group]Checking out the ref
2025-12-22T01:41:50.3512511Z [command]/usr/bin/git checkout --progress --force -B main refs/remotes/origin/main
2025-12-22T01:41:50.4279127Z Switched to a new branch 'main'
2025-12-22T01:41:50.4280697Z branch 'main' set up to track 'origin/main'.
2025-12-22T01:41:50.4281862Z ##[endgroup]
2025-12-22T01:41:50.4316195Z [command]/usr/bin/git log -1 --format=%H
2025-12-22T01:41:50.4340209Z abceb9cd3056c87c56cc948e42bcd585765757f6
2025-12-22T01:41:50.4548560Z ##[group]Run actions/setup-python@v5
2025-12-22T01:41:50.4548833Z with:
2025-12-22T01:41:50.4549003Z   python-version: 3.11
2025-12-22T01:41:50.4549200Z   cache: pip
2025-12-22T01:41:50.4549409Z   cache-dependency-path: backend/pyproject.toml
2025-12-22T01:41:50.4549685Z   check-latest: false
2025-12-22T01:41:50.4549979Z   token: ***
2025-12-22T01:41:50.4550159Z   update-environment: true
2025-12-22T01:41:50.4550383Z   allow-prereleases: false
2025-12-22T01:41:50.4550575Z   freethreaded: false
2025-12-22T01:41:50.4550755Z env:
2025-12-22T01:41:50.4550902Z   REDIAI_MODE: mock
2025-12-22T01:41:50.4551302Z   DATABASE_URL: ***localhost:5432/postgres
2025-12-22T01:41:50.4551537Z ##[endgroup]
2025-12-22T01:41:50.6240245Z ##[group]Installed versions
2025-12-22T01:41:50.6354432Z Successfully set up CPython (3.11.14)
2025-12-22T01:41:50.6356093Z ##[endgroup]
2025-12-22T01:41:50.6667306Z [command]/opt/hostedtoolcache/Python/3.11.14/x64/bin/pip cache dir
2025-12-22T01:41:51.0434015Z /home/runner/.cache/pip
2025-12-22T01:41:51.2348720Z Cache hit for: setup-python-Linux-x64-24.04-Ubuntu-python-3.11.14-pip-d6b02fc59ca5dcb638981079f0f08bfb35ebf7ccbdea839cf22f8f7e8eed0ba8
2025-12-22T01:41:52.3948462Z Received 52107106 of 56301410 (92.6%), 49.6 MBs/sec
2025-12-22T01:41:52.4960938Z Received 56301410 of 56301410 (100.0%), 48.7 MBs/sec
2025-12-22T01:41:52.4962046Z Cache Size: ~54 MB (56301410 B)
2025-12-22T01:41:52.4994370Z [command]/usr/bin/tar -xf /home/runner/work/_temp/da0cfc88-d44c-47b8-a2cd-2ad5ca1c8990/cache.tzst -P -C /home/runner/work/tunix-rt/tunix-rt --use-compress-program unzstd
2025-12-22T01:41:52.6391615Z Cache restored successfully
2025-12-22T01:41:52.6506653Z Cache restored from key: setup-python-Linux-x64-24.04-Ubuntu-python-3.11.14-pip-d6b02fc59ca5dcb638981079f0f08bfb35ebf7ccbdea839cf22f8f7e8eed0ba8
2025-12-22T01:41:52.6659581Z ##[group]Run cd ../backend && python -m pip install -e ".[dev]"
2025-12-22T01:41:52.6660058Z [36;1mcd ../backend && python -m pip install -e ".[dev]"[0m
2025-12-22T01:41:52.6697886Z shell: /usr/bin/bash -e {0}
2025-12-22T01:41:52.6698128Z env:
2025-12-22T01:41:52.6698293Z   REDIAI_MODE: mock
2025-12-22T01:41:52.6698949Z   DATABASE_URL: ***localhost:5432/postgres
2025-12-22T01:41:52.6699285Z   pythonLocation: /opt/hostedtoolcache/Python/3.11.14/x64
2025-12-22T01:41:52.6699687Z   PKG_CONFIG_PATH: /opt/hostedtoolcache/Python/3.11.14/x64/lib/pkgconfig
2025-12-22T01:41:52.6700074Z   Python_ROOT_DIR: /opt/hostedtoolcache/Python/3.11.14/x64
2025-12-22T01:41:52.6700412Z   Python2_ROOT_DIR: /opt/hostedtoolcache/Python/3.11.14/x64
2025-12-22T01:41:52.6700750Z   Python3_ROOT_DIR: /opt/hostedtoolcache/Python/3.11.14/x64
2025-12-22T01:41:52.6701090Z   LD_LIBRARY_PATH: /opt/hostedtoolcache/Python/3.11.14/x64/lib
2025-12-22T01:41:52.6701374Z ##[endgroup]
2025-12-22T01:41:53.2474350Z Obtaining file:///home/runner/work/tunix-rt/tunix-rt/backend
2025-12-22T01:41:53.2511918Z   Installing build dependencies: started
2025-12-22T01:41:54.0331118Z   Installing build dependencies: finished with status 'done'
2025-12-22T01:41:54.0332349Z   Checking if build backend supports build_editable: started
2025-12-22T01:41:54.3494488Z   Checking if build backend supports build_editable: finished with status 'done'
2025-12-22T01:41:54.3503165Z   Getting requirements to build editable: started
2025-12-22T01:41:54.6516998Z   Getting requirements to build editable: finished with status 'done'
2025-12-22T01:41:54.6526755Z   Preparing editable metadata (pyproject.toml): started
2025-12-22T01:41:54.8552957Z   Preparing editable metadata (pyproject.toml): finished with status 'done'
2025-12-22T01:41:54.9928942Z Collecting fastapi>=0.104.0 (from tunix-rt-backend==0.1.0)
2025-12-22T01:41:54.9945354Z   Using cached fastapi-0.127.0-py3-none-any.whl.metadata (30 kB)
2025-12-22T01:41:55.0366545Z Collecting uvicorn>=0.24.0 (from uvicorn[standard]>=0.24.0->tunix-rt-backend==0.1.0)
2025-12-22T01:41:55.0372788Z   Using cached uvicorn-0.40.0-py3-none-any.whl.metadata (6.7 kB)
2025-12-22T01:41:55.0744529Z Collecting httpx>=0.25.0 (from tunix-rt-backend==0.1.0)
2025-12-22T01:41:55.0762759Z   Using cached httpx-0.28.1-py3-none-any.whl.metadata (7.1 kB)
2025-12-22T01:41:55.2002872Z Collecting pydantic>=2.4.0 (from tunix-rt-backend==0.1.0)
2025-12-22T01:41:55.2019411Z   Using cached pydantic-2.12.5-py3-none-any.whl.metadata (90 kB)
2025-12-22T01:41:55.2290447Z Collecting pydantic-settings>=2.0.0 (from tunix-rt-backend==0.1.0)
2025-12-22T01:41:55.2305233Z   Using cached pydantic_settings-2.12.0-py3-none-any.whl.metadata (3.4 kB)
2025-12-22T01:41:55.4935571Z Collecting sqlalchemy>=2.0.0 (from sqlalchemy[asyncio]>=2.0.0->tunix-rt-backend==0.1.0)
2025-12-22T01:41:55.4953029Z   Using cached sqlalchemy-2.0.45-cp311-cp311-manylinux2014_x86_64.manylinux_2_17_x86_64.manylinux_2_28_x86_64.whl.metadata (9.5 kB)
2025-12-22T01:41:55.5374575Z Collecting alembic>=1.12.0 (from tunix-rt-backend==0.1.0)
2025-12-22T01:41:55.5387895Z   Using cached alembic-1.17.2-py3-none-any.whl.metadata (7.2 kB)
2025-12-22T01:41:55.6078073Z Collecting asyncpg>=0.29.0 (from tunix-rt-backend==0.1.0)
2025-12-22T01:41:55.6094524Z   Using cached asyncpg-0.31.0-cp311-cp311-manylinux2014_x86_64.manylinux_2_17_x86_64.manylinux_2_28_x86_64.whl.metadata (4.4 kB)
2025-12-22T01:41:55.6530000Z Collecting pytest>=7.4.0 (from tunix-rt-backend==0.1.0)
2025-12-22T01:41:55.6543338Z   Using cached pytest-9.0.2-py3-none-any.whl.metadata (7.6 kB)
2025-12-22T01:41:55.6796254Z Collecting pytest-cov>=4.1.0 (from tunix-rt-backend==0.1.0)
2025-12-22T01:41:55.6809083Z   Using cached pytest_cov-7.0.0-py3-none-any.whl.metadata (31 kB)
2025-12-22T01:41:55.7178860Z Collecting pytest-asyncio>=0.21.0 (from tunix-rt-backend==0.1.0)
2025-12-22T01:41:55.7192524Z   Using cached pytest_asyncio-1.3.0-py3-none-any.whl.metadata (4.1 kB)
2025-12-22T01:41:56.0666088Z Collecting ruff>=0.1.0 (from tunix-rt-backend==0.1.0)
2025-12-22T01:41:56.0682651Z   Using cached ruff-0.14.10-py3-none-manylinux_2_17_x86_64.manylinux2014_x86_64.whl.metadata (26 kB)
2025-12-22T01:41:56.1956023Z Collecting mypy>=1.6.0 (from tunix-rt-backend==0.1.0)
2025-12-22T01:41:56.1971840Z   Using cached mypy-1.19.1-cp311-cp311-manylinux2014_x86_64.manylinux_2_17_x86_64.manylinux_2_28_x86_64.whl.metadata (2.2 kB)
2025-12-22T01:41:56.2219465Z Collecting aiosqlite>=0.19.0 (from tunix-rt-backend==0.1.0)
2025-12-22T01:41:56.2233098Z   Using cached aiosqlite-0.22.0-py3-none-any.whl.metadata (4.3 kB)
2025-12-22T01:41:56.2661184Z Collecting Mako (from alembic>=1.12.0->tunix-rt-backend==0.1.0)
2025-12-22T01:41:56.2674896Z   Using cached mako-1.3.10-py3-none-any.whl.metadata (2.9 kB)
2025-12-22T01:41:56.2939058Z Collecting typing-extensions>=4.12 (from alembic>=1.12.0->tunix-rt-backend==0.1.0)
2025-12-22T01:41:56.2952071Z   Using cached typing_extensions-4.15.0-py3-none-any.whl.metadata (3.3 kB)
2025-12-22T01:41:56.3349163Z Collecting starlette<0.51.0,>=0.40.0 (from fastapi>=0.104.0->tunix-rt-backend==0.1.0)
2025-12-22T01:41:56.3363022Z   Using cached starlette-0.50.0-py3-none-any.whl.metadata (6.3 kB)
2025-12-22T01:41:56.3693490Z Collecting annotated-doc>=0.0.2 (from fastapi>=0.104.0->tunix-rt-backend==0.1.0)
2025-12-22T01:41:56.3708792Z   Using cached annotated_doc-0.0.4-py3-none-any.whl.metadata (6.6 kB)
2025-12-22T01:41:56.3992971Z Collecting anyio<5,>=3.6.2 (from starlette<0.51.0,>=0.40.0->fastapi>=0.104.0->tunix-rt-backend==0.1.0)
2025-12-22T01:41:56.4006081Z   Using cached anyio-4.12.0-py3-none-any.whl.metadata (4.3 kB)
2025-12-22T01:41:56.4273802Z Collecting idna>=2.8 (from anyio<5,>=3.6.2->starlette<0.51.0,>=0.40.0->fastapi>=0.104.0->tunix-rt-backend==0.1.0)
2025-12-22T01:41:56.4288068Z   Using cached idna-3.11-py3-none-any.whl.metadata (8.4 kB)
2025-12-22T01:41:56.4617452Z Collecting certifi (from httpx>=0.25.0->tunix-rt-backend==0.1.0)
2025-12-22T01:41:56.4630803Z   Using cached certifi-2025.11.12-py3-none-any.whl.metadata (2.5 kB)
2025-12-22T01:41:56.4908773Z Collecting httpcore==1.* (from httpx>=0.25.0->tunix-rt-backend==0.1.0)
2025-12-22T01:41:56.4922704Z   Using cached httpcore-1.0.9-py3-none-any.whl.metadata (21 kB)
2025-12-22T01:41:56.5139367Z Collecting h11>=0.16 (from httpcore==1.*->httpx>=0.25.0->tunix-rt-backend==0.1.0)
2025-12-22T01:41:56.5153232Z   Using cached h11-0.16.0-py3-none-any.whl.metadata (8.3 kB)
2025-12-22T01:41:56.5400462Z Collecting mypy_extensions>=1.0.0 (from mypy>=1.6.0->tunix-rt-backend==0.1.0)
2025-12-22T01:41:56.5417235Z   Using cached mypy_extensions-1.1.0-py3-none-any.whl.metadata (1.1 kB)
2025-12-22T01:41:56.5635603Z Collecting pathspec>=0.9.0 (from mypy>=1.6.0->tunix-rt-backend==0.1.0)
2025-12-22T01:41:56.5650096Z   Using cached pathspec-0.12.1-py3-none-any.whl.metadata (21 kB)
2025-12-22T01:41:56.6495935Z Collecting librt>=0.6.2 (from mypy>=1.6.0->tunix-rt-backend==0.1.0)
2025-12-22T01:41:56.6511849Z   Using cached librt-0.7.4-cp311-cp311-manylinux2014_x86_64.manylinux_2_17_x86_64.manylinux_2_28_x86_64.whl.metadata (1.3 kB)
2025-12-22T01:41:56.6727257Z Collecting annotated-types>=0.6.0 (from pydantic>=2.4.0->tunix-rt-backend==0.1.0)
2025-12-22T01:41:56.6746686Z   Using cached annotated_types-0.7.0-py3-none-any.whl.metadata (15 kB)
2025-12-22T01:41:57.3747114Z Collecting pydantic-core==2.41.5 (from pydantic>=2.4.0->tunix-rt-backend==0.1.0)
2025-12-22T01:41:57.3763716Z   Using cached pydantic_core-2.41.5-cp311-cp311-manylinux_2_17_x86_64.manylinux2014_x86_64.whl.metadata (7.3 kB)
2025-12-22T01:41:57.3993186Z Collecting typing-inspection>=0.4.2 (from pydantic>=2.4.0->tunix-rt-backend==0.1.0)
2025-12-22T01:41:57.4007560Z   Using cached typing_inspection-0.4.2-py3-none-any.whl.metadata (2.6 kB)
2025-12-22T01:41:57.4284025Z Collecting python-dotenv>=0.21.0 (from pydantic-settings>=2.0.0->tunix-rt-backend==0.1.0)
2025-12-22T01:41:57.4298122Z   Using cached python_dotenv-1.2.1-py3-none-any.whl.metadata (25 kB)
2025-12-22T01:41:57.4517152Z Collecting iniconfig>=1.0.1 (from pytest>=7.4.0->tunix-rt-backend==0.1.0)
2025-12-22T01:41:57.4529049Z   Using cached iniconfig-2.3.0-py3-none-any.whl.metadata (2.5 kB)
2025-12-22T01:41:57.4788567Z Collecting packaging>=22 (from pytest>=7.4.0->tunix-rt-backend==0.1.0)
2025-12-22T01:41:57.4802040Z   Using cached packaging-25.0-py3-none-any.whl.metadata (3.3 kB)
2025-12-22T01:41:57.5036513Z Collecting pluggy<2,>=1.5 (from pytest>=7.4.0->tunix-rt-backend==0.1.0)
2025-12-22T01:41:57.5037622Z   Using cached pluggy-1.6.0-py3-none-any.whl.metadata (4.8 kB)
2025-12-22T01:41:57.5312869Z Collecting pygments>=2.7.2 (from pytest>=7.4.0->tunix-rt-backend==0.1.0)
2025-12-22T01:41:57.5326485Z   Using cached pygments-2.19.2-py3-none-any.whl.metadata (2.5 kB)
2025-12-22T01:41:57.8909309Z Collecting coverage>=7.10.6 (from coverage[toml]>=7.10.6->pytest-cov>=4.1.0->tunix-rt-backend==0.1.0)
2025-12-22T01:41:57.8925464Z   Using cached coverage-7.13.0-cp311-cp311-manylinux1_x86_64.manylinux_2_28_x86_64.manylinux_2_5_x86_64.whl.metadata (8.5 kB)
2025-12-22T01:41:58.0932338Z Collecting greenlet>=1 (from sqlalchemy>=2.0.0->sqlalchemy[asyncio]>=2.0.0->tunix-rt-backend==0.1.0)
2025-12-22T01:41:58.0948252Z   Using cached greenlet-3.3.0-cp311-cp311-manylinux_2_24_x86_64.manylinux_2_28_x86_64.whl.metadata (4.1 kB)
2025-12-22T01:41:58.1311713Z Collecting click>=7.0 (from uvicorn>=0.24.0->uvicorn[standard]>=0.24.0->tunix-rt-backend==0.1.0)
2025-12-22T01:41:58.1326082Z   Using cached click-8.3.1-py3-none-any.whl.metadata (2.6 kB)
2025-12-22T01:41:58.2222308Z Collecting httptools>=0.6.3 (from uvicorn[standard]>=0.24.0->tunix-rt-backend==0.1.0)
2025-12-22T01:41:58.2237692Z   Using cached httptools-0.7.1-cp311-cp311-manylinux1_x86_64.manylinux_2_28_x86_64.manylinux_2_5_x86_64.whl.metadata (3.5 kB)
2025-12-22T01:41:58.2736747Z Collecting pyyaml>=5.1 (from uvicorn[standard]>=0.24.0->tunix-rt-backend==0.1.0)
2025-12-22T01:41:58.2751433Z   Using cached pyyaml-6.0.3-cp311-cp311-manylinux2014_x86_64.manylinux_2_17_x86_64.manylinux_2_28_x86_64.whl.metadata (2.4 kB)
2025-12-22T01:41:58.3256359Z Collecting uvloop>=0.15.1 (from uvicorn[standard]>=0.24.0->tunix-rt-backend==0.1.0)
2025-12-22T01:41:58.3272267Z   Using cached uvloop-0.22.1-cp311-cp311-manylinux2014_x86_64.manylinux_2_17_x86_64.manylinux_2_28_x86_64.whl.metadata (4.9 kB)
2025-12-22T01:41:58.4124942Z Collecting watchfiles>=0.13 (from uvicorn[standard]>=0.24.0->tunix-rt-backend==0.1.0)
2025-12-22T01:41:58.4140590Z   Using cached watchfiles-1.1.1-cp311-cp311-manylinux_2_17_x86_64.manylinux2014_x86_64.whl.metadata (4.9 kB)
2025-12-22T01:41:58.5039931Z Collecting websockets>=10.4 (from uvicorn[standard]>=0.24.0->tunix-rt-backend==0.1.0)
2025-12-22T01:41:58.5056200Z   Using cached websockets-15.0.1-cp311-cp311-manylinux_2_5_x86_64.manylinux1_x86_64.manylinux_2_17_x86_64.manylinux2014_x86_64.whl.metadata (6.8 kB)
2025-12-22T01:41:58.5815362Z Collecting MarkupSafe>=0.9.2 (from Mako->alembic>=1.12.0->tunix-rt-backend==0.1.0)
2025-12-22T01:41:58.5831302Z   Using cached markupsafe-3.0.3-cp311-cp311-manylinux2014_x86_64.manylinux_2_17_x86_64.manylinux_2_28_x86_64.whl.metadata (2.7 kB)
2025-12-22T01:41:58.5878869Z Using cached aiosqlite-0.22.0-py3-none-any.whl (17 kB)
2025-12-22T01:41:58.5892333Z Using cached alembic-1.17.2-py3-none-any.whl (248 kB)
2025-12-22T01:41:58.5907794Z Using cached asyncpg-0.31.0-cp311-cp311-manylinux2014_x86_64.manylinux_2_17_x86_64.manylinux_2_28_x86_64.whl (3.0 MB)
2025-12-22T01:41:58.5942918Z Using cached fastapi-0.127.0-py3-none-any.whl (112 kB)
2025-12-22T01:41:58.5958372Z Using cached starlette-0.50.0-py3-none-any.whl (74 kB)
2025-12-22T01:41:58.5972084Z Using cached anyio-4.12.0-py3-none-any.whl (113 kB)
2025-12-22T01:41:58.5986157Z Using cached annotated_doc-0.0.4-py3-none-any.whl (5.3 kB)
2025-12-22T01:41:58.5999600Z Using cached httpx-0.28.1-py3-none-any.whl (73 kB)
2025-12-22T01:41:58.6013190Z Using cached httpcore-1.0.9-py3-none-any.whl (78 kB)
2025-12-22T01:41:58.6027145Z Using cached h11-0.16.0-py3-none-any.whl (37 kB)
2025-12-22T01:41:58.6040920Z Using cached idna-3.11-py3-none-any.whl (71 kB)
2025-12-22T01:41:58.6055831Z Using cached mypy-1.19.1-cp311-cp311-manylinux2014_x86_64.manylinux_2_17_x86_64.manylinux_2_28_x86_64.whl (13.4 MB)
2025-12-22T01:41:58.6165859Z Using cached librt-0.7.4-cp311-cp311-manylinux2014_x86_64.manylinux_2_17_x86_64.manylinux_2_28_x86_64.whl (184 kB)
2025-12-22T01:41:58.6180809Z Using cached mypy_extensions-1.1.0-py3-none-any.whl (5.0 kB)
2025-12-22T01:41:58.6192760Z Using cached pathspec-0.12.1-py3-none-any.whl (31 kB)
2025-12-22T01:41:58.6206454Z Using cached pydantic-2.12.5-py3-none-any.whl (463 kB)
2025-12-22T01:41:58.6223323Z Using cached pydantic_core-2.41.5-cp311-cp311-manylinux_2_17_x86_64.manylinux2014_x86_64.whl (2.1 MB)
2025-12-22T01:41:58.6251438Z Using cached annotated_types-0.7.0-py3-none-any.whl (13 kB)
2025-12-22T01:41:58.6264679Z Using cached pydantic_settings-2.12.0-py3-none-any.whl (51 kB)
2025-12-22T01:41:58.6278520Z Using cached pytest-9.0.2-py3-none-any.whl (374 kB)
2025-12-22T01:41:58.6294274Z Using cached pluggy-1.6.0-py3-none-any.whl (20 kB)
2025-12-22T01:41:58.6307971Z Using cached iniconfig-2.3.0-py3-none-any.whl (7.5 kB)
2025-12-22T01:41:58.6321433Z Using cached packaging-25.0-py3-none-any.whl (66 kB)
2025-12-22T01:41:58.6335357Z Using cached pygments-2.19.2-py3-none-any.whl (1.2 MB)
2025-12-22T01:41:58.6358298Z Using cached pytest_asyncio-1.3.0-py3-none-any.whl (15 kB)
2025-12-22T01:41:58.6371675Z Using cached pytest_cov-7.0.0-py3-none-any.whl (22 kB)
2025-12-22T01:41:58.6386033Z Using cached coverage-7.13.0-cp311-cp311-manylinux1_x86_64.manylinux_2_28_x86_64.manylinux_2_5_x86_64.whl (250 kB)
2025-12-22T01:41:58.6401250Z Using cached python_dotenv-1.2.1-py3-none-any.whl (21 kB)
2025-12-22T01:41:58.6414847Z Using cached ruff-0.14.10-py3-none-manylinux_2_17_x86_64.manylinux2014_x86_64.whl (14.2 MB)
2025-12-22T01:41:58.6527902Z Using cached sqlalchemy-2.0.45-cp311-cp311-manylinux2014_x86_64.manylinux_2_17_x86_64.manylinux_2_28_x86_64.whl (3.3 MB)
2025-12-22T01:41:58.6564635Z Using cached greenlet-3.3.0-cp311-cp311-manylinux_2_24_x86_64.manylinux_2_28_x86_64.whl (590 kB)
2025-12-22T01:41:58.6582419Z Using cached typing_extensions-4.15.0-py3-none-any.whl (44 kB)
2025-12-22T01:41:58.6596091Z Using cached typing_inspection-0.4.2-py3-none-any.whl (14 kB)
2025-12-22T01:41:58.6609601Z Using cached uvicorn-0.40.0-py3-none-any.whl (68 kB)
2025-12-22T01:41:58.6623225Z Using cached click-8.3.1-py3-none-any.whl (108 kB)
2025-12-22T01:41:58.6638065Z Using cached httptools-0.7.1-cp311-cp311-manylinux1_x86_64.manylinux_2_28_x86_64.manylinux_2_5_x86_64.whl (456 kB)
2025-12-22T01:41:58.6655301Z Using cached pyyaml-6.0.3-cp311-cp311-manylinux2014_x86_64.manylinux_2_17_x86_64.manylinux_2_28_x86_64.whl (806 kB)
2025-12-22T01:41:58.6675988Z Using cached uvloop-0.22.1-cp311-cp311-manylinux2014_x86_64.manylinux_2_17_x86_64.manylinux_2_28_x86_64.whl (3.8 MB)
2025-12-22T01:41:58.6715939Z Using cached watchfiles-1.1.1-cp311-cp311-manylinux_2_17_x86_64.manylinux2014_x86_64.whl (456 kB)
2025-12-22T01:41:58.6732112Z Using cached websockets-15.0.1-cp311-cp311-manylinux_2_5_x86_64.manylinux1_x86_64.manylinux_2_17_x86_64.manylinux2014_x86_64.whl (182 kB)
2025-12-22T01:41:58.6747001Z Using cached certifi-2025.11.12-py3-none-any.whl (159 kB)
2025-12-22T01:41:58.6761149Z Using cached mako-1.3.10-py3-none-any.whl (78 kB)
2025-12-22T01:41:58.6775196Z Using cached markupsafe-3.0.3-cp311-cp311-manylinux2014_x86_64.manylinux_2_17_x86_64.manylinux_2_28_x86_64.whl (22 kB)
2025-12-22T01:41:58.7457595Z Building wheels for collected packages: tunix-rt-backend
2025-12-22T01:41:58.7465533Z   Building editable for tunix-rt-backend (pyproject.toml): started
2025-12-22T01:41:58.9434081Z   Building editable for tunix-rt-backend (pyproject.toml): finished with status 'done'
2025-12-22T01:41:58.9439844Z   Created wheel for tunix-rt-backend: filename=tunix_rt_backend-0.1.0-0.editable-py3-none-any.whl size=3120 sha256=600bd85200d8a17a0e70833f88f9dce3a0e67e78dd06bf77887bedcc171c7dbc
2025-12-22T01:41:58.9441951Z   Stored in directory: /tmp/pip-ephem-wheel-cache-hthf04ve/wheels/6c/ee/47/0b2814d300ad026845dfa3996505f4a0f855be918f2df7eb34
2025-12-22T01:41:58.9456506Z Successfully built tunix-rt-backend
2025-12-22T01:41:59.0142702Z Installing collected packages: websockets, uvloop, typing-extensions, ruff, pyyaml, python-dotenv, pygments, pluggy, pathspec, packaging, mypy_extensions, MarkupSafe, librt, iniconfig, idna, httptools, h11, greenlet, coverage, click, certifi, asyncpg, annotated-types, annotated-doc, aiosqlite, uvicorn, typing-inspection, sqlalchemy, pytest, pydantic-core, mypy, Mako, httpcore, anyio, watchfiles, starlette, pytest-cov, pytest-asyncio, pydantic, httpx, alembic, pydantic-settings, fastapi, tunix-rt-backend
2025-12-22T01:42:04.0511070Z 
2025-12-22T01:42:04.0538671Z Successfully installed Mako-1.3.10 MarkupSafe-3.0.3 aiosqlite-0.22.0 alembic-1.17.2 annotated-doc-0.0.4 annotated-types-0.7.0 anyio-4.12.0 asyncpg-0.31.0 certifi-2025.11.12 click-8.3.1 coverage-7.13.0 fastapi-0.127.0 greenlet-3.3.0 h11-0.16.0 httpcore-1.0.9 httptools-0.7.1 httpx-0.28.1 idna-3.11 iniconfig-2.3.0 librt-0.7.4 mypy-1.19.1 mypy_extensions-1.1.0 packaging-25.0 pathspec-0.12.1 pluggy-1.6.0 pydantic-2.12.5 pydantic-core-2.41.5 pydantic-settings-2.12.0 pygments-2.19.2 pytest-9.0.2 pytest-asyncio-1.3.0 pytest-cov-7.0.0 python-dotenv-1.2.1 pyyaml-6.0.3 ruff-0.14.10 sqlalchemy-2.0.45 starlette-0.50.0 tunix-rt-backend-0.1.0 typing-extensions-4.15.0 typing-inspection-0.4.2 uvicorn-0.40.0 uvloop-0.22.1 watchfiles-1.1.1 websockets-15.0.1
2025-12-22T01:42:04.4904382Z ##[group]Run cd ../backend && alembic upgrade head
2025-12-22T01:42:04.4904763Z [36;1mcd ../backend && alembic upgrade head[0m
2025-12-22T01:42:04.4937496Z shell: /usr/bin/bash -e {0}
2025-12-22T01:42:04.4937723Z env:
2025-12-22T01:42:04.4937885Z   REDIAI_MODE: mock
2025-12-22T01:42:04.4938429Z   DATABASE_URL: ***localhost:5432/postgres
2025-12-22T01:42:04.4938774Z   pythonLocation: /opt/hostedtoolcache/Python/3.11.14/x64
2025-12-22T01:42:04.4939185Z   PKG_CONFIG_PATH: /opt/hostedtoolcache/Python/3.11.14/x64/lib/pkgconfig
2025-12-22T01:42:04.4939580Z   Python_ROOT_DIR: /opt/hostedtoolcache/Python/3.11.14/x64
2025-12-22T01:42:04.4939932Z   Python2_ROOT_DIR: /opt/hostedtoolcache/Python/3.11.14/x64
2025-12-22T01:42:04.4940281Z   Python3_ROOT_DIR: /opt/hostedtoolcache/Python/3.11.14/x64
2025-12-22T01:42:04.4940637Z   LD_LIBRARY_PATH: /opt/hostedtoolcache/Python/3.11.14/x64/lib
2025-12-22T01:42:04.4940943Z ##[endgroup]
2025-12-22T01:42:05.0928023Z INFO  [alembic.runtime.migration] Context impl PostgresqlImpl.
2025-12-22T01:42:05.0931246Z INFO  [alembic.runtime.migration] Will assume transactional DDL.
2025-12-22T01:42:05.1111996Z INFO  [alembic.runtime.migration] Running upgrade  -> 001, create_traces_table
2025-12-22T01:42:05.1182153Z INFO  [alembic.runtime.migration] Running upgrade 001 -> f8f1393630e4, add traces created_at index
2025-12-22T01:42:05.1228324Z INFO  [alembic.runtime.migration] Running upgrade f8f1393630e4 -> f3cc010ca8a6, add_scores_table
2025-12-22T01:42:05.2306830Z ##[group]Run actions/setup-node@v4
2025-12-22T01:42:05.2307091Z with:
2025-12-22T01:42:05.2307271Z   node-version: 18
2025-12-22T01:42:05.2307465Z   always-auth: false
2025-12-22T01:42:05.2307656Z   check-latest: false
2025-12-22T01:42:05.2307946Z   token: ***
2025-12-22T01:42:05.2308116Z env:
2025-12-22T01:42:05.2308277Z   REDIAI_MODE: mock
2025-12-22T01:42:05.2308678Z   DATABASE_URL: ***localhost:5432/postgres
2025-12-22T01:42:05.2309195Z   pythonLocation: /opt/hostedtoolcache/Python/3.11.14/x64
2025-12-22T01:42:05.2309599Z   PKG_CONFIG_PATH: /opt/hostedtoolcache/Python/3.11.14/x64/lib/pkgconfig
2025-12-22T01:42:05.2309978Z   Python_ROOT_DIR: /opt/hostedtoolcache/Python/3.11.14/x64
2025-12-22T01:42:05.2310343Z   Python2_ROOT_DIR: /opt/hostedtoolcache/Python/3.11.14/x64
2025-12-22T01:42:05.2310689Z   Python3_ROOT_DIR: /opt/hostedtoolcache/Python/3.11.14/x64
2025-12-22T01:42:05.2311036Z   LD_LIBRARY_PATH: /opt/hostedtoolcache/Python/3.11.14/x64/lib
2025-12-22T01:42:05.2311356Z ##[endgroup]
2025-12-22T01:42:05.4125341Z Attempting to download 18...
2025-12-22T01:42:05.9251721Z Acquiring 18.20.8 - x64 from https://github.com/actions/node-versions/releases/download/18.20.8-14110393767/node-18.20.8-linux-x64.tar.gz
2025-12-22T01:42:06.5547839Z Extracting ...
2025-12-22T01:42:06.5666729Z [command]/usr/bin/tar xz --strip 1 --warning=no-unknown-keyword --overwrite -C /home/runner/work/_temp/9ec20445-bee5-48fa-9106-0c46d7b15d09 -f /home/runner/work/_temp/f6ad737e-2b90-4c6b-8060-be982ed14b47
2025-12-22T01:42:07.6145883Z Adding to the cache ...
2025-12-22T01:42:09.7411771Z ##[group]Environment details
2025-12-22T01:42:10.0406955Z node: v18.20.8
2025-12-22T01:42:10.0407918Z npm: 10.8.2
2025-12-22T01:42:10.0409809Z yarn: 1.22.22
2025-12-22T01:42:10.0412124Z ##[endgroup]
2025-12-22T01:42:10.0549560Z ##[group]Run cd ../frontend && npm ci
2025-12-22T01:42:10.0549884Z [36;1mcd ../frontend && npm ci[0m
2025-12-22T01:42:10.0582754Z shell: /usr/bin/bash -e {0}
2025-12-22T01:42:10.0582977Z env:
2025-12-22T01:42:10.0583144Z   REDIAI_MODE: mock
2025-12-22T01:42:10.0583632Z   DATABASE_URL: ***localhost:5432/postgres
2025-12-22T01:42:10.0583975Z   pythonLocation: /opt/hostedtoolcache/Python/3.11.14/x64
2025-12-22T01:42:10.0584370Z   PKG_CONFIG_PATH: /opt/hostedtoolcache/Python/3.11.14/x64/lib/pkgconfig
2025-12-22T01:42:10.0584756Z   Python_ROOT_DIR: /opt/hostedtoolcache/Python/3.11.14/x64
2025-12-22T01:42:10.0585123Z   Python2_ROOT_DIR: /opt/hostedtoolcache/Python/3.11.14/x64
2025-12-22T01:42:10.0585469Z   Python3_ROOT_DIR: /opt/hostedtoolcache/Python/3.11.14/x64
2025-12-22T01:42:10.0585932Z   LD_LIBRARY_PATH: /opt/hostedtoolcache/Python/3.11.14/x64/lib
2025-12-22T01:42:10.0586225Z ##[endgroup]
2025-12-22T01:42:13.0424020Z npm warn deprecated rimraf@3.0.2: Rimraf versions prior to v4 are no longer supported
2025-12-22T01:42:13.6061975Z npm warn deprecated inflight@1.0.6: This module is not supported, and leaks memory. Do not use it. Check out lru-cache if you want a good and tested way to coalesce async requests by a key value, which is much more comprehensive and powerful.
2025-12-22T01:42:13.7369182Z npm warn deprecated glob@7.2.3: Glob versions prior to v9 are no longer supported
2025-12-22T01:42:14.6250904Z npm warn deprecated @humanwhocodes/config-array@0.13.0: Use @eslint/config-array instead
2025-12-22T01:42:14.6462878Z npm warn deprecated @humanwhocodes/object-schema@2.0.3: Use @eslint/object-schema instead
2025-12-22T01:42:17.2187354Z npm warn deprecated eslint@8.57.1: This version is no longer supported. Please see https://eslint.org/version-support for other options.
2025-12-22T01:42:17.5414605Z 
2025-12-22T01:42:17.5417273Z added 406 packages, and audited 407 packages in 7s
2025-12-22T01:42:17.5418044Z 
2025-12-22T01:42:17.5420041Z 117 packages are looking for funding
2025-12-22T01:42:17.5421659Z   run `npm fund` for details
2025-12-22T01:42:17.5627730Z 
2025-12-22T01:42:17.5647690Z 5 moderate severity vulnerabilities
2025-12-22T01:42:17.5648042Z 
2025-12-22T01:42:17.5648434Z To address all issues (including breaking changes), run:
2025-12-22T01:42:17.5648990Z   npm audit fix --force
2025-12-22T01:42:17.5649221Z 
2025-12-22T01:42:17.5649406Z Run `npm audit` for details.
2025-12-22T01:42:17.5947852Z ##[group]Run npm ci
2025-12-22T01:42:17.5948268Z [36;1mnpm ci[0m
2025-12-22T01:42:17.5996763Z shell: /usr/bin/bash -e {0}
2025-12-22T01:42:17.5997138Z env:
2025-12-22T01:42:17.5997411Z   REDIAI_MODE: mock
2025-12-22T01:42:17.5998515Z   DATABASE_URL: ***localhost:5432/postgres
2025-12-22T01:42:17.5999080Z   pythonLocation: /opt/hostedtoolcache/Python/3.11.14/x64
2025-12-22T01:42:17.5999779Z   PKG_CONFIG_PATH: /opt/hostedtoolcache/Python/3.11.14/x64/lib/pkgconfig
2025-12-22T01:42:17.6000573Z   Python_ROOT_DIR: /opt/hostedtoolcache/Python/3.11.14/x64
2025-12-22T01:42:17.6001198Z   Python2_ROOT_DIR: /opt/hostedtoolcache/Python/3.11.14/x64
2025-12-22T01:42:17.6001816Z   Python3_ROOT_DIR: /opt/hostedtoolcache/Python/3.11.14/x64
2025-12-22T01:42:17.6002412Z   LD_LIBRARY_PATH: /opt/hostedtoolcache/Python/3.11.14/x64/lib
2025-12-22T01:42:17.6002920Z ##[endgroup]
2025-12-22T01:42:18.5216431Z 
2025-12-22T01:42:18.5217720Z added 5 packages, and audited 6 packages in 847ms
2025-12-22T01:42:18.5226171Z 
2025-12-22T01:42:18.5226471Z found 0 vulnerabilities
2025-12-22T01:42:18.5332074Z ##[group]Run npx playwright install chromium --with-deps
2025-12-22T01:42:18.5332473Z [36;1mnpx playwright install chromium --with-deps[0m
2025-12-22T01:42:18.5365211Z shell: /usr/bin/bash -e {0}
2025-12-22T01:42:18.5365447Z env:
2025-12-22T01:42:18.5365610Z   REDIAI_MODE: mock
2025-12-22T01:42:18.5367311Z   DATABASE_URL: ***localhost:5432/postgres
2025-12-22T01:42:18.5367647Z   pythonLocation: /opt/hostedtoolcache/Python/3.11.14/x64
2025-12-22T01:42:18.5368031Z   PKG_CONFIG_PATH: /opt/hostedtoolcache/Python/3.11.14/x64/lib/pkgconfig
2025-12-22T01:42:18.5368422Z   Python_ROOT_DIR: /opt/hostedtoolcache/Python/3.11.14/x64
2025-12-22T01:42:18.5368768Z   Python2_ROOT_DIR: /opt/hostedtoolcache/Python/3.11.14/x64
2025-12-22T01:42:18.5369122Z   Python3_ROOT_DIR: /opt/hostedtoolcache/Python/3.11.14/x64
2025-12-22T01:42:18.5369456Z   LD_LIBRARY_PATH: /opt/hostedtoolcache/Python/3.11.14/x64/lib
2025-12-22T01:42:18.5369751Z ##[endgroup]
2025-12-22T01:42:19.5337071Z Installing dependencies...
2025-12-22T01:42:19.5426409Z Switching to root user to install dependencies...
2025-12-22T01:42:19.6907219Z Get:1 file:/etc/apt/apt-mirrors.txt Mirrorlist [144 B]
2025-12-22T01:42:19.7638557Z Hit:2 http://azure.archive.ubuntu.com/ubuntu noble InRelease
2025-12-22T01:42:19.7668088Z Hit:6 https://packages.microsoft.com/repos/azure-cli noble InRelease
2025-12-22T01:42:19.7669191Z Get:7 https://packages.microsoft.com/ubuntu/24.04/prod noble InRelease [3600 B]
2025-12-22T01:42:19.7826359Z Get:3 http://azure.archive.ubuntu.com/ubuntu noble-updates InRelease [126 kB]
2025-12-22T01:42:19.7886895Z Get:4 http://azure.archive.ubuntu.com/ubuntu noble-backports InRelease [126 kB]
2025-12-22T01:42:19.7976629Z Get:5 http://azure.archive.ubuntu.com/ubuntu noble-security InRelease [126 kB]
2025-12-22T01:42:20.0228573Z Get:8 https://packages.microsoft.com/ubuntu/24.04/prod noble/main arm64 Packages [58.7 kB]
2025-12-22T01:42:20.0409423Z Get:9 https://packages.microsoft.com/ubuntu/24.04/prod noble/main amd64 Packages [77.3 kB]
2025-12-22T01:42:20.0459029Z Get:10 https://packages.microsoft.com/ubuntu/24.04/prod noble/main armhf Packages [11.4 kB]
2025-12-22T01:42:20.0752162Z Get:11 http://azure.archive.ubuntu.com/ubuntu noble-updates/main amd64 Packages [1684 kB]
2025-12-22T01:42:20.0898598Z Get:12 http://azure.archive.ubuntu.com/ubuntu noble-updates/main Translation-en [311 kB]
2025-12-22T01:42:20.0929023Z Get:13 http://azure.archive.ubuntu.com/ubuntu noble-updates/main amd64 Components [175 kB]
2025-12-22T01:42:20.0973845Z Get:14 http://azure.archive.ubuntu.com/ubuntu noble-updates/main amd64 c-n-f Metadata [15.8 kB]
2025-12-22T01:42:20.0990991Z Get:15 http://azure.archive.ubuntu.com/ubuntu noble-updates/universe amd64 Packages [1506 kB]
2025-12-22T01:42:20.1177273Z Get:16 http://azure.archive.ubuntu.com/ubuntu noble-updates/universe Translation-en [306 kB]
2025-12-22T01:42:20.1229062Z Get:17 http://azure.archive.ubuntu.com/ubuntu noble-updates/universe amd64 Components [377 kB]
2025-12-22T01:42:20.1290658Z Get:18 http://azure.archive.ubuntu.com/ubuntu noble-updates/universe amd64 c-n-f Metadata [31.4 kB]
2025-12-22T01:42:20.1304539Z Get:19 http://azure.archive.ubuntu.com/ubuntu noble-updates/restricted amd64 Packages [2413 kB]
2025-12-22T01:42:20.1722699Z Get:20 http://azure.archive.ubuntu.com/ubuntu noble-updates/restricted Translation-en [550 kB]
2025-12-22T01:42:20.2144289Z Get:21 http://azure.archive.ubuntu.com/ubuntu noble-updates/restricted amd64 Components [212 B]
2025-12-22T01:42:20.2193556Z Get:22 http://azure.archive.ubuntu.com/ubuntu noble-updates/restricted amd64 c-n-f Metadata [516 B]
2025-12-22T01:42:20.2228709Z Get:23 http://azure.archive.ubuntu.com/ubuntu noble-updates/multiverse amd64 Packages [30.3 kB]
2025-12-22T01:42:20.2230288Z Get:24 http://azure.archive.ubuntu.com/ubuntu noble-updates/multiverse Translation-en [6048 B]
2025-12-22T01:42:20.2252026Z Get:25 http://azure.archive.ubuntu.com/ubuntu noble-updates/multiverse amd64 Components [940 B]
2025-12-22T01:42:20.2271781Z Get:26 http://azure.archive.ubuntu.com/ubuntu noble-updates/multiverse amd64 c-n-f Metadata [488 B]
2025-12-22T01:42:20.2286581Z Get:27 http://azure.archive.ubuntu.com/ubuntu noble-backports/main amd64 Packages [40.4 kB]
2025-12-22T01:42:20.2311255Z Get:28 http://azure.archive.ubuntu.com/ubuntu noble-backports/main amd64 Components [7312 B]
2025-12-22T01:42:20.2329921Z Get:29 http://azure.archive.ubuntu.com/ubuntu noble-backports/main amd64 c-n-f Metadata [368 B]
2025-12-22T01:42:20.2350462Z Get:30 http://azure.archive.ubuntu.com/ubuntu noble-backports/universe amd64 Packages [29.5 kB]
2025-12-22T01:42:20.2399295Z Get:31 http://azure.archive.ubuntu.com/ubuntu noble-backports/universe Translation-en [17.9 kB]
2025-12-22T01:42:20.2409362Z Get:32 http://azure.archive.ubuntu.com/ubuntu noble-backports/universe amd64 Components [10.5 kB]
2025-12-22T01:42:20.2430543Z Get:33 http://azure.archive.ubuntu.com/ubuntu noble-backports/universe amd64 c-n-f Metadata [1444 B]
2025-12-22T01:42:20.2438583Z Get:34 http://azure.archive.ubuntu.com/ubuntu noble-backports/restricted amd64 Components [216 B]
2025-12-22T01:42:20.2857519Z Get:35 http://azure.archive.ubuntu.com/ubuntu noble-backports/multiverse amd64 Components [212 B]
2025-12-22T01:42:20.3259271Z Get:36 http://azure.archive.ubuntu.com/ubuntu noble-security/main Translation-en [225 kB]
2025-12-22T01:42:20.3297745Z Get:37 http://azure.archive.ubuntu.com/ubuntu noble-security/main amd64 Components [21.5 kB]
2025-12-22T01:42:20.3302598Z Get:38 http://azure.archive.ubuntu.com/ubuntu noble-security/main amd64 c-n-f Metadata [9504 B]
2025-12-22T01:42:20.3337064Z Get:39 http://azure.archive.ubuntu.com/ubuntu noble-security/universe amd64 Components [71.5 kB]
2025-12-22T01:42:20.3340478Z Get:40 http://azure.archive.ubuntu.com/ubuntu noble-security/restricted amd64 Components [212 B]
2025-12-22T01:42:20.3351117Z Get:41 http://azure.archive.ubuntu.com/ubuntu noble-security/multiverse amd64 Components [208 B]
2025-12-22T01:42:33.2232706Z Fetched 8374 kB in 1s (6007 kB/s)
2025-12-22T01:42:34.0099690Z Reading package lists...
2025-12-22T01:42:34.0363901Z Reading package lists...
2025-12-22T01:42:34.2179531Z Building dependency tree...
2025-12-22T01:42:34.2188303Z Reading state information...
2025-12-22T01:42:34.3887982Z libasound2t64 is already the newest version (1.2.11-1ubuntu0.1).
2025-12-22T01:42:34.3892226Z libasound2t64 set to manually installed.
2025-12-22T01:42:34.3894382Z libatk-bridge2.0-0t64 is already the newest version (2.52.0-1build1).
2025-12-22T01:42:34.3897599Z libatk-bridge2.0-0t64 set to manually installed.
2025-12-22T01:42:34.3898406Z libatk1.0-0t64 is already the newest version (2.52.0-1build1).
2025-12-22T01:42:34.3899109Z libatk1.0-0t64 set to manually installed.
2025-12-22T01:42:34.3899786Z libatspi2.0-0t64 is already the newest version (2.52.0-1build1).
2025-12-22T01:42:34.3900434Z libatspi2.0-0t64 set to manually installed.
2025-12-22T01:42:34.3901025Z libcairo2 is already the newest version (1.18.0-3build1).
2025-12-22T01:42:34.3901582Z libcairo2 set to manually installed.
2025-12-22T01:42:34.3903318Z libcups2t64 is already the newest version (2.4.7-1.2ubuntu7.9).
2025-12-22T01:42:34.3904002Z libcups2t64 set to manually installed.
2025-12-22T01:42:34.3904692Z libdbus-1-3 is already the newest version (1.14.10-4ubuntu4.1).
2025-12-22T01:42:34.3905952Z libdbus-1-3 set to manually installed.
2025-12-22T01:42:34.3906669Z libdrm2 is already the newest version (2.4.122-1~ubuntu0.24.04.2).
2025-12-22T01:42:34.3907309Z libdrm2 set to manually installed.
2025-12-22T01:42:34.3907966Z libgbm1 is already the newest version (25.0.7-0ubuntu0.24.04.2).
2025-12-22T01:42:34.3908594Z libgbm1 set to manually installed.
2025-12-22T01:42:34.3909224Z libnspr4 is already the newest version (2:4.35-1.1build1).
2025-12-22T01:42:34.3909821Z libnspr4 set to manually installed.
2025-12-22T01:42:34.3910466Z libnss3 is already the newest version (2:3.98-1build1).
2025-12-22T01:42:34.3911071Z libnss3 set to manually installed.
2025-12-22T01:42:34.3911747Z libpango-1.0-0 is already the newest version (1.52.1+ds-1build1).
2025-12-22T01:42:34.3912705Z libpango-1.0-0 set to manually installed.
2025-12-22T01:42:34.3913418Z libx11-6 is already the newest version (2:1.8.7-1build1).
2025-12-22T01:42:34.3914076Z libx11-6 set to manually installed.
2025-12-22T01:42:34.3914741Z libxcb1 is already the newest version (1.15-1ubuntu2).
2025-12-22T01:42:34.3915333Z libxcb1 set to manually installed.
2025-12-22T01:42:34.3916453Z libxcomposite1 is already the newest version (1:0.4.5-1build3).
2025-12-22T01:42:34.3917154Z libxcomposite1 set to manually installed.
2025-12-22T01:42:34.3917832Z libxdamage1 is already the newest version (1:1.1.6-1build1).
2025-12-22T01:42:34.3918489Z libxdamage1 set to manually installed.
2025-12-22T01:42:34.3919137Z libxext6 is already the newest version (2:1.3.4-1build2).
2025-12-22T01:42:34.3919728Z libxext6 set to manually installed.
2025-12-22T01:42:34.3920365Z libxfixes3 is already the newest version (1:6.0.0-2build1).
2025-12-22T01:42:34.3920978Z libxfixes3 set to manually installed.
2025-12-22T01:42:34.3921638Z libxkbcommon0 is already the newest version (1.6.0-1build1).
2025-12-22T01:42:34.3922255Z libxkbcommon0 set to manually installed.
2025-12-22T01:42:34.3922902Z libxrandr2 is already the newest version (2:1.5.2-2build1).
2025-12-22T01:42:34.3923569Z libxrandr2 set to manually installed.
2025-12-22T01:42:34.3924108Z xvfb is already the newest version (2:21.1.12-1ubuntu1.5).
2025-12-22T01:42:34.3924618Z fonts-noto-color-emoji is already the newest version (2.047-0ubuntu0.24.04.1).
2025-12-22T01:42:34.3925123Z libfontconfig1 is already the newest version (2.15.0-1.1ubuntu2).
2025-12-22T01:42:34.3925504Z libfontconfig1 set to manually installed.
2025-12-22T01:42:34.3926214Z libfreetype6 is already the newest version (2.13.2+dfsg-1build3).
2025-12-22T01:42:34.3926724Z libfreetype6 set to manually installed.
2025-12-22T01:42:34.3927223Z fonts-liberation is already the newest version (1:2.1.5-3).
2025-12-22T01:42:34.3927619Z fonts-liberation set to manually installed.
2025-12-22T01:42:34.3927999Z The following additional packages will be installed:
2025-12-22T01:42:34.3928472Z   gir1.2-glib-2.0 libglib2.0-bin libglib2.0-data xfonts-encodings xfonts-utils
2025-12-22T01:42:34.3928866Z Suggested packages:
2025-12-22T01:42:34.3929069Z   low-memory-monitor
2025-12-22T01:42:34.3929287Z Recommended packages:
2025-12-22T01:42:34.3929544Z   fonts-ipafont-mincho fonts-tlwg-loma
2025-12-22T01:42:34.4387032Z The following NEW packages will be installed:
2025-12-22T01:42:34.4388543Z   fonts-freefont-ttf fonts-ipafont-gothic fonts-tlwg-loma-otf fonts-unifont
2025-12-22T01:42:34.4389799Z   fonts-wqy-zenhei xfonts-cyrillic xfonts-encodings xfonts-scalable
2025-12-22T01:42:34.4390752Z   xfonts-utils
2025-12-22T01:42:34.4395053Z The following packages will be upgraded:
2025-12-22T01:42:34.4401125Z   gir1.2-glib-2.0 libglib2.0-0t64 libglib2.0-bin libglib2.0-data
2025-12-22T01:42:34.4570785Z 4 upgraded, 9 newly installed, 0 to remove and 65 not upgraded.
2025-12-22T01:42:34.4571786Z Need to get 23.0 MB of archives.
2025-12-22T01:42:34.4572926Z After this operation, 79.5 MB of additional disk space will be used.
2025-12-22T01:42:34.4574042Z Get:1 file:/etc/apt/apt-mirrors.txt Mirrorlist [144 B]
2025-12-22T01:42:34.5080854Z Get:2 http://azure.archive.ubuntu.com/ubuntu noble/universe amd64 fonts-ipafont-gothic all 00303-21ubuntu1 [3513 kB]
2025-12-22T01:42:34.6187554Z Get:3 http://azure.archive.ubuntu.com/ubuntu noble-updates/main amd64 libglib2.0-data all 2.80.0-6ubuntu3.5 [48.8 kB]
2025-12-22T01:42:34.6537721Z Get:4 http://azure.archive.ubuntu.com/ubuntu noble-updates/main amd64 libglib2.0-bin amd64 2.80.0-6ubuntu3.5 [97.9 kB]
2025-12-22T01:42:34.6887713Z Get:5 http://azure.archive.ubuntu.com/ubuntu noble-updates/main amd64 gir1.2-glib-2.0 amd64 2.80.0-6ubuntu3.5 [183 kB]
2025-12-22T01:42:34.7240349Z Get:6 http://azure.archive.ubuntu.com/ubuntu noble-updates/main amd64 libglib2.0-0t64 amd64 2.80.0-6ubuntu3.5 [1544 kB]
2025-12-22T01:42:34.7681505Z Get:7 http://azure.archive.ubuntu.com/ubuntu noble/main amd64 fonts-freefont-ttf all 20211204+svn4273-2 [5641 kB]
2025-12-22T01:42:34.8736577Z Get:8 http://azure.archive.ubuntu.com/ubuntu noble/universe amd64 fonts-tlwg-loma-otf all 1:0.7.3-1 [107 kB]
2025-12-22T01:42:34.9084689Z Get:9 http://azure.archive.ubuntu.com/ubuntu noble/universe amd64 fonts-unifont all 1:15.1.01-1build1 [2993 kB]
2025-12-22T01:42:34.9582280Z Get:10 http://azure.archive.ubuntu.com/ubuntu noble/universe amd64 fonts-wqy-zenhei all 0.9.45-8 [7472 kB]
2025-12-22T01:42:35.0530477Z Get:11 http://azure.archive.ubuntu.com/ubuntu noble/main amd64 xfonts-encodings all 1:1.0.5-0ubuntu2 [578 kB]
2025-12-22T01:42:35.0853750Z Get:12 http://azure.archive.ubuntu.com/ubuntu noble/main amd64 xfonts-utils amd64 1:7.7+6build3 [94.4 kB]
2025-12-22T01:42:35.1156240Z Get:13 http://azure.archive.ubuntu.com/ubuntu noble/universe amd64 xfonts-cyrillic all 1:1.0.5+nmu1 [384 kB]
2025-12-22T01:42:35.1474332Z Get:14 http://azure.archive.ubuntu.com/ubuntu noble/main amd64 xfonts-scalable all 1:1.0.3-1.3 [304 kB]
2025-12-22T01:42:35.4201142Z Fetched 23.0 MB in 1s (32.7 MB/s)
2025-12-22T01:42:35.4872266Z Selecting previously unselected package fonts-ipafont-gothic.
2025-12-22T01:42:35.5677265Z (Reading database ... 
2025-12-22T01:42:35.5678686Z (Reading database ... 5%
2025-12-22T01:42:35.5679136Z (Reading database ... 10%
2025-12-22T01:42:35.5679688Z (Reading database ... 15%
2025-12-22T01:42:35.5680071Z (Reading database ... 20%
2025-12-22T01:42:35.5680464Z (Reading database ... 25%
2025-12-22T01:42:35.5680854Z (Reading database ... 30%
2025-12-22T01:42:35.5681245Z (Reading database ... 35%
2025-12-22T01:42:35.5681639Z (Reading database ... 40%
2025-12-22T01:42:35.5681871Z (Reading database ... 45%
2025-12-22T01:42:35.5682107Z (Reading database ... 50%
2025-12-22T01:42:35.6222818Z (Reading database ... 55%
2025-12-22T01:42:35.9292432Z (Reading database ... 60%
2025-12-22T01:42:36.0678776Z (Reading database ... 65%
2025-12-22T01:42:36.1539616Z (Reading database ... 70%
2025-12-22T01:42:36.2985107Z (Reading database ... 75%
2025-12-22T01:42:36.7679563Z (Reading database ... 80%
2025-12-22T01:42:37.4070951Z (Reading database ... 85%
2025-12-22T01:42:38.0396669Z (Reading database ... 90%
2025-12-22T01:42:38.5637376Z (Reading database ... 95%
2025-12-22T01:42:38.5639344Z (Reading database ... 100%
2025-12-22T01:42:38.5640254Z (Reading database ... 217374 files and directories currently installed.)
2025-12-22T01:42:38.5684061Z Preparing to unpack .../00-fonts-ipafont-gothic_00303-21ubuntu1_all.deb ...
2025-12-22T01:42:38.5843102Z Unpacking fonts-ipafont-gothic (00303-21ubuntu1) ...
2025-12-22T01:42:38.8353684Z Preparing to unpack .../01-libglib2.0-data_2.80.0-6ubuntu3.5_all.deb ...
2025-12-22T01:42:38.8389955Z Unpacking libglib2.0-data (2.80.0-6ubuntu3.5) over (2.80.0-6ubuntu3.4) ...
2025-12-22T01:42:38.8787367Z Preparing to unpack .../02-libglib2.0-bin_2.80.0-6ubuntu3.5_amd64.deb ...
2025-12-22T01:42:38.8814085Z Unpacking libglib2.0-bin (2.80.0-6ubuntu3.5) over (2.80.0-6ubuntu3.4) ...
2025-12-22T01:42:39.0027734Z Preparing to unpack .../03-gir1.2-glib-2.0_2.80.0-6ubuntu3.5_amd64.deb ...
2025-12-22T01:42:39.0074294Z Unpacking gir1.2-glib-2.0:amd64 (2.80.0-6ubuntu3.5) over (2.80.0-6ubuntu3.4) ...
2025-12-22T01:42:39.0551366Z Preparing to unpack .../04-libglib2.0-0t64_2.80.0-6ubuntu3.5_amd64.deb ...
2025-12-22T01:42:39.0644647Z Unpacking libglib2.0-0t64:amd64 (2.80.0-6ubuntu3.5) over (2.80.0-6ubuntu3.4) ...
2025-12-22T01:42:39.1169232Z Selecting previously unselected package fonts-freefont-ttf.
2025-12-22T01:42:39.1306691Z Preparing to unpack .../05-fonts-freefont-ttf_20211204+svn4273-2_all.deb ...
2025-12-22T01:42:39.1346479Z Unpacking fonts-freefont-ttf (20211204+svn4273-2) ...
2025-12-22T01:42:39.2284673Z Selecting previously unselected package fonts-tlwg-loma-otf.
2025-12-22T01:42:39.2419667Z Preparing to unpack .../06-fonts-tlwg-loma-otf_1%3a0.7.3-1_all.deb ...
2025-12-22T01:42:39.2449887Z Unpacking fonts-tlwg-loma-otf (1:0.7.3-1) ...
2025-12-22T01:42:39.2692084Z Selecting previously unselected package fonts-unifont.
2025-12-22T01:42:39.2826938Z Preparing to unpack .../07-fonts-unifont_1%3a15.1.01-1build1_all.deb ...
2025-12-22T01:42:39.2846796Z Unpacking fonts-unifont (1:15.1.01-1build1) ...
2025-12-22T01:42:39.4128873Z Selecting previously unselected package fonts-wqy-zenhei.
2025-12-22T01:42:39.4261209Z Preparing to unpack .../08-fonts-wqy-zenhei_0.9.45-8_all.deb ...
2025-12-22T01:42:39.4409265Z Unpacking fonts-wqy-zenhei (0.9.45-8) ...
2025-12-22T01:42:39.9179666Z Selecting previously unselected package xfonts-encodings.
2025-12-22T01:42:39.9312819Z Preparing to unpack .../09-xfonts-encodings_1%3a1.0.5-0ubuntu2_all.deb ...
2025-12-22T01:42:39.9322248Z Unpacking xfonts-encodings (1:1.0.5-0ubuntu2) ...
2025-12-22T01:42:39.9667759Z Selecting previously unselected package xfonts-utils.
2025-12-22T01:42:39.9811777Z Preparing to unpack .../10-xfonts-utils_1%3a7.7+6build3_amd64.deb ...
2025-12-22T01:42:39.9822141Z Unpacking xfonts-utils (1:7.7+6build3) ...
2025-12-22T01:42:40.0641966Z Selecting previously unselected package xfonts-cyrillic.
2025-12-22T01:42:40.0774455Z Preparing to unpack .../11-xfonts-cyrillic_1%3a1.0.5+nmu1_all.deb ...
2025-12-22T01:42:40.0790686Z Unpacking xfonts-cyrillic (1:1.0.5+nmu1) ...
2025-12-22T01:42:40.1198696Z Selecting previously unselected package xfonts-scalable.
2025-12-22T01:42:40.1329247Z Preparing to unpack .../12-xfonts-scalable_1%3a1.0.3-1.3_all.deb ...
2025-12-22T01:42:40.1347712Z Unpacking xfonts-scalable (1:1.0.3-1.3) ...
2025-12-22T01:42:40.1817948Z Setting up fonts-wqy-zenhei (0.9.45-8) ...
2025-12-22T01:42:40.1970299Z Setting up fonts-freefont-ttf (20211204+svn4273-2) ...
2025-12-22T01:42:40.2023659Z Setting up libglib2.0-0t64:amd64 (2.80.0-6ubuntu3.5) ...
2025-12-22T01:42:40.2327919Z Setting up libglib2.0-data (2.80.0-6ubuntu3.5) ...
2025-12-22T01:42:40.2363852Z Setting up fonts-tlwg-loma-otf (1:0.7.3-1) ...
2025-12-22T01:42:40.2398031Z Setting up xfonts-encodings (1:1.0.5-0ubuntu2) ...
2025-12-22T01:42:40.2446937Z Setting up gir1.2-glib-2.0:amd64 (2.80.0-6ubuntu3.5) ...
2025-12-22T01:42:40.2492498Z Setting up fonts-ipafont-gothic (00303-21ubuntu1) ...
2025-12-22T01:42:40.2607612Z update-alternatives: using /usr/share/fonts/opentype/ipafont-gothic/ipag.ttf to provide /usr/share/fonts/truetype/fonts-japanese-gothic.ttf (fonts-japanese-gothic.ttf) in auto mode
2025-12-22T01:42:40.2631077Z Setting up fonts-unifont (1:15.1.01-1build1) ...
2025-12-22T01:42:40.2673640Z Setting up libglib2.0-bin (2.80.0-6ubuntu3.5) ...
2025-12-22T01:42:40.2710609Z Setting up xfonts-utils (1:7.7+6build3) ...
2025-12-22T01:42:40.2768475Z Setting up xfonts-cyrillic (1:1.0.5+nmu1) ...
2025-12-22T01:42:40.3268538Z Setting up xfonts-scalable (1:1.0.3-1.3) ...
2025-12-22T01:42:40.3749733Z Processing triggers for libc-bin (2.39-0ubuntu8.6) ...
2025-12-22T01:42:42.0938266Z Processing triggers for man-db (2.12.0-4build2) ...
2025-12-22T01:42:42.1058528Z Not building database; man-db/auto-update is not 'true'.
2025-12-22T01:42:42.1074603Z Processing triggers for fontconfig (2.15.0-1.1ubuntu2) ...
2025-12-22T01:42:43.3928155Z 
2025-12-22T01:42:43.3929185Z Running kernel seems to be up-to-date.
2025-12-22T01:42:43.3929747Z 
2025-12-22T01:42:43.3930123Z Restarting services...
2025-12-22T01:42:43.4367854Z  systemctl restart packagekit.service php8.3-fpm.service polkit.service udisks2.service
2025-12-22T01:42:43.6836447Z 
2025-12-22T01:42:43.6837170Z Service restarts being deferred:
2025-12-22T01:42:43.6837729Z  systemctl restart ModemManager.service
2025-12-22T01:42:43.6838278Z  systemctl restart networkd-dispatcher.service
2025-12-22T01:42:43.6838615Z 
2025-12-22T01:42:43.6838841Z No containers need to be restarted.
2025-12-22T01:42:43.6839104Z 
2025-12-22T01:42:43.6839366Z No user sessions are running outdated binaries.
2025-12-22T01:42:43.6839686Z 
2025-12-22T01:42:43.6840141Z No VM guests are running outdated hypervisor (qemu) binaries on this host.
2025-12-22T01:42:44.5830776Z Downloading Chromium 143.0.7499.4 (playwright build v1200) from https://cdn.playwright.dev/dbazure/download/playwright/builds/chromium/1200/chromium-linux.zip
2025-12-22T01:42:44.8497716Z |                                                                                |   0% of 164.7 MiB
2025-12-22T01:42:45.1920275Z |■■■■■■■■                                                                        |  10% of 164.7 MiB
2025-12-22T01:42:45.3615342Z |■■■■■■■■■■■■■■■■                                                                |  20% of 164.7 MiB
2025-12-22T01:42:45.4987532Z |■■■■■■■■■■■■■■■■■■■■■■■■                                                        |  30% of 164.7 MiB
2025-12-22T01:42:45.6207849Z |■■■■■■■■■■■■■■■■■■■■■■■■■■■■■■■■                                                |  40% of 164.7 MiB
2025-12-22T01:42:45.7410262Z |■■■■■■■■■■■■■■■■■■■■■■■■■■■■■■■■■■■■■■■■                                        |  50% of 164.7 MiB
2025-12-22T01:42:45.8563993Z |■■■■■■■■■■■■■■■■■■■■■■■■■■■■■■■■■■■■■■■■■■■■■■■■                                |  60% of 164.7 MiB
2025-12-22T01:42:45.9689721Z |■■■■■■■■■■■■■■■■■■■■■■■■■■■■■■■■■■■■■■■■■■■■■■■■■■■■■■■■                        |  70% of 164.7 MiB
2025-12-22T01:42:46.0792979Z |■■■■■■■■■■■■■■■■■■■■■■■■■■■■■■■■■■■■■■■■■■■■■■■■■■■■■■■■■■■■■■■■                |  80% of 164.7 MiB
2025-12-22T01:42:46.1895239Z |■■■■■■■■■■■■■■■■■■■■■■■■■■■■■■■■■■■■■■■■■■■■■■■■■■■■■■■■■■■■■■■■■■■■■■■■        |  90% of 164.7 MiB
2025-12-22T01:42:46.2978484Z |■■■■■■■■■■■■■■■■■■■■■■■■■■■■■■■■■■■■■■■■■■■■■■■■■■■■■■■■■■■■■■■■■■■■■■■■■■■■■■■■| 100% of 164.7 MiB
2025-12-22T01:42:50.1644160Z Chromium 143.0.7499.4 (playwright build v1200) downloaded to /home/runner/.cache/ms-playwright/chromium-1200
2025-12-22T01:42:50.1649314Z Downloading FFMPEG playwright build v1011 from https://cdn.playwright.dev/dbazure/download/playwright/builds/ffmpeg/1011/ffmpeg-linux.zip
2025-12-22T01:42:50.3940801Z |                                                                                |   0% of 2.3 MiB
2025-12-22T01:42:50.4157119Z |■■■■■■■■                                                                        |  10% of 2.3 MiB
2025-12-22T01:42:50.4249593Z |■■■■■■■■■■■■■■■■                                                                |  20% of 2.3 MiB
2025-12-22T01:42:50.4311959Z |■■■■■■■■■■■■■■■■■■■■■■■■                                                        |  30% of 2.3 MiB
2025-12-22T01:42:50.4343412Z |■■■■■■■■■■■■■■■■■■■■■■■■■■■■■■■■                                                |  40% of 2.3 MiB
2025-12-22T01:42:50.4384156Z |■■■■■■■■■■■■■■■■■■■■■■■■■■■■■■■■■■■■■■■■                                        |  50% of 2.3 MiB
2025-12-22T01:42:50.4416191Z |■■■■■■■■■■■■■■■■■■■■■■■■■■■■■■■■■■■■■■■■■■■■■■■■                                |  60% of 2.3 MiB
2025-12-22T01:42:50.4446293Z |■■■■■■■■■■■■■■■■■■■■■■■■■■■■■■■■■■■■■■■■■■■■■■■■■■■■■■■■                        |  70% of 2.3 MiB
2025-12-22T01:42:50.4474165Z |■■■■■■■■■■■■■■■■■■■■■■■■■■■■■■■■■■■■■■■■■■■■■■■■■■■■■■■■■■■■■■■■                |  80% of 2.3 MiB
2025-12-22T01:42:50.4501385Z |■■■■■■■■■■■■■■■■■■■■■■■■■■■■■■■■■■■■■■■■■■■■■■■■■■■■■■■■■■■■■■■■■■■■■■■■        |  90% of 2.3 MiB
2025-12-22T01:42:50.4525168Z |■■■■■■■■■■■■■■■■■■■■■■■■■■■■■■■■■■■■■■■■■■■■■■■■■■■■■■■■■■■■■■■■■■■■■■■■■■■■■■■■| 100% of 2.3 MiB
2025-12-22T01:42:50.5351006Z FFMPEG playwright build v1011 downloaded to /home/runner/.cache/ms-playwright/ffmpeg-1011
2025-12-22T01:42:50.5358601Z Downloading Chromium Headless Shell 143.0.7499.4 (playwright build v1200) from https://cdn.playwright.dev/dbazure/download/playwright/builds/chromium/1200/chromium-headless-shell-linux.zip
2025-12-22T01:42:50.7850543Z |                                                                                |   0% of 109.7 MiB
2025-12-22T01:42:51.0565042Z |■■■■■■■■                                                                        |  10% of 109.7 MiB
2025-12-22T01:42:51.1609825Z |■■■■■■■■■■■■■■■■                                                                |  20% of 109.7 MiB
2025-12-22T01:42:51.2683745Z |■■■■■■■■■■■■■■■■■■■■■■■■                                                        |  30% of 109.7 MiB
2025-12-22T01:42:51.3609723Z |■■■■■■■■■■■■■■■■■■■■■■■■■■■■■■■■                                                |  40% of 109.7 MiB
2025-12-22T01:42:51.4432811Z |■■■■■■■■■■■■■■■■■■■■■■■■■■■■■■■■■■■■■■■■                                        |  50% of 109.7 MiB
2025-12-22T01:42:51.5261505Z |■■■■■■■■■■■■■■■■■■■■■■■■■■■■■■■■■■■■■■■■■■■■■■■■                                |  60% of 109.7 MiB
2025-12-22T01:42:51.6024690Z |■■■■■■■■■■■■■■■■■■■■■■■■■■■■■■■■■■■■■■■■■■■■■■■■■■■■■■■■                        |  70% of 109.7 MiB
2025-12-22T01:42:51.6806748Z |■■■■■■■■■■■■■■■■■■■■■■■■■■■■■■■■■■■■■■■■■■■■■■■■■■■■■■■■■■■■■■■■                |  80% of 109.7 MiB
2025-12-22T01:42:51.7617895Z |■■■■■■■■■■■■■■■■■■■■■■■■■■■■■■■■■■■■■■■■■■■■■■■■■■■■■■■■■■■■■■■■■■■■■■■■        |  90% of 109.7 MiB
2025-12-22T01:42:51.8353914Z |■■■■■■■■■■■■■■■■■■■■■■■■■■■■■■■■■■■■■■■■■■■■■■■■■■■■■■■■■■■■■■■■■■■■■■■■■■■■■■■■| 100% of 109.7 MiB
2025-12-22T01:42:54.7042469Z Chromium Headless Shell 143.0.7499.4 (playwright build v1200) downloaded to /home/runner/.cache/ms-playwright/chromium_headless_shell-1200
2025-12-22T01:42:54.7266617Z ##[group]Run npx playwright test
2025-12-22T01:42:54.7267124Z [36;1mnpx playwright test[0m
2025-12-22T01:42:54.7315845Z shell: /usr/bin/bash -e {0}
2025-12-22T01:42:54.7316244Z env:
2025-12-22T01:42:54.7316527Z   REDIAI_MODE: mock
2025-12-22T01:42:54.7317628Z   DATABASE_URL: ***localhost:5432/postgres
2025-12-22T01:42:54.7318217Z   pythonLocation: /opt/hostedtoolcache/Python/3.11.14/x64
2025-12-22T01:42:54.7318926Z   PKG_CONFIG_PATH: /opt/hostedtoolcache/Python/3.11.14/x64/lib/pkgconfig
2025-12-22T01:42:54.7319649Z   Python_ROOT_DIR: /opt/hostedtoolcache/Python/3.11.14/x64
2025-12-22T01:42:54.7320279Z   Python2_ROOT_DIR: /opt/hostedtoolcache/Python/3.11.14/x64
2025-12-22T01:42:54.7320940Z   Python3_ROOT_DIR: /opt/hostedtoolcache/Python/3.11.14/x64
2025-12-22T01:42:54.7321624Z   LD_LIBRARY_PATH: /opt/hostedtoolcache/Python/3.11.14/x64/lib
2025-12-22T01:42:54.7322134Z ##[endgroup]
2025-12-22T01:42:56.8736504Z [WebServer] INFO:     Started server process [3433]
2025-12-22T01:42:56.8740254Z [WebServer] INFO:     Waiting for application startup.
2025-12-22T01:42:56.8741056Z [WebServer] INFO:     Application startup complete.
2025-12-22T01:42:56.8741807Z [WebServer] INFO:     Uvicorn running on http://127.0.0.1:8000 (Press CTRL+C to quit)
2025-12-22T01:42:57.6354377Z 
2025-12-22T01:42:57.6354898Z Running 7 tests using 1 worker
2025-12-22T01:43:03.7767403Z ·······
2025-12-22T01:43:03.7773115Z   7 passed (7.7s)
2025-12-22T01:43:03.8333173Z ##[group]Run actions/upload-artifact@v4
2025-12-22T01:43:03.8333435Z with:
2025-12-22T01:43:03.8333611Z   name: playwright-report
2025-12-22T01:43:03.8333836Z   path: e2e/playwright-report/
2025-12-22T01:43:03.8334053Z   retention-days: 7
2025-12-22T01:43:03.8334240Z   if-no-files-found: warn
2025-12-22T01:43:03.8334439Z   compression-level: 6
2025-12-22T01:43:03.8334624Z   overwrite: false
2025-12-22T01:43:03.8334807Z   include-hidden-files: false
2025-12-22T01:43:03.8335012Z env:
2025-12-22T01:43:03.8335159Z   REDIAI_MODE: mock
2025-12-22T01:43:03.8335880Z   DATABASE_URL: ***localhost:5432/postgres
2025-12-22T01:43:03.8336291Z   pythonLocation: /opt/hostedtoolcache/Python/3.11.14/x64
2025-12-22T01:43:03.8336685Z   PKG_CONFIG_PATH: /opt/hostedtoolcache/Python/3.11.14/x64/lib/pkgconfig
2025-12-22T01:43:03.8337098Z   Python_ROOT_DIR: /opt/hostedtoolcache/Python/3.11.14/x64
2025-12-22T01:43:03.8337497Z   Python2_ROOT_DIR: /opt/hostedtoolcache/Python/3.11.14/x64
2025-12-22T01:43:03.8337860Z   Python3_ROOT_DIR: /opt/hostedtoolcache/Python/3.11.14/x64
2025-12-22T01:43:03.8338208Z   LD_LIBRARY_PATH: /opt/hostedtoolcache/Python/3.11.14/x64/lib
2025-12-22T01:43:03.8338488Z ##[endgroup]
2025-12-22T01:43:04.0587302Z With the provided path, there will be 1 file uploaded
2025-12-22T01:43:04.0588389Z Artifact name is valid!
2025-12-22T01:43:04.0588989Z Root directory input is valid!
2025-12-22T01:43:04.2097060Z Beginning upload of artifact content to blob storage
2025-12-22T01:43:04.4804757Z Uploaded bytes 200009
2025-12-22T01:43:04.5216757Z Finished uploading artifact content to blob storage!
2025-12-22T01:43:04.5221273Z SHA256 digest of uploaded artifact zip is d003fd18b0de760508b5fcd86107e699c7f17e5a47b8268ddd895db9dd895d0d
2025-12-22T01:43:04.5223180Z Finalizing artifact upload
2025-12-22T01:43:04.6231248Z Artifact playwright-report.zip successfully finalized. Artifact ID 4939113477
2025-12-22T01:43:04.6233103Z Artifact playwright-report has been successfully uploaded! Final size is 200009 bytes. Artifact ID is 4939113477
2025-12-22T01:43:04.6239434Z Artifact download URL: https://github.com/m-cahill/tunix-rt/actions/runs/20419227675/artifacts/4939113477
2025-12-22T01:43:04.6381048Z Post job cleanup.
2025-12-22T01:43:04.8051195Z Post job cleanup.
2025-12-22T01:43:04.9674107Z Cache hit occurred on the primary key setup-python-Linux-x64-24.04-Ubuntu-python-3.11.14-pip-d6b02fc59ca5dcb638981079f0f08bfb35ebf7ccbdea839cf22f8f7e8eed0ba8, not saving cache.
2025-12-22T01:43:04.9798896Z Post job cleanup.
2025-12-22T01:43:05.0927870Z [command]/usr/bin/git version
2025-12-22T01:43:05.0967511Z git version 2.52.0
2025-12-22T01:43:05.1020313Z Temporarily overriding HOME='/home/runner/work/_temp/017dec1a-8364-4159-aa5b-e04abcf512f3' before making global git config changes
2025-12-22T01:43:05.1023071Z Adding repository directory to the temporary git global config as a safe directory
2025-12-22T01:43:05.1038947Z [command]/usr/bin/git config --global --add safe.directory /home/runner/work/tunix-rt/tunix-rt
2025-12-22T01:43:05.1078220Z [command]/usr/bin/git config --local --name-only --get-regexp core\.sshCommand
2025-12-22T01:43:05.1115530Z [command]/usr/bin/git submodule foreach --recursive sh -c "git config --local --name-only --get-regexp 'core\.sshCommand' && git config --local --unset-all 'core.sshCommand' || :"
2025-12-22T01:43:05.1370702Z [command]/usr/bin/git config --local --name-only --get-regexp http\.https\:\/\/github\.com\/\.extraheader
2025-12-22T01:43:05.1395274Z http.https://github.com/.extraheader
2025-12-22T01:43:05.1408338Z [command]/usr/bin/git config --local --unset-all http.https://github.com/.extraheader
2025-12-22T01:43:05.1443551Z [command]/usr/bin/git submodule foreach --recursive sh -c "git config --local --name-only --get-regexp 'http\.https\:\/\/github\.com\/\.extraheader' && git config --local --unset-all 'http.https://github.com/.extraheader' || :"
2025-12-22T01:43:05.1681888Z [command]/usr/bin/git config --local --name-only --get-regexp ^includeIf\.gitdir:
2025-12-22T01:43:05.1714887Z [command]/usr/bin/git submodule foreach --recursive git config --local --show-origin --name-only --get-regexp remote.origin.url
2025-12-22T01:43:05.2063090Z Print service container logs: 62644b7691134694a3efbf15f2503e49_postgres15alpine_846280
2025-12-22T01:43:05.2068223Z ##[command]/usr/bin/docker logs --details 93fd38e413354a1b2cb6d17b8cb4162122a344bb8ecc6547ffd2626e0ba4bd4f
2025-12-22T01:43:05.2253136Z  sh: locale: not found
2025-12-22T01:43:05.2253833Z  The files belonging to this database system will be owned by user "postgres".
2025-12-22T01:43:05.2273709Z  2025-12-22 01:41:35.186 UTC [33] WARNING:  no usable system locales were found
2025-12-22T01:43:05.2274532Z  initdb: warning: enabling "trust" authentication for local connections
2025-12-22T01:43:05.2275823Z  initdb: hint: You can change this by editing pg_hba.conf or using the option -A, or --auth-local and --auth-host, the next time you run initdb.
2025-12-22T01:43:05.2277209Z  2025-12-22 01:41:35.999 UTC [1] LOG:  starting PostgreSQL 15.15 on x86_64-pc-linux-musl, compiled by gcc (Alpine 15.2.0) 15.2.0, 64-bit
2025-12-22T01:43:05.2278271Z  2025-12-22 01:41:35.999 UTC [1] LOG:  listening on IPv4 address "0.0.0.0", port 5432
2025-12-22T01:43:05.2279044Z  2025-12-22 01:41:35.999 UTC [1] LOG:  listening on IPv6 address "::", port 5432
2025-12-22T01:43:05.2279885Z  2025-12-22 01:41:36.000 UTC [1] LOG:  listening on Unix socket "/var/run/postgresql/.s.PGSQL.5432"
2025-12-22T01:43:05.2280798Z  2025-12-22 01:41:36.004 UTC [53] LOG:  database system was shut down at 2025-12-22 01:41:35 UTC
2025-12-22T01:43:05.2281638Z  2025-12-22 01:41:36.008 UTC [1] LOG:  database system is ready to accept connections
2025-12-22T01:43:05.2282348Z  2025-12-22 01:41:44.738 UTC [63] FATAL:  role "root" does not exist
2025-12-22T01:43:05.2282950Z  2025-12-22 01:41:54.794 UTC [70] FATAL:  role "root" does not exist
2025-12-22T01:43:05.2294819Z  2025-12-22 01:42:04.867 UTC [76] FATAL:  role "root" does not exist
2025-12-22T01:43:05.2295470Z  2025-12-22 01:42:14.959 UTC [85] FATAL:  role "root" does not exist
2025-12-22T01:43:05.2296807Z  2025-12-22 01:42:25.026 UTC [91] FATAL:  role "root" does not exist
2025-12-22T01:43:05.2297448Z  2025-12-22 01:42:35.067 UTC [98] FATAL:  role "root" does not exist
2025-12-22T01:43:05.2298076Z  2025-12-22 01:42:45.137 UTC [106] FATAL:  role "root" does not exist
2025-12-22T01:43:05.2298675Z  2025-12-22 01:42:55.207 UTC [112] FATAL:  role "root" does not exist
2025-12-22T01:43:05.2299222Z  This user must also own the server process.
2025-12-22T01:43:05.2299729Z  
2025-12-22T01:43:05.2300157Z  The database cluster will be initialized with locale "en_US.utf8".
2025-12-22T01:43:05.2300861Z  The default database encoding has accordingly been set to "UTF8".
2025-12-22T01:43:05.2301518Z  The default text search configuration will be set to "english".
2025-12-22T01:43:05.2302032Z  
2025-12-22T01:43:05.2302575Z  Data page checksums are disabled.
2025-12-22T01:43:05.2302963Z  
2025-12-22T01:43:05.2303434Z  fixing permissions on existing directory /var/lib/postgresql/data ... ok
2025-12-22T01:43:05.2304061Z  creating subdirectories ... ok
2025-12-22T01:43:05.2304563Z  selecting dynamic shared memory implementation ... posix
2025-12-22T01:43:05.2305102Z  selecting default max_connections ... 100
2025-12-22T01:43:05.2305571Z  selecting default shared_buffers ... 128MB
2025-12-22T01:43:05.2306406Z  selecting default time zone ... UTC
2025-12-22T01:43:05.2306814Z  creating configuration files ... ok
2025-12-22T01:43:05.2307229Z  running bootstrap script ... ok
2025-12-22T01:43:05.2307690Z  performing post-bootstrap initialization ... ok
2025-12-22T01:43:05.2308183Z  syncing data to disk ... ok
2025-12-22T01:43:05.2308547Z  
2025-12-22T01:43:05.2308805Z  
2025-12-22T01:43:05.2309152Z  Success. You can now start the database server using:
2025-12-22T01:43:05.2309622Z  
2025-12-22T01:43:05.2309981Z      pg_ctl -D /var/lib/postgresql/data -l logfile start
2025-12-22T01:43:05.2310455Z  
2025-12-22T01:43:05.2311267Z  waiting for server to start....2025-12-22 01:41:35.779 UTC [39] LOG:  starting PostgreSQL 15.15 on x86_64-pc-linux-musl, compiled by gcc (Alpine 15.2.0) 15.2.0, 64-bit
2025-12-22T01:43:05.2312783Z  2025-12-22 01:41:35.779 UTC [39] LOG:  listening on Unix socket "/var/run/postgresql/.s.PGSQL.5432"
2025-12-22T01:43:05.2313685Z  2025-12-22 01:41:35.784 UTC [42] LOG:  database system was shut down at 2025-12-22 01:41:35 UTC
2025-12-22T01:43:05.2314470Z  2025-12-22 01:41:35.788 UTC [39] LOG:  database system is ready to accept connections
2025-12-22T01:43:05.2320192Z   done
2025-12-22T01:43:05.2320540Z  server started
2025-12-22T01:43:05.2320846Z  
2025-12-22T01:43:05.2321374Z  /usr/local/bin/docker-entrypoint.sh: ignoring /docker-entrypoint-initdb.d/*
2025-12-22T01:43:05.2322019Z  
2025-12-22T01:43:05.2322602Z  waiting for server to shut down....2025-12-22 01:41:35.878 UTC [39] LOG:  received fast shutdown request
2025-12-22T01:43:05.2323472Z  2025-12-22 01:41:35.879 UTC [39] LOG:  aborting any active transactions
2025-12-22T01:43:05.2324365Z  2025-12-22 01:41:35.884 UTC [39] LOG:  background worker "logical replication launcher" (PID 45) exited with exit code 1
2025-12-22T01:43:05.2325199Z  2025-12-22 01:41:35.884 UTC [40] LOG:  shutting down
2025-12-22T01:43:05.2326648Z  2025-12-22 01:41:35.885 UTC [40] LOG:  checkpoint starting: shutdown immediate
2025-12-22T01:43:05.2328088Z  2025-12-22 01:41:35.889 UTC [40] LOG:  checkpoint complete: wrote 3 buffers (0.0%); 0 WAL file(s) added, 0 removed, 0 recycled; write=0.001 s, sync=0.001 s, total=0.005 s; sync files=2, longest=0.001 s, average=0.001 s; distance=0 kB, estimate=0 kB
2025-12-22T01:43:05.2329669Z  2025-12-22 01:41:35.893 UTC [39] LOG:  database system is shut down
2025-12-22T01:43:05.2330194Z   done
2025-12-22T01:43:05.2330496Z  server stopped
2025-12-22T01:43:05.2330812Z  
2025-12-22T01:43:05.2331230Z  PostgreSQL init process complete; ready for start up.
2025-12-22T01:43:05.2331754Z  
2025-12-22T01:43:05.2340465Z Stop and remove container: 62644b7691134694a3efbf15f2503e49_postgres15alpine_846280
2025-12-22T01:43:05.2346437Z ##[command]/usr/bin/docker rm --force 93fd38e413354a1b2cb6d17b8cb4162122a344bb8ecc6547ffd2626e0ba4bd4f
2025-12-22T01:43:07.7413796Z 93fd38e413354a1b2cb6d17b8cb4162122a344bb8ecc6547ffd2626e0ba4bd4f
2025-12-22T01:43:07.7443875Z Remove container network: github_network_0461a1355b1c4ac3a2d25978a9c9d445
2025-12-22T01:43:07.7448374Z ##[command]/usr/bin/docker network rm github_network_0461a1355b1c4ac3a2d25978a9c9d445
2025-12-22T01:43:07.8251351Z github_network_0461a1355b1c4ac3a2d25978a9c9d445
2025-12-22T01:43:07.8311801Z Cleaning up orphan processes
