2025-12-23T20:30:36.1520595Z Current runner version: '2.330.0'
2025-12-23T20:30:36.1551785Z ##[group]Runner Image Provisioner
2025-12-23T20:30:36.1553018Z Hosted Compute Agent
2025-12-23T20:30:36.1554058Z Version: 20251211.462
2025-12-23T20:30:36.1555290Z Commit: 6cbad8c2bb55d58165063d031ccabf57e2d2db61
2025-12-23T20:30:36.1556499Z Build Date: 2025-12-11T16:28:49Z
2025-12-23T20:30:36.1557615Z Worker ID: {7e2cf97f-4a7d-4c32-8898-a6f1afbe0cdf}
2025-12-23T20:30:36.1558813Z ##[endgroup]
2025-12-23T20:30:36.1559647Z ##[group]Operating System
2025-12-23T20:30:36.1560615Z Ubuntu
2025-12-23T20:30:36.1561410Z 24.04.3
2025-12-23T20:30:36.1562074Z LTS
2025-12-23T20:30:36.1562920Z ##[endgroup]
2025-12-23T20:30:36.1563839Z ##[group]Runner Image
2025-12-23T20:30:36.1564773Z Image: ubuntu-24.04
2025-12-23T20:30:36.1565891Z Version: 20251215.174.1
2025-12-23T20:30:36.1567874Z Included Software: https://github.com/actions/runner-images/blob/ubuntu24/20251215.174/images/ubuntu/Ubuntu2404-Readme.md
2025-12-23T20:30:36.1570636Z Image Release: https://github.com/actions/runner-images/releases/tag/ubuntu24%2F20251215.174
2025-12-23T20:30:36.1572448Z ##[endgroup]
2025-12-23T20:30:36.1574022Z ##[group]GITHUB_TOKEN Permissions
2025-12-23T20:30:36.1576783Z Contents: read
2025-12-23T20:30:36.1577708Z Metadata: read
2025-12-23T20:30:36.1578543Z ##[endgroup]
2025-12-23T20:30:36.1581543Z Secret source: Actions
2025-12-23T20:30:36.1582615Z Prepare workflow directory
2025-12-23T20:30:36.2306485Z Prepare all required actions
2025-12-23T20:30:36.2362508Z Getting action download info
2025-12-23T20:30:36.6938553Z Download action repository 'actions/checkout@11bd71901bbe5b1630ceea73d27597364c9af683' (SHA:11bd71901bbe5b1630ceea73d27597364c9af683)
2025-12-23T20:30:36.8059282Z Download action repository 'actions/setup-python@0b93645e9fea7318ecaed2b359559ac225c90a2b' (SHA:0b93645e9fea7318ecaed2b359559ac225c90a2b)
2025-12-23T20:30:36.9500075Z Download action repository 'actions/upload-artifact@6f51ac03b9356f520e9adb1b1b7802705f340c2b' (SHA:6f51ac03b9356f520e9adb1b1b7802705f340c2b)
2025-12-23T20:30:37.1789485Z Complete job name: backend (3.12)
2025-12-23T20:30:37.2448739Z ##[group]Run actions/checkout@11bd71901bbe5b1630ceea73d27597364c9af683
2025-12-23T20:30:37.2449721Z with:
2025-12-23T20:30:37.2450113Z   repository: m-cahill/tunix-rt
2025-12-23T20:30:37.2450723Z   token: ***
2025-12-23T20:30:37.2451109Z   ssh-strict: true
2025-12-23T20:30:37.2451491Z   ssh-user: git
2025-12-23T20:30:37.2451936Z   persist-credentials: true
2025-12-23T20:30:37.2452364Z   clean: true
2025-12-23T20:30:37.2452754Z   sparse-checkout-cone-mode: true
2025-12-23T20:30:37.2453216Z   fetch-depth: 1
2025-12-23T20:30:37.2453591Z   fetch-tags: false
2025-12-23T20:30:37.2453978Z   show-progress: true
2025-12-23T20:30:37.2454368Z   lfs: false
2025-12-23T20:30:37.2454730Z   submodules: false
2025-12-23T20:30:37.2455258Z   set-safe-directory: true
2025-12-23T20:30:37.2455930Z ##[endgroup]
2025-12-23T20:30:37.3612678Z Syncing repository: m-cahill/tunix-rt
2025-12-23T20:30:37.3614300Z ##[group]Getting Git version info
2025-12-23T20:30:37.3615311Z Working directory is '/home/runner/work/tunix-rt/tunix-rt'
2025-12-23T20:30:37.3619013Z [command]/usr/bin/git version
2025-12-23T20:30:37.3688016Z git version 2.52.0
2025-12-23T20:30:37.3716775Z ##[endgroup]
2025-12-23T20:30:37.3733036Z Temporarily overriding HOME='/home/runner/work/_temp/470e9a71-80d0-4d5b-90da-23df0ec54788' before making global git config changes
2025-12-23T20:30:37.3737856Z Adding repository directory to the temporary git global config as a safe directory
2025-12-23T20:30:37.3751232Z [command]/usr/bin/git config --global --add safe.directory /home/runner/work/tunix-rt/tunix-rt
2025-12-23T20:30:37.3794816Z Deleting the contents of '/home/runner/work/tunix-rt/tunix-rt'
2025-12-23T20:30:37.3797679Z ##[group]Initializing the repository
2025-12-23T20:30:37.3803058Z [command]/usr/bin/git init /home/runner/work/tunix-rt/tunix-rt
2025-12-23T20:30:37.3923446Z hint: Using 'master' as the name for the initial branch. This default branch name
2025-12-23T20:30:37.3925652Z hint: will change to "main" in Git 3.0. To configure the initial branch name
2025-12-23T20:30:37.3927501Z hint: to use in all of your new repositories, which will suppress this warning,
2025-12-23T20:30:37.3928663Z hint: call:
2025-12-23T20:30:37.3929225Z hint:
2025-12-23T20:30:37.3929931Z hint: 	git config --global init.defaultBranch <name>
2025-12-23T20:30:37.3930856Z hint:
2025-12-23T20:30:37.3931766Z hint: Names commonly chosen instead of 'master' are 'main', 'trunk' and
2025-12-23T20:30:37.3933244Z hint: 'development'. The just-created branch can be renamed via this command:
2025-12-23T20:30:37.3934508Z hint:
2025-12-23T20:30:37.3935400Z hint: 	git branch -m <name>
2025-12-23T20:30:37.3936191Z hint:
2025-12-23T20:30:37.3937252Z hint: Disable this message with "git config set advice.defaultBranchName false"
2025-12-23T20:30:37.3938957Z Initialized empty Git repository in /home/runner/work/tunix-rt/tunix-rt/.git/
2025-12-23T20:30:37.3947651Z [command]/usr/bin/git remote add origin https://github.com/m-cahill/tunix-rt
2025-12-23T20:30:37.3986323Z ##[endgroup]
2025-12-23T20:30:37.3987508Z ##[group]Disabling automatic garbage collection
2025-12-23T20:30:37.3990979Z [command]/usr/bin/git config --local gc.auto 0
2025-12-23T20:30:37.4023397Z ##[endgroup]
2025-12-23T20:30:37.4024915Z ##[group]Setting up auth
2025-12-23T20:30:37.4030919Z [command]/usr/bin/git config --local --name-only --get-regexp core\.sshCommand
2025-12-23T20:30:37.4064226Z [command]/usr/bin/git submodule foreach --recursive sh -c "git config --local --name-only --get-regexp 'core\.sshCommand' && git config --local --unset-all 'core.sshCommand' || :"
2025-12-23T20:30:37.4419909Z [command]/usr/bin/git config --local --name-only --get-regexp http\.https\:\/\/github\.com\/\.extraheader
2025-12-23T20:30:37.4452688Z [command]/usr/bin/git submodule foreach --recursive sh -c "git config --local --name-only --get-regexp 'http\.https\:\/\/github\.com\/\.extraheader' && git config --local --unset-all 'http.https://github.com/.extraheader' || :"
2025-12-23T20:30:37.4683007Z [command]/usr/bin/git config --local http.https://github.com/.extraheader AUTHORIZATION: basic ***
2025-12-23T20:30:37.4717536Z ##[endgroup]
2025-12-23T20:30:37.4720046Z ##[group]Fetching the repository
2025-12-23T20:30:37.4736275Z [command]/usr/bin/git -c protocol.version=2 fetch --no-tags --prune --no-recurse-submodules --depth=1 origin +f2ab738662103319b3c7a3b05b650096b57169ba:refs/remotes/origin/main
2025-12-23T20:30:38.3461376Z From https://github.com/m-cahill/tunix-rt
2025-12-23T20:30:38.3464151Z  * [new ref]         f2ab738662103319b3c7a3b05b650096b57169ba -> origin/main
2025-12-23T20:30:38.3497122Z ##[endgroup]
2025-12-23T20:30:38.3498650Z ##[group]Determining the checkout info
2025-12-23T20:30:38.3500281Z ##[endgroup]
2025-12-23T20:30:38.3504545Z [command]/usr/bin/git sparse-checkout disable
2025-12-23T20:30:38.3549352Z [command]/usr/bin/git config --local --unset-all extensions.worktreeConfig
2025-12-23T20:30:38.3580530Z ##[group]Checking out the ref
2025-12-23T20:30:38.3583155Z [command]/usr/bin/git checkout --progress --force -B main refs/remotes/origin/main
2025-12-23T20:30:38.5095582Z Switched to a new branch 'main'
2025-12-23T20:30:38.5101340Z branch 'main' set up to track 'origin/main'.
2025-12-23T20:30:38.5112260Z ##[endgroup]
2025-12-23T20:30:38.5155319Z [command]/usr/bin/git log -1 --format=%H
2025-12-23T20:30:38.5180127Z f2ab738662103319b3c7a3b05b650096b57169ba
2025-12-23T20:30:38.5494967Z ##[group]Run actions/setup-python@0b93645e9fea7318ecaed2b359559ac225c90a2b
2025-12-23T20:30:38.5497042Z with:
2025-12-23T20:30:38.5497857Z   python-version: 3.12
2025-12-23T20:30:38.5498795Z   cache: pip
2025-12-23T20:30:38.5499782Z   cache-dependency-path: backend/pyproject.toml
2025-12-23T20:30:38.5501100Z   check-latest: false
2025-12-23T20:30:38.5502299Z   token: ***
2025-12-23T20:30:38.5503173Z   update-environment: true
2025-12-23T20:30:38.5504215Z   allow-prereleases: false
2025-12-23T20:30:38.5505347Z ##[endgroup]
2025-12-23T20:30:38.7280126Z ##[group]Installed versions
2025-12-23T20:30:38.7400445Z Successfully set up CPython (3.12.12)
2025-12-23T20:30:38.7404066Z ##[endgroup]
2025-12-23T20:30:38.7748214Z [command]/opt/hostedtoolcache/Python/3.12.12/x64/bin/pip cache dir
2025-12-23T20:30:39.9238413Z /home/runner/.cache/pip
2025-12-23T20:30:40.0544200Z ##[warning]Failed to restore: Cache service responded with 400
2025-12-23T20:30:40.0553475Z pip cache is not found
2025-12-23T20:30:40.0678057Z ##[group]Run python -m pip install -e ".[dev]"
2025-12-23T20:30:40.0678732Z [36;1mpython -m pip install -e ".[dev]"[0m
2025-12-23T20:30:40.0721405Z shell: /usr/bin/bash -e {0}
2025-12-23T20:30:40.0721707Z env:
2025-12-23T20:30:40.0722008Z   pythonLocation: /opt/hostedtoolcache/Python/3.12.12/x64
2025-12-23T20:30:40.0722473Z   PKG_CONFIG_PATH: /opt/hostedtoolcache/Python/3.12.12/x64/lib/pkgconfig
2025-12-23T20:30:40.0722915Z   Python_ROOT_DIR: /opt/hostedtoolcache/Python/3.12.12/x64
2025-12-23T20:30:40.0723311Z   Python2_ROOT_DIR: /opt/hostedtoolcache/Python/3.12.12/x64
2025-12-23T20:30:40.0723702Z   Python3_ROOT_DIR: /opt/hostedtoolcache/Python/3.12.12/x64
2025-12-23T20:30:40.0724108Z   LD_LIBRARY_PATH: /opt/hostedtoolcache/Python/3.12.12/x64/lib
2025-12-23T20:30:40.0724445Z ##[endgroup]
2025-12-23T20:30:41.0249101Z Obtaining file:///home/runner/work/tunix-rt/tunix-rt/backend
2025-12-23T20:30:41.0270588Z   Installing build dependencies: started
2025-12-23T20:30:41.9023182Z   Installing build dependencies: finished with status 'done'
2025-12-23T20:30:41.9029568Z   Checking if build backend supports build_editable: started
2025-12-23T20:30:42.2266840Z   Checking if build backend supports build_editable: finished with status 'done'
2025-12-23T20:30:42.2274537Z   Getting requirements to build editable: started
2025-12-23T20:30:42.5683294Z   Getting requirements to build editable: finished with status 'done'
2025-12-23T20:30:42.5692489Z   Preparing editable metadata (pyproject.toml): started
2025-12-23T20:30:42.7609091Z   Preparing editable metadata (pyproject.toml): finished with status 'done'
2025-12-23T20:30:42.8862321Z Collecting fastapi==0.125.0 (from tunix-rt-backend==0.1.0)
2025-12-23T20:30:42.9418409Z   Downloading fastapi-0.125.0-py3-none-any.whl.metadata (30 kB)
2025-12-23T20:30:42.9804042Z Collecting uvicorn==0.38.0 (from uvicorn[standard]==0.38.0->tunix-rt-backend==0.1.0)
2025-12-23T20:30:42.9832202Z   Downloading uvicorn-0.38.0-py3-none-any.whl.metadata (6.8 kB)
2025-12-23T20:30:43.0043515Z Collecting httpx==0.28.1 (from tunix-rt-backend==0.1.0)
2025-12-23T20:30:43.0163470Z   Downloading httpx-0.28.1-py3-none-any.whl.metadata (7.1 kB)
2025-12-23T20:30:43.1364266Z Collecting pydantic==2.12.5 (from tunix-rt-backend==0.1.0)
2025-12-23T20:30:43.1400531Z   Downloading pydantic-2.12.5-py3-none-any.whl.metadata (90 kB)
2025-12-23T20:30:43.1666532Z Collecting pydantic-settings==2.12.0 (from tunix-rt-backend==0.1.0)
2025-12-23T20:30:43.1701889Z   Downloading pydantic_settings-2.12.0-py3-none-any.whl.metadata (3.4 kB)
2025-12-23T20:30:43.4500391Z Collecting sqlalchemy==2.0.45 (from sqlalchemy[asyncio]==2.0.45->tunix-rt-backend==0.1.0)
2025-12-23T20:30:43.4546796Z   Downloading sqlalchemy-2.0.45-cp312-cp312-manylinux2014_x86_64.manylinux_2_17_x86_64.manylinux_2_28_x86_64.whl.metadata (9.5 kB)
2025-12-23T20:30:43.4860591Z Collecting alembic==1.17.2 (from tunix-rt-backend==0.1.0)
2025-12-23T20:30:43.4893197Z   Downloading alembic-1.17.2-py3-none-any.whl.metadata (7.2 kB)
2025-12-23T20:30:43.5327782Z Collecting asyncpg==0.31.0 (from tunix-rt-backend==0.1.0)
2025-12-23T20:30:43.5362666Z   Downloading asyncpg-0.31.0-cp312-cp312-manylinux_2_28_x86_64.whl.metadata (4.4 kB)
2025-12-23T20:30:43.5730076Z Collecting pyyaml==6.0.3 (from tunix-rt-backend==0.1.0)
2025-12-23T20:30:43.5763698Z   Downloading pyyaml-6.0.3-cp312-cp312-manylinux2014_x86_64.manylinux_2_17_x86_64.manylinux_2_28_x86_64.whl.metadata (2.4 kB)
2025-12-23T20:30:43.5904227Z Collecting prometheus-client==0.23.1 (from tunix-rt-backend==0.1.0)
2025-12-23T20:30:43.5938825Z   Downloading prometheus_client-0.23.1-py3-none-any.whl.metadata (1.9 kB)
2025-12-23T20:30:43.6321915Z Collecting pytest>=7.4.0 (from tunix-rt-backend==0.1.0)
2025-12-23T20:30:43.6357838Z   Downloading pytest-9.0.2-py3-none-any.whl.metadata (7.6 kB)
2025-12-23T20:30:43.6533466Z Collecting pytest-cov>=4.1.0 (from tunix-rt-backend==0.1.0)
2025-12-23T20:30:43.6567784Z   Downloading pytest_cov-7.0.0-py3-none-any.whl.metadata (31 kB)
2025-12-23T20:30:43.6835659Z Collecting pytest-asyncio>=0.21.0 (from tunix-rt-backend==0.1.0)
2025-12-23T20:30:43.6868323Z   Downloading pytest_asyncio-1.3.0-py3-none-any.whl.metadata (4.1 kB)
2025-12-23T20:30:44.0587797Z Collecting ruff>=0.1.0 (from tunix-rt-backend==0.1.0)
2025-12-23T20:30:44.0624553Z   Downloading ruff-0.14.10-py3-none-manylinux_2_17_x86_64.manylinux2014_x86_64.whl.metadata (26 kB)
2025-12-23T20:30:44.1654135Z Collecting mypy>=1.6.0 (from tunix-rt-backend==0.1.0)
2025-12-23T20:30:44.1689463Z   Downloading mypy-1.19.1-cp312-cp312-manylinux2014_x86_64.manylinux_2_17_x86_64.manylinux_2_28_x86_64.whl.metadata (2.2 kB)
2025-12-23T20:30:44.1924562Z Collecting types-PyYAML>=6.0.0 (from tunix-rt-backend==0.1.0)
2025-12-23T20:30:44.1969737Z   Downloading types_pyyaml-6.0.12.20250915-py3-none-any.whl.metadata (1.7 kB)
2025-12-23T20:30:44.2093589Z Collecting aiosqlite>=0.19.0 (from tunix-rt-backend==0.1.0)
2025-12-23T20:30:44.2128643Z   Downloading aiosqlite-0.22.1-py3-none-any.whl.metadata (4.3 kB)
2025-12-23T20:30:44.2437829Z Collecting Mako (from alembic==1.17.2->tunix-rt-backend==0.1.0)
2025-12-23T20:30:44.2474052Z   Downloading mako-1.3.10-py3-none-any.whl.metadata (2.9 kB)
2025-12-23T20:30:44.2643462Z Collecting typing-extensions>=4.12 (from alembic==1.17.2->tunix-rt-backend==0.1.0)
2025-12-23T20:30:44.2677281Z   Downloading typing_extensions-4.15.0-py3-none-any.whl.metadata (3.3 kB)
2025-12-23T20:30:44.3004585Z Collecting starlette<0.51.0,>=0.40.0 (from fastapi==0.125.0->tunix-rt-backend==0.1.0)
2025-12-23T20:30:44.3041428Z   Downloading starlette-0.50.0-py3-none-any.whl.metadata (6.3 kB)
2025-12-23T20:30:44.3480884Z Collecting annotated-doc>=0.0.2 (from fastapi==0.125.0->tunix-rt-backend==0.1.0)
2025-12-23T20:30:44.3518613Z   Downloading annotated_doc-0.0.4-py3-none-any.whl.metadata (6.6 kB)
2025-12-23T20:30:44.3634426Z Collecting annotated-types>=0.6.0 (from pydantic==2.12.5->tunix-rt-backend==0.1.0)
2025-12-23T20:30:44.3670341Z   Downloading annotated_types-0.7.0-py3-none-any.whl.metadata (15 kB)
2025-12-23T20:30:45.0277168Z Collecting pydantic-core==2.41.5 (from pydantic==2.12.5->tunix-rt-backend==0.1.0)
2025-12-23T20:30:45.0319037Z   Downloading pydantic_core-2.41.5-cp312-cp312-manylinux_2_17_x86_64.manylinux2014_x86_64.whl.metadata (7.3 kB)
2025-12-23T20:30:45.0453440Z Collecting typing-inspection>=0.4.2 (from pydantic==2.12.5->tunix-rt-backend==0.1.0)
2025-12-23T20:30:45.0487767Z   Downloading typing_inspection-0.4.2-py3-none-any.whl.metadata (2.6 kB)
2025-12-23T20:30:45.0694378Z Collecting anyio (from httpx==0.28.1->tunix-rt-backend==0.1.0)
2025-12-23T20:30:45.0768392Z   Downloading anyio-4.12.0-py3-none-any.whl.metadata (4.3 kB)
2025-12-23T20:30:45.1021429Z Collecting certifi (from httpx==0.28.1->tunix-rt-backend==0.1.0)
2025-12-23T20:30:45.1054856Z   Downloading certifi-2025.11.12-py3-none-any.whl.metadata (2.5 kB)
2025-12-23T20:30:45.1276970Z Collecting httpcore==1.* (from httpx==0.28.1->tunix-rt-backend==0.1.0)
2025-12-23T20:30:45.1311276Z   Downloading httpcore-1.0.9-py3-none-any.whl.metadata (21 kB)
2025-12-23T20:30:45.1476163Z Collecting idna (from httpx==0.28.1->tunix-rt-backend==0.1.0)
2025-12-23T20:30:45.1505764Z   Downloading idna-3.11-py3-none-any.whl.metadata (8.4 kB)
2025-12-23T20:30:45.1925987Z Collecting python-dotenv>=0.21.0 (from pydantic-settings==2.12.0->tunix-rt-backend==0.1.0)
2025-12-23T20:30:45.1961896Z   Downloading python_dotenv-1.2.1-py3-none-any.whl.metadata (25 kB)
2025-12-23T20:30:45.3153975Z Collecting greenlet>=1 (from sqlalchemy==2.0.45->sqlalchemy[asyncio]==2.0.45->tunix-rt-backend==0.1.0)
2025-12-23T20:30:45.3188119Z   Downloading greenlet-3.3.0-cp312-cp312-manylinux_2_24_x86_64.manylinux_2_28_x86_64.whl.metadata (4.1 kB)
2025-12-23T20:30:45.3441513Z Collecting click>=7.0 (from uvicorn==0.38.0->uvicorn[standard]==0.38.0->tunix-rt-backend==0.1.0)
2025-12-23T20:30:45.3477422Z   Downloading click-8.3.1-py3-none-any.whl.metadata (2.6 kB)
2025-12-23T20:30:45.3587860Z Collecting h11>=0.8 (from uvicorn==0.38.0->uvicorn[standard]==0.38.0->tunix-rt-backend==0.1.0)
2025-12-23T20:30:45.3621349Z   Downloading h11-0.16.0-py3-none-any.whl.metadata (8.3 kB)
2025-12-23T20:30:45.3954451Z Collecting httptools>=0.6.3 (from uvicorn[standard]==0.38.0->tunix-rt-backend==0.1.0)
2025-12-23T20:30:45.3987742Z   Downloading httptools-0.7.1-cp312-cp312-manylinux1_x86_64.manylinux_2_28_x86_64.manylinux_2_5_x86_64.whl.metadata (3.5 kB)
2025-12-23T20:30:45.4628172Z Collecting uvloop>=0.15.1 (from uvicorn[standard]==0.38.0->tunix-rt-backend==0.1.0)
2025-12-23T20:30:45.4669486Z   Downloading uvloop-0.22.1-cp312-cp312-manylinux2014_x86_64.manylinux_2_17_x86_64.manylinux_2_28_x86_64.whl.metadata (4.9 kB)
2025-12-23T20:30:45.6044396Z Collecting watchfiles>=0.13 (from uvicorn[standard]==0.38.0->tunix-rt-backend==0.1.0)
2025-12-23T20:30:45.6080949Z   Downloading watchfiles-1.1.1-cp312-cp312-manylinux_2_17_x86_64.manylinux2014_x86_64.whl.metadata (4.9 kB)
2025-12-23T20:30:45.6900458Z Collecting websockets>=10.4 (from uvicorn[standard]==0.38.0->tunix-rt-backend==0.1.0)
2025-12-23T20:30:45.6934150Z   Downloading websockets-15.0.1-cp312-cp312-manylinux_2_5_x86_64.manylinux1_x86_64.manylinux_2_17_x86_64.manylinux2014_x86_64.whl.metadata (6.8 kB)
2025-12-23T20:30:45.7359876Z Collecting mypy_extensions>=1.0.0 (from mypy>=1.6.0->tunix-rt-backend==0.1.0)
2025-12-23T20:30:45.7393312Z   Downloading mypy_extensions-1.1.0-py3-none-any.whl.metadata (1.1 kB)
2025-12-23T20:30:45.7564637Z Collecting pathspec>=0.9.0 (from mypy>=1.6.0->tunix-rt-backend==0.1.0)
2025-12-23T20:30:45.7600544Z   Downloading pathspec-0.12.1-py3-none-any.whl.metadata (21 kB)
2025-12-23T20:30:45.8383310Z Collecting librt>=0.6.2 (from mypy>=1.6.0->tunix-rt-backend==0.1.0)
2025-12-23T20:30:45.8416935Z   Downloading librt-0.7.4-cp312-cp312-manylinux2014_x86_64.manylinux_2_17_x86_64.manylinux_2_28_x86_64.whl.metadata (1.3 kB)
2025-12-23T20:30:45.8559028Z Collecting iniconfig>=1.0.1 (from pytest>=7.4.0->tunix-rt-backend==0.1.0)
2025-12-23T20:30:45.8596052Z   Downloading iniconfig-2.3.0-py3-none-any.whl.metadata (2.5 kB)
2025-12-23T20:30:45.8756324Z Collecting packaging>=22 (from pytest>=7.4.0->tunix-rt-backend==0.1.0)
2025-12-23T20:30:45.8791595Z   Downloading packaging-25.0-py3-none-any.whl.metadata (3.3 kB)
2025-12-23T20:30:45.8932362Z Collecting pluggy<2,>=1.5 (from pytest>=7.4.0->tunix-rt-backend==0.1.0)
2025-12-23T20:30:45.8966478Z   Downloading pluggy-1.6.0-py3-none-any.whl.metadata (4.8 kB)
2025-12-23T20:30:45.9177298Z Collecting pygments>=2.7.2 (from pytest>=7.4.0->tunix-rt-backend==0.1.0)
2025-12-23T20:30:45.9209952Z   Downloading pygments-2.19.2-py3-none-any.whl.metadata (2.5 kB)
2025-12-23T20:30:46.2844870Z Collecting coverage>=7.10.6 (from coverage[toml]>=7.10.6->pytest-cov>=4.1.0->tunix-rt-backend==0.1.0)
2025-12-23T20:30:46.2884597Z   Downloading coverage-7.13.0-cp312-cp312-manylinux1_x86_64.manylinux_2_28_x86_64.manylinux_2_5_x86_64.whl.metadata (8.5 kB)
2025-12-23T20:30:46.4370311Z Collecting MarkupSafe>=0.9.2 (from Mako->alembic==1.17.2->tunix-rt-backend==0.1.0)
2025-12-23T20:30:46.4406563Z   Downloading markupsafe-3.0.3-cp312-cp312-manylinux2014_x86_64.manylinux_2_17_x86_64.manylinux_2_28_x86_64.whl.metadata (2.7 kB)
2025-12-23T20:30:46.4502807Z Downloading alembic-1.17.2-py3-none-any.whl (248 kB)
2025-12-23T20:30:46.4614157Z Downloading asyncpg-0.31.0-cp312-cp312-manylinux_2_28_x86_64.whl (3.5 MB)
2025-12-23T20:30:46.5122613Z    ━━━━━━━━━━━━━━━━━━━━━━━━━━━━━━━━━━━━━━━━ 3.5/3.5 MB 72.5 MB/s  0:00:00
2025-12-23T20:30:46.5188436Z Downloading fastapi-0.125.0-py3-none-any.whl (112 kB)
2025-12-23T20:30:46.5248441Z Downloading pydantic-2.12.5-py3-none-any.whl (463 kB)
2025-12-23T20:30:46.5330389Z Downloading httpx-0.28.1-py3-none-any.whl (73 kB)
2025-12-23T20:30:46.5388473Z Downloading prometheus_client-0.23.1-py3-none-any.whl (61 kB)
2025-12-23T20:30:46.5446818Z Downloading pydantic_core-2.41.5-cp312-cp312-manylinux_2_17_x86_64.manylinux2014_x86_64.whl (2.1 MB)
2025-12-23T20:30:46.5636451Z    ━━━━━━━━━━━━━━━━━━━━━━━━━━━━━━━━━━━━━━━━ 2.1/2.1 MB 129.4 MB/s  0:00:00
2025-12-23T20:30:46.5669479Z Downloading pydantic_settings-2.12.0-py3-none-any.whl (51 kB)
2025-12-23T20:30:46.5727497Z Downloading pyyaml-6.0.3-cp312-cp312-manylinux2014_x86_64.manylinux_2_17_x86_64.manylinux_2_28_x86_64.whl (807 kB)
2025-12-23T20:30:46.5812593Z    ━━━━━━━━━━━━━━━━━━━━━━━━━━━━━━━━━━━━━━━━ 807.9/807.9 kB 87.4 MB/s  0:00:00
2025-12-23T20:30:46.5873394Z Downloading sqlalchemy-2.0.45-cp312-cp312-manylinux2014_x86_64.manylinux_2_17_x86_64.manylinux_2_28_x86_64.whl (3.3 MB)
2025-12-23T20:30:46.6301489Z    ━━━━━━━━━━━━━━━━━━━━━━━━━━━━━━━━━━━━━━━━ 3.3/3.3 MB 76.7 MB/s  0:00:00
2025-12-23T20:30:46.6334589Z Downloading uvicorn-0.38.0-py3-none-any.whl (68 kB)
2025-12-23T20:30:46.6393213Z Downloading httpcore-1.0.9-py3-none-any.whl (78 kB)
2025-12-23T20:30:46.6456668Z Downloading starlette-0.50.0-py3-none-any.whl (74 kB)
2025-12-23T20:30:46.6521219Z Downloading anyio-4.12.0-py3-none-any.whl (113 kB)
2025-12-23T20:30:46.6577475Z Downloading aiosqlite-0.22.1-py3-none-any.whl (17 kB)
2025-12-23T20:30:46.6631781Z Downloading annotated_doc-0.0.4-py3-none-any.whl (5.3 kB)
2025-12-23T20:30:46.6687628Z Downloading annotated_types-0.7.0-py3-none-any.whl (13 kB)
2025-12-23T20:30:46.6743681Z Downloading click-8.3.1-py3-none-any.whl (108 kB)
2025-12-23T20:30:46.6802385Z Downloading greenlet-3.3.0-cp312-cp312-manylinux_2_24_x86_64.manylinux_2_28_x86_64.whl (609 kB)
2025-12-23T20:30:46.6877866Z    ━━━━━━━━━━━━━━━━━━━━━━━━━━━━━━━━━━━━━━━━ 609.9/609.9 kB 90.9 MB/s  0:00:00
2025-12-23T20:30:46.6909667Z Downloading h11-0.16.0-py3-none-any.whl (37 kB)
2025-12-23T20:30:46.6982729Z Downloading httptools-0.7.1-cp312-cp312-manylinux1_x86_64.manylinux_2_28_x86_64.manylinux_2_5_x86_64.whl (517 kB)
2025-12-23T20:30:46.7055231Z Downloading idna-3.11-py3-none-any.whl (71 kB)
2025-12-23T20:30:46.7111719Z Downloading mypy-1.19.1-cp312-cp312-manylinux2014_x86_64.manylinux_2_17_x86_64.manylinux_2_28_x86_64.whl (13.6 MB)
2025-12-23T20:30:46.8049464Z    ━━━━━━━━━━━━━━━━━━━━━━━━━━━━━━━━━━━━━━━━ 13.6/13.6 MB 151.0 MB/s  0:00:00
2025-12-23T20:30:46.8104062Z Downloading librt-0.7.4-cp312-cp312-manylinux2014_x86_64.manylinux_2_17_x86_64.manylinux_2_28_x86_64.whl (189 kB)
2025-12-23T20:30:46.8163040Z Downloading mypy_extensions-1.1.0-py3-none-any.whl (5.0 kB)
2025-12-23T20:30:46.8215663Z Downloading pathspec-0.12.1-py3-none-any.whl (31 kB)
2025-12-23T20:30:46.8275442Z Downloading pytest-9.0.2-py3-none-any.whl (374 kB)
2025-12-23T20:30:46.8344119Z Downloading pluggy-1.6.0-py3-none-any.whl (20 kB)
2025-12-23T20:30:46.8399335Z Downloading iniconfig-2.3.0-py3-none-any.whl (7.5 kB)
2025-12-23T20:30:46.8460867Z Downloading packaging-25.0-py3-none-any.whl (66 kB)
2025-12-23T20:30:46.8518104Z Downloading pygments-2.19.2-py3-none-any.whl (1.2 MB)
2025-12-23T20:30:46.8607227Z    ━━━━━━━━━━━━━━━━━━━━━━━━━━━━━━━━━━━━━━━━ 1.2/1.2 MB 151.7 MB/s  0:00:00
2025-12-23T20:30:46.8641096Z Downloading pytest_asyncio-1.3.0-py3-none-any.whl (15 kB)
2025-12-23T20:30:46.8698173Z Downloading pytest_cov-7.0.0-py3-none-any.whl (22 kB)
2025-12-23T20:30:46.8815965Z Downloading coverage-7.13.0-cp312-cp312-manylinux1_x86_64.manylinux_2_28_x86_64.manylinux_2_5_x86_64.whl (252 kB)
2025-12-23T20:30:46.8876326Z Downloading python_dotenv-1.2.1-py3-none-any.whl (21 kB)
2025-12-23T20:30:46.8930481Z Downloading ruff-0.14.10-py3-none-manylinux_2_17_x86_64.manylinux2014_x86_64.whl (14.2 MB)
2025-12-23T20:30:46.9752147Z    ━━━━━━━━━━━━━━━━━━━━━━━━━━━━━━━━━━━━━━━━ 14.2/14.2 MB 180.1 MB/s  0:00:00
2025-12-23T20:30:46.9789526Z Downloading types_pyyaml-6.0.12.20250915-py3-none-any.whl (20 kB)
2025-12-23T20:30:46.9844913Z Downloading typing_extensions-4.15.0-py3-none-any.whl (44 kB)
2025-12-23T20:30:46.9900689Z Downloading typing_inspection-0.4.2-py3-none-any.whl (14 kB)
2025-12-23T20:30:46.9978024Z Downloading uvloop-0.22.1-cp312-cp312-manylinux2014_x86_64.manylinux_2_17_x86_64.manylinux_2_28_x86_64.whl (4.4 MB)
2025-12-23T20:30:47.0242926Z    ━━━━━━━━━━━━━━━━━━━━━━━━━━━━━━━━━━━━━━━━ 4.4/4.4 MB 174.8 MB/s  0:00:00
2025-12-23T20:30:47.0275655Z Downloading watchfiles-1.1.1-cp312-cp312-manylinux_2_17_x86_64.manylinux2014_x86_64.whl (456 kB)
2025-12-23T20:30:47.0371142Z Downloading websockets-15.0.1-cp312-cp312-manylinux_2_5_x86_64.manylinux1_x86_64.manylinux_2_17_x86_64.manylinux2014_x86_64.whl (182 kB)
2025-12-23T20:30:47.0434371Z Downloading certifi-2025.11.12-py3-none-any.whl (159 kB)
2025-12-23T20:30:47.0493570Z Downloading mako-1.3.10-py3-none-any.whl (78 kB)
2025-12-23T20:30:47.0556686Z Downloading markupsafe-3.0.3-cp312-cp312-manylinux2014_x86_64.manylinux_2_17_x86_64.manylinux_2_28_x86_64.whl (22 kB)
2025-12-23T20:30:47.1430796Z Building wheels for collected packages: tunix-rt-backend
2025-12-23T20:30:47.1440047Z   Building editable for tunix-rt-backend (pyproject.toml): started
2025-12-23T20:30:47.3677651Z   Building editable for tunix-rt-backend (pyproject.toml): finished with status 'done'
2025-12-23T20:30:47.3684051Z   Created wheel for tunix-rt-backend: filename=tunix_rt_backend-0.1.0-0.editable-py3-none-any.whl size=3178 sha256=a460e830e1f6aea201632e44d3584778595248093323cabbe2c9614abd736dc7
2025-12-23T20:30:47.3687327Z   Stored in directory: /tmp/pip-ephem-wheel-cache-5i41hwg4/wheels/ca/82/26/1257064f2ccacab10a6c1673d369503c6cf47642032a94cd53
2025-12-23T20:30:47.3704011Z Successfully built tunix-rt-backend
2025-12-23T20:30:47.4493552Z Installing collected packages: websockets, uvloop, typing-extensions, types-PyYAML, ruff, pyyaml, python-dotenv, pygments, prometheus-client, pluggy, pathspec, packaging, mypy_extensions, MarkupSafe, librt, iniconfig, idna, httptools, h11, greenlet, coverage, click, certifi, asyncpg, annotated-types, annotated-doc, aiosqlite, uvicorn, typing-inspection, sqlalchemy, pytest, pydantic-core, mypy, Mako, httpcore, anyio, watchfiles, starlette, pytest-cov, pytest-asyncio, pydantic, httpx, alembic, pydantic-settings, fastapi, tunix-rt-backend
2025-12-23T20:30:53.0557681Z
2025-12-23T20:30:53.0610146Z Successfully installed Mako-1.3.10 MarkupSafe-3.0.3 aiosqlite-0.22.1 alembic-1.17.2 annotated-doc-0.0.4 annotated-types-0.7.0 anyio-4.12.0 asyncpg-0.31.0 certifi-2025.11.12 click-8.3.1 coverage-7.13.0 fastapi-0.125.0 greenlet-3.3.0 h11-0.16.0 httpcore-1.0.9 httptools-0.7.1 httpx-0.28.1 idna-3.11 iniconfig-2.3.0 librt-0.7.4 mypy-1.19.1 mypy_extensions-1.1.0 packaging-25.0 pathspec-0.12.1 pluggy-1.6.0 prometheus-client-0.23.1 pydantic-2.12.5 pydantic-core-2.41.5 pydantic-settings-2.12.0 pygments-2.19.2 pytest-9.0.2 pytest-asyncio-1.3.0 pytest-cov-7.0.0 python-dotenv-1.2.1 pyyaml-6.0.3 ruff-0.14.10 sqlalchemy-2.0.45 starlette-0.50.0 tunix-rt-backend-0.1.0 types-PyYAML-6.0.12.20250915 typing-extensions-4.15.0 typing-inspection-0.4.2 uvicorn-0.38.0 uvloop-0.22.1 watchfiles-1.1.1 websockets-15.0.1
2025-12-23T20:30:53.5478410Z ##[group]Run ruff check .
2025-12-23T20:30:53.5478658Z [36;1mruff check .[0m
2025-12-23T20:30:53.5512581Z shell: /usr/bin/bash -e {0}
2025-12-23T20:30:53.5512811Z env:
2025-12-23T20:30:53.5513051Z   pythonLocation: /opt/hostedtoolcache/Python/3.12.12/x64
2025-12-23T20:30:53.5513450Z   PKG_CONFIG_PATH: /opt/hostedtoolcache/Python/3.12.12/x64/lib/pkgconfig
2025-12-23T20:30:53.5513837Z   Python_ROOT_DIR: /opt/hostedtoolcache/Python/3.12.12/x64
2025-12-23T20:30:53.5514167Z   Python2_ROOT_DIR: /opt/hostedtoolcache/Python/3.12.12/x64
2025-12-23T20:30:53.5514511Z   Python3_ROOT_DIR: /opt/hostedtoolcache/Python/3.12.12/x64
2025-12-23T20:30:53.5514855Z   LD_LIBRARY_PATH: /opt/hostedtoolcache/Python/3.12.12/x64/lib
2025-12-23T20:30:53.5515401Z ##[endgroup]
2025-12-23T20:30:53.5791892Z All checks passed!
2025-12-23T20:30:53.5826570Z ##[group]Run ruff format --check .
2025-12-23T20:30:53.5826851Z [36;1mruff format --check .[0m
2025-12-23T20:30:53.5861577Z shell: /usr/bin/bash -e {0}
2025-12-23T20:30:53.5861807Z env:
2025-12-23T20:30:53.5862050Z   pythonLocation: /opt/hostedtoolcache/Python/3.12.12/x64
2025-12-23T20:30:53.5862462Z   PKG_CONFIG_PATH: /opt/hostedtoolcache/Python/3.12.12/x64/lib/pkgconfig
2025-12-23T20:30:53.5863017Z   Python_ROOT_DIR: /opt/hostedtoolcache/Python/3.12.12/x64
2025-12-23T20:30:53.5863347Z   Python2_ROOT_DIR: /opt/hostedtoolcache/Python/3.12.12/x64
2025-12-23T20:30:53.5863689Z   Python3_ROOT_DIR: /opt/hostedtoolcache/Python/3.12.12/x64
2025-12-23T20:30:53.5864023Z   LD_LIBRARY_PATH: /opt/hostedtoolcache/Python/3.12.12/x64/lib
2025-12-23T20:30:53.5864308Z ##[endgroup]
2025-12-23T20:30:53.6156335Z Would reformat: tests/test_tunix_registry.py
2025-12-23T20:30:53.6158331Z 1 file would be reformatted, 69 files already formatted
2025-12-23T20:30:53.6171341Z ##[error]Process completed with exit code 1.
2025-12-23T20:30:53.6277663Z Post job cleanup.
2025-12-23T20:30:53.7226583Z [command]/usr/bin/git version
2025-12-23T20:30:53.7266504Z git version 2.52.0
2025-12-23T20:30:53.7311885Z Temporarily overriding HOME='/home/runner/work/_temp/8b6cb567-0bd4-4596-bc93-f90cf4a33ca6' before making global git config changes
2025-12-23T20:30:53.7313722Z Adding repository directory to the temporary git global config as a safe directory
2025-12-23T20:30:53.7318422Z [command]/usr/bin/git config --global --add safe.directory /home/runner/work/tunix-rt/tunix-rt
2025-12-23T20:30:53.7363117Z [command]/usr/bin/git config --local --name-only --get-regexp core\.sshCommand
2025-12-23T20:30:53.7399513Z [command]/usr/bin/git submodule foreach --recursive sh -c "git config --local --name-only --get-regexp 'core\.sshCommand' && git config --local --unset-all 'core.sshCommand' || :"
2025-12-23T20:30:53.7644844Z [command]/usr/bin/git config --local --name-only --get-regexp http\.https\:\/\/github\.com\/\.extraheader
2025-12-23T20:30:53.7668376Z http.https://github.com/.extraheader
2025-12-23T20:30:53.7682404Z [command]/usr/bin/git config --local --unset-all http.https://github.com/.extraheader
2025-12-23T20:30:53.7716877Z [command]/usr/bin/git submodule foreach --recursive sh -c "git config --local --name-only --get-regexp 'http\.https\:\/\/github\.com\/\.extraheader' && git config --local --unset-all 'http.https://github.com/.extraheader' || :"
2025-12-23T20:30:53.8051310Z Cleaning up orphan processes
