2025-12-23T20:30:35.9144739Z Current runner version: '2.330.0'
2025-12-23T20:30:35.9219182Z ##[group]Runner Image Provisioner
2025-12-23T20:30:35.9220604Z Hosted Compute Agent
2025-12-23T20:30:35.9221671Z Version: 20251211.462
2025-12-23T20:30:35.9222728Z Commit: 6cbad8c2bb55d58165063d031ccabf57e2d2db61
2025-12-23T20:30:35.9223814Z Build Date: 2025-12-11T16:28:49Z
2025-12-23T20:30:35.9225000Z Worker ID: {8c42eec5-8905-4752-8b48-fcb1bc3c401d}
2025-12-23T20:30:35.9226085Z ##[endgroup]
2025-12-23T20:30:35.9226907Z ##[group]Operating System
2025-12-23T20:30:35.9227862Z Ubuntu
2025-12-23T20:30:35.9228606Z 24.04.3
2025-12-23T20:30:35.9229312Z LTS
2025-12-23T20:30:35.9250659Z ##[endgroup]
2025-12-23T20:30:35.9251490Z ##[group]Runner Image
2025-12-23T20:30:35.9252459Z Image: ubuntu-24.04
2025-12-23T20:30:35.9253585Z Version: 20251215.174.1
2025-12-23T20:30:35.9255355Z Included Software: https://github.com/actions/runner-images/blob/ubuntu24/20251215.174/images/ubuntu/Ubuntu2404-Readme.md
2025-12-23T20:30:35.9258229Z Image Release: https://github.com/actions/runner-images/releases/tag/ubuntu24%2F20251215.174
2025-12-23T20:30:35.9260241Z ##[endgroup]
2025-12-23T20:30:35.9262039Z ##[group]GITHUB_TOKEN Permissions
2025-12-23T20:30:35.9264794Z Contents: read
2025-12-23T20:30:35.9265648Z Metadata: read
2025-12-23T20:30:35.9266630Z ##[endgroup]
2025-12-23T20:30:35.9289953Z Secret source: Actions
2025-12-23T20:30:35.9291382Z Prepare workflow directory
2025-12-23T20:30:36.0382174Z Prepare all required actions
2025-12-23T20:30:36.0438842Z Getting action download info
2025-12-23T20:30:36.4724631Z Download action repository 'actions/checkout@11bd71901bbe5b1630ceea73d27597364c9af683' (SHA:11bd71901bbe5b1630ceea73d27597364c9af683)
2025-12-23T20:30:36.5667903Z Download action repository 'actions/setup-python@0b93645e9fea7318ecaed2b359559ac225c90a2b' (SHA:0b93645e9fea7318ecaed2b359559ac225c90a2b)
2025-12-23T20:30:36.7460903Z Download action repository 'actions/upload-artifact@6f51ac03b9356f520e9adb1b1b7802705f340c2b' (SHA:6f51ac03b9356f520e9adb1b1b7802705f340c2b)
2025-12-23T20:30:37.1875772Z Complete job name: backend (3.11)
2025-12-23T20:30:37.3028580Z ##[group]Run actions/checkout@11bd71901bbe5b1630ceea73d27597364c9af683
2025-12-23T20:30:37.3031382Z with:
2025-12-23T20:30:37.3032497Z   repository: m-cahill/tunix-rt
2025-12-23T20:30:37.3034383Z   token: ***
2025-12-23T20:30:37.3035503Z   ssh-strict: true
2025-12-23T20:30:37.3036660Z   ssh-user: git
2025-12-23T20:30:37.3037840Z   persist-credentials: true
2025-12-23T20:30:37.3039163Z   clean: true
2025-12-23T20:30:37.3051018Z   sparse-checkout-cone-mode: true
2025-12-23T20:30:37.3055966Z   fetch-depth: 1
2025-12-23T20:30:37.3057170Z   fetch-tags: false
2025-12-23T20:30:37.3058330Z   show-progress: true
2025-12-23T20:30:37.3059678Z   lfs: false
2025-12-23T20:30:37.3060784Z   submodules: false
2025-12-23T20:30:37.3065362Z   set-safe-directory: true
2025-12-23T20:30:37.3067180Z ##[endgroup]
2025-12-23T20:30:37.4339289Z Syncing repository: m-cahill/tunix-rt
2025-12-23T20:30:37.4343062Z ##[group]Getting Git version info
2025-12-23T20:30:37.4344975Z Working directory is '/home/runner/work/tunix-rt/tunix-rt'
2025-12-23T20:30:37.4347695Z [command]/usr/bin/git version
2025-12-23T20:30:37.7560398Z git version 2.52.0
2025-12-23T20:30:37.7633479Z ##[endgroup]
2025-12-23T20:30:37.7642137Z Temporarily overriding HOME='/home/runner/work/_temp/1f920056-4ea9-44fd-893c-a1a4d43618af' before making global git config changes
2025-12-23T20:30:37.7643718Z Adding repository directory to the temporary git global config as a safe directory
2025-12-23T20:30:37.7670200Z [command]/usr/bin/git config --global --add safe.directory /home/runner/work/tunix-rt/tunix-rt
2025-12-23T20:30:37.9008218Z Deleting the contents of '/home/runner/work/tunix-rt/tunix-rt'
2025-12-23T20:30:37.9009859Z ##[group]Initializing the repository
2025-12-23T20:30:37.9010783Z [command]/usr/bin/git init /home/runner/work/tunix-rt/tunix-rt
2025-12-23T20:30:38.2192449Z hint: Using 'master' as the name for the initial branch. This default branch name
2025-12-23T20:30:38.2195432Z hint: will change to "main" in Git 3.0. To configure the initial branch name
2025-12-23T20:30:38.2196443Z hint: to use in all of your new repositories, which will suppress this warning,
2025-12-23T20:30:38.2196895Z hint: call:
2025-12-23T20:30:38.2197172Z hint:
2025-12-23T20:30:38.2197529Z hint: 	git config --global init.defaultBranch <name>
2025-12-23T20:30:38.2197905Z hint:
2025-12-23T20:30:38.2198301Z hint: Names commonly chosen instead of 'master' are 'main', 'trunk' and
2025-12-23T20:30:38.2198926Z hint: 'development'. The just-created branch can be renamed via this command:
2025-12-23T20:30:38.2199682Z hint:
2025-12-23T20:30:38.2200084Z hint: 	git branch -m <name>
2025-12-23T20:30:38.2200510Z hint:
2025-12-23T20:30:38.2201045Z hint: Disable this message with "git config set advice.defaultBranchName false"
2025-12-23T20:30:38.2201831Z Initialized empty Git repository in /home/runner/work/tunix-rt/tunix-rt/.git/
2025-12-23T20:30:38.2203501Z [command]/usr/bin/git remote add origin https://github.com/m-cahill/tunix-rt
2025-12-23T20:30:38.2204960Z ##[endgroup]
2025-12-23T20:30:38.2205669Z ##[group]Disabling automatic garbage collection
2025-12-23T20:30:38.2206241Z [command]/usr/bin/git config --local gc.auto 0
2025-12-23T20:30:38.2426491Z ##[endgroup]
2025-12-23T20:30:38.2427672Z ##[group]Setting up auth
2025-12-23T20:30:38.2428720Z [command]/usr/bin/git config --local --name-only --get-regexp core\.sshCommand
2025-12-23T20:30:38.2468994Z [command]/usr/bin/git submodule foreach --recursive sh -c "git config --local --name-only --get-regexp 'core\.sshCommand' && git config --local --unset-all 'core.sshCommand' || :"
2025-12-23T20:30:39.1156092Z [command]/usr/bin/git config --local --name-only --get-regexp http\.https\:\/\/github\.com\/\.extraheader
2025-12-23T20:30:39.1191309Z [command]/usr/bin/git submodule foreach --recursive sh -c "git config --local --name-only --get-regexp 'http\.https\:\/\/github\.com\/\.extraheader' && git config --local --unset-all 'http.https://github.com/.extraheader' || :"
2025-12-23T20:30:39.1427603Z [command]/usr/bin/git config --local http.https://github.com/.extraheader AUTHORIZATION: basic ***
2025-12-23T20:30:39.1465405Z ##[endgroup]
2025-12-23T20:30:39.1466842Z ##[group]Fetching the repository
2025-12-23T20:30:39.1486433Z [command]/usr/bin/git -c protocol.version=2 fetch --no-tags --prune --no-recurse-submodules --depth=1 origin +f2ab738662103319b3c7a3b05b650096b57169ba:refs/remotes/origin/main
2025-12-23T20:30:40.0547804Z From https://github.com/m-cahill/tunix-rt
2025-12-23T20:30:40.0548692Z  * [new ref]         f2ab738662103319b3c7a3b05b650096b57169ba -> origin/main
2025-12-23T20:30:40.0611831Z ##[endgroup]
2025-12-23T20:30:40.0612600Z ##[group]Determining the checkout info
2025-12-23T20:30:40.0613445Z ##[endgroup]
2025-12-23T20:30:40.0624538Z [command]/usr/bin/git sparse-checkout disable
2025-12-23T20:30:40.0697852Z [command]/usr/bin/git config --local --unset-all extensions.worktreeConfig
2025-12-23T20:30:40.0749118Z ##[group]Checking out the ref
2025-12-23T20:30:40.0753654Z [command]/usr/bin/git checkout --progress --force -B main refs/remotes/origin/main
2025-12-23T20:30:40.2011090Z Switched to a new branch 'main'
2025-12-23T20:30:40.2025115Z branch 'main' set up to track 'origin/main'.
2025-12-23T20:30:40.2028522Z ##[endgroup]
2025-12-23T20:30:40.2070100Z [command]/usr/bin/git log -1 --format=%H
2025-12-23T20:30:40.2094202Z f2ab738662103319b3c7a3b05b650096b57169ba
2025-12-23T20:30:40.2324755Z ##[group]Run actions/setup-python@0b93645e9fea7318ecaed2b359559ac225c90a2b
2025-12-23T20:30:40.2325144Z with:
2025-12-23T20:30:40.2325323Z   python-version: 3.11
2025-12-23T20:30:40.2325516Z   cache: pip
2025-12-23T20:30:40.2325728Z   cache-dependency-path: backend/pyproject.toml
2025-12-23T20:30:40.2326005Z   check-latest: false
2025-12-23T20:30:40.2326314Z   token: ***
2025-12-23T20:30:40.2326498Z   update-environment: true
2025-12-23T20:30:40.2326709Z   allow-prereleases: false
2025-12-23T20:30:40.2326933Z ##[endgroup]
2025-12-23T20:30:40.3994375Z ##[group]Installed versions
2025-12-23T20:30:40.4109943Z Successfully set up CPython (3.11.14)
2025-12-23T20:30:40.4112004Z ##[endgroup]
2025-12-23T20:30:40.4422684Z [command]/opt/hostedtoolcache/Python/3.11.14/x64/bin/pip cache dir
2025-12-23T20:30:40.7991807Z /home/runner/.cache/pip
2025-12-23T20:30:40.9032484Z ##[warning]Failed to restore: Cache service responded with 400
2025-12-23T20:30:40.9044225Z pip cache is not found
2025-12-23T20:30:40.9151743Z ##[group]Run python -m pip install -e ".[dev]"
2025-12-23T20:30:40.9152135Z [36;1mpython -m pip install -e ".[dev]"[0m
2025-12-23T20:30:40.9191827Z shell: /usr/bin/bash -e {0}
2025-12-23T20:30:40.9192057Z env:
2025-12-23T20:30:40.9192303Z   pythonLocation: /opt/hostedtoolcache/Python/3.11.14/x64
2025-12-23T20:30:40.9192715Z   PKG_CONFIG_PATH: /opt/hostedtoolcache/Python/3.11.14/x64/lib/pkgconfig
2025-12-23T20:30:40.9193113Z   Python_ROOT_DIR: /opt/hostedtoolcache/Python/3.11.14/x64
2025-12-23T20:30:40.9193464Z   Python2_ROOT_DIR: /opt/hostedtoolcache/Python/3.11.14/x64
2025-12-23T20:30:40.9193800Z   Python3_ROOT_DIR: /opt/hostedtoolcache/Python/3.11.14/x64
2025-12-23T20:30:40.9194163Z   LD_LIBRARY_PATH: /opt/hostedtoolcache/Python/3.11.14/x64/lib
2025-12-23T20:30:40.9194453Z ##[endgroup]
2025-12-23T20:30:41.4675431Z Obtaining file:///home/runner/work/tunix-rt/tunix-rt/backend
2025-12-23T20:30:41.4691134Z   Installing build dependencies: started
2025-12-23T20:30:42.6266342Z   Installing build dependencies: finished with status 'done'
2025-12-23T20:30:42.6280710Z   Checking if build backend supports build_editable: started
2025-12-23T20:30:42.9876372Z   Checking if build backend supports build_editable: finished with status 'done'
2025-12-23T20:30:42.9884847Z   Getting requirements to build editable: started
2025-12-23T20:30:43.3045637Z   Getting requirements to build editable: finished with status 'done'
2025-12-23T20:30:43.3055258Z   Preparing editable metadata (pyproject.toml): started
2025-12-23T20:30:43.5037227Z   Preparing editable metadata (pyproject.toml): finished with status 'done'
2025-12-23T20:30:43.6759280Z Collecting fastapi==0.125.0 (from tunix-rt-backend==0.1.0)
2025-12-23T20:30:43.7983553Z   Downloading fastapi-0.125.0-py3-none-any.whl.metadata (30 kB)
2025-12-23T20:30:43.8648337Z Collecting uvicorn==0.38.0 (from uvicorn[standard]==0.38.0->tunix-rt-backend==0.1.0)
2025-12-23T20:30:43.8855369Z   Downloading uvicorn-0.38.0-py3-none-any.whl.metadata (6.8 kB)
2025-12-23T20:30:43.9350395Z Collecting httpx==0.28.1 (from tunix-rt-backend==0.1.0)
2025-12-23T20:30:43.9546995Z   Downloading httpx-0.28.1-py3-none-any.whl.metadata (7.1 kB)
2025-12-23T20:30:44.1272238Z Collecting pydantic==2.12.5 (from tunix-rt-backend==0.1.0)
2025-12-23T20:30:44.1471733Z   Downloading pydantic-2.12.5-py3-none-any.whl.metadata (90 kB)
2025-12-23T20:30:44.2011583Z Collecting pydantic-settings==2.12.0 (from tunix-rt-backend==0.1.0)
2025-12-23T20:30:44.2209346Z   Downloading pydantic_settings-2.12.0-py3-none-any.whl.metadata (3.4 kB)
2025-12-23T20:30:44.5780134Z Collecting sqlalchemy==2.0.45 (from sqlalchemy[asyncio]==2.0.45->tunix-rt-backend==0.1.0)
2025-12-23T20:30:44.5976847Z   Downloading sqlalchemy-2.0.45-cp311-cp311-manylinux2014_x86_64.manylinux_2_17_x86_64.manylinux_2_28_x86_64.whl.metadata (9.5 kB)
2025-12-23T20:30:44.6457002Z Collecting alembic==1.17.2 (from tunix-rt-backend==0.1.0)
2025-12-23T20:30:44.6650226Z   Downloading alembic-1.17.2-py3-none-any.whl.metadata (7.2 kB)
2025-12-23T20:30:44.7491860Z Collecting asyncpg==0.31.0 (from tunix-rt-backend==0.1.0)
2025-12-23T20:30:44.7713492Z   Downloading asyncpg-0.31.0-cp311-cp311-manylinux2014_x86_64.manylinux_2_17_x86_64.manylinux_2_28_x86_64.whl.metadata (4.4 kB)
2025-12-23T20:30:44.8334795Z Collecting pyyaml==6.0.3 (from tunix-rt-backend==0.1.0)
2025-12-23T20:30:44.8527438Z   Downloading pyyaml-6.0.3-cp311-cp311-manylinux2014_x86_64.manylinux_2_17_x86_64.manylinux_2_28_x86_64.whl.metadata (2.4 kB)
2025-12-23T20:30:44.8842352Z Collecting prometheus-client==0.23.1 (from tunix-rt-backend==0.1.0)
2025-12-23T20:30:44.9035371Z   Downloading prometheus_client-0.23.1-py3-none-any.whl.metadata (1.9 kB)
2025-12-23T20:30:44.9586077Z Collecting pytest>=7.4.0 (from tunix-rt-backend==0.1.0)
2025-12-23T20:30:44.9778370Z   Downloading pytest-9.0.2-py3-none-any.whl.metadata (7.6 kB)
2025-12-23T20:30:45.0122663Z Collecting pytest-cov>=4.1.0 (from tunix-rt-backend==0.1.0)
2025-12-23T20:30:45.0317478Z   Downloading pytest_cov-7.0.0-py3-none-any.whl.metadata (31 kB)
2025-12-23T20:30:45.0727530Z Collecting pytest-asyncio>=0.21.0 (from tunix-rt-backend==0.1.0)
2025-12-23T20:30:45.0927769Z   Downloading pytest_asyncio-1.3.0-py3-none-any.whl.metadata (4.1 kB)
2025-12-23T20:30:45.5524208Z Collecting ruff>=0.1.0 (from tunix-rt-backend==0.1.0)
2025-12-23T20:30:45.5720660Z   Downloading ruff-0.14.10-py3-none-manylinux_2_17_x86_64.manylinux2014_x86_64.whl.metadata (26 kB)
2025-12-23T20:30:45.7089295Z Collecting mypy>=1.6.0 (from tunix-rt-backend==0.1.0)
2025-12-23T20:30:45.7283838Z   Downloading mypy-1.19.1-cp311-cp311-manylinux2014_x86_64.manylinux_2_17_x86_64.manylinux_2_28_x86_64.whl.metadata (2.2 kB)
2025-12-23T20:30:45.7647821Z Collecting types-PyYAML>=6.0.0 (from tunix-rt-backend==0.1.0)
2025-12-23T20:30:45.7850355Z   Downloading types_pyyaml-6.0.12.20250915-py3-none-any.whl.metadata (1.7 kB)
2025-12-23T20:30:45.8139258Z Collecting aiosqlite>=0.19.0 (from tunix-rt-backend==0.1.0)
2025-12-23T20:30:45.8346473Z   Downloading aiosqlite-0.22.1-py3-none-any.whl.metadata (4.3 kB)
2025-12-23T20:30:45.8778847Z Collecting Mako (from alembic==1.17.2->tunix-rt-backend==0.1.0)
2025-12-23T20:30:45.8972670Z   Downloading mako-1.3.10-py3-none-any.whl.metadata (2.9 kB)
2025-12-23T20:30:45.9316729Z Collecting typing-extensions>=4.12 (from alembic==1.17.2->tunix-rt-backend==0.1.0)
2025-12-23T20:30:45.9508436Z   Downloading typing_extensions-4.15.0-py3-none-any.whl.metadata (3.3 kB)
2025-12-23T20:30:45.9993417Z Collecting starlette<0.51.0,>=0.40.0 (from fastapi==0.125.0->tunix-rt-backend==0.1.0)
2025-12-23T20:30:46.0188685Z   Downloading starlette-0.50.0-py3-none-any.whl.metadata (6.3 kB)
2025-12-23T20:30:46.0587278Z Collecting annotated-doc>=0.0.2 (from fastapi==0.125.0->tunix-rt-backend==0.1.0)
2025-12-23T20:30:46.0778409Z   Downloading annotated_doc-0.0.4-py3-none-any.whl.metadata (6.6 kB)
2025-12-23T20:30:46.1071734Z Collecting annotated-types>=0.6.0 (from pydantic==2.12.5->tunix-rt-backend==0.1.0)
2025-12-23T20:30:46.1264704Z   Downloading annotated_types-0.7.0-py3-none-any.whl.metadata (15 kB)
2025-12-23T20:30:46.9134567Z Collecting pydantic-core==2.41.5 (from pydantic==2.12.5->tunix-rt-backend==0.1.0)
2025-12-23T20:30:46.9330627Z   Downloading pydantic_core-2.41.5-cp311-cp311-manylinux_2_17_x86_64.manylinux2014_x86_64.whl.metadata (7.3 kB)
2025-12-23T20:30:46.9633227Z Collecting typing-inspection>=0.4.2 (from pydantic==2.12.5->tunix-rt-backend==0.1.0)
2025-12-23T20:30:46.9831122Z   Downloading typing_inspection-0.4.2-py3-none-any.whl.metadata (2.6 kB)
2025-12-23T20:30:47.0206819Z Collecting anyio (from httpx==0.28.1->tunix-rt-backend==0.1.0)
2025-12-23T20:30:47.0400239Z   Downloading anyio-4.12.0-py3-none-any.whl.metadata (4.3 kB)
2025-12-23T20:30:47.0766047Z Collecting certifi (from httpx==0.28.1->tunix-rt-backend==0.1.0)
2025-12-23T20:30:47.0957927Z   Downloading certifi-2025.11.12-py3-none-any.whl.metadata (2.5 kB)
2025-12-23T20:30:47.1804603Z Collecting httpcore==1.* (from httpx==0.28.1->tunix-rt-backend==0.1.0)
2025-12-23T20:30:47.1998794Z   Downloading httpcore-1.0.9-py3-none-any.whl.metadata (21 kB)
2025-12-23T20:30:47.2324752Z Collecting idna (from httpx==0.28.1->tunix-rt-backend==0.1.0)
2025-12-23T20:30:47.2517298Z   Downloading idna-3.11-py3-none-any.whl.metadata (8.4 kB)
2025-12-23T20:30:47.2960500Z Collecting python-dotenv>=0.21.0 (from pydantic-settings==2.12.0->tunix-rt-backend==0.1.0)
2025-12-23T20:30:47.3153742Z   Downloading python_dotenv-1.2.1-py3-none-any.whl.metadata (25 kB)
2025-12-23T20:30:47.4704276Z Collecting greenlet>=1 (from sqlalchemy==2.0.45->sqlalchemy[asyncio]==2.0.45->tunix-rt-backend==0.1.0)
2025-12-23T20:30:47.4907665Z   Downloading greenlet-3.3.0-cp311-cp311-manylinux_2_24_x86_64.manylinux_2_28_x86_64.whl.metadata (4.1 kB)
2025-12-23T20:30:47.5328878Z Collecting click>=7.0 (from uvicorn==0.38.0->uvicorn[standard]==0.38.0->tunix-rt-backend==0.1.0)
2025-12-23T20:30:47.5525069Z   Downloading click-8.3.1-py3-none-any.whl.metadata (2.6 kB)
2025-12-23T20:30:47.5808210Z Collecting h11>=0.8 (from uvicorn==0.38.0->uvicorn[standard]==0.38.0->tunix-rt-backend==0.1.0)
2025-12-23T20:30:47.5999715Z   Downloading h11-0.16.0-py3-none-any.whl.metadata (8.3 kB)
2025-12-23T20:30:47.6487456Z Collecting httptools>=0.6.3 (from uvicorn[standard]==0.38.0->tunix-rt-backend==0.1.0)
2025-12-23T20:30:47.6684794Z   Downloading httptools-0.7.1-cp311-cp311-manylinux1_x86_64.manylinux_2_28_x86_64.manylinux_2_5_x86_64.whl.metadata (3.5 kB)
2025-12-23T20:30:47.7310034Z Collecting uvloop>=0.15.1 (from uvicorn[standard]==0.38.0->tunix-rt-backend==0.1.0)
2025-12-23T20:30:47.7503005Z   Downloading uvloop-0.22.1-cp311-cp311-manylinux2014_x86_64.manylinux_2_17_x86_64.manylinux_2_28_x86_64.whl.metadata (4.9 kB)
2025-12-23T20:30:47.8457212Z Collecting watchfiles>=0.13 (from uvicorn[standard]==0.38.0->tunix-rt-backend==0.1.0)
2025-12-23T20:30:47.8663259Z   Downloading watchfiles-1.1.1-cp311-cp311-manylinux_2_17_x86_64.manylinux2014_x86_64.whl.metadata (4.9 kB)
2025-12-23T20:30:47.9755859Z Collecting websockets>=10.4 (from uvicorn[standard]==0.38.0->tunix-rt-backend==0.1.0)
2025-12-23T20:30:47.9984121Z   Downloading websockets-15.0.1-cp311-cp311-manylinux_2_5_x86_64.manylinux1_x86_64.manylinux_2_17_x86_64.manylinux2014_x86_64.whl.metadata (6.8 kB)
2025-12-23T20:30:48.0546544Z Collecting mypy_extensions>=1.0.0 (from mypy>=1.6.0->tunix-rt-backend==0.1.0)
2025-12-23T20:30:48.0737611Z   Downloading mypy_extensions-1.1.0-py3-none-any.whl.metadata (1.1 kB)
2025-12-23T20:30:48.1029645Z Collecting pathspec>=0.9.0 (from mypy>=1.6.0->tunix-rt-backend==0.1.0)
2025-12-23T20:30:48.1225232Z   Downloading pathspec-0.12.1-py3-none-any.whl.metadata (21 kB)
2025-12-23T20:30:48.2223659Z Collecting librt>=0.6.2 (from mypy>=1.6.0->tunix-rt-backend==0.1.0)
2025-12-23T20:30:48.2418936Z   Downloading librt-0.7.4-cp311-cp311-manylinux2014_x86_64.manylinux_2_17_x86_64.manylinux_2_28_x86_64.whl.metadata (1.3 kB)
2025-12-23T20:30:48.2730411Z Collecting iniconfig>=1.0.1 (from pytest>=7.4.0->tunix-rt-backend==0.1.0)
2025-12-23T20:30:48.2925410Z   Downloading iniconfig-2.3.0-py3-none-any.whl.metadata (2.5 kB)
2025-12-23T20:30:48.3255226Z Collecting packaging>=22 (from pytest>=7.4.0->tunix-rt-backend==0.1.0)
2025-12-23T20:30:48.3449786Z   Downloading packaging-25.0-py3-none-any.whl.metadata (3.3 kB)
2025-12-23T20:30:48.3746236Z Collecting pluggy<2,>=1.5 (from pytest>=7.4.0->tunix-rt-backend==0.1.0)
2025-12-23T20:30:48.3937722Z   Downloading pluggy-1.6.0-py3-none-any.whl.metadata (4.8 kB)
2025-12-23T20:30:48.4320892Z Collecting pygments>=2.7.2 (from pytest>=7.4.0->tunix-rt-backend==0.1.0)
2025-12-23T20:30:48.4515585Z   Downloading pygments-2.19.2-py3-none-any.whl.metadata (2.5 kB)
2025-12-23T20:30:48.9316821Z Collecting coverage>=7.10.6 (from coverage[toml]>=7.10.6->pytest-cov>=4.1.0->tunix-rt-backend==0.1.0)
2025-12-23T20:30:48.9512937Z   Downloading coverage-7.13.0-cp311-cp311-manylinux1_x86_64.manylinux_2_28_x86_64.manylinux_2_5_x86_64.whl.metadata (8.5 kB)
2025-12-23T20:30:49.0530363Z Collecting MarkupSafe>=0.9.2 (from Mako->alembic==1.17.2->tunix-rt-backend==0.1.0)
2025-12-23T20:30:49.0726363Z   Downloading markupsafe-3.0.3-cp311-cp311-manylinux2014_x86_64.manylinux_2_17_x86_64.manylinux_2_28_x86_64.whl.metadata (2.7 kB)
2025-12-23T20:30:49.0983254Z Downloading alembic-1.17.2-py3-none-any.whl (248 kB)
2025-12-23T20:30:49.1439606Z Downloading asyncpg-0.31.0-cp311-cp311-manylinux2014_x86_64.manylinux_2_17_x86_64.manylinux_2_28_x86_64.whl (3.0 MB)
2025-12-23T20:30:49.2038140Z    ━━━━━━━━━━━━━━━━━━━━━━━━━━━━━━━━━━━━━━━━ 3.0/3.0 MB 50.0 MB/s  0:00:00
2025-12-23T20:30:49.2241038Z Downloading fastapi-0.125.0-py3-none-any.whl (112 kB)
2025-12-23T20:30:49.2465066Z Downloading pydantic-2.12.5-py3-none-any.whl (463 kB)
2025-12-23T20:30:49.2712335Z Downloading httpx-0.28.1-py3-none-any.whl (73 kB)
2025-12-23T20:30:49.2934675Z Downloading prometheus_client-0.23.1-py3-none-any.whl (61 kB)
2025-12-23T20:30:49.3163803Z Downloading pydantic_core-2.41.5-cp311-cp311-manylinux_2_17_x86_64.manylinux2014_x86_64.whl (2.1 MB)
2025-12-23T20:30:49.3306565Z    ━━━━━━━━━━━━━━━━━━━━━━━━━━━━━━━━━━━━━━━━ 2.1/2.1 MB 192.4 MB/s  0:00:00
2025-12-23T20:30:49.3488300Z Downloading pydantic_settings-2.12.0-py3-none-any.whl (51 kB)
2025-12-23T20:30:49.3711515Z Downloading pyyaml-6.0.3-cp311-cp311-manylinux2014_x86_64.manylinux_2_17_x86_64.manylinux_2_28_x86_64.whl (806 kB)
2025-12-23T20:30:49.3783061Z    ━━━━━━━━━━━━━━━━━━━━━━━━━━━━━━━━━━━━━━━━ 806.6/806.6 kB 116.4 MB/s  0:00:00
2025-12-23T20:30:49.3978527Z Downloading sqlalchemy-2.0.45-cp311-cp311-manylinux2014_x86_64.manylinux_2_17_x86_64.manylinux_2_28_x86_64.whl (3.3 MB)
2025-12-23T20:30:49.4257466Z    ━━━━━━━━━━━━━━━━━━━━━━━━━━━━━━━━━━━━━━━━ 3.3/3.3 MB 126.2 MB/s  0:00:00
2025-12-23T20:30:49.4438517Z Downloading uvicorn-0.38.0-py3-none-any.whl (68 kB)
2025-12-23T20:30:49.4657769Z Downloading httpcore-1.0.9-py3-none-any.whl (78 kB)
2025-12-23T20:30:49.4877764Z Downloading starlette-0.50.0-py3-none-any.whl (74 kB)
2025-12-23T20:30:49.5099185Z Downloading anyio-4.12.0-py3-none-any.whl (113 kB)
2025-12-23T20:30:49.5319796Z Downloading aiosqlite-0.22.1-py3-none-any.whl (17 kB)
2025-12-23T20:30:49.5536746Z Downloading annotated_doc-0.0.4-py3-none-any.whl (5.3 kB)
2025-12-23T20:30:49.5752013Z Downloading annotated_types-0.7.0-py3-none-any.whl (13 kB)
2025-12-23T20:30:49.5964249Z Downloading click-8.3.1-py3-none-any.whl (108 kB)
2025-12-23T20:30:49.6185653Z Downloading greenlet-3.3.0-cp311-cp311-manylinux_2_24_x86_64.manylinux_2_28_x86_64.whl (590 kB)
2025-12-23T20:30:49.6251489Z    ━━━━━━━━━━━━━━━━━━━━━━━━━━━━━━━━━━━━━━━━ 590.2/590.2 kB 90.6 MB/s  0:00:00
2025-12-23T20:30:49.6443680Z Downloading h11-0.16.0-py3-none-any.whl (37 kB)
2025-12-23T20:30:49.6663813Z Downloading httptools-0.7.1-cp311-cp311-manylinux1_x86_64.manylinux_2_28_x86_64.manylinux_2_5_x86_64.whl (456 kB)
2025-12-23T20:30:49.6910525Z Downloading idna-3.11-py3-none-any.whl (71 kB)
2025-12-23T20:30:49.7137727Z Downloading mypy-1.19.1-cp311-cp311-manylinux2014_x86_64.manylinux_2_17_x86_64.manylinux_2_28_x86_64.whl (13.4 MB)
2025-12-23T20:30:49.7913024Z    ━━━━━━━━━━━━━━━━━━━━━━━━━━━━━━━━━━━━━━━━ 13.4/13.4 MB 177.4 MB/s  0:00:00
2025-12-23T20:30:49.8108042Z Downloading librt-0.7.4-cp311-cp311-manylinux2014_x86_64.manylinux_2_17_x86_64.manylinux_2_28_x86_64.whl (184 kB)
2025-12-23T20:30:49.8331305Z Downloading mypy_extensions-1.1.0-py3-none-any.whl (5.0 kB)
2025-12-23T20:30:49.8541695Z Downloading pathspec-0.12.1-py3-none-any.whl (31 kB)
2025-12-23T20:30:49.8771524Z Downloading pytest-9.0.2-py3-none-any.whl (374 kB)
2025-12-23T20:30:49.9000325Z Downloading pluggy-1.6.0-py3-none-any.whl (20 kB)
2025-12-23T20:30:49.9223065Z Downloading iniconfig-2.3.0-py3-none-any.whl (7.5 kB)
2025-12-23T20:30:49.9438669Z Downloading packaging-25.0-py3-none-any.whl (66 kB)
2025-12-23T20:30:49.9664591Z Downloading pygments-2.19.2-py3-none-any.whl (1.2 MB)
2025-12-23T20:30:49.9760651Z    ━━━━━━━━━━━━━━━━━━━━━━━━━━━━━━━━━━━━━━━━ 1.2/1.2 MB 132.2 MB/s  0:00:00
2025-12-23T20:30:49.9966460Z Downloading pytest_asyncio-1.3.0-py3-none-any.whl (15 kB)
2025-12-23T20:30:50.0183435Z Downloading pytest_cov-7.0.0-py3-none-any.whl (22 kB)
2025-12-23T20:30:50.0403507Z Downloading coverage-7.13.0-cp311-cp311-manylinux1_x86_64.manylinux_2_28_x86_64.manylinux_2_5_x86_64.whl (250 kB)
2025-12-23T20:30:50.0626934Z Downloading python_dotenv-1.2.1-py3-none-any.whl (21 kB)
2025-12-23T20:30:50.0855487Z Downloading ruff-0.14.10-py3-none-manylinux_2_17_x86_64.manylinux2014_x86_64.whl (14.2 MB)
2025-12-23T20:30:50.1656148Z    ━━━━━━━━━━━━━━━━━━━━━━━━━━━━━━━━━━━━━━━━ 14.2/14.2 MB 182.4 MB/s  0:00:00
2025-12-23T20:30:50.1846586Z Downloading types_pyyaml-6.0.12.20250915-py3-none-any.whl (20 kB)
2025-12-23T20:30:50.2062011Z Downloading typing_extensions-4.15.0-py3-none-any.whl (44 kB)
2025-12-23T20:30:50.2276462Z Downloading typing_inspection-0.4.2-py3-none-any.whl (14 kB)
2025-12-23T20:30:50.2501186Z Downloading uvloop-0.22.1-cp311-cp311-manylinux2014_x86_64.manylinux_2_17_x86_64.manylinux_2_28_x86_64.whl (3.8 MB)
2025-12-23T20:30:50.2717650Z    ━━━━━━━━━━━━━━━━━━━━━━━━━━━━━━━━━━━━━━━━ 3.8/3.8 MB 187.4 MB/s  0:00:00
2025-12-23T20:30:50.2913964Z Downloading watchfiles-1.1.1-cp311-cp311-manylinux_2_17_x86_64.manylinux2014_x86_64.whl (456 kB)
2025-12-23T20:30:50.3148988Z Downloading websockets-15.0.1-cp311-cp311-manylinux_2_5_x86_64.manylinux1_x86_64.manylinux_2_17_x86_64.manylinux2014_x86_64.whl (182 kB)
2025-12-23T20:30:50.3370780Z Downloading certifi-2025.11.12-py3-none-any.whl (159 kB)
2025-12-23T20:30:50.3592615Z Downloading mako-1.3.10-py3-none-any.whl (78 kB)
2025-12-23T20:30:50.3817415Z Downloading markupsafe-3.0.3-cp311-cp311-manylinux2014_x86_64.manylinux_2_17_x86_64.manylinux_2_28_x86_64.whl (22 kB)
2025-12-23T20:30:50.4630898Z Building wheels for collected packages: tunix-rt-backend
2025-12-23T20:30:50.4640217Z   Building editable for tunix-rt-backend (pyproject.toml): started
2025-12-23T20:30:50.6711398Z   Building editable for tunix-rt-backend (pyproject.toml): finished with status 'done'
2025-12-23T20:30:50.6718122Z   Created wheel for tunix-rt-backend: filename=tunix_rt_backend-0.1.0-0.editable-py3-none-any.whl size=3178 sha256=8f3b9b4f4f14186762118fc280dffe41865bea385d334c78ef39212fcdb3bd5c
2025-12-23T20:30:50.6722191Z   Stored in directory: /tmp/pip-ephem-wheel-cache-xt41ow_n/wheels/6c/ee/47/0b2814d300ad026845dfa3996505f4a0f855be918f2df7eb34
2025-12-23T20:30:50.6738172Z Successfully built tunix-rt-backend
2025-12-23T20:30:50.7445438Z Installing collected packages: websockets, uvloop, typing-extensions, types-PyYAML, ruff, pyyaml, python-dotenv, pygments, prometheus-client, pluggy, pathspec, packaging, mypy_extensions, MarkupSafe, librt, iniconfig, idna, httptools, h11, greenlet, coverage, click, certifi, asyncpg, annotated-types, annotated-doc, aiosqlite, uvicorn, typing-inspection, sqlalchemy, pytest, pydantic-core, mypy, Mako, httpcore, anyio, watchfiles, starlette, pytest-cov, pytest-asyncio, pydantic, httpx, alembic, pydantic-settings, fastapi, tunix-rt-backend
2025-12-23T20:30:55.7140197Z
2025-12-23T20:30:55.7169647Z Successfully installed Mako-1.3.10 MarkupSafe-3.0.3 aiosqlite-0.22.1 alembic-1.17.2 annotated-doc-0.0.4 annotated-types-0.7.0 anyio-4.12.0 asyncpg-0.31.0 certifi-2025.11.12 click-8.3.1 coverage-7.13.0 fastapi-0.125.0 greenlet-3.3.0 h11-0.16.0 httpcore-1.0.9 httptools-0.7.1 httpx-0.28.1 idna-3.11 iniconfig-2.3.0 librt-0.7.4 mypy-1.19.1 mypy_extensions-1.1.0 packaging-25.0 pathspec-0.12.1 pluggy-1.6.0 prometheus-client-0.23.1 pydantic-2.12.5 pydantic-core-2.41.5 pydantic-settings-2.12.0 pygments-2.19.2 pytest-9.0.2 pytest-asyncio-1.3.0 pytest-cov-7.0.0 python-dotenv-1.2.1 pyyaml-6.0.3 ruff-0.14.10 sqlalchemy-2.0.45 starlette-0.50.0 tunix-rt-backend-0.1.0 types-PyYAML-6.0.12.20250915 typing-extensions-4.15.0 typing-inspection-0.4.2 uvicorn-0.38.0 uvloop-0.22.1 watchfiles-1.1.1 websockets-15.0.1
2025-12-23T20:30:56.4530882Z ##[error]The operation was canceled.
2025-12-23T20:30:56.4633760Z Post job cleanup.
2025-12-23T20:30:56.5640223Z [command]/usr/bin/git version
2025-12-23T20:30:56.5714585Z git version 2.52.0
2025-12-23T20:30:56.5791000Z Temporarily overriding HOME='/home/runner/work/_temp/94cb1071-7132-4b2c-8a98-d0e9538ac3d7' before making global git config changes
2025-12-23T20:30:56.5793514Z Adding repository directory to the temporary git global config as a safe directory
2025-12-23T20:30:56.5798240Z [command]/usr/bin/git config --global --add safe.directory /home/runner/work/tunix-rt/tunix-rt
2025-12-23T20:30:56.5843450Z [command]/usr/bin/git config --local --name-only --get-regexp core\.sshCommand
2025-12-23T20:30:56.5878052Z [command]/usr/bin/git submodule foreach --recursive sh -c "git config --local --name-only --get-regexp 'core\.sshCommand' && git config --local --unset-all 'core.sshCommand' || :"
2025-12-23T20:30:56.6126583Z [command]/usr/bin/git config --local --name-only --get-regexp http\.https\:\/\/github\.com\/\.extraheader
2025-12-23T20:30:56.6150807Z http.https://github.com/.extraheader
2025-12-23T20:30:56.6165283Z [command]/usr/bin/git config --local --unset-all http.https://github.com/.extraheader
2025-12-23T20:30:56.6198605Z [command]/usr/bin/git submodule foreach --recursive sh -c "git config --local --name-only --get-regexp 'http\.https\:\/\/github\.com\/\.extraheader' && git config --local --unset-all 'http.https://github.com/.extraheader' || :"
2025-12-23T20:30:56.6645217Z Cleaning up orphan processes
