2025-12-24T05:41:53.2313052Z Current runner version: '2.330.0'
2025-12-24T05:41:53.2346775Z ##[group]Runner Image Provisioner
2025-12-24T05:41:53.2348338Z Hosted Compute Agent
2025-12-24T05:41:53.2349131Z Version: 20251211.462
2025-12-24T05:41:53.2350001Z Commit: 6cbad8c2bb55d58165063d031ccabf57e2d2db61
2025-12-24T05:41:53.2350941Z Build Date: 2025-12-11T16:28:49Z
2025-12-24T05:41:53.2352004Z Worker ID: {8c920dfc-5de4-4ca6-9ebe-6b86993ea85b}
2025-12-24T05:41:53.2353040Z ##[endgroup]
2025-12-24T05:41:53.2353794Z ##[group]Operating System
2025-12-24T05:41:53.2354726Z Ubuntu
2025-12-24T05:41:53.2355346Z 24.04.3
2025-12-24T05:41:53.2355987Z LTS
2025-12-24T05:41:53.2356662Z ##[endgroup]
2025-12-24T05:41:53.2357639Z ##[group]Runner Image
2025-12-24T05:41:53.2358422Z Image: ubuntu-24.04
2025-12-24T05:41:53.2359217Z Version: 20251215.174.1
2025-12-24T05:41:53.2360692Z Included Software: https://github.com/actions/runner-images/blob/ubuntu24/20251215.174/images/ubuntu/Ubuntu2404-Readme.md
2025-12-24T05:41:53.2363157Z Image Release: https://github.com/actions/runner-images/releases/tag/ubuntu24%2F20251215.174
2025-12-24T05:41:53.2364643Z ##[endgroup]
2025-12-24T05:41:53.2366129Z ##[group]GITHUB_TOKEN Permissions
2025-12-24T05:41:53.2368967Z Contents: read
2025-12-24T05:41:53.2369676Z Metadata: read
2025-12-24T05:41:53.2370446Z ##[endgroup]
2025-12-24T05:41:53.2373325Z Secret source: Actions
2025-12-24T05:41:53.2374289Z Prepare workflow directory
2025-12-24T05:41:53.2921305Z Prepare all required actions
2025-12-24T05:41:53.2978511Z Getting action download info
2025-12-24T05:41:53.7999480Z Download action repository 'actions/checkout@11bd71901bbe5b1630ceea73d27597364c9af683' (SHA:11bd71901bbe5b1630ceea73d27597364c9af683)
2025-12-24T05:41:54.0335194Z Download action repository 'actions/setup-python@0b93645e9fea7318ecaed2b359559ac225c90a2b' (SHA:0b93645e9fea7318ecaed2b359559ac225c90a2b)
2025-12-24T05:41:54.1422277Z Download action repository 'actions/upload-artifact@6f51ac03b9356f520e9adb1b1b7802705f340c2b' (SHA:6f51ac03b9356f520e9adb1b1b7802705f340c2b)
2025-12-24T05:41:54.3965227Z Complete job name: backend (3.12)
2025-12-24T05:41:54.4632339Z ##[group]Run actions/checkout@11bd71901bbe5b1630ceea73d27597364c9af683
2025-12-24T05:41:54.4633397Z with:
2025-12-24T05:41:54.4633837Z   repository: m-cahill/tunix-rt
2025-12-24T05:41:54.4634530Z   token: ***
2025-12-24T05:41:54.4634966Z   ssh-strict: true
2025-12-24T05:41:54.4635398Z   ssh-user: git
2025-12-24T05:41:54.4635850Z   persist-credentials: true
2025-12-24T05:41:54.4636278Z   clean: true
2025-12-24T05:41:54.4636757Z   sparse-checkout-cone-mode: true
2025-12-24T05:41:54.4637381Z   fetch-depth: 1
2025-12-24T05:41:54.4637795Z   fetch-tags: false
2025-12-24T05:41:54.4638287Z   show-progress: true
2025-12-24T05:41:54.4638699Z   lfs: false
2025-12-24T05:41:54.4639090Z   submodules: false
2025-12-24T05:41:54.4639526Z   set-safe-directory: true
2025-12-24T05:41:54.4640262Z ##[endgroup]
2025-12-24T05:41:54.5834194Z Syncing repository: m-cahill/tunix-rt
2025-12-24T05:41:54.5836799Z ##[group]Getting Git version info
2025-12-24T05:41:54.5838269Z Working directory is '/home/runner/work/tunix-rt/tunix-rt'
2025-12-24T05:41:54.5839781Z [command]/usr/bin/git version
2025-12-24T05:41:54.5902226Z git version 2.52.0
2025-12-24T05:41:54.5927318Z ##[endgroup]
2025-12-24T05:41:54.5943499Z Temporarily overriding HOME='/home/runner/work/_temp/fbf6044a-e7ea-41e5-96e1-45490ef2c7ed' before making global git config changes
2025-12-24T05:41:54.5946494Z Adding repository directory to the temporary git global config as a safe directory
2025-12-24T05:41:54.5950735Z [command]/usr/bin/git config --global --add safe.directory /home/runner/work/tunix-rt/tunix-rt
2025-12-24T05:41:54.5998866Z Deleting the contents of '/home/runner/work/tunix-rt/tunix-rt'
2025-12-24T05:41:54.6003070Z ##[group]Initializing the repository
2025-12-24T05:41:54.6007993Z [command]/usr/bin/git init /home/runner/work/tunix-rt/tunix-rt
2025-12-24T05:41:54.6098806Z hint: Using 'master' as the name for the initial branch. This default branch name
2025-12-24T05:41:54.6101753Z hint: will change to "main" in Git 3.0. To configure the initial branch name
2025-12-24T05:41:54.6104069Z hint: to use in all of your new repositories, which will suppress this warning,
2025-12-24T05:41:54.6105138Z hint: call:
2025-12-24T05:41:54.6105667Z hint:
2025-12-24T05:41:54.6106667Z hint: 	git config --global init.defaultBranch <name>
2025-12-24T05:41:54.6107739Z hint:
2025-12-24T05:41:54.6108552Z hint: Names commonly chosen instead of 'master' are 'main', 'trunk' and
2025-12-24T05:41:54.6109843Z hint: 'development'. The just-created branch can be renamed via this command:
2025-12-24T05:41:54.6110854Z hint:
2025-12-24T05:41:54.6111428Z hint: 	git branch -m <name>
2025-12-24T05:41:54.6112073Z hint:
2025-12-24T05:41:54.6112958Z hint: Disable this message with "git config set advice.defaultBranchName false"
2025-12-24T05:41:54.6114715Z Initialized empty Git repository in /home/runner/work/tunix-rt/tunix-rt/.git/
2025-12-24T05:41:54.6119272Z [command]/usr/bin/git remote add origin https://github.com/m-cahill/tunix-rt
2025-12-24T05:41:54.6151191Z ##[endgroup]
2025-12-24T05:41:54.6152291Z ##[group]Disabling automatic garbage collection
2025-12-24T05:41:54.6155572Z [command]/usr/bin/git config --local gc.auto 0
2025-12-24T05:41:54.6182537Z ##[endgroup]
2025-12-24T05:41:54.6183472Z ##[group]Setting up auth
2025-12-24T05:41:54.6189785Z [command]/usr/bin/git config --local --name-only --get-regexp core\.sshCommand
2025-12-24T05:41:54.6218075Z [command]/usr/bin/git submodule foreach --recursive sh -c "git config --local --name-only --get-regexp 'core\.sshCommand' && git config --local --unset-all 'core.sshCommand' || :"
2025-12-24T05:41:54.6503509Z [command]/usr/bin/git config --local --name-only --get-regexp http\.https\:\/\/github\.com\/\.extraheader
2025-12-24T05:41:54.6531961Z [command]/usr/bin/git submodule foreach --recursive sh -c "git config --local --name-only --get-regexp 'http\.https\:\/\/github\.com\/\.extraheader' && git config --local --unset-all 'http.https://github.com/.extraheader' || :"
2025-12-24T05:41:54.6711158Z [command]/usr/bin/git config --local http.https://github.com/.extraheader AUTHORIZATION: basic ***
2025-12-24T05:41:54.6742810Z ##[endgroup]
2025-12-24T05:41:54.6744764Z ##[group]Fetching the repository
2025-12-24T05:41:54.6762759Z [command]/usr/bin/git -c protocol.version=2 fetch --no-tags --prune --no-recurse-submodules --depth=1 origin +86cc234dc90ec24704fa14f96822326d01c41f0f:refs/remotes/origin/main
2025-12-24T05:41:56.1162992Z From https://github.com/m-cahill/tunix-rt
2025-12-24T05:41:56.1165490Z  * [new ref]         86cc234dc90ec24704fa14f96822326d01c41f0f -> origin/main
2025-12-24T05:41:56.1196575Z ##[endgroup]
2025-12-24T05:41:56.1197607Z ##[group]Determining the checkout info
2025-12-24T05:41:56.1198360Z ##[endgroup]
2025-12-24T05:41:56.1202122Z [command]/usr/bin/git sparse-checkout disable
2025-12-24T05:41:56.1238133Z [command]/usr/bin/git config --local --unset-all extensions.worktreeConfig
2025-12-24T05:41:56.1264550Z ##[group]Checking out the ref
2025-12-24T05:41:56.1268372Z [command]/usr/bin/git checkout --progress --force -B main refs/remotes/origin/main
2025-12-24T05:41:56.2505384Z Switched to a new branch 'main'
2025-12-24T05:41:56.2506414Z branch 'main' set up to track 'origin/main'.
2025-12-24T05:41:56.2516577Z ##[endgroup]
2025-12-24T05:41:56.2551475Z [command]/usr/bin/git log -1 --format=%H
2025-12-24T05:41:56.2573219Z 86cc234dc90ec24704fa14f96822326d01c41f0f
2025-12-24T05:41:56.2772244Z ##[group]Run actions/setup-python@0b93645e9fea7318ecaed2b359559ac225c90a2b
2025-12-24T05:41:56.2772676Z with:
2025-12-24T05:41:56.2772902Z   python-version: 3.12
2025-12-24T05:41:56.2773147Z   cache: pip
2025-12-24T05:41:56.2773414Z   cache-dependency-path: backend/pyproject.toml
2025-12-24T05:41:56.2773733Z   check-latest: false
2025-12-24T05:41:56.2774129Z   token: ***
2025-12-24T05:41:56.2774353Z   update-environment: true
2025-12-24T05:41:56.2774633Z   allow-prereleases: false
2025-12-24T05:41:56.2774884Z ##[endgroup]
2025-12-24T05:41:56.4335719Z ##[group]Installed versions
2025-12-24T05:41:56.4438014Z Successfully set up CPython (3.12.12)
2025-12-24T05:41:56.4439433Z ##[endgroup]
2025-12-24T05:41:56.4739765Z [command]/opt/hostedtoolcache/Python/3.12.12/x64/bin/pip cache dir
2025-12-24T05:41:57.7825234Z /home/runner/.cache/pip
2025-12-24T05:41:57.8891046Z ##[warning]Failed to restore: Cache service responded with 400
2025-12-24T05:41:57.8905139Z pip cache is not found
2025-12-24T05:41:57.9005831Z ##[group]Run python -m pip install -e ".[dev]"
2025-12-24T05:41:57.9006263Z [36;1mpython -m pip install -e ".[dev]"[0m
2025-12-24T05:41:57.9031660Z shell: /usr/bin/bash -e {0}
2025-12-24T05:41:57.9031932Z env:
2025-12-24T05:41:57.9032190Z   pythonLocation: /opt/hostedtoolcache/Python/3.12.12/x64
2025-12-24T05:41:57.9032593Z   PKG_CONFIG_PATH: /opt/hostedtoolcache/Python/3.12.12/x64/lib/pkgconfig
2025-12-24T05:41:57.9032956Z   Python_ROOT_DIR: /opt/hostedtoolcache/Python/3.12.12/x64
2025-12-24T05:41:57.9033288Z   Python2_ROOT_DIR: /opt/hostedtoolcache/Python/3.12.12/x64
2025-12-24T05:41:57.9033623Z   Python3_ROOT_DIR: /opt/hostedtoolcache/Python/3.12.12/x64
2025-12-24T05:41:57.9033980Z   LD_LIBRARY_PATH: /opt/hostedtoolcache/Python/3.12.12/x64/lib
2025-12-24T05:41:57.9034268Z ##[endgroup]
2025-12-24T05:41:59.4868569Z Obtaining file:///home/runner/work/tunix-rt/tunix-rt/backend
2025-12-24T05:41:59.4884503Z   Installing build dependencies: started
2025-12-24T05:42:01.2104152Z   Installing build dependencies: finished with status 'done'
2025-12-24T05:42:01.2113192Z   Checking if build backend supports build_editable: started
2025-12-24T05:42:01.5453392Z   Checking if build backend supports build_editable: finished with status 'done'
2025-12-24T05:42:01.5462095Z   Getting requirements to build editable: started
2025-12-24T05:42:01.8642796Z   Getting requirements to build editable: finished with status 'done'
2025-12-24T05:42:01.8668306Z   Preparing editable metadata (pyproject.toml): started
2025-12-24T05:42:02.0530800Z   Preparing editable metadata (pyproject.toml): finished with status 'done'
2025-12-24T05:42:02.1960164Z Collecting fastapi==0.125.0 (from tunix-rt-backend==0.1.0)
2025-12-24T05:42:02.2738653Z   Downloading fastapi-0.125.0-py3-none-any.whl.metadata (30 kB)
2025-12-24T05:42:02.3237394Z Collecting uvicorn==0.38.0 (from uvicorn[standard]==0.38.0->tunix-rt-backend==0.1.0)
2025-12-24T05:42:02.3353690Z   Downloading uvicorn-0.38.0-py3-none-any.whl.metadata (6.8 kB)
2025-12-24T05:42:02.3636497Z Collecting httpx==0.28.1 (from tunix-rt-backend==0.1.0)
2025-12-24T05:42:02.3748523Z   Downloading httpx-0.28.1-py3-none-any.whl.metadata (7.1 kB)
2025-12-24T05:42:02.5436336Z Collecting pydantic==2.12.5 (from tunix-rt-backend==0.1.0)
2025-12-24T05:42:02.5529542Z   Downloading pydantic-2.12.5-py3-none-any.whl.metadata (90 kB)
2025-12-24T05:42:02.5970169Z Collecting pydantic-settings==2.12.0 (from tunix-rt-backend==0.1.0)
2025-12-24T05:42:02.6077243Z   Downloading pydantic_settings-2.12.0-py3-none-any.whl.metadata (3.4 kB)
2025-12-24T05:42:02.8937645Z Collecting sqlalchemy==2.0.45 (from sqlalchemy[asyncio]==2.0.45->tunix-rt-backend==0.1.0)
2025-12-24T05:42:02.9042687Z   Downloading sqlalchemy-2.0.45-cp312-cp312-manylinux2014_x86_64.manylinux_2_17_x86_64.manylinux_2_28_x86_64.whl.metadata (9.5 kB)
2025-12-24T05:42:02.9421609Z Collecting alembic==1.17.2 (from tunix-rt-backend==0.1.0)
2025-12-24T05:42:02.9538362Z   Downloading alembic-1.17.2-py3-none-any.whl.metadata (7.2 kB)
2025-12-24T05:42:03.0041859Z Collecting asyncpg==0.31.0 (from tunix-rt-backend==0.1.0)
2025-12-24T05:42:03.0153020Z   Downloading asyncpg-0.31.0-cp312-cp312-manylinux_2_28_x86_64.whl.metadata (4.4 kB)
2025-12-24T05:42:03.0589787Z Collecting pyyaml==6.0.3 (from tunix-rt-backend==0.1.0)
2025-12-24T05:42:03.0697925Z   Downloading pyyaml-6.0.3-cp312-cp312-manylinux2014_x86_64.manylinux_2_17_x86_64.manylinux_2_28_x86_64.whl.metadata (2.4 kB)
2025-12-24T05:42:03.0914637Z Collecting prometheus-client==0.23.1 (from tunix-rt-backend==0.1.0)
2025-12-24T05:42:03.1019677Z   Downloading prometheus_client-0.23.1-py3-none-any.whl.metadata (1.9 kB)
2025-12-24T05:42:03.1449965Z Collecting pytest>=7.4.0 (from tunix-rt-backend==0.1.0)
2025-12-24T05:42:03.1552404Z   Downloading pytest-9.0.2-py3-none-any.whl.metadata (7.6 kB)
2025-12-24T05:42:03.1803694Z Collecting pytest-cov>=4.1.0 (from tunix-rt-backend==0.1.0)
2025-12-24T05:42:03.1908582Z   Downloading pytest_cov-7.0.0-py3-none-any.whl.metadata (31 kB)
2025-12-24T05:42:03.2220704Z Collecting pytest-asyncio>=0.21.0 (from tunix-rt-backend==0.1.0)
2025-12-24T05:42:03.2329324Z   Downloading pytest_asyncio-1.3.0-py3-none-any.whl.metadata (4.1 kB)
2025-12-24T05:42:03.6218519Z Collecting ruff>=0.1.0 (from tunix-rt-backend==0.1.0)
2025-12-24T05:42:03.6321584Z   Downloading ruff-0.14.10-py3-none-manylinux_2_17_x86_64.manylinux2014_x86_64.whl.metadata (26 kB)
2025-12-24T05:42:03.7408370Z Collecting mypy>=1.6.0 (from tunix-rt-backend==0.1.0)
2025-12-24T05:42:03.7522926Z   Downloading mypy-1.19.1-cp312-cp312-manylinux2014_x86_64.manylinux_2_17_x86_64.manylinux_2_28_x86_64.whl.metadata (2.2 kB)
2025-12-24T05:42:03.7819466Z Collecting types-PyYAML>=6.0.0 (from tunix-rt-backend==0.1.0)
2025-12-24T05:42:03.7923556Z   Downloading types_pyyaml-6.0.12.20250915-py3-none-any.whl.metadata (1.7 kB)
2025-12-24T05:42:03.8130405Z Collecting aiosqlite>=0.19.0 (from tunix-rt-backend==0.1.0)
2025-12-24T05:42:03.8238067Z   Downloading aiosqlite-0.22.1-py3-none-any.whl.metadata (4.3 kB)
2025-12-24T05:42:03.8623696Z Collecting Mako (from alembic==1.17.2->tunix-rt-backend==0.1.0)
2025-12-24T05:42:03.8730126Z   Downloading mako-1.3.10-py3-none-any.whl.metadata (2.9 kB)
2025-12-24T05:42:03.8972368Z Collecting typing-extensions>=4.12 (from alembic==1.17.2->tunix-rt-backend==0.1.0)
2025-12-24T05:42:03.9076451Z   Downloading typing_extensions-4.15.0-py3-none-any.whl.metadata (3.3 kB)
2025-12-24T05:42:03.9444356Z Collecting starlette<0.51.0,>=0.40.0 (from fastapi==0.125.0->tunix-rt-backend==0.1.0)
2025-12-24T05:42:03.9549804Z   Downloading starlette-0.50.0-py3-none-any.whl.metadata (6.3 kB)
2025-12-24T05:42:04.0186459Z Collecting annotated-doc>=0.0.2 (from fastapi==0.125.0->tunix-rt-backend==0.1.0)
2025-12-24T05:42:04.0289775Z   Downloading annotated_doc-0.0.4-py3-none-any.whl.metadata (6.6 kB)
2025-12-24T05:42:04.0478933Z Collecting annotated-types>=0.6.0 (from pydantic==2.12.5->tunix-rt-backend==0.1.0)
2025-12-24T05:42:04.0581434Z   Downloading annotated_types-0.7.0-py3-none-any.whl.metadata (15 kB)
2025-12-24T05:42:04.7198016Z Collecting pydantic-core==2.41.5 (from pydantic==2.12.5->tunix-rt-backend==0.1.0)
2025-12-24T05:42:04.7302800Z   Downloading pydantic_core-2.41.5-cp312-cp312-manylinux_2_17_x86_64.manylinux2014_x86_64.whl.metadata (7.3 kB)
2025-12-24T05:42:04.7514280Z Collecting typing-inspection>=0.4.2 (from pydantic==2.12.5->tunix-rt-backend==0.1.0)
2025-12-24T05:42:04.7614114Z   Downloading typing_inspection-0.4.2-py3-none-any.whl.metadata (2.6 kB)
2025-12-24T05:42:04.7888369Z Collecting anyio (from httpx==0.28.1->tunix-rt-backend==0.1.0)
2025-12-24T05:42:04.7990248Z   Downloading anyio-4.12.0-py3-none-any.whl.metadata (4.3 kB)
2025-12-24T05:42:04.8257616Z Collecting certifi (from httpx==0.28.1->tunix-rt-backend==0.1.0)
2025-12-24T05:42:04.8358338Z   Downloading certifi-2025.11.12-py3-none-any.whl.metadata (2.5 kB)
2025-12-24T05:42:04.8614019Z Collecting httpcore==1.* (from httpx==0.28.1->tunix-rt-backend==0.1.0)
2025-12-24T05:42:04.8718133Z   Downloading httpcore-1.0.9-py3-none-any.whl.metadata (21 kB)
2025-12-24T05:42:04.8942697Z Collecting idna (from httpx==0.28.1->tunix-rt-backend==0.1.0)
2025-12-24T05:42:04.9045479Z   Downloading idna-3.11-py3-none-any.whl.metadata (8.4 kB)
2025-12-24T05:42:04.9628251Z Collecting python-dotenv>=0.21.0 (from pydantic-settings==2.12.0->tunix-rt-backend==0.1.0)
2025-12-24T05:42:04.9730879Z   Downloading python_dotenv-1.2.1-py3-none-any.whl.metadata (25 kB)
2025-12-24T05:42:05.1015759Z Collecting greenlet>=1 (from sqlalchemy==2.0.45->sqlalchemy[asyncio]==2.0.45->tunix-rt-backend==0.1.0)
2025-12-24T05:42:05.1130177Z   Downloading greenlet-3.3.0-cp312-cp312-manylinux_2_24_x86_64.manylinux_2_28_x86_64.whl.metadata (4.1 kB)
2025-12-24T05:42:05.1489604Z Collecting click>=7.0 (from uvicorn==0.38.0->uvicorn[standard]==0.38.0->tunix-rt-backend==0.1.0)
2025-12-24T05:42:05.1597503Z   Downloading click-8.3.1-py3-none-any.whl.metadata (2.6 kB)
2025-12-24T05:42:05.1784633Z Collecting h11>=0.8 (from uvicorn==0.38.0->uvicorn[standard]==0.38.0->tunix-rt-backend==0.1.0)
2025-12-24T05:42:05.1889716Z   Downloading h11-0.16.0-py3-none-any.whl.metadata (8.3 kB)
2025-12-24T05:42:05.2267423Z Collecting httptools>=0.6.3 (from uvicorn[standard]==0.38.0->tunix-rt-backend==0.1.0)
2025-12-24T05:42:05.2358162Z   Downloading httptools-0.7.1-cp312-cp312-manylinux1_x86_64.manylinux_2_28_x86_64.manylinux_2_5_x86_64.whl.metadata (3.5 kB)
2025-12-24T05:42:05.2866644Z Collecting uvloop>=0.15.1 (from uvicorn[standard]==0.38.0->tunix-rt-backend==0.1.0)
2025-12-24T05:42:05.2972857Z   Downloading uvloop-0.22.1-cp312-cp312-manylinux2014_x86_64.manylinux_2_17_x86_64.manylinux_2_28_x86_64.whl.metadata (4.9 kB)
2025-12-24T05:42:05.4286696Z Collecting watchfiles>=0.13 (from uvicorn[standard]==0.38.0->tunix-rt-backend==0.1.0)
2025-12-24T05:42:05.4393957Z   Downloading watchfiles-1.1.1-cp312-cp312-manylinux_2_17_x86_64.manylinux2014_x86_64.whl.metadata (4.9 kB)
2025-12-24T05:42:05.5275790Z Collecting websockets>=10.4 (from uvicorn[standard]==0.38.0->tunix-rt-backend==0.1.0)
2025-12-24T05:42:05.5392435Z   Downloading websockets-15.0.1-cp312-cp312-manylinux_2_5_x86_64.manylinux1_x86_64.manylinux_2_17_x86_64.manylinux2014_x86_64.whl.metadata (6.8 kB)
2025-12-24T05:42:05.5818364Z Collecting mypy_extensions>=1.0.0 (from mypy>=1.6.0->tunix-rt-backend==0.1.0)
2025-12-24T05:42:05.5919695Z   Downloading mypy_extensions-1.1.0-py3-none-any.whl.metadata (1.1 kB)
2025-12-24T05:42:05.6118913Z Collecting pathspec>=0.9.0 (from mypy>=1.6.0->tunix-rt-backend==0.1.0)
2025-12-24T05:42:05.6218321Z   Downloading pathspec-0.12.1-py3-none-any.whl.metadata (21 kB)
2025-12-24T05:42:05.7025302Z Collecting librt>=0.6.2 (from mypy>=1.6.0->tunix-rt-backend==0.1.0)
2025-12-24T05:42:05.7142294Z   Downloading librt-0.7.4-cp312-cp312-manylinux2014_x86_64.manylinux_2_17_x86_64.manylinux_2_28_x86_64.whl.metadata (1.3 kB)
2025-12-24T05:42:05.7356333Z Collecting iniconfig>=1.0.1 (from pytest>=7.4.0->tunix-rt-backend==0.1.0)
2025-12-24T05:42:05.7460664Z   Downloading iniconfig-2.3.0-py3-none-any.whl.metadata (2.5 kB)
2025-12-24T05:42:05.7689264Z Collecting packaging>=22 (from pytest>=7.4.0->tunix-rt-backend==0.1.0)
2025-12-24T05:42:05.7794478Z   Downloading packaging-25.0-py3-none-any.whl.metadata (3.3 kB)
2025-12-24T05:42:05.7990476Z Collecting pluggy<2,>=1.5 (from pytest>=7.4.0->tunix-rt-backend==0.1.0)
2025-12-24T05:42:05.8092123Z   Downloading pluggy-1.6.0-py3-none-any.whl.metadata (4.8 kB)
2025-12-24T05:42:05.8396539Z Collecting pygments>=2.7.2 (from pytest>=7.4.0->tunix-rt-backend==0.1.0)
2025-12-24T05:42:05.8498857Z   Downloading pygments-2.19.2-py3-none-any.whl.metadata (2.5 kB)
2025-12-24T05:42:06.2061274Z Collecting coverage>=7.10.6 (from coverage[toml]>=7.10.6->pytest-cov>=4.1.0->tunix-rt-backend==0.1.0)
2025-12-24T05:42:06.2166631Z   Downloading coverage-7.13.0-cp312-cp312-manylinux1_x86_64.manylinux_2_28_x86_64.manylinux_2_5_x86_64.whl.metadata (8.5 kB)
2025-12-24T05:42:06.3714849Z Collecting MarkupSafe>=0.9.2 (from Mako->alembic==1.17.2->tunix-rt-backend==0.1.0)
2025-12-24T05:42:06.3820340Z   Downloading markupsafe-3.0.3-cp312-cp312-manylinux2014_x86_64.manylinux_2_17_x86_64.manylinux_2_28_x86_64.whl.metadata (2.7 kB)
2025-12-24T05:42:06.3982334Z Downloading alembic-1.17.2-py3-none-any.whl (248 kB)
2025-12-24T05:42:06.4385447Z Downloading asyncpg-0.31.0-cp312-cp312-manylinux_2_28_x86_64.whl (3.5 MB)
2025-12-24T05:42:06.6436582Z    ━━━━━━━━━━━━━━━━━━━━━━━━━━━━━━━━━━━━━━━━ 3.5/3.5 MB 18.5 MB/s  0:00:00
2025-12-24T05:42:06.6540367Z Downloading fastapi-0.125.0-py3-none-any.whl (112 kB)
2025-12-24T05:42:06.6687247Z Downloading pydantic-2.12.5-py3-none-any.whl (463 kB)
2025-12-24T05:42:06.6940211Z Downloading httpx-0.28.1-py3-none-any.whl (73 kB)
2025-12-24T05:42:06.7065700Z Downloading prometheus_client-0.23.1-py3-none-any.whl (61 kB)
2025-12-24T05:42:06.7196054Z Downloading pydantic_core-2.41.5-cp312-cp312-manylinux_2_17_x86_64.manylinux2014_x86_64.whl (2.1 MB)
2025-12-24T05:42:06.7781138Z    ━━━━━━━━━━━━━━━━━━━━━━━━━━━━━━━━━━━━━━━━ 2.1/2.1 MB 35.4 MB/s  0:00:00
2025-12-24T05:42:06.7884005Z Downloading pydantic_settings-2.12.0-py3-none-any.whl (51 kB)
2025-12-24T05:42:06.8015557Z Downloading pyyaml-6.0.3-cp312-cp312-manylinux2014_x86_64.manylinux_2_17_x86_64.manylinux_2_28_x86_64.whl (807 kB)
2025-12-24T05:42:06.8233153Z    ━━━━━━━━━━━━━━━━━━━━━━━━━━━━━━━━━━━━━━━━ 807.9/807.9 kB 31.5 MB/s  0:00:00
2025-12-24T05:42:06.8336683Z Downloading sqlalchemy-2.0.45-cp312-cp312-manylinux2014_x86_64.manylinux_2_17_x86_64.manylinux_2_28_x86_64.whl (3.3 MB)
2025-12-24T05:42:06.8979080Z    ━━━━━━━━━━━━━━━━━━━━━━━━━━━━━━━━━━━━━━━━ 3.3/3.3 MB 51.6 MB/s  0:00:00
2025-12-24T05:42:06.9083582Z Downloading uvicorn-0.38.0-py3-none-any.whl (68 kB)
2025-12-24T05:42:06.9212642Z Downloading httpcore-1.0.9-py3-none-any.whl (78 kB)
2025-12-24T05:42:06.9338479Z Downloading starlette-0.50.0-py3-none-any.whl (74 kB)
2025-12-24T05:42:06.9467283Z Downloading anyio-4.12.0-py3-none-any.whl (113 kB)
2025-12-24T05:42:06.9618248Z Downloading aiosqlite-0.22.1-py3-none-any.whl (17 kB)
2025-12-24T05:42:06.9754580Z Downloading annotated_doc-0.0.4-py3-none-any.whl (5.3 kB)
2025-12-24T05:42:06.9885657Z Downloading annotated_types-0.7.0-py3-none-any.whl (13 kB)
2025-12-24T05:42:07.0010694Z Downloading click-8.3.1-py3-none-any.whl (108 kB)
2025-12-24T05:42:07.0140800Z Downloading greenlet-3.3.0-cp312-cp312-manylinux_2_24_x86_64.manylinux_2_28_x86_64.whl (609 kB)
2025-12-24T05:42:07.0271705Z    ━━━━━━━━━━━━━━━━━━━━━━━━━━━━━━━━━━━━━━━━ 609.9/609.9 kB 37.8 MB/s  0:00:00
2025-12-24T05:42:07.0379052Z Downloading h11-0.16.0-py3-none-any.whl (37 kB)
2025-12-24T05:42:07.0511745Z Downloading httptools-0.7.1-cp312-cp312-manylinux1_x86_64.manylinux_2_28_x86_64.manylinux_2_5_x86_64.whl (517 kB)
2025-12-24T05:42:07.0689333Z Downloading idna-3.11-py3-none-any.whl (71 kB)
2025-12-24T05:42:07.0817605Z Downloading mypy-1.19.1-cp312-cp312-manylinux2014_x86_64.manylinux_2_17_x86_64.manylinux_2_28_x86_64.whl (13.6 MB)
2025-12-24T05:42:07.2245275Z    ━━━━━━━━━━━━━━━━━━━━━━━━━━━━━━━━━━━━━━━━ 13.6/13.6 MB 96.0 MB/s  0:00:00
2025-12-24T05:42:07.2354863Z Downloading librt-0.7.4-cp312-cp312-manylinux2014_x86_64.manylinux_2_17_x86_64.manylinux_2_28_x86_64.whl (189 kB)
2025-12-24T05:42:07.2489639Z Downloading mypy_extensions-1.1.0-py3-none-any.whl (5.0 kB)
2025-12-24T05:42:07.2618949Z Downloading pathspec-0.12.1-py3-none-any.whl (31 kB)
2025-12-24T05:42:07.2744904Z Downloading pytest-9.0.2-py3-none-any.whl (374 kB)
2025-12-24T05:42:07.2886964Z Downloading pluggy-1.6.0-py3-none-any.whl (20 kB)
2025-12-24T05:42:07.3019956Z Downloading iniconfig-2.3.0-py3-none-any.whl (7.5 kB)
2025-12-24T05:42:07.3154583Z Downloading packaging-25.0-py3-none-any.whl (66 kB)
2025-12-24T05:42:07.3282320Z Downloading pygments-2.19.2-py3-none-any.whl (1.2 MB)
2025-12-24T05:42:07.3396459Z    ━━━━━━━━━━━━━━━━━━━━━━━━━━━━━━━━━━━━━━━━ 1.2/1.2 MB 108.3 MB/s  0:00:00
2025-12-24T05:42:07.3500947Z Downloading pytest_asyncio-1.3.0-py3-none-any.whl (15 kB)
2025-12-24T05:42:07.3634354Z Downloading pytest_cov-7.0.0-py3-none-any.whl (22 kB)
2025-12-24T05:42:07.3764245Z Downloading coverage-7.13.0-cp312-cp312-manylinux1_x86_64.manylinux_2_28_x86_64.manylinux_2_5_x86_64.whl (252 kB)
2025-12-24T05:42:07.3906318Z Downloading python_dotenv-1.2.1-py3-none-any.whl (21 kB)
2025-12-24T05:42:07.4033628Z Downloading ruff-0.14.10-py3-none-manylinux_2_17_x86_64.manylinux2014_x86_64.whl (14.2 MB)
2025-12-24T05:42:07.4932852Z    ━━━━━━━━━━━━━━━━━━━━━━━━━━━━━━━━━━━━━━━━ 14.2/14.2 MB 160.0 MB/s  0:00:00
2025-12-24T05:42:07.5040298Z Downloading types_pyyaml-6.0.12.20250915-py3-none-any.whl (20 kB)
2025-12-24T05:42:07.5167991Z Downloading typing_extensions-4.15.0-py3-none-any.whl (44 kB)
2025-12-24T05:42:07.5292970Z Downloading typing_inspection-0.4.2-py3-none-any.whl (14 kB)
2025-12-24T05:42:07.5424773Z Downloading uvloop-0.22.1-cp312-cp312-manylinux2014_x86_64.manylinux_2_17_x86_64.manylinux_2_28_x86_64.whl (4.4 MB)
2025-12-24T05:42:07.5744959Z    ━━━━━━━━━━━━━━━━━━━━━━━━━━━━━━━━━━━━━━━━ 4.4/4.4 MB 157.8 MB/s  0:00:00
2025-12-24T05:42:07.5849826Z Downloading watchfiles-1.1.1-cp312-cp312-manylinux_2_17_x86_64.manylinux2014_x86_64.whl (456 kB)
2025-12-24T05:42:07.5990023Z Downloading websockets-15.0.1-cp312-cp312-manylinux_2_5_x86_64.manylinux1_x86_64.manylinux_2_17_x86_64.manylinux2014_x86_64.whl (182 kB)
2025-12-24T05:42:07.6115704Z Downloading certifi-2025.11.12-py3-none-any.whl (159 kB)
2025-12-24T05:42:07.6244258Z Downloading mako-1.3.10-py3-none-any.whl (78 kB)
2025-12-24T05:42:07.6370756Z Downloading markupsafe-3.0.3-cp312-cp312-manylinux2014_x86_64.manylinux_2_17_x86_64.manylinux_2_28_x86_64.whl (22 kB)
2025-12-24T05:42:07.7214166Z Building wheels for collected packages: tunix-rt-backend
2025-12-24T05:42:07.7222113Z   Building editable for tunix-rt-backend (pyproject.toml): started
2025-12-24T05:42:07.9319743Z   Building editable for tunix-rt-backend (pyproject.toml): finished with status 'done'
2025-12-24T05:42:07.9327516Z   Created wheel for tunix-rt-backend: filename=tunix_rt_backend-0.1.0-0.editable-py3-none-any.whl size=3204 sha256=f903bcbe6e174d485bf28e405e3fd03a8954ab2a1564cad82c47f52555a2007a
2025-12-24T05:42:07.9330470Z   Stored in directory: /tmp/pip-ephem-wheel-cache-enqu1bl1/wheels/ca/82/26/1257064f2ccacab10a6c1673d369503c6cf47642032a94cd53
2025-12-24T05:42:07.9346203Z Successfully built tunix-rt-backend
2025-12-24T05:42:08.0054023Z Installing collected packages: websockets, uvloop, typing-extensions, types-PyYAML, ruff, pyyaml, python-dotenv, pygments, prometheus-client, pluggy, pathspec, packaging, mypy_extensions, MarkupSafe, librt, iniconfig, idna, httptools, h11, greenlet, coverage, click, certifi, asyncpg, annotated-types, annotated-doc, aiosqlite, uvicorn, typing-inspection, sqlalchemy, pytest, pydantic-core, mypy, Mako, httpcore, anyio, watchfiles, starlette, pytest-cov, pytest-asyncio, pydantic, httpx, alembic, pydantic-settings, fastapi, tunix-rt-backend
2025-12-24T05:42:13.1739763Z
2025-12-24T05:42:13.1788769Z Successfully installed Mako-1.3.10 MarkupSafe-3.0.3 aiosqlite-0.22.1 alembic-1.17.2 annotated-doc-0.0.4 annotated-types-0.7.0 anyio-4.12.0 asyncpg-0.31.0 certifi-2025.11.12 click-8.3.1 coverage-7.13.0 fastapi-0.125.0 greenlet-3.3.0 h11-0.16.0 httpcore-1.0.9 httptools-0.7.1 httpx-0.28.1 idna-3.11 iniconfig-2.3.0 librt-0.7.4 mypy-1.19.1 mypy_extensions-1.1.0 packaging-25.0 pathspec-0.12.1 pluggy-1.6.0 prometheus-client-0.23.1 pydantic-2.12.5 pydantic-core-2.41.5 pydantic-settings-2.12.0 pygments-2.19.2 pytest-9.0.2 pytest-asyncio-1.3.0 pytest-cov-7.0.0 python-dotenv-1.2.1 pyyaml-6.0.3 ruff-0.14.10 sqlalchemy-2.0.45 starlette-0.50.0 tunix-rt-backend-0.1.0 types-PyYAML-6.0.12.20250915 typing-extensions-4.15.0 typing-inspection-0.4.2 uvicorn-0.38.0 uvloop-0.22.1 watchfiles-1.1.1 websockets-15.0.1
2025-12-24T05:42:13.8073174Z ##[group]Run ruff check .
2025-12-24T05:42:13.8073421Z [36;1mruff check .[0m
2025-12-24T05:42:13.8095638Z shell: /usr/bin/bash -e {0}
2025-12-24T05:42:13.8095902Z env:
2025-12-24T05:42:13.8096151Z   pythonLocation: /opt/hostedtoolcache/Python/3.12.12/x64
2025-12-24T05:42:13.8096550Z   PKG_CONFIG_PATH: /opt/hostedtoolcache/Python/3.12.12/x64/lib/pkgconfig
2025-12-24T05:42:13.8096922Z   Python_ROOT_DIR: /opt/hostedtoolcache/Python/3.12.12/x64
2025-12-24T05:42:13.8097483Z   Python2_ROOT_DIR: /opt/hostedtoolcache/Python/3.12.12/x64
2025-12-24T05:42:13.8097818Z   Python3_ROOT_DIR: /opt/hostedtoolcache/Python/3.12.12/x64
2025-12-24T05:42:13.8098148Z   LD_LIBRARY_PATH: /opt/hostedtoolcache/Python/3.12.12/x64/lib
2025-12-24T05:42:13.8098442Z ##[endgroup]
2025-12-24T05:42:13.8399909Z All checks passed!
2025-12-24T05:42:13.8430090Z ##[group]Run ruff format --check .
2025-12-24T05:42:13.8430362Z [36;1mruff format --check .[0m
2025-12-24T05:42:13.8451714Z shell: /usr/bin/bash -e {0}
2025-12-24T05:42:13.8451946Z env:
2025-12-24T05:42:13.8452184Z   pythonLocation: /opt/hostedtoolcache/Python/3.12.12/x64
2025-12-24T05:42:13.8452575Z   PKG_CONFIG_PATH: /opt/hostedtoolcache/Python/3.12.12/x64/lib/pkgconfig
2025-12-24T05:42:13.8453077Z   Python_ROOT_DIR: /opt/hostedtoolcache/Python/3.12.12/x64
2025-12-24T05:42:13.8453401Z   Python2_ROOT_DIR: /opt/hostedtoolcache/Python/3.12.12/x64
2025-12-24T05:42:13.8453733Z   Python3_ROOT_DIR: /opt/hostedtoolcache/Python/3.12.12/x64
2025-12-24T05:42:13.8454057Z   LD_LIBRARY_PATH: /opt/hostedtoolcache/Python/3.12.12/x64/lib
2025-12-24T05:42:13.8454339Z ##[endgroup]
2025-12-24T05:42:13.8777345Z Would reformat: tests/test_tunix_registry.py
2025-12-24T05:42:13.8778968Z 1 file would be reformatted, 95 files already formatted
2025-12-24T05:42:13.8790221Z ##[error]Process completed with exit code 1.
2025-12-24T05:42:13.8897932Z Post job cleanup.
2025-12-24T05:42:13.9789571Z [command]/usr/bin/git version
2025-12-24T05:42:13.9825839Z git version 2.52.0
2025-12-24T05:42:13.9866401Z Temporarily overriding HOME='/home/runner/work/_temp/3c2e6dfa-ca1e-414c-adca-e642b58602e6' before making global git config changes
2025-12-24T05:42:13.9869190Z Adding repository directory to the temporary git global config as a safe directory
2025-12-24T05:42:13.9873093Z [command]/usr/bin/git config --global --add safe.directory /home/runner/work/tunix-rt/tunix-rt
2025-12-24T05:42:13.9914791Z [command]/usr/bin/git config --local --name-only --get-regexp core\.sshCommand
2025-12-24T05:42:13.9945910Z [command]/usr/bin/git submodule foreach --recursive sh -c "git config --local --name-only --get-regexp 'core\.sshCommand' && git config --local --unset-all 'core.sshCommand' || :"
2025-12-24T05:42:14.0142864Z [command]/usr/bin/git config --local --name-only --get-regexp http\.https\:\/\/github\.com\/\.extraheader
2025-12-24T05:42:14.0165537Z http.https://github.com/.extraheader
2025-12-24T05:42:14.0177959Z [command]/usr/bin/git config --local --unset-all http.https://github.com/.extraheader
2025-12-24T05:42:14.0207863Z [command]/usr/bin/git submodule foreach --recursive sh -c "git config --local --name-only --get-regexp 'http\.https\:\/\/github\.com\/\.extraheader' && git config --local --unset-all 'http.https://github.com/.extraheader' || :"
2025-12-24T05:42:14.0485360Z Cleaning up orphan processes
