2025-12-23T05:53:58.6455226Z Current runner version: '2.330.0'
2025-12-23T05:53:58.6543922Z ##[group]Runner Image Provisioner
2025-12-23T05:53:58.6545303Z Hosted Compute Agent
2025-12-23T05:53:58.6546193Z Version: 20251211.462
2025-12-23T05:53:58.6547196Z Commit: 6cbad8c2bb55d58165063d031ccabf57e2d2db61
2025-12-23T05:53:58.6548521Z Build Date: 2025-12-11T16:28:49Z
2025-12-23T05:53:58.6549988Z Worker ID: {b449c3cb-1dd0-41ad-8ce5-325f9b89e474}
2025-12-23T05:53:58.6551119Z ##[endgroup]
2025-12-23T05:53:58.6552017Z ##[group]Operating System
2025-12-23T05:53:58.6552981Z Ubuntu
2025-12-23T05:53:58.6553712Z 24.04.3
2025-12-23T05:53:58.6554551Z LTS
2025-12-23T05:53:58.6555291Z ##[endgroup]
2025-12-23T05:53:58.6556170Z ##[group]Runner Image
2025-12-23T05:53:58.6557104Z Image: ubuntu-24.04
2025-12-23T05:53:58.6557987Z Version: 20251215.174.1
2025-12-23T05:53:58.6560180Z Included Software: https://github.com/actions/runner-images/blob/ubuntu24/20251215.174/images/ubuntu/Ubuntu2404-Readme.md
2025-12-23T05:53:58.6563450Z Image Release: https://github.com/actions/runner-images/releases/tag/ubuntu24%2F20251215.174
2025-12-23T05:53:58.6565181Z ##[endgroup]
2025-12-23T05:53:58.6566898Z ##[group]GITHUB_TOKEN Permissions
2025-12-23T05:53:58.6569481Z Contents: read
2025-12-23T05:53:58.6570495Z Metadata: read
2025-12-23T05:53:58.6571250Z ##[endgroup]
2025-12-23T05:53:58.6574179Z Secret source: Actions
2025-12-23T05:53:58.6575354Z Prepare workflow directory
2025-12-23T05:53:58.7416338Z Prepare all required actions
2025-12-23T05:53:58.7473323Z Getting action download info
2025-12-23T05:53:59.0826025Z Download action repository 'actions/checkout@11bd71901bbe5b1630ceea73d27597364c9af683' (SHA:11bd71901bbe5b1630ceea73d27597364c9af683)
2025-12-23T05:53:59.5050217Z Download action repository 'actions/setup-python@0b93645e9fea7318ecaed2b359559ac225c90a2b' (SHA:0b93645e9fea7318ecaed2b359559ac225c90a2b)
2025-12-23T05:53:59.8198122Z Download action repository 'actions/upload-artifact@6f51ac03b9356f520e9adb1b1b7802705f340c2b' (SHA:6f51ac03b9356f520e9adb1b1b7802705f340c2b)
2025-12-23T05:54:00.2484491Z Complete job name: backend (3.12)
2025-12-23T05:54:00.3337134Z ##[group]Run actions/checkout@11bd71901bbe5b1630ceea73d27597364c9af683
2025-12-23T05:54:00.3338853Z with:
2025-12-23T05:54:00.3339799Z   repository: m-cahill/tunix-rt
2025-12-23T05:54:00.3341015Z   token: ***
2025-12-23T05:54:00.3341765Z   ssh-strict: true
2025-12-23T05:54:00.3342548Z   ssh-user: git
2025-12-23T05:54:00.3343352Z   persist-credentials: true
2025-12-23T05:54:00.3344246Z   clean: true
2025-12-23T05:54:00.3345062Z   sparse-checkout-cone-mode: true
2025-12-23T05:54:00.3346055Z   fetch-depth: 1
2025-12-23T05:54:00.3346833Z   fetch-tags: false
2025-12-23T05:54:00.3347658Z   show-progress: true
2025-12-23T05:54:00.3348484Z   lfs: false
2025-12-23T05:54:00.3349230Z   submodules: false
2025-12-23T05:54:00.3350168Z   set-safe-directory: true
2025-12-23T05:54:00.3351341Z ##[endgroup]
2025-12-23T05:54:00.4547203Z Syncing repository: m-cahill/tunix-rt
2025-12-23T05:54:00.4550693Z ##[group]Getting Git version info
2025-12-23T05:54:00.4552728Z Working directory is '/home/runner/work/tunix-rt/tunix-rt'
2025-12-23T05:54:00.4555484Z [command]/usr/bin/git version
2025-12-23T05:54:00.5635823Z git version 2.52.0
2025-12-23T05:54:00.5669083Z ##[endgroup]
2025-12-23T05:54:00.5688414Z Temporarily overriding HOME='/home/runner/work/_temp/75a4acc1-8998-4ea1-b8c5-bc7ce5a66096' before making global git config changes
2025-12-23T05:54:00.5694675Z Adding repository directory to the temporary git global config as a safe directory
2025-12-23T05:54:00.5709931Z [command]/usr/bin/git config --global --add safe.directory /home/runner/work/tunix-rt/tunix-rt
2025-12-23T05:54:00.5873797Z Deleting the contents of '/home/runner/work/tunix-rt/tunix-rt'
2025-12-23T05:54:00.5876321Z ##[group]Initializing the repository
2025-12-23T05:54:00.5878040Z [command]/usr/bin/git init /home/runner/work/tunix-rt/tunix-rt
2025-12-23T05:54:00.6712124Z hint: Using 'master' as the name for the initial branch. This default branch name
2025-12-23T05:54:00.6716835Z hint: will change to "main" in Git 3.0. To configure the initial branch name
2025-12-23T05:54:00.6720542Z hint: to use in all of your new repositories, which will suppress this warning,
2025-12-23T05:54:00.6723174Z hint: call:
2025-12-23T05:54:00.6724431Z hint:
2025-12-23T05:54:00.6725970Z hint: 	git config --global init.defaultBranch <name>
2025-12-23T05:54:00.6727902Z hint:
2025-12-23T05:54:00.6730175Z hint: Names commonly chosen instead of 'master' are 'main', 'trunk' and
2025-12-23T05:54:00.6733296Z hint: 'development'. The just-created branch can be renamed via this command:
2025-12-23T05:54:00.6735798Z hint:
2025-12-23T05:54:00.6736736Z hint: 	git branch -m <name>
2025-12-23T05:54:00.6737631Z hint:
2025-12-23T05:54:00.6738841Z hint: Disable this message with "git config set advice.defaultBranchName false"
2025-12-23T05:54:00.6741255Z Initialized empty Git repository in /home/runner/work/tunix-rt/tunix-rt/.git/
2025-12-23T05:54:00.6744393Z [command]/usr/bin/git remote add origin https://github.com/m-cahill/tunix-rt
2025-12-23T05:54:00.6747328Z ##[endgroup]
2025-12-23T05:54:00.6748672Z ##[group]Disabling automatic garbage collection
2025-12-23T05:54:00.6750138Z [command]/usr/bin/git config --local gc.auto 0
2025-12-23T05:54:00.6752722Z ##[endgroup]
2025-12-23T05:54:00.6753971Z ##[group]Setting up auth
2025-12-23T05:54:00.6755303Z [command]/usr/bin/git config --local --name-only --get-regexp core\.sshCommand
2025-12-23T05:54:00.6759465Z [command]/usr/bin/git submodule foreach --recursive sh -c "git config --local --name-only --get-regexp 'core\.sshCommand' && git config --local --unset-all 'core.sshCommand' || :"
2025-12-23T05:54:00.8327013Z [command]/usr/bin/git config --local --name-only --get-regexp http\.https\:\/\/github\.com\/\.extraheader
2025-12-23T05:54:00.8365358Z [command]/usr/bin/git submodule foreach --recursive sh -c "git config --local --name-only --get-regexp 'http\.https\:\/\/github\.com\/\.extraheader' && git config --local --unset-all 'http.https://github.com/.extraheader' || :"
2025-12-23T05:54:00.8612512Z [command]/usr/bin/git config --local http.https://github.com/.extraheader AUTHORIZATION: basic ***
2025-12-23T05:54:00.8662854Z ##[endgroup]
2025-12-23T05:54:00.8666565Z ##[group]Fetching the repository
2025-12-23T05:54:00.8675913Z [command]/usr/bin/git -c protocol.version=2 fetch --no-tags --prune --no-recurse-submodules --depth=1 origin +b280eb4db823db62993c4c4b0b49f404c2ed21b8:refs/remotes/origin/main
2025-12-23T05:54:01.5158098Z From https://github.com/m-cahill/tunix-rt
2025-12-23T05:54:01.5160747Z  * [new ref]         b280eb4db823db62993c4c4b0b49f404c2ed21b8 -> origin/main
2025-12-23T05:54:01.5234916Z ##[endgroup]
2025-12-23T05:54:01.5236125Z ##[group]Determining the checkout info
2025-12-23T05:54:01.5237253Z ##[endgroup]
2025-12-23T05:54:01.5241849Z [command]/usr/bin/git sparse-checkout disable
2025-12-23T05:54:01.5338275Z [command]/usr/bin/git config --local --unset-all extensions.worktreeConfig
2025-12-23T05:54:01.5368378Z ##[group]Checking out the ref
2025-12-23T05:54:01.5374345Z [command]/usr/bin/git checkout --progress --force -B main refs/remotes/origin/main
2025-12-23T05:54:01.6733665Z Switched to a new branch 'main'
2025-12-23T05:54:01.6737857Z branch 'main' set up to track 'origin/main'.
2025-12-23T05:54:01.6756050Z ##[endgroup]
2025-12-23T05:54:01.6796980Z [command]/usr/bin/git log -1 --format=%H
2025-12-23T05:54:01.6824855Z b280eb4db823db62993c4c4b0b49f404c2ed21b8
2025-12-23T05:54:01.7078664Z ##[group]Run actions/setup-python@0b93645e9fea7318ecaed2b359559ac225c90a2b
2025-12-23T05:54:01.7079139Z with:
2025-12-23T05:54:01.7079561Z   python-version: 3.12
2025-12-23T05:54:01.7079820Z   cache: pip
2025-12-23T05:54:01.7080109Z   cache-dependency-path: backend/pyproject.toml
2025-12-23T05:54:01.7080470Z   check-latest: false
2025-12-23T05:54:01.7080881Z   token: ***
2025-12-23T05:54:01.7081135Z   update-environment: true
2025-12-23T05:54:01.7081425Z   allow-prereleases: false
2025-12-23T05:54:01.7081697Z ##[endgroup]
2025-12-23T05:54:01.8780272Z ##[group]Installed versions
2025-12-23T05:54:01.9438574Z Successfully set up CPython (3.12.12)
2025-12-23T05:54:01.9440313Z ##[endgroup]
2025-12-23T05:54:01.9841623Z [command]/opt/hostedtoolcache/Python/3.12.12/x64/bin/pip cache dir
2025-12-23T05:54:03.4108029Z /home/runner/.cache/pip
2025-12-23T05:54:03.5937563Z ##[warning]Failed to restore: Cache service responded with 400
2025-12-23T05:54:03.5948857Z pip cache is not found
2025-12-23T05:54:03.6079626Z ##[group]Run python -m pip install -e ".[dev]"
2025-12-23T05:54:03.6080122Z [36;1mpython -m pip install -e ".[dev]"[0m
2025-12-23T05:54:03.6122266Z shell: /usr/bin/bash -e {0}
2025-12-23T05:54:03.6122598Z env:
2025-12-23T05:54:03.6122963Z   pythonLocation: /opt/hostedtoolcache/Python/3.12.12/x64
2025-12-23T05:54:03.6123576Z   PKG_CONFIG_PATH: /opt/hostedtoolcache/Python/3.12.12/x64/lib/pkgconfig
2025-12-23T05:54:03.6124169Z   Python_ROOT_DIR: /opt/hostedtoolcache/Python/3.12.12/x64
2025-12-23T05:54:03.6124701Z   Python2_ROOT_DIR: /opt/hostedtoolcache/Python/3.12.12/x64
2025-12-23T05:54:03.6125214Z   Python3_ROOT_DIR: /opt/hostedtoolcache/Python/3.12.12/x64
2025-12-23T05:54:03.6125763Z   LD_LIBRARY_PATH: /opt/hostedtoolcache/Python/3.12.12/x64/lib
2025-12-23T05:54:03.6126222Z ##[endgroup]
2025-12-23T05:54:04.9437156Z Obtaining file:///home/runner/work/tunix-rt/tunix-rt/backend
2025-12-23T05:54:04.9457379Z   Installing build dependencies: started
2025-12-23T05:54:06.2931052Z   Installing build dependencies: finished with status 'done'
2025-12-23T05:54:06.2936633Z   Checking if build backend supports build_editable: started
2025-12-23T05:54:06.6487610Z   Checking if build backend supports build_editable: finished with status 'done'
2025-12-23T05:54:06.6496634Z   Getting requirements to build editable: started
2025-12-23T05:54:07.0100067Z   Getting requirements to build editable: finished with status 'done'
2025-12-23T05:54:07.0110208Z   Preparing editable metadata (pyproject.toml): started
2025-12-23T05:54:07.2114402Z   Preparing editable metadata (pyproject.toml): finished with status 'done'
2025-12-23T05:54:07.3570502Z Collecting fastapi>=0.104.0 (from tunix-rt-backend==0.1.0)
2025-12-23T05:54:07.4080460Z   Downloading fastapi-0.127.0-py3-none-any.whl.metadata (30 kB)
2025-12-23T05:54:07.4541621Z Collecting uvicorn>=0.24.0 (from uvicorn[standard]>=0.24.0->tunix-rt-backend==0.1.0)
2025-12-23T05:54:07.4577777Z   Downloading uvicorn-0.40.0-py3-none-any.whl.metadata (6.7 kB)
2025-12-23T05:54:07.4800093Z Collecting httpx>=0.25.0 (from tunix-rt-backend==0.1.0)
2025-12-23T05:54:07.4836040Z   Downloading httpx-0.28.1-py3-none-any.whl.metadata (7.1 kB)
2025-12-23T05:54:07.6300334Z Collecting pydantic>=2.4.0 (from tunix-rt-backend==0.1.0)
2025-12-23T05:54:07.6328705Z   Downloading pydantic-2.12.5-py3-none-any.whl.metadata (90 kB)
2025-12-23T05:54:07.6628906Z Collecting pydantic-settings>=2.0.0 (from tunix-rt-backend==0.1.0)
2025-12-23T05:54:07.6680397Z   Downloading pydantic_settings-2.12.0-py3-none-any.whl.metadata (3.4 kB)
2025-12-23T05:54:07.9464944Z Collecting sqlalchemy>=2.0.0 (from sqlalchemy[asyncio]>=2.0.0->tunix-rt-backend==0.1.0)
2025-12-23T05:54:07.9520046Z   Downloading sqlalchemy-2.0.45-cp312-cp312-manylinux2014_x86_64.manylinux_2_17_x86_64.manylinux_2_28_x86_64.whl.metadata (9.5 kB)
2025-12-23T05:54:07.9841139Z Collecting alembic>=1.12.0 (from tunix-rt-backend==0.1.0)
2025-12-23T05:54:07.9876647Z   Downloading alembic-1.17.2-py3-none-any.whl.metadata (7.2 kB)
2025-12-23T05:54:08.0317593Z Collecting asyncpg>=0.29.0 (from tunix-rt-backend==0.1.0)
2025-12-23T05:54:08.0359102Z   Downloading asyncpg-0.31.0-cp312-cp312-manylinux_2_28_x86_64.whl.metadata (4.4 kB)
2025-12-23T05:54:08.0783695Z Collecting pyyaml>=6.0.0 (from tunix-rt-backend==0.1.0)
2025-12-23T05:54:08.0824943Z   Downloading pyyaml-6.0.3-cp312-cp312-manylinux2014_x86_64.manylinux_2_17_x86_64.manylinux_2_28_x86_64.whl.metadata (2.4 kB)
2025-12-23T05:54:08.1201000Z Collecting pytest>=7.4.0 (from tunix-rt-backend==0.1.0)
2025-12-23T05:54:08.1237807Z   Downloading pytest-9.0.2-py3-none-any.whl.metadata (7.6 kB)
2025-12-23T05:54:08.1425242Z Collecting pytest-cov>=4.1.0 (from tunix-rt-backend==0.1.0)
2025-12-23T05:54:08.1460440Z   Downloading pytest_cov-7.0.0-py3-none-any.whl.metadata (31 kB)
2025-12-23T05:54:08.1695251Z Collecting pytest-asyncio>=0.21.0 (from tunix-rt-backend==0.1.0)
2025-12-23T05:54:08.1729938Z   Downloading pytest_asyncio-1.3.0-py3-none-any.whl.metadata (4.1 kB)
2025-12-23T05:54:08.5525371Z Collecting ruff>=0.1.0 (from tunix-rt-backend==0.1.0)
2025-12-23T05:54:08.5564666Z   Downloading ruff-0.14.10-py3-none-manylinux_2_17_x86_64.manylinux2014_x86_64.whl.metadata (26 kB)
2025-12-23T05:54:08.6702662Z Collecting mypy>=1.6.0 (from tunix-rt-backend==0.1.0)
2025-12-23T05:54:08.6744486Z   Downloading mypy-1.19.1-cp312-cp312-manylinux2014_x86_64.manylinux_2_17_x86_64.manylinux_2_28_x86_64.whl.metadata (2.2 kB)
2025-12-23T05:54:08.6976890Z Collecting types-PyYAML>=6.0.0 (from tunix-rt-backend==0.1.0)
2025-12-23T05:54:08.7012845Z   Downloading types_pyyaml-6.0.12.20250915-py3-none-any.whl.metadata (1.7 kB)
2025-12-23T05:54:08.7138286Z Collecting aiosqlite>=0.19.0 (from tunix-rt-backend==0.1.0)
2025-12-23T05:54:08.7174289Z   Downloading aiosqlite-0.22.0-py3-none-any.whl.metadata (4.3 kB)
2025-12-23T05:54:08.7521100Z Collecting Mako (from alembic>=1.12.0->tunix-rt-backend==0.1.0)
2025-12-23T05:54:08.7556083Z   Downloading mako-1.3.10-py3-none-any.whl.metadata (2.9 kB)
2025-12-23T05:54:08.7738454Z Collecting typing-extensions>=4.12 (from alembic>=1.12.0->tunix-rt-backend==0.1.0)
2025-12-23T05:54:08.7772626Z   Downloading typing_extensions-4.15.0-py3-none-any.whl.metadata (3.3 kB)
2025-12-23T05:54:08.8148816Z Collecting starlette<0.51.0,>=0.40.0 (from fastapi>=0.104.0->tunix-rt-backend==0.1.0)
2025-12-23T05:54:08.8192604Z   Downloading starlette-0.50.0-py3-none-any.whl.metadata (6.3 kB)
2025-12-23T05:54:08.8466285Z Collecting annotated-doc>=0.0.2 (from fastapi>=0.104.0->tunix-rt-backend==0.1.0)
2025-12-23T05:54:08.8501848Z   Downloading annotated_doc-0.0.4-py3-none-any.whl.metadata (6.6 kB)
2025-12-23T05:54:08.8722885Z Collecting anyio<5,>=3.6.2 (from starlette<0.51.0,>=0.40.0->fastapi>=0.104.0->tunix-rt-backend==0.1.0)
2025-12-23T05:54:08.8757925Z   Downloading anyio-4.12.0-py3-none-any.whl.metadata (4.3 kB)
2025-12-23T05:54:08.8961232Z Collecting idna>=2.8 (from anyio<5,>=3.6.2->starlette<0.51.0,>=0.40.0->fastapi>=0.104.0->tunix-rt-backend==0.1.0)
2025-12-23T05:54:08.8999480Z   Downloading idna-3.11-py3-none-any.whl.metadata (8.4 kB)
2025-12-23T05:54:08.9275394Z Collecting certifi (from httpx>=0.25.0->tunix-rt-backend==0.1.0)
2025-12-23T05:54:08.9313254Z   Downloading certifi-2025.11.12-py3-none-any.whl.metadata (2.5 kB)
2025-12-23T05:54:08.9523327Z Collecting httpcore==1.* (from httpx>=0.25.0->tunix-rt-backend==0.1.0)
2025-12-23T05:54:08.9559942Z   Downloading httpcore-1.0.9-py3-none-any.whl.metadata (21 kB)
2025-12-23T05:54:08.9697708Z Collecting h11>=0.16 (from httpcore==1.*->httpx>=0.25.0->tunix-rt-backend==0.1.0)
2025-12-23T05:54:08.9732851Z   Downloading h11-0.16.0-py3-none-any.whl.metadata (8.3 kB)
2025-12-23T05:54:09.0006692Z Collecting mypy_extensions>=1.0.0 (from mypy>=1.6.0->tunix-rt-backend==0.1.0)
2025-12-23T05:54:09.0044867Z   Downloading mypy_extensions-1.1.0-py3-none-any.whl.metadata (1.1 kB)
2025-12-23T05:54:09.0171216Z Collecting pathspec>=0.9.0 (from mypy>=1.6.0->tunix-rt-backend==0.1.0)
2025-12-23T05:54:09.0205091Z   Downloading pathspec-0.12.1-py3-none-any.whl.metadata (21 kB)
2025-12-23T05:54:09.1041521Z Collecting librt>=0.6.2 (from mypy>=1.6.0->tunix-rt-backend==0.1.0)
2025-12-23T05:54:09.1080449Z   Downloading librt-0.7.4-cp312-cp312-manylinux2014_x86_64.manylinux_2_17_x86_64.manylinux_2_28_x86_64.whl.metadata (1.3 kB)
2025-12-23T05:54:09.1225010Z Collecting annotated-types>=0.6.0 (from pydantic>=2.4.0->tunix-rt-backend==0.1.0)
2025-12-23T05:54:09.1262302Z   Downloading annotated_types-0.7.0-py3-none-any.whl.metadata (15 kB)
2025-12-23T05:54:09.8318642Z Collecting pydantic-core==2.41.5 (from pydantic>=2.4.0->tunix-rt-backend==0.1.0)
2025-12-23T05:54:09.8359648Z   Downloading pydantic_core-2.41.5-cp312-cp312-manylinux_2_17_x86_64.manylinux2014_x86_64.whl.metadata (7.3 kB)
2025-12-23T05:54:09.8506783Z Collecting typing-inspection>=0.4.2 (from pydantic>=2.4.0->tunix-rt-backend==0.1.0)
2025-12-23T05:54:09.8543540Z   Downloading typing_inspection-0.4.2-py3-none-any.whl.metadata (2.6 kB)
2025-12-23T05:54:09.8741809Z Collecting python-dotenv>=0.21.0 (from pydantic-settings>=2.0.0->tunix-rt-backend==0.1.0)
2025-12-23T05:54:09.8778126Z   Downloading python_dotenv-1.2.1-py3-none-any.whl.metadata (25 kB)
2025-12-23T05:54:09.8937405Z Collecting iniconfig>=1.0.1 (from pytest>=7.4.0->tunix-rt-backend==0.1.0)
2025-12-23T05:54:09.8980319Z   Downloading iniconfig-2.3.0-py3-none-any.whl.metadata (2.5 kB)
2025-12-23T05:54:09.9155377Z Collecting packaging>=22 (from pytest>=7.4.0->tunix-rt-backend==0.1.0)
2025-12-23T05:54:09.9191278Z   Downloading packaging-25.0-py3-none-any.whl.metadata (3.3 kB)
2025-12-23T05:54:09.9318401Z Collecting pluggy<2,>=1.5 (from pytest>=7.4.0->tunix-rt-backend==0.1.0)
2025-12-23T05:54:09.9355195Z   Downloading pluggy-1.6.0-py3-none-any.whl.metadata (4.8 kB)
2025-12-23T05:54:09.9562541Z Collecting pygments>=2.7.2 (from pytest>=7.4.0->tunix-rt-backend==0.1.0)
2025-12-23T05:54:09.9597583Z   Downloading pygments-2.19.2-py3-none-any.whl.metadata (2.5 kB)
2025-12-23T05:54:10.4009021Z Collecting coverage>=7.10.6 (from coverage[toml]>=7.10.6->pytest-cov>=4.1.0->tunix-rt-backend==0.1.0)
2025-12-23T05:54:10.4050402Z   Downloading coverage-7.13.0-cp312-cp312-manylinux1_x86_64.manylinux_2_28_x86_64.manylinux_2_5_x86_64.whl.metadata (8.5 kB)
2025-12-23T05:54:10.5496444Z Collecting greenlet>=1 (from sqlalchemy>=2.0.0->sqlalchemy[asyncio]>=2.0.0->tunix-rt-backend==0.1.0)
2025-12-23T05:54:10.5540160Z   Downloading greenlet-3.3.0-cp312-cp312-manylinux_2_24_x86_64.manylinux_2_28_x86_64.whl.metadata (4.1 kB)
2025-12-23T05:54:10.5866640Z Collecting click>=7.0 (from uvicorn>=0.24.0->uvicorn[standard]>=0.24.0->tunix-rt-backend==0.1.0)
2025-12-23T05:54:10.5901110Z   Downloading click-8.3.1-py3-none-any.whl.metadata (2.6 kB)
2025-12-23T05:54:10.6243631Z Collecting httptools>=0.6.3 (from uvicorn[standard]>=0.24.0->tunix-rt-backend==0.1.0)
2025-12-23T05:54:10.6281648Z   Downloading httptools-0.7.1-cp312-cp312-manylinux1_x86_64.manylinux_2_28_x86_64.manylinux_2_5_x86_64.whl.metadata (3.5 kB)
2025-12-23T05:54:10.6738892Z Collecting uvloop>=0.15.1 (from uvicorn[standard]>=0.24.0->tunix-rt-backend==0.1.0)
2025-12-23T05:54:10.6783319Z   Downloading uvloop-0.22.1-cp312-cp312-manylinux2014_x86_64.manylinux_2_17_x86_64.manylinux_2_28_x86_64.whl.metadata (4.9 kB)
2025-12-23T05:54:10.7553631Z Collecting watchfiles>=0.13 (from uvicorn[standard]>=0.24.0->tunix-rt-backend==0.1.0)
2025-12-23T05:54:10.7594460Z   Downloading watchfiles-1.1.1-cp312-cp312-manylinux_2_17_x86_64.manylinux2014_x86_64.whl.metadata (4.9 kB)
2025-12-23T05:54:10.8491376Z Collecting websockets>=10.4 (from uvicorn[standard]>=0.24.0->tunix-rt-backend==0.1.0)
2025-12-23T05:54:10.8534485Z   Downloading websockets-15.0.1-cp312-cp312-manylinux_2_5_x86_64.manylinux1_x86_64.manylinux_2_17_x86_64.manylinux2014_x86_64.whl.metadata (6.8 kB)
2025-12-23T05:54:11.0271669Z Collecting MarkupSafe>=0.9.2 (from Mako->alembic>=1.12.0->tunix-rt-backend==0.1.0)
2025-12-23T05:54:11.0314579Z   Downloading markupsafe-3.0.3-cp312-cp312-manylinux2014_x86_64.manylinux_2_17_x86_64.manylinux_2_28_x86_64.whl.metadata (2.7 kB)
2025-12-23T05:54:11.0418589Z Downloading aiosqlite-0.22.0-py3-none-any.whl (17 kB)
2025-12-23T05:54:11.0476457Z Downloading alembic-1.17.2-py3-none-any.whl (248 kB)
2025-12-23T05:54:11.0566262Z Downloading asyncpg-0.31.0-cp312-cp312-manylinux_2_28_x86_64.whl (3.5 MB)
2025-12-23T05:54:11.0837119Z    ━━━━━━━━━━━━━━━━━━━━━━━━━━━━━━━━━━━━━━━━ 3.5/3.5 MB 147.7 MB/s  0:00:00
2025-12-23T05:54:11.0873754Z Downloading fastapi-0.127.0-py3-none-any.whl (112 kB)
2025-12-23T05:54:11.0933151Z Downloading starlette-0.50.0-py3-none-any.whl (74 kB)
2025-12-23T05:54:11.0991391Z Downloading anyio-4.12.0-py3-none-any.whl (113 kB)
2025-12-23T05:54:11.1047830Z Downloading annotated_doc-0.0.4-py3-none-any.whl (5.3 kB)
2025-12-23T05:54:11.1103046Z Downloading httpx-0.28.1-py3-none-any.whl (73 kB)
2025-12-23T05:54:11.1161551Z Downloading httpcore-1.0.9-py3-none-any.whl (78 kB)
2025-12-23T05:54:11.1223640Z Downloading h11-0.16.0-py3-none-any.whl (37 kB)
2025-12-23T05:54:11.1281019Z Downloading idna-3.11-py3-none-any.whl (71 kB)
2025-12-23T05:54:11.1343171Z Downloading mypy-1.19.1-cp312-cp312-manylinux2014_x86_64.manylinux_2_17_x86_64.manylinux_2_28_x86_64.whl (13.6 MB)
2025-12-23T05:54:11.2146011Z    ━━━━━━━━━━━━━━━━━━━━━━━━━━━━━━━━━━━━━━━━ 13.6/13.6 MB 174.0 MB/s  0:00:00
2025-12-23T05:54:11.2186065Z Downloading librt-0.7.4-cp312-cp312-manylinux2014_x86_64.manylinux_2_17_x86_64.manylinux_2_28_x86_64.whl (189 kB)
2025-12-23T05:54:11.2258249Z Downloading mypy_extensions-1.1.0-py3-none-any.whl (5.0 kB)
2025-12-23T05:54:11.2310514Z Downloading pathspec-0.12.1-py3-none-any.whl (31 kB)
2025-12-23T05:54:11.2376880Z Downloading pydantic-2.12.5-py3-none-any.whl (463 kB)
2025-12-23T05:54:11.2453519Z Downloading pydantic_core-2.41.5-cp312-cp312-manylinux_2_17_x86_64.manylinux2014_x86_64.whl (2.1 MB)
2025-12-23T05:54:11.2578810Z    ━━━━━━━━━━━━━━━━━━━━━━━━━━━━━━━━━━━━━━━━ 2.1/2.1 MB 190.1 MB/s  0:00:00
2025-12-23T05:54:11.2612966Z Downloading annotated_types-0.7.0-py3-none-any.whl (13 kB)
2025-12-23T05:54:11.2671939Z Downloading pydantic_settings-2.12.0-py3-none-any.whl (51 kB)
2025-12-23T05:54:11.2727452Z Downloading pytest-9.0.2-py3-none-any.whl (374 kB)
2025-12-23T05:54:11.2795836Z Downloading pluggy-1.6.0-py3-none-any.whl (20 kB)
2025-12-23T05:54:11.2851987Z Downloading iniconfig-2.3.0-py3-none-any.whl (7.5 kB)
2025-12-23T05:54:11.2905121Z Downloading packaging-25.0-py3-none-any.whl (66 kB)
2025-12-23T05:54:11.2968500Z Downloading pygments-2.19.2-py3-none-any.whl (1.2 MB)
2025-12-23T05:54:11.3061771Z    ━━━━━━━━━━━━━━━━━━━━━━━━━━━━━━━━━━━━━━━━ 1.2/1.2 MB 151.5 MB/s  0:00:00
2025-12-23T05:54:11.3110932Z Downloading pytest_asyncio-1.3.0-py3-none-any.whl (15 kB)
2025-12-23T05:54:11.3166411Z Downloading pytest_cov-7.0.0-py3-none-any.whl (22 kB)
2025-12-23T05:54:11.3225686Z Downloading coverage-7.13.0-cp312-cp312-manylinux1_x86_64.manylinux_2_28_x86_64.manylinux_2_5_x86_64.whl (252 kB)
2025-12-23T05:54:11.3289595Z Downloading python_dotenv-1.2.1-py3-none-any.whl (21 kB)
2025-12-23T05:54:11.3349475Z Downloading pyyaml-6.0.3-cp312-cp312-manylinux2014_x86_64.manylinux_2_17_x86_64.manylinux_2_28_x86_64.whl (807 kB)
2025-12-23T05:54:11.3425289Z    ━━━━━━━━━━━━━━━━━━━━━━━━━━━━━━━━━━━━━━━━ 807.9/807.9 kB 118.9 MB/s  0:00:00
2025-12-23T05:54:11.3483469Z Downloading ruff-0.14.10-py3-none-manylinux_2_17_x86_64.manylinux2014_x86_64.whl (14.2 MB)
2025-12-23T05:54:11.4197760Z    ━━━━━━━━━━━━━━━━━━━━━━━━━━━━━━━━━━━━━━━━ 14.2/14.2 MB 206.9 MB/s  0:00:00
2025-12-23T05:54:11.4239251Z Downloading sqlalchemy-2.0.45-cp312-cp312-manylinux2014_x86_64.manylinux_2_17_x86_64.manylinux_2_28_x86_64.whl (3.3 MB)
2025-12-23T05:54:11.4429752Z    ━━━━━━━━━━━━━━━━━━━━━━━━━━━━━━━━━━━━━━━━ 3.3/3.3 MB 202.2 MB/s  0:00:00
2025-12-23T05:54:11.4472711Z Downloading greenlet-3.3.0-cp312-cp312-manylinux_2_24_x86_64.manylinux_2_28_x86_64.whl (609 kB)
2025-12-23T05:54:11.4539187Z    ━━━━━━━━━━━━━━━━━━━━━━━━━━━━━━━━━━━━━━━━ 609.9/609.9 kB 89.4 MB/s  0:00:00
2025-12-23T05:54:11.4574758Z Downloading types_pyyaml-6.0.12.20250915-py3-none-any.whl (20 kB)
2025-12-23T05:54:11.4633753Z Downloading typing_extensions-4.15.0-py3-none-any.whl (44 kB)
2025-12-23T05:54:11.4691584Z Downloading typing_inspection-0.4.2-py3-none-any.whl (14 kB)
2025-12-23T05:54:11.4747445Z Downloading uvicorn-0.40.0-py3-none-any.whl (68 kB)
2025-12-23T05:54:11.4807137Z Downloading click-8.3.1-py3-none-any.whl (108 kB)
2025-12-23T05:54:11.4868890Z Downloading httptools-0.7.1-cp312-cp312-manylinux1_x86_64.manylinux_2_28_x86_64.manylinux_2_5_x86_64.whl (517 kB)
2025-12-23T05:54:11.4954506Z Downloading uvloop-0.22.1-cp312-cp312-manylinux2014_x86_64.manylinux_2_17_x86_64.manylinux_2_28_x86_64.whl (4.4 MB)
2025-12-23T05:54:11.5180856Z    ━━━━━━━━━━━━━━━━━━━━━━━━━━━━━━━━━━━━━━━━ 4.4/4.4 MB 208.7 MB/s  0:00:00
2025-12-23T05:54:11.5221114Z Downloading watchfiles-1.1.1-cp312-cp312-manylinux_2_17_x86_64.manylinux2014_x86_64.whl (456 kB)
2025-12-23T05:54:11.5296691Z Downloading websockets-15.0.1-cp312-cp312-manylinux_2_5_x86_64.manylinux1_x86_64.manylinux_2_17_x86_64.manylinux2014_x86_64.whl (182 kB)
2025-12-23T05:54:11.5361042Z Downloading certifi-2025.11.12-py3-none-any.whl (159 kB)
2025-12-23T05:54:11.5423047Z Downloading mako-1.3.10-py3-none-any.whl (78 kB)
2025-12-23T05:54:11.5483291Z Downloading markupsafe-3.0.3-cp312-cp312-manylinux2014_x86_64.manylinux_2_17_x86_64.manylinux_2_28_x86_64.whl (22 kB)
2025-12-23T05:54:11.6320464Z Building wheels for collected packages: tunix-rt-backend
2025-12-23T05:54:11.6326016Z   Building editable for tunix-rt-backend (pyproject.toml): started
2025-12-23T05:54:11.8775426Z   Building editable for tunix-rt-backend (pyproject.toml): finished with status 'done'
2025-12-23T05:54:11.8782859Z   Created wheel for tunix-rt-backend: filename=tunix_rt_backend-0.1.0-0.editable-py3-none-any.whl size=3148 sha256=6bf38e41fba1f200908a926323ce1488b428330ea32ebaedb4088f09321690d9
2025-12-23T05:54:11.8785861Z   Stored in directory: /tmp/pip-ephem-wheel-cache-osmca067/wheels/ca/82/26/1257064f2ccacab10a6c1673d369503c6cf47642032a94cd53
2025-12-23T05:54:11.8805680Z Successfully built tunix-rt-backend
2025-12-23T05:54:11.9588771Z Installing collected packages: websockets, uvloop, typing-extensions, types-PyYAML, ruff, pyyaml, python-dotenv, pygments, pluggy, pathspec, packaging, mypy_extensions, MarkupSafe, librt, iniconfig, idna, httptools, h11, greenlet, coverage, click, certifi, asyncpg, annotated-types, annotated-doc, aiosqlite, uvicorn, typing-inspection, sqlalchemy, pytest, pydantic-core, mypy, Mako, httpcore, anyio, watchfiles, starlette, pytest-cov, pytest-asyncio, pydantic, httpx, alembic, pydantic-settings, fastapi, tunix-rt-backend
2025-12-23T05:54:17.8061193Z
2025-12-23T05:54:17.8112731Z Successfully installed Mako-1.3.10 MarkupSafe-3.0.3 aiosqlite-0.22.0 alembic-1.17.2 annotated-doc-0.0.4 annotated-types-0.7.0 anyio-4.12.0 asyncpg-0.31.0 certifi-2025.11.12 click-8.3.1 coverage-7.13.0 fastapi-0.127.0 greenlet-3.3.0 h11-0.16.0 httpcore-1.0.9 httptools-0.7.1 httpx-0.28.1 idna-3.11 iniconfig-2.3.0 librt-0.7.4 mypy-1.19.1 mypy_extensions-1.1.0 packaging-25.0 pathspec-0.12.1 pluggy-1.6.0 pydantic-2.12.5 pydantic-core-2.41.5 pydantic-settings-2.12.0 pygments-2.19.2 pytest-9.0.2 pytest-asyncio-1.3.0 pytest-cov-7.0.0 python-dotenv-1.2.1 pyyaml-6.0.3 ruff-0.14.10 sqlalchemy-2.0.45 starlette-0.50.0 tunix-rt-backend-0.1.0 types-PyYAML-6.0.12.20250915 typing-extensions-4.15.0 typing-inspection-0.4.2 uvicorn-0.40.0 uvloop-0.22.1 watchfiles-1.1.1 websockets-15.0.1
2025-12-23T05:54:18.4151286Z ##[group]Run ruff check .
2025-12-23T05:54:18.4151652Z [36;1mruff check .[0m
2025-12-23T05:54:18.4187939Z shell: /usr/bin/bash -e {0}
2025-12-23T05:54:18.4188220Z env:
2025-12-23T05:54:18.4188540Z   pythonLocation: /opt/hostedtoolcache/Python/3.12.12/x64
2025-12-23T05:54:18.4189072Z   PKG_CONFIG_PATH: /opt/hostedtoolcache/Python/3.12.12/x64/lib/pkgconfig
2025-12-23T05:54:18.4189872Z   Python_ROOT_DIR: /opt/hostedtoolcache/Python/3.12.12/x64
2025-12-23T05:54:18.4190332Z   Python2_ROOT_DIR: /opt/hostedtoolcache/Python/3.12.12/x64
2025-12-23T05:54:18.4190793Z   Python3_ROOT_DIR: /opt/hostedtoolcache/Python/3.12.12/x64
2025-12-23T05:54:18.4191255Z   LD_LIBRARY_PATH: /opt/hostedtoolcache/Python/3.12.12/x64/lib
2025-12-23T05:54:18.4191633Z ##[endgroup]
2025-12-23T05:54:18.4477306Z All checks passed!
2025-12-23T05:54:18.4516273Z ##[group]Run ruff format --check .
2025-12-23T05:54:18.4516624Z [36;1mruff format --check .[0m
2025-12-23T05:54:18.4552422Z shell: /usr/bin/bash -e {0}
2025-12-23T05:54:18.4552685Z env:
2025-12-23T05:54:18.4552968Z   pythonLocation: /opt/hostedtoolcache/Python/3.12.12/x64
2025-12-23T05:54:18.4553449Z   PKG_CONFIG_PATH: /opt/hostedtoolcache/Python/3.12.12/x64/lib/pkgconfig
2025-12-23T05:54:18.4553900Z   Python_ROOT_DIR: /opt/hostedtoolcache/Python/3.12.12/x64
2025-12-23T05:54:18.4554309Z   Python2_ROOT_DIR: /opt/hostedtoolcache/Python/3.12.12/x64
2025-12-23T05:54:18.4554971Z   Python3_ROOT_DIR: /opt/hostedtoolcache/Python/3.12.12/x64
2025-12-23T05:54:18.4555389Z   LD_LIBRARY_PATH: /opt/hostedtoolcache/Python/3.12.12/x64/lib
2025-12-23T05:54:18.4555752Z ##[endgroup]
2025-12-23T05:54:18.4848699Z Would reformat: tests/test_tunix_registry.py
2025-12-23T05:54:18.4851065Z 1 file would be reformatted, 63 files already formatted
2025-12-23T05:54:18.4866931Z ##[error]Process completed with exit code 1.
2025-12-23T05:54:18.4983402Z Post job cleanup.
2025-12-23T05:54:18.6004396Z [command]/usr/bin/git version
2025-12-23T05:54:18.6046922Z git version 2.52.0
2025-12-23T05:54:18.6093959Z Temporarily overriding HOME='/home/runner/work/_temp/ff3416d8-2d06-4337-8f75-e5a81d989757' before making global git config changes
2025-12-23T05:54:18.6097282Z Adding repository directory to the temporary git global config as a safe directory
2025-12-23T05:54:18.6100413Z [command]/usr/bin/git config --global --add safe.directory /home/runner/work/tunix-rt/tunix-rt
2025-12-23T05:54:18.6147886Z [command]/usr/bin/git config --local --name-only --get-regexp core\.sshCommand
2025-12-23T05:54:18.6184867Z [command]/usr/bin/git submodule foreach --recursive sh -c "git config --local --name-only --get-regexp 'core\.sshCommand' && git config --local --unset-all 'core.sshCommand' || :"
2025-12-23T05:54:18.6475027Z [command]/usr/bin/git config --local --name-only --get-regexp http\.https\:\/\/github\.com\/\.extraheader
2025-12-23T05:54:18.6500625Z http.https://github.com/.extraheader
2025-12-23T05:54:18.6517166Z [command]/usr/bin/git config --local --unset-all http.https://github.com/.extraheader
2025-12-23T05:54:18.6551738Z [command]/usr/bin/git submodule foreach --recursive sh -c "git config --local --name-only --get-regexp 'http\.https\:\/\/github\.com\/\.extraheader' && git config --local --unset-all 'http.https://github.com/.extraheader' || :"
2025-12-23T05:54:18.6918194Z Cleaning up orphan processes
