2025-12-21T16:01:43.6022454Z Current runner version: '2.330.0'
2025-12-21T16:01:43.6059642Z ##[group]Runner Image Provisioner
2025-12-21T16:01:43.6060840Z Hosted Compute Agent
2025-12-21T16:01:43.6061682Z Version: 20251211.462
2025-12-21T16:01:43.6062764Z Commit: 6cbad8c2bb55d58165063d031ccabf57e2d2db61
2025-12-21T16:01:43.6063805Z Build Date: 2025-12-11T16:28:49Z
2025-12-21T16:01:43.6064871Z Worker ID: {d32a4549-44d2-470a-8c20-99b4a18b9ee8}
2025-12-21T16:01:43.6066037Z ##[endgroup]
2025-12-21T16:01:43.6066860Z ##[group]Operating System
2025-12-21T16:01:43.6067701Z Ubuntu
2025-12-21T16:01:43.6068551Z 24.04.3
2025-12-21T16:01:43.6069729Z LTS
2025-12-21T16:01:43.6070394Z ##[endgroup]
2025-12-21T16:01:43.6071242Z ##[group]Runner Image
2025-12-21T16:01:43.6072099Z Image: ubuntu-24.04
2025-12-21T16:01:43.6072896Z Version: 20251215.174.1
2025-12-21T16:01:43.6074639Z Included Software: https://github.com/actions/runner-images/blob/ubuntu24/20251215.174/images/ubuntu/Ubuntu2404-Readme.md
2025-12-21T16:01:43.6077350Z Image Release: https://github.com/actions/runner-images/releases/tag/ubuntu24%2F20251215.174
2025-12-21T16:01:43.6079890Z ##[endgroup]
2025-12-21T16:01:43.6081590Z ##[group]GITHUB_TOKEN Permissions
2025-12-21T16:01:43.6084796Z Contents: read
2025-12-21T16:01:43.6085597Z Metadata: read
2025-12-21T16:01:43.6086357Z ##[endgroup]
2025-12-21T16:01:43.6090218Z Secret source: Actions
2025-12-21T16:01:43.6091534Z Prepare workflow directory
2025-12-21T16:01:43.6677311Z Prepare all required actions
2025-12-21T16:01:43.6734501Z Getting action download info
2025-12-21T16:01:44.0217667Z Download action repository 'actions/checkout@v4' (SHA:34e114876b0b11c390a56381ad16ebd13914f8d5)
2025-12-21T16:01:45.6373133Z Download action repository 'actions/setup-node@v4' (SHA:49933ea5288caeca8642d1e84afbd3f7d6820020)
2025-12-21T16:01:46.2016200Z Download action repository 'actions/upload-artifact@v4' (SHA:ea165f8d65b6e75b540449e92b4886f43607fa02)
2025-12-21T16:01:46.4331715Z Complete job name: security-frontend
2025-12-21T16:01:46.5011573Z ##[group]Run actions/checkout@v4
2025-12-21T16:01:46.5012302Z with:
2025-12-21T16:01:46.5012549Z   repository: m-cahill/tunix-rt
2025-12-21T16:01:46.5013085Z   token: ***
2025-12-21T16:01:46.5013314Z   ssh-strict: true
2025-12-21T16:01:46.5013535Z   ssh-user: git
2025-12-21T16:01:46.5013766Z   persist-credentials: true
2025-12-21T16:01:46.5014022Z   clean: true
2025-12-21T16:01:46.5014275Z   sparse-checkout-cone-mode: true
2025-12-21T16:01:46.5014541Z   fetch-depth: 1
2025-12-21T16:01:46.5014767Z   fetch-tags: false
2025-12-21T16:01:46.5015012Z   show-progress: true
2025-12-21T16:01:46.5015230Z   lfs: false
2025-12-21T16:01:46.5015443Z   submodules: false
2025-12-21T16:01:46.5015665Z   set-safe-directory: true
2025-12-21T16:01:46.5016141Z ##[endgroup]
2025-12-21T16:01:46.6365337Z Syncing repository: m-cahill/tunix-rt
2025-12-21T16:01:46.6368105Z ##[group]Getting Git version info
2025-12-21T16:01:46.6369194Z Working directory is '/home/runner/work/tunix-rt/tunix-rt'
2025-12-21T16:01:46.6372714Z [command]/usr/bin/git version
2025-12-21T16:01:46.6375668Z git version 2.52.0
2025-12-21T16:01:46.6381737Z ##[endgroup]
2025-12-21T16:01:46.6391825Z Temporarily overriding HOME='/home/runner/work/_temp/e473ed0d-b6c3-42f1-8712-4ac0a7c4433c' before making global git config changes
2025-12-21T16:01:46.6402278Z Adding repository directory to the temporary git global config as a safe directory
2025-12-21T16:01:46.7292213Z [command]/usr/bin/git config --global --add safe.directory /home/runner/work/tunix-rt/tunix-rt
2025-12-21T16:01:46.7293965Z Deleting the contents of '/home/runner/work/tunix-rt/tunix-rt'
2025-12-21T16:01:46.7295104Z ##[group]Initializing the repository
2025-12-21T16:01:46.7295784Z [command]/usr/bin/git init /home/runner/work/tunix-rt/tunix-rt
2025-12-21T16:01:46.7296577Z hint: Using 'master' as the name for the initial branch. This default branch name
2025-12-21T16:01:46.7297326Z hint: will change to "main" in Git 3.0. To configure the initial branch name
2025-12-21T16:01:46.7298195Z hint: to use in all of your new repositories, which will suppress this warning,
2025-12-21T16:01:46.7299943Z hint: call:
2025-12-21T16:01:46.7300305Z hint:
2025-12-21T16:01:46.7300819Z hint: 	git config --global init.defaultBranch <name>
2025-12-21T16:01:46.7301382Z hint:
2025-12-21T16:01:46.7301914Z hint: Names commonly chosen instead of 'master' are 'main', 'trunk' and
2025-12-21T16:01:46.7302786Z hint: 'development'. The just-created branch can be renamed via this command:
2025-12-21T16:01:46.7303455Z hint:
2025-12-21T16:01:46.7303831Z hint: 	git branch -m <name>
2025-12-21T16:01:46.7304209Z hint:
2025-12-21T16:01:46.7304786Z hint: Disable this message with "git config set advice.defaultBranchName false"
2025-12-21T16:01:46.7305690Z Initialized empty Git repository in /home/runner/work/tunix-rt/tunix-rt/.git/
2025-12-21T16:01:46.7307269Z [command]/usr/bin/git remote add origin https://github.com/m-cahill/tunix-rt
2025-12-21T16:01:46.7309060Z ##[endgroup]
2025-12-21T16:01:46.7309846Z ##[group]Disabling automatic garbage collection
2025-12-21T16:01:46.7310477Z [command]/usr/bin/git config --local gc.auto 0
2025-12-21T16:01:46.7311711Z ##[endgroup]
2025-12-21T16:01:46.7312308Z ##[group]Setting up auth
2025-12-21T16:01:46.7312940Z [command]/usr/bin/git config --local --name-only --get-regexp core\.sshCommand
2025-12-21T16:01:46.7315000Z [command]/usr/bin/git submodule foreach --recursive sh -c "git config --local --name-only --get-regexp 'core\.sshCommand' && git config --local --unset-all 'core.sshCommand' || :"
2025-12-21T16:01:46.7378625Z [command]/usr/bin/git config --local --name-only --get-regexp http\.https\:\/\/github\.com\/\.extraheader
2025-12-21T16:01:46.7418417Z [command]/usr/bin/git submodule foreach --recursive sh -c "git config --local --name-only --get-regexp 'http\.https\:\/\/github\.com\/\.extraheader' && git config --local --unset-all 'http.https://github.com/.extraheader' || :"
2025-12-21T16:01:46.7691626Z [command]/usr/bin/git config --local --name-only --get-regexp ^includeIf\.gitdir:
2025-12-21T16:01:46.7729015Z [command]/usr/bin/git submodule foreach --recursive git config --local --show-origin --name-only --get-regexp remote.origin.url
2025-12-21T16:01:46.8017714Z [command]/usr/bin/git config --local http.https://github.com/.extraheader AUTHORIZATION: basic ***
2025-12-21T16:01:46.8055097Z ##[endgroup]
2025-12-21T16:01:46.8059624Z ##[group]Fetching the repository
2025-12-21T16:01:46.8070372Z [command]/usr/bin/git -c protocol.version=2 fetch --no-tags --prune --no-recurse-submodules --depth=1 origin +c7c861aba359d55fc22ad483753fc6f173525424:refs/remotes/origin/main
2025-12-21T16:01:47.1150550Z From https://github.com/m-cahill/tunix-rt
2025-12-21T16:01:47.1153251Z  * [new ref]         c7c861aba359d55fc22ad483753fc6f173525424 -> origin/main
2025-12-21T16:01:47.1187654Z ##[endgroup]
2025-12-21T16:01:47.1188360Z ##[group]Determining the checkout info
2025-12-21T16:01:47.1190777Z ##[endgroup]
2025-12-21T16:01:47.1197835Z [command]/usr/bin/git sparse-checkout disable
2025-12-21T16:01:47.1253149Z [command]/usr/bin/git config --local --unset-all extensions.worktreeConfig
2025-12-21T16:01:47.1290929Z ##[group]Checking out the ref
2025-12-21T16:01:47.1296785Z [command]/usr/bin/git checkout --progress --force -B main refs/remotes/origin/main
2025-12-21T16:01:47.1605542Z Switched to a new branch 'main'
2025-12-21T16:01:47.1609371Z branch 'main' set up to track 'origin/main'.
2025-12-21T16:01:47.1618398Z ##[endgroup]
2025-12-21T16:01:47.1667665Z [command]/usr/bin/git log -1 --format=%H
2025-12-21T16:01:47.1696324Z c7c861aba359d55fc22ad483753fc6f173525424
2025-12-21T16:01:47.1947411Z ##[group]Run actions/setup-node@v4
2025-12-21T16:01:47.1947735Z with:
2025-12-21T16:01:47.1947953Z   node-version: 18
2025-12-21T16:01:47.1948170Z   cache: npm
2025-12-21T16:01:47.1948441Z   cache-dependency-path: frontend/package-lock.json
2025-12-21T16:01:47.1948926Z   always-auth: false
2025-12-21T16:01:47.1949169Z   check-latest: false
2025-12-21T16:01:47.1949591Z   token: ***
2025-12-21T16:01:47.1949803Z ##[endgroup]
2025-12-21T16:01:47.4314796Z Attempting to download 18...
2025-12-21T16:01:47.8924857Z Acquiring 18.20.8 - x64 from https://github.com/actions/node-versions/releases/download/18.20.8-14110393767/node-18.20.8-linux-x64.tar.gz
2025-12-21T16:01:48.4420285Z Extracting ...
2025-12-21T16:01:48.4525477Z [command]/usr/bin/tar xz --strip 1 --warning=no-unknown-keyword --overwrite -C /home/runner/work/_temp/073834ad-b9d3-4cc0-b781-1dde9fac4fc7 -f /home/runner/work/_temp/cd6eb3be-89c8-4818-bee8-cb89d57cb7b9
2025-12-21T16:01:49.5379972Z Adding to the cache ...
2025-12-21T16:01:51.7302168Z ##[group]Environment details
2025-12-21T16:01:52.0347443Z node: v18.20.8
2025-12-21T16:01:52.0347909Z npm: 10.8.2
2025-12-21T16:01:52.0348230Z yarn: 1.22.22
2025-12-21T16:01:52.0365785Z ##[endgroup]
2025-12-21T16:01:52.0366313Z [command]/opt/hostedtoolcache/node/18.20.8/x64/bin/npm config get cache
2025-12-21T16:01:52.1598226Z /home/runner/.npm
2025-12-21T16:01:52.2668373Z Cache hit for: node-cache-Linux-x64-npm-aa6cea751bc6f26eccaab0d40d12ee76c82a5cf0a0214784714195c0c416e4f9
2025-12-21T16:01:52.8468475Z Received 27036937 of 27036937 (100.0%), 56.2 MBs/sec
2025-12-21T16:01:52.8473747Z Cache Size: ~26 MB (27036937 B)
2025-12-21T16:01:52.8502457Z [command]/usr/bin/tar -xf /home/runner/work/_temp/0169e1eb-a603-48fa-8005-de8263fb55b7/cache.tzst -P -C /home/runner/work/tunix-rt/tunix-rt --use-compress-program unzstd
2025-12-21T16:01:53.0123155Z Cache restored successfully
2025-12-21T16:01:53.0200234Z Cache restored from key: node-cache-Linux-x64-npm-aa6cea751bc6f26eccaab0d40d12ee76c82a5cf0a0214784714195c0c416e4f9
2025-12-21T16:01:53.0464854Z ##[group]Run npm ci
2025-12-21T16:01:53.0465158Z [36;1mnpm ci[0m
2025-12-21T16:01:53.0502833Z shell: /usr/bin/bash -e {0}
2025-12-21T16:01:53.0503105Z ##[endgroup]
2025-12-21T16:01:55.1628329Z npm warn deprecated inflight@1.0.6: This module is not supported, and leaks memory. Do not use it. Check out lru-cache if you want a good and tested way to coalesce async requests by a key value, which is much more comprehensive and powerful.
2025-12-21T16:01:55.2946055Z npm warn deprecated @humanwhocodes/config-array@0.13.0: Use @eslint/config-array instead
2025-12-21T16:01:55.3033118Z npm warn deprecated rimraf@3.0.2: Rimraf versions prior to v4 are no longer supported
2025-12-21T16:01:55.3974033Z npm warn deprecated glob@7.2.3: Glob versions prior to v9 are no longer supported
2025-12-21T16:01:55.4054363Z npm warn deprecated @humanwhocodes/object-schema@2.0.3: Use @eslint/object-schema instead
2025-12-21T16:01:56.9404733Z npm warn deprecated eslint@8.57.1: This version is no longer supported. Please see https://eslint.org/version-support for other options.
2025-12-21T16:01:57.2338376Z
2025-12-21T16:01:57.2339454Z added 392 packages, and audited 393 packages in 4s
2025-12-21T16:01:57.2339958Z
2025-12-21T16:01:57.2340316Z 115 packages are looking for funding
2025-12-21T16:01:57.2340866Z   run `npm fund` for details
2025-12-21T16:01:57.2596565Z
2025-12-21T16:01:57.2601775Z 4 moderate severity vulnerabilities
2025-12-21T16:01:57.2614570Z
2025-12-21T16:01:57.2615492Z To address all issues (including breaking changes), run:
2025-12-21T16:01:57.2616441Z   npm audit fix --force
2025-12-21T16:01:57.2616884Z
2025-12-21T16:01:57.2617094Z Run `npm audit` for details.
2025-12-21T16:01:57.2969162Z ##[group]Run npm audit --json > npm-audit-report.json || true
2025-12-21T16:01:57.2969677Z [36;1mnpm audit --json > npm-audit-report.json || true[0m
2025-12-21T16:01:57.2969990Z [36;1mnpm audit || true[0m
2025-12-21T16:01:57.3003201Z shell: /usr/bin/bash -e {0}
2025-12-21T16:01:57.3003450Z ##[endgroup]
2025-12-21T16:01:59.2699530Z # npm audit report
2025-12-21T16:01:59.2700379Z
2025-12-21T16:01:59.2700986Z esbuild  <=0.24.2
2025-12-21T16:01:59.2701389Z Severity: moderate
2025-12-21T16:01:59.2702484Z esbuild enables any website to send any requests to the development server and read the response - https://github.com/advisories/GHSA-67mh-4wv8-2f99
2025-12-21T16:01:59.2703575Z fix available via `npm audit fix --force`
2025-12-21T16:01:59.2704159Z Will install vite@6.4.1, which is a breaking change
2025-12-21T16:01:59.2705236Z node_modules/esbuild
2025-12-21T16:01:59.2705586Z   vite  0.11.0 - 6.1.6
2025-12-21T16:01:59.2705994Z   Depends on vulnerable versions of esbuild
2025-12-21T16:01:59.2706514Z   node_modules/vite
2025-12-21T16:01:59.2706839Z     vite-node  <=2.2.0-beta.2
2025-12-21T16:01:59.2707286Z     Depends on vulnerable versions of vite
2025-12-21T16:01:59.2707776Z     node_modules/vite-node
2025-12-21T16:01:59.2708379Z       vitest  0.0.1 - 0.0.12 || 0.0.29 - 0.0.122 || 0.3.3 - 2.2.0-beta.2
2025-12-21T16:01:59.2709216Z       Depends on vulnerable versions of vite
2025-12-21T16:01:59.2709781Z       Depends on vulnerable versions of vite-node
2025-12-21T16:01:59.2710295Z       node_modules/vitest
2025-12-21T16:01:59.2710551Z
2025-12-21T16:01:59.2710795Z 4 moderate severity vulnerabilities
2025-12-21T16:01:59.2711097Z
2025-12-21T16:01:59.2711468Z To address all issues (including breaking changes), run:
2025-12-21T16:01:59.2712053Z   npm audit fix --force
2025-12-21T16:01:59.2911065Z ##[group]Run actions/upload-artifact@v4
2025-12-21T16:01:59.2911374Z with:
2025-12-21T16:01:59.2911556Z   name: npm-audit-report
2025-12-21T16:01:59.2911780Z   path: frontend/npm-audit-report.json
2025-12-21T16:01:59.2912031Z   retention-days: 30
2025-12-21T16:01:59.2912231Z   if-no-files-found: warn
2025-12-21T16:01:59.2912430Z   compression-level: 6
2025-12-21T16:01:59.2912620Z   overwrite: false
2025-12-21T16:01:59.2912808Z   include-hidden-files: false
2025-12-21T16:01:59.2913014Z ##[endgroup]
2025-12-21T16:01:59.5393603Z With the provided path, there will be 1 file uploaded
2025-12-21T16:01:59.5410982Z Artifact name is valid!
2025-12-21T16:01:59.5417441Z Root directory input is valid!
2025-12-21T16:01:59.6674979Z Beginning upload of artifact content to blob storage
2025-12-21T16:01:59.8010164Z Uploaded bytes 847
2025-12-21T16:01:59.8397431Z Finished uploading artifact content to blob storage!
2025-12-21T16:01:59.8410109Z SHA256 digest of uploaded artifact zip is 319eaa1290780bbb3782583e0655eb5eedab4ee285b7b17054510807749f2b8a
2025-12-21T16:01:59.8412098Z Finalizing artifact upload
2025-12-21T16:01:59.9573296Z Artifact npm-audit-report.zip successfully finalized. Artifact ID 4937217057
2025-12-21T16:01:59.9576055Z Artifact npm-audit-report has been successfully uploaded! Final size is 847 bytes. Artifact ID is 4937217057
2025-12-21T16:01:59.9581847Z Artifact download URL: https://github.com/m-cahill/tunix-rt/actions/runs/20412330498/artifacts/4937217057
2025-12-21T16:01:59.9731664Z Post job cleanup.
2025-12-21T16:02:00.1943622Z Cache hit occurred on the primary key node-cache-Linux-x64-npm-aa6cea751bc6f26eccaab0d40d12ee76c82a5cf0a0214784714195c0c416e4f9, not saving cache.
2025-12-21T16:02:00.2088135Z Post job cleanup.
2025-12-21T16:02:00.3343929Z [command]/usr/bin/git version
2025-12-21T16:02:00.3388852Z git version 2.52.0
2025-12-21T16:02:00.3437662Z Temporarily overriding HOME='/home/runner/work/_temp/6a299226-327e-4313-a897-a4c90bd6ed96' before making global git config changes
2025-12-21T16:02:00.3440410Z Adding repository directory to the temporary git global config as a safe directory
2025-12-21T16:02:00.3445736Z [command]/usr/bin/git config --global --add safe.directory /home/runner/work/tunix-rt/tunix-rt
2025-12-21T16:02:00.3520305Z [command]/usr/bin/git config --local --name-only --get-regexp core\.sshCommand
2025-12-21T16:02:00.3639743Z [command]/usr/bin/git submodule foreach --recursive sh -c "git config --local --name-only --get-regexp 'core\.sshCommand' && git config --local --unset-all 'core.sshCommand' || :"
2025-12-21T16:02:00.4718156Z [command]/usr/bin/git config --local --name-only --get-regexp http\.https\:\/\/github\.com\/\.extraheader
2025-12-21T16:02:00.4770815Z http.https://github.com/.extraheader
2025-12-21T16:02:00.4796742Z [command]/usr/bin/git config --local --unset-all http.https://github.com/.extraheader
2025-12-21T16:02:00.4853683Z [command]/usr/bin/git submodule foreach --recursive sh -c "git config --local --name-only --get-regexp 'http\.https\:\/\/github\.com\/\.extraheader' && git config --local --unset-all 'http.https://github.com/.extraheader' || :"
2025-12-21T16:02:00.5228529Z [command]/usr/bin/git config --local --name-only --get-regexp ^includeIf\.gitdir:
2025-12-21T16:02:00.5292236Z [command]/usr/bin/git submodule foreach --recursive git config --local --show-origin --name-only --get-regexp remote.origin.url
2025-12-21T16:02:00.5687293Z Cleaning up orphan processes
