2025-12-24T02:57:36.2401701Z Current runner version: '2.330.0'
2025-12-24T02:57:36.2476476Z ##[group]Runner Image Provisioner
2025-12-24T02:57:36.2477678Z Hosted Compute Agent
2025-12-24T02:57:36.2478853Z Version: 20251211.462
2025-12-24T02:57:36.2479876Z Commit: 6cbad8c2bb55d58165063d031ccabf57e2d2db61
2025-12-24T02:57:36.2481037Z Build Date: 2025-12-11T16:28:49Z
2025-12-24T02:57:36.2482256Z Worker ID: {4db112de-08d0-4973-b16d-98ff19d9d3f2}
2025-12-24T02:57:36.2483415Z ##[endgroup]
2025-12-24T02:57:36.2484321Z ##[group]Operating System
2025-12-24T02:57:36.2485358Z Ubuntu
2025-12-24T02:57:36.2486161Z 24.04.3
2025-12-24T02:57:36.2486964Z LTS
2025-12-24T02:57:36.2487693Z ##[endgroup]
2025-12-24T02:57:36.2519042Z ##[group]Runner Image
2025-12-24T02:57:36.2519965Z Image: ubuntu-24.04
2025-12-24T02:57:36.2521060Z Version: 20251215.174.1
2025-12-24T02:57:36.2522855Z Included Software: https://github.com/actions/runner-images/blob/ubuntu24/20251215.174/images/ubuntu/Ubuntu2404-Readme.md
2025-12-24T02:57:36.2525838Z Image Release: https://github.com/actions/runner-images/releases/tag/ubuntu24%2F20251215.174
2025-12-24T02:57:36.2527638Z ##[endgroup]
2025-12-24T02:57:36.2530314Z ##[group]GITHUB_TOKEN Permissions
2025-12-24T02:57:36.2533183Z Contents: read
2025-12-24T02:57:36.2534046Z Metadata: read
2025-12-24T02:57:36.2534987Z ##[endgroup]
2025-12-24T02:57:36.2558361Z Secret source: Actions
2025-12-24T02:57:36.2559914Z Prepare workflow directory
2025-12-24T02:57:36.3661365Z Prepare all required actions
2025-12-24T02:57:36.3720347Z Getting action download info
2025-12-24T02:57:36.7168083Z Download action repository 'actions/checkout@11bd71901bbe5b1630ceea73d27597364c9af683' (SHA:11bd71901bbe5b1630ceea73d27597364c9af683)
2025-12-24T02:57:36.8441429Z Download action repository 'actions/setup-python@0b93645e9fea7318ecaed2b359559ac225c90a2b' (SHA:0b93645e9fea7318ecaed2b359559ac225c90a2b)
2025-12-24T02:57:37.0706506Z Download action repository 'actions/cache@1bd1e32a3bdc45362d1e726936510720a7c30a57' (SHA:1bd1e32a3bdc45362d1e726936510720a7c30a57)
2025-12-24T02:57:37.1876353Z Download action repository 'actions/upload-artifact@6f51ac03b9356f520e9adb1b1b7802705f340c2b' (SHA:6f51ac03b9356f520e9adb1b1b7802705f340c2b)
2025-12-24T02:57:37.6143489Z Complete job name: security-backend
2025-12-24T02:57:37.6979251Z ##[group]Run actions/checkout@11bd71901bbe5b1630ceea73d27597364c9af683
2025-12-24T02:57:37.6980960Z with:
2025-12-24T02:57:37.6981680Z   repository: m-cahill/tunix-rt
2025-12-24T02:57:37.6982875Z   token: ***
2025-12-24T02:57:37.6983559Z   ssh-strict: true
2025-12-24T02:57:37.6984270Z   ssh-user: git
2025-12-24T02:57:37.6985005Z   persist-credentials: true
2025-12-24T02:57:37.6985833Z   clean: true
2025-12-24T02:57:37.6986568Z   sparse-checkout-cone-mode: true
2025-12-24T02:57:37.6987465Z   fetch-depth: 1
2025-12-24T02:57:37.6988559Z   fetch-tags: false
2025-12-24T02:57:37.6989331Z   show-progress: true
2025-12-24T02:57:37.6990098Z   lfs: false
2025-12-24T02:57:37.6990784Z   submodules: false
2025-12-24T02:57:37.6991527Z   set-safe-directory: true
2025-12-24T02:57:37.6992688Z ##[endgroup]
2025-12-24T02:57:37.8213276Z Syncing repository: m-cahill/tunix-rt
2025-12-24T02:57:37.8216545Z ##[group]Getting Git version info
2025-12-24T02:57:37.8218700Z Working directory is '/home/runner/work/tunix-rt/tunix-rt'
2025-12-24T02:57:37.8220849Z [command]/usr/bin/git version
2025-12-24T02:57:37.8290867Z git version 2.52.0
2025-12-24T02:57:37.8326607Z ##[endgroup]
2025-12-24T02:57:37.8340746Z Temporarily overriding HOME='/home/runner/work/_temp/c32022ad-de30-408b-81b3-111498f321cb' before making global git config changes
2025-12-24T02:57:37.8345991Z Adding repository directory to the temporary git global config as a safe directory
2025-12-24T02:57:37.8361007Z [command]/usr/bin/git config --global --add safe.directory /home/runner/work/tunix-rt/tunix-rt
2025-12-24T02:57:37.8406090Z Deleting the contents of '/home/runner/work/tunix-rt/tunix-rt'
2025-12-24T02:57:37.8413167Z ##[group]Initializing the repository
2025-12-24T02:57:37.8417722Z [command]/usr/bin/git init /home/runner/work/tunix-rt/tunix-rt
2025-12-24T02:57:37.8542025Z hint: Using 'master' as the name for the initial branch. This default branch name
2025-12-24T02:57:37.8545272Z hint: will change to "main" in Git 3.0. To configure the initial branch name
2025-12-24T02:57:37.8548995Z hint: to use in all of your new repositories, which will suppress this warning,
2025-12-24T02:57:37.8552757Z hint: call:
2025-12-24T02:57:37.8554605Z hint:
2025-12-24T02:57:37.8556129Z hint: 	git config --global init.defaultBranch <name>
2025-12-24T02:57:37.8558131Z hint:
2025-12-24T02:57:37.8559787Z hint: Names commonly chosen instead of 'master' are 'main', 'trunk' and
2025-12-24T02:57:37.8562552Z hint: 'development'. The just-created branch can be renamed via this command:
2025-12-24T02:57:37.8564728Z hint:
2025-12-24T02:57:37.8565707Z hint: 	git branch -m <name>
2025-12-24T02:57:37.8566979Z hint:
2025-12-24T02:57:37.8568946Z hint: Disable this message with "git config set advice.defaultBranchName false"
2025-12-24T02:57:37.8572117Z Initialized empty Git repository in /home/runner/work/tunix-rt/tunix-rt/.git/
2025-12-24T02:57:37.8577057Z [command]/usr/bin/git remote add origin https://github.com/m-cahill/tunix-rt
2025-12-24T02:57:37.8612247Z ##[endgroup]
2025-12-24T02:57:37.8614358Z ##[group]Disabling automatic garbage collection
2025-12-24T02:57:37.8616278Z [command]/usr/bin/git config --local gc.auto 0
2025-12-24T02:57:37.8653179Z ##[endgroup]
2025-12-24T02:57:37.8655232Z ##[group]Setting up auth
2025-12-24T02:57:37.8662550Z [command]/usr/bin/git config --local --name-only --get-regexp core\.sshCommand
2025-12-24T02:57:37.8700959Z [command]/usr/bin/git submodule foreach --recursive sh -c "git config --local --name-only --get-regexp 'core\.sshCommand' && git config --local --unset-all 'core.sshCommand' || :"
2025-12-24T02:57:37.9086650Z [command]/usr/bin/git config --local --name-only --get-regexp http\.https\:\/\/github\.com\/\.extraheader
2025-12-24T02:57:37.9123445Z [command]/usr/bin/git submodule foreach --recursive sh -c "git config --local --name-only --get-regexp 'http\.https\:\/\/github\.com\/\.extraheader' && git config --local --unset-all 'http.https://github.com/.extraheader' || :"
2025-12-24T02:57:37.9365577Z [command]/usr/bin/git config --local http.https://github.com/.extraheader AUTHORIZATION: basic ***
2025-12-24T02:57:37.9406201Z ##[endgroup]
2025-12-24T02:57:37.9408113Z ##[group]Fetching the repository
2025-12-24T02:57:37.9433589Z [command]/usr/bin/git -c protocol.version=2 fetch --no-tags --prune --no-recurse-submodules --depth=1 origin +e7b5c68822d7ef03ae95fa67d92fa76ffd14e118:refs/remotes/origin/main
2025-12-24T02:57:38.8183366Z From https://github.com/m-cahill/tunix-rt
2025-12-24T02:57:38.8184973Z  * [new ref]         e7b5c68822d7ef03ae95fa67d92fa76ffd14e118 -> origin/main
2025-12-24T02:57:38.8215548Z ##[endgroup]
2025-12-24T02:57:38.8216715Z ##[group]Determining the checkout info
2025-12-24T02:57:38.8219871Z ##[endgroup]
2025-12-24T02:57:38.8225392Z [command]/usr/bin/git sparse-checkout disable
2025-12-24T02:57:38.8269492Z [command]/usr/bin/git config --local --unset-all extensions.worktreeConfig
2025-12-24T02:57:38.8309602Z ##[group]Checking out the ref
2025-12-24T02:57:38.8310490Z [command]/usr/bin/git checkout --progress --force -B main refs/remotes/origin/main
2025-12-24T02:57:38.9827070Z Switched to a new branch 'main'
2025-12-24T02:57:38.9832137Z branch 'main' set up to track 'origin/main'.
2025-12-24T02:57:38.9844214Z ##[endgroup]
2025-12-24T02:57:38.9886936Z [command]/usr/bin/git log -1 --format=%H
2025-12-24T02:57:38.9912856Z e7b5c68822d7ef03ae95fa67d92fa76ffd14e118
2025-12-24T02:57:39.0158475Z ##[group]Run actions/setup-python@0b93645e9fea7318ecaed2b359559ac225c90a2b
2025-12-24T02:57:39.0159062Z with:
2025-12-24T02:57:39.0159414Z   python-version: 3.11
2025-12-24T02:57:39.0159760Z   cache: pip
2025-12-24T02:57:39.0160141Z   cache-dependency-path: backend/pyproject.toml
2025-12-24T02:57:39.0160582Z   check-latest: false
2025-12-24T02:57:39.0161067Z   token: ***
2025-12-24T02:57:39.0161398Z   update-environment: true
2025-12-24T02:57:39.0162023Z   allow-prereleases: false
2025-12-24T02:57:39.0162380Z ##[endgroup]
2025-12-24T02:57:39.2243580Z ##[group]Installed versions
2025-12-24T02:57:39.2418442Z Successfully set up CPython (3.11.14)
2025-12-24T02:57:39.2424971Z ##[endgroup]
2025-12-24T02:57:39.3035788Z [command]/opt/hostedtoolcache/Python/3.11.14/x64/bin/pip cache dir
2025-12-24T02:57:40.8044841Z /home/runner/.cache/pip
2025-12-24T02:57:40.9448963Z ##[warning]Failed to restore: Cache service responded with 400
2025-12-24T02:57:40.9458884Z pip cache is not found
2025-12-24T02:57:40.9666956Z ##[group]Run python -m pip install -e ".[dev]"
2025-12-24T02:57:40.9667411Z [36;1mpython -m pip install -e ".[dev]"[0m
2025-12-24T02:57:40.9706466Z shell: /usr/bin/bash -e {0}
2025-12-24T02:57:40.9706726Z env:
2025-12-24T02:57:40.9706993Z   pythonLocation: /opt/hostedtoolcache/Python/3.11.14/x64
2025-12-24T02:57:40.9707435Z   PKG_CONFIG_PATH: /opt/hostedtoolcache/Python/3.11.14/x64/lib/pkgconfig
2025-12-24T02:57:40.9707834Z   Python_ROOT_DIR: /opt/hostedtoolcache/Python/3.11.14/x64
2025-12-24T02:57:40.9708501Z   Python2_ROOT_DIR: /opt/hostedtoolcache/Python/3.11.14/x64
2025-12-24T02:57:40.9708888Z   Python3_ROOT_DIR: /opt/hostedtoolcache/Python/3.11.14/x64
2025-12-24T02:57:40.9709232Z   LD_LIBRARY_PATH: /opt/hostedtoolcache/Python/3.11.14/x64/lib
2025-12-24T02:57:40.9709535Z ##[endgroup]
2025-12-24T02:57:41.9830659Z Obtaining file:///home/runner/work/tunix-rt/tunix-rt/backend
2025-12-24T02:57:41.9852719Z   Installing build dependencies: started
2025-12-24T02:57:42.9331919Z   Installing build dependencies: finished with status 'done'
2025-12-24T02:57:42.9336909Z   Checking if build backend supports build_editable: started
2025-12-24T02:57:43.2596700Z   Checking if build backend supports build_editable: finished with status 'done'
2025-12-24T02:57:43.2605696Z   Getting requirements to build editable: started
2025-12-24T02:57:43.5688317Z   Getting requirements to build editable: finished with status 'done'
2025-12-24T02:57:43.5697084Z   Preparing editable metadata (pyproject.toml): started
2025-12-24T02:57:43.7542006Z   Preparing editable metadata (pyproject.toml): finished with status 'done'
2025-12-24T02:57:43.8906723Z Collecting fastapi==0.125.0 (from tunix-rt-backend==0.1.0)
2025-12-24T02:57:43.9579596Z   Downloading fastapi-0.125.0-py3-none-any.whl.metadata (30 kB)
2025-12-24T02:57:44.0086708Z Collecting uvicorn==0.38.0 (from uvicorn[standard]==0.38.0->tunix-rt-backend==0.1.0)
2025-12-24T02:57:44.0162648Z   Downloading uvicorn-0.38.0-py3-none-any.whl.metadata (6.8 kB)
2025-12-24T02:57:44.0509112Z Collecting httpx==0.28.1 (from tunix-rt-backend==0.1.0)
2025-12-24T02:57:44.0597057Z   Downloading httpx-0.28.1-py3-none-any.whl.metadata (7.1 kB)
2025-12-24T02:57:44.1999169Z Collecting pydantic==2.12.5 (from tunix-rt-backend==0.1.0)
2025-12-24T02:57:44.2066210Z   Downloading pydantic-2.12.5-py3-none-any.whl.metadata (90 kB)
2025-12-24T02:57:44.2386294Z Collecting pydantic-settings==2.12.0 (from tunix-rt-backend==0.1.0)
2025-12-24T02:57:44.2450234Z   Downloading pydantic_settings-2.12.0-py3-none-any.whl.metadata (3.4 kB)
2025-12-24T02:57:44.5599278Z Collecting sqlalchemy==2.0.45 (from sqlalchemy[asyncio]==2.0.45->tunix-rt-backend==0.1.0)
2025-12-24T02:57:44.5687014Z   Downloading sqlalchemy-2.0.45-cp311-cp311-manylinux2014_x86_64.manylinux_2_17_x86_64.manylinux_2_28_x86_64.whl.metadata (9.5 kB)
2025-12-24T02:57:44.6045113Z Collecting alembic==1.17.2 (from tunix-rt-backend==0.1.0)
2025-12-24T02:57:44.6124639Z   Downloading alembic-1.17.2-py3-none-any.whl.metadata (7.2 kB)
2025-12-24T02:57:44.6864449Z Collecting asyncpg==0.31.0 (from tunix-rt-backend==0.1.0)
2025-12-24T02:57:44.6966001Z   Downloading asyncpg-0.31.0-cp311-cp311-manylinux2014_x86_64.manylinux_2_17_x86_64.manylinux_2_28_x86_64.whl.metadata (4.4 kB)
2025-12-24T02:57:44.7435512Z Collecting pyyaml==6.0.3 (from tunix-rt-backend==0.1.0)
2025-12-24T02:57:44.7517252Z   Downloading pyyaml-6.0.3-cp311-cp311-manylinux2014_x86_64.manylinux_2_17_x86_64.manylinux_2_28_x86_64.whl.metadata (2.4 kB)
2025-12-24T02:57:44.7732444Z Collecting prometheus-client==0.23.1 (from tunix-rt-backend==0.1.0)
2025-12-24T02:57:44.7811420Z   Downloading prometheus_client-0.23.1-py3-none-any.whl.metadata (1.9 kB)
2025-12-24T02:57:44.8268477Z Collecting pytest>=7.4.0 (from tunix-rt-backend==0.1.0)
2025-12-24T02:57:44.8347267Z   Downloading pytest-9.0.2-py3-none-any.whl.metadata (7.6 kB)
2025-12-24T02:57:44.8592297Z Collecting pytest-cov>=4.1.0 (from tunix-rt-backend==0.1.0)
2025-12-24T02:57:44.8672481Z   Downloading pytest_cov-7.0.0-py3-none-any.whl.metadata (31 kB)
2025-12-24T02:57:44.8959370Z Collecting pytest-asyncio>=0.21.0 (from tunix-rt-backend==0.1.0)
2025-12-24T02:57:44.9040712Z   Downloading pytest_asyncio-1.3.0-py3-none-any.whl.metadata (4.1 kB)
2025-12-24T02:57:45.3110234Z Collecting ruff>=0.1.0 (from tunix-rt-backend==0.1.0)
2025-12-24T02:57:45.3189306Z   Downloading ruff-0.14.10-py3-none-manylinux_2_17_x86_64.manylinux2014_x86_64.whl.metadata (26 kB)
2025-12-24T02:57:45.4430396Z Collecting mypy>=1.6.0 (from tunix-rt-backend==0.1.0)
2025-12-24T02:57:45.4513469Z   Downloading mypy-1.19.1-cp311-cp311-manylinux2014_x86_64.manylinux_2_17_x86_64.manylinux_2_28_x86_64.whl.metadata (2.2 kB)
2025-12-24T02:57:45.4783499Z Collecting types-PyYAML>=6.0.0 (from tunix-rt-backend==0.1.0)
2025-12-24T02:57:45.4863666Z   Downloading types_pyyaml-6.0.12.20250915-py3-none-any.whl.metadata (1.7 kB)
2025-12-24T02:57:45.5050826Z Collecting aiosqlite>=0.19.0 (from tunix-rt-backend==0.1.0)
2025-12-24T02:57:45.5149294Z   Downloading aiosqlite-0.22.1-py3-none-any.whl.metadata (4.3 kB)
2025-12-24T02:57:45.5465331Z Collecting Mako (from alembic==1.17.2->tunix-rt-backend==0.1.0)
2025-12-24T02:57:45.5545537Z   Downloading mako-1.3.10-py3-none-any.whl.metadata (2.9 kB)
2025-12-24T02:57:45.5805716Z Collecting typing-extensions>=4.12 (from alembic==1.17.2->tunix-rt-backend==0.1.0)
2025-12-24T02:57:45.5881086Z   Downloading typing_extensions-4.15.0-py3-none-any.whl.metadata (3.3 kB)
2025-12-24T02:57:45.6271325Z Collecting starlette<0.51.0,>=0.40.0 (from fastapi==0.125.0->tunix-rt-backend==0.1.0)
2025-12-24T02:57:45.6350381Z   Downloading starlette-0.50.0-py3-none-any.whl.metadata (6.3 kB)
2025-12-24T02:57:45.6949285Z Collecting annotated-doc>=0.0.2 (from fastapi==0.125.0->tunix-rt-backend==0.1.0)
2025-12-24T02:57:45.7017341Z   Downloading annotated_doc-0.0.4-py3-none-any.whl.metadata (6.6 kB)
2025-12-24T02:57:45.7197000Z Collecting annotated-types>=0.6.0 (from pydantic==2.12.5->tunix-rt-backend==0.1.0)
2025-12-24T02:57:45.7273360Z   Downloading annotated_types-0.7.0-py3-none-any.whl.metadata (15 kB)
2025-12-24T02:57:46.4202213Z Collecting pydantic-core==2.41.5 (from pydantic==2.12.5->tunix-rt-backend==0.1.0)
2025-12-24T02:57:46.4282269Z   Downloading pydantic_core-2.41.5-cp311-cp311-manylinux_2_17_x86_64.manylinux2014_x86_64.whl.metadata (7.3 kB)
2025-12-24T02:57:46.4473439Z Collecting typing-inspection>=0.4.2 (from pydantic==2.12.5->tunix-rt-backend==0.1.0)
2025-12-24T02:57:46.4550939Z   Downloading typing_inspection-0.4.2-py3-none-any.whl.metadata (2.6 kB)
2025-12-24T02:57:46.4805982Z Collecting anyio (from httpx==0.28.1->tunix-rt-backend==0.1.0)
2025-12-24T02:57:46.4882530Z   Downloading anyio-4.12.0-py3-none-any.whl.metadata (4.3 kB)
2025-12-24T02:57:46.5135998Z Collecting certifi (from httpx==0.28.1->tunix-rt-backend==0.1.0)
2025-12-24T02:57:46.5218996Z   Downloading certifi-2025.11.12-py3-none-any.whl.metadata (2.5 kB)
2025-12-24T02:57:46.6008067Z Collecting httpcore==1.* (from httpx==0.28.1->tunix-rt-backend==0.1.0)
2025-12-24T02:57:46.6086297Z   Downloading httpcore-1.0.9-py3-none-any.whl.metadata (21 kB)
2025-12-24T02:57:46.6291714Z Collecting idna (from httpx==0.28.1->tunix-rt-backend==0.1.0)
2025-12-24T02:57:46.6370956Z   Downloading idna-3.11-py3-none-any.whl.metadata (8.4 kB)
2025-12-24T02:57:46.6804369Z Collecting python-dotenv>=0.21.0 (from pydantic-settings==2.12.0->tunix-rt-backend==0.1.0)
2025-12-24T02:57:46.6886147Z   Downloading python_dotenv-1.2.1-py3-none-any.whl.metadata (25 kB)
2025-12-24T02:57:46.8231905Z Collecting greenlet>=1 (from sqlalchemy==2.0.45->sqlalchemy[asyncio]==2.0.45->tunix-rt-backend==0.1.0)
2025-12-24T02:57:46.8312101Z   Downloading greenlet-3.3.0-cp311-cp311-manylinux_2_24_x86_64.manylinux_2_28_x86_64.whl.metadata (4.1 kB)
2025-12-24T02:57:46.8613997Z Collecting click>=7.0 (from uvicorn==0.38.0->uvicorn[standard]==0.38.0->tunix-rt-backend==0.1.0)
2025-12-24T02:57:46.8692687Z   Downloading click-8.3.1-py3-none-any.whl.metadata (2.6 kB)
2025-12-24T02:57:46.8866727Z Collecting h11>=0.8 (from uvicorn==0.38.0->uvicorn[standard]==0.38.0->tunix-rt-backend==0.1.0)
2025-12-24T02:57:46.8947435Z   Downloading h11-0.16.0-py3-none-any.whl.metadata (8.3 kB)
2025-12-24T02:57:46.9321184Z Collecting httptools>=0.6.3 (from uvicorn[standard]==0.38.0->tunix-rt-backend==0.1.0)
2025-12-24T02:57:46.9404426Z   Downloading httptools-0.7.1-cp311-cp311-manylinux1_x86_64.manylinux_2_28_x86_64.manylinux_2_5_x86_64.whl.metadata (3.5 kB)
2025-12-24T02:57:46.9908520Z Collecting uvloop>=0.15.1 (from uvicorn[standard]==0.38.0->tunix-rt-backend==0.1.0)
2025-12-24T02:57:46.9988660Z   Downloading uvloop-0.22.1-cp311-cp311-manylinux2014_x86_64.manylinux_2_17_x86_64.manylinux_2_28_x86_64.whl.metadata (4.9 kB)
2025-12-24T02:57:47.0795458Z Collecting watchfiles>=0.13 (from uvicorn[standard]==0.38.0->tunix-rt-backend==0.1.0)
2025-12-24T02:57:47.0899686Z   Downloading watchfiles-1.1.1-cp311-cp311-manylinux_2_17_x86_64.manylinux2014_x86_64.whl.metadata (4.9 kB)
2025-12-24T02:57:47.1828519Z Collecting websockets>=10.4 (from uvicorn[standard]==0.38.0->tunix-rt-backend==0.1.0)
2025-12-24T02:57:47.1912480Z   Downloading websockets-15.0.1-cp311-cp311-manylinux_2_5_x86_64.manylinux1_x86_64.manylinux_2_17_x86_64.manylinux2014_x86_64.whl.metadata (6.8 kB)
2025-12-24T02:57:47.2313779Z Collecting mypy_extensions>=1.0.0 (from mypy>=1.6.0->tunix-rt-backend==0.1.0)
2025-12-24T02:57:47.2391681Z   Downloading mypy_extensions-1.1.0-py3-none-any.whl.metadata (1.1 kB)
2025-12-24T02:57:47.2566980Z Collecting pathspec>=0.9.0 (from mypy>=1.6.0->tunix-rt-backend==0.1.0)
2025-12-24T02:57:47.2644136Z   Downloading pathspec-0.12.1-py3-none-any.whl.metadata (21 kB)
2025-12-24T02:57:47.3545411Z Collecting librt>=0.6.2 (from mypy>=1.6.0->tunix-rt-backend==0.1.0)
2025-12-24T02:57:47.3625492Z   Downloading librt-0.7.4-cp311-cp311-manylinux2014_x86_64.manylinux_2_17_x86_64.manylinux_2_28_x86_64.whl.metadata (1.3 kB)
2025-12-24T02:57:47.3845515Z Collecting iniconfig>=1.0.1 (from pytest>=7.4.0->tunix-rt-backend==0.1.0)
2025-12-24T02:57:47.3925441Z   Downloading iniconfig-2.3.0-py3-none-any.whl.metadata (2.5 kB)
2025-12-24T02:57:47.4137695Z Collecting packaging>=22 (from pytest>=7.4.0->tunix-rt-backend==0.1.0)
2025-12-24T02:57:47.4219383Z   Downloading packaging-25.0-py3-none-any.whl.metadata (3.3 kB)
2025-12-24T02:57:47.4391008Z Collecting pluggy<2,>=1.5 (from pytest>=7.4.0->tunix-rt-backend==0.1.0)
2025-12-24T02:57:47.4467139Z   Downloading pluggy-1.6.0-py3-none-any.whl.metadata (4.8 kB)
2025-12-24T02:57:47.4720769Z Collecting pygments>=2.7.2 (from pytest>=7.4.0->tunix-rt-backend==0.1.0)
2025-12-24T02:57:47.4796994Z   Downloading pygments-2.19.2-py3-none-any.whl.metadata (2.5 kB)
2025-12-24T02:57:47.9130028Z Collecting coverage>=7.10.6 (from coverage[toml]>=7.10.6->pytest-cov>=4.1.0->tunix-rt-backend==0.1.0)
2025-12-24T02:57:47.9211704Z   Downloading coverage-7.13.0-cp311-cp311-manylinux1_x86_64.manylinux_2_28_x86_64.manylinux_2_5_x86_64.whl.metadata (8.5 kB)
2025-12-24T02:57:48.0101399Z Collecting MarkupSafe>=0.9.2 (from Mako->alembic==1.17.2->tunix-rt-backend==0.1.0)
2025-12-24T02:57:48.0180305Z   Downloading markupsafe-3.0.3-cp311-cp311-manylinux2014_x86_64.manylinux_2_17_x86_64.manylinux_2_28_x86_64.whl.metadata (2.7 kB)
2025-12-24T02:57:48.0319608Z Downloading alembic-1.17.2-py3-none-any.whl (248 kB)
2025-12-24T02:57:48.0523479Z Downloading asyncpg-0.31.0-cp311-cp311-manylinux2014_x86_64.manylinux_2_17_x86_64.manylinux_2_28_x86_64.whl (3.0 MB)
2025-12-24T02:57:48.0825933Z    ━━━━━━━━━━━━━━━━━━━━━━━━━━━━━━━━━━━━━━━━ 3.0/3.0 MB 105.9 MB/s  0:00:00
2025-12-24T02:57:48.0891813Z Downloading fastapi-0.125.0-py3-none-any.whl (112 kB)
2025-12-24T02:57:48.0999691Z Downloading pydantic-2.12.5-py3-none-any.whl (463 kB)
2025-12-24T02:57:48.1116342Z Downloading httpx-0.28.1-py3-none-any.whl (73 kB)
2025-12-24T02:57:48.1217436Z Downloading prometheus_client-0.23.1-py3-none-any.whl (61 kB)
2025-12-24T02:57:48.1319190Z Downloading pydantic_core-2.41.5-cp311-cp311-manylinux_2_17_x86_64.manylinux2014_x86_64.whl (2.1 MB)
2025-12-24T02:57:48.1450460Z    ━━━━━━━━━━━━━━━━━━━━━━━━━━━━━━━━━━━━━━━━ 2.1/2.1 MB 181.7 MB/s  0:00:00
2025-12-24T02:57:48.1528458Z Downloading pydantic_settings-2.12.0-py3-none-any.whl (51 kB)
2025-12-24T02:57:48.1632719Z Downloading pyyaml-6.0.3-cp311-cp311-manylinux2014_x86_64.manylinux_2_17_x86_64.manylinux_2_28_x86_64.whl (806 kB)
2025-12-24T02:57:48.1709361Z    ━━━━━━━━━━━━━━━━━━━━━━━━━━━━━━━━━━━━━━━━ 806.6/806.6 kB 110.4 MB/s  0:00:00
2025-12-24T02:57:48.1790865Z Downloading sqlalchemy-2.0.45-cp311-cp311-manylinux2014_x86_64.manylinux_2_17_x86_64.manylinux_2_28_x86_64.whl (3.3 MB)
2025-12-24T02:57:48.1969515Z    ━━━━━━━━━━━━━━━━━━━━━━━━━━━━━━━━━━━━━━━━ 3.3/3.3 MB 214.7 MB/s  0:00:00
2025-12-24T02:57:48.2043915Z Downloading uvicorn-0.38.0-py3-none-any.whl (68 kB)
2025-12-24T02:57:48.2152614Z Downloading httpcore-1.0.9-py3-none-any.whl (78 kB)
2025-12-24T02:57:48.2258972Z Downloading starlette-0.50.0-py3-none-any.whl (74 kB)
2025-12-24T02:57:48.2361786Z Downloading anyio-4.12.0-py3-none-any.whl (113 kB)
2025-12-24T02:57:48.2466423Z Downloading aiosqlite-0.22.1-py3-none-any.whl (17 kB)
2025-12-24T02:57:48.2570972Z Downloading annotated_doc-0.0.4-py3-none-any.whl (5.3 kB)
2025-12-24T02:57:48.2678980Z Downloading annotated_types-0.7.0-py3-none-any.whl (13 kB)
2025-12-24T02:57:48.2786441Z Downloading click-8.3.1-py3-none-any.whl (108 kB)
2025-12-24T02:57:48.2892711Z Downloading greenlet-3.3.0-cp311-cp311-manylinux_2_24_x86_64.manylinux_2_28_x86_64.whl (590 kB)
2025-12-24T02:57:48.2960718Z    ━━━━━━━━━━━━━━━━━━━━━━━━━━━━━━━━━━━━━━━━ 590.2/590.2 kB 91.4 MB/s  0:00:00
2025-12-24T02:57:48.3038273Z Downloading h11-0.16.0-py3-none-any.whl (37 kB)
2025-12-24T02:57:48.3182694Z Downloading httptools-0.7.1-cp311-cp311-manylinux1_x86_64.manylinux_2_28_x86_64.manylinux_2_5_x86_64.whl (456 kB)
2025-12-24T02:57:48.3326046Z Downloading idna-3.11-py3-none-any.whl (71 kB)
2025-12-24T02:57:48.3431375Z Downloading mypy-1.19.1-cp311-cp311-manylinux2014_x86_64.manylinux_2_17_x86_64.manylinux_2_28_x86_64.whl (13.4 MB)
2025-12-24T02:57:48.4027578Z    ━━━━━━━━━━━━━━━━━━━━━━━━━━━━━━━━━━━━━━━━ 13.4/13.4 MB 232.6 MB/s  0:00:00
2025-12-24T02:57:48.4108937Z Downloading librt-0.7.4-cp311-cp311-manylinux2014_x86_64.manylinux_2_17_x86_64.manylinux_2_28_x86_64.whl (184 kB)
2025-12-24T02:57:48.4214033Z Downloading mypy_extensions-1.1.0-py3-none-any.whl (5.0 kB)
2025-12-24T02:57:48.4357582Z Downloading pathspec-0.12.1-py3-none-any.whl (31 kB)
2025-12-24T02:57:48.4460454Z Downloading pytest-9.0.2-py3-none-any.whl (374 kB)
2025-12-24T02:57:48.4574459Z Downloading pluggy-1.6.0-py3-none-any.whl (20 kB)
2025-12-24T02:57:48.4674089Z Downloading iniconfig-2.3.0-py3-none-any.whl (7.5 kB)
2025-12-24T02:57:48.4773117Z Downloading packaging-25.0-py3-none-any.whl (66 kB)
2025-12-24T02:57:48.4876488Z Downloading pygments-2.19.2-py3-none-any.whl (1.2 MB)
2025-12-24T02:57:48.4972009Z    ━━━━━━━━━━━━━━━━━━━━━━━━━━━━━━━━━━━━━━━━ 1.2/1.2 MB 149.0 MB/s  0:00:00
2025-12-24T02:57:48.5050267Z Downloading pytest_asyncio-1.3.0-py3-none-any.whl (15 kB)
2025-12-24T02:57:48.5149901Z Downloading pytest_cov-7.0.0-py3-none-any.whl (22 kB)
2025-12-24T02:57:48.5250839Z Downloading coverage-7.13.0-cp311-cp311-manylinux1_x86_64.manylinux_2_28_x86_64.manylinux_2_5_x86_64.whl (250 kB)
2025-12-24T02:57:48.5356316Z Downloading python_dotenv-1.2.1-py3-none-any.whl (21 kB)
2025-12-24T02:57:48.5498374Z Downloading ruff-0.14.10-py3-none-manylinux_2_17_x86_64.manylinux2014_x86_64.whl (14.2 MB)
2025-12-24T02:57:48.6137311Z    ━━━━━━━━━━━━━━━━━━━━━━━━━━━━━━━━━━━━━━━━ 14.2/14.2 MB 229.4 MB/s  0:00:00
2025-12-24T02:57:48.6216771Z Downloading types_pyyaml-6.0.12.20250915-py3-none-any.whl (20 kB)
2025-12-24T02:57:48.6319600Z Downloading typing_extensions-4.15.0-py3-none-any.whl (44 kB)
2025-12-24T02:57:48.6420953Z Downloading typing_inspection-0.4.2-py3-none-any.whl (14 kB)
2025-12-24T02:57:48.6544938Z Downloading uvloop-0.22.1-cp311-cp311-manylinux2014_x86_64.manylinux_2_17_x86_64.manylinux_2_28_x86_64.whl (3.8 MB)
2025-12-24T02:57:48.6754486Z    ━━━━━━━━━━━━━━━━━━━━━━━━━━━━━━━━━━━━━━━━ 3.8/3.8 MB 211.0 MB/s  0:00:00
2025-12-24T02:57:48.6823734Z Downloading watchfiles-1.1.1-cp311-cp311-manylinux_2_17_x86_64.manylinux2014_x86_64.whl (456 kB)
2025-12-24T02:57:48.6947718Z Downloading websockets-15.0.1-cp311-cp311-manylinux_2_5_x86_64.manylinux1_x86_64.manylinux_2_17_x86_64.manylinux2014_x86_64.whl (182 kB)
2025-12-24T02:57:48.7054524Z Downloading certifi-2025.11.12-py3-none-any.whl (159 kB)
2025-12-24T02:57:48.7161991Z Downloading mako-1.3.10-py3-none-any.whl (78 kB)
2025-12-24T02:57:48.7266483Z Downloading markupsafe-3.0.3-cp311-cp311-manylinux2014_x86_64.manylinux_2_17_x86_64.manylinux_2_28_x86_64.whl (22 kB)
2025-12-24T02:57:48.7980352Z Building wheels for collected packages: tunix-rt-backend
2025-12-24T02:57:48.7988302Z   Building editable for tunix-rt-backend (pyproject.toml): started
2025-12-24T02:57:49.0124504Z   Building editable for tunix-rt-backend (pyproject.toml): finished with status 'done'
2025-12-24T02:57:49.0131089Z   Created wheel for tunix-rt-backend: filename=tunix_rt_backend-0.1.0-0.editable-py3-none-any.whl size=3178 sha256=2bd42f171bbdabab434dc7b7866f9b2cccb0d8e5a376264937552a129d0ecfe0
2025-12-24T02:57:49.0133544Z   Stored in directory: /tmp/pip-ephem-wheel-cache-y5dggpje/wheels/6c/ee/47/0b2814d300ad026845dfa3996505f4a0f855be918f2df7eb34
2025-12-24T02:57:49.0148471Z Successfully built tunix-rt-backend
2025-12-24T02:57:49.0892251Z Installing collected packages: websockets, uvloop, typing-extensions, types-PyYAML, ruff, pyyaml, python-dotenv, pygments, prometheus-client, pluggy, pathspec, packaging, mypy_extensions, MarkupSafe, librt, iniconfig, idna, httptools, h11, greenlet, coverage, click, certifi, asyncpg, annotated-types, annotated-doc, aiosqlite, uvicorn, typing-inspection, sqlalchemy, pytest, pydantic-core, mypy, Mako, httpcore, anyio, watchfiles, starlette, pytest-cov, pytest-asyncio, pydantic, httpx, alembic, pydantic-settings, fastapi, tunix-rt-backend
2025-12-24T02:57:54.1728592Z
2025-12-24T02:57:54.1737703Z Successfully installed Mako-1.3.10 MarkupSafe-3.0.3 aiosqlite-0.22.1 alembic-1.17.2 annotated-doc-0.0.4 annotated-types-0.7.0 anyio-4.12.0 asyncpg-0.31.0 certifi-2025.11.12 click-8.3.1 coverage-7.13.0 fastapi-0.125.0 greenlet-3.3.0 h11-0.16.0 httpcore-1.0.9 httptools-0.7.1 httpx-0.28.1 idna-3.11 iniconfig-2.3.0 librt-0.7.4 mypy-1.19.1 mypy_extensions-1.1.0 packaging-25.0 pathspec-0.12.1 pluggy-1.6.0 prometheus-client-0.23.1 pydantic-2.12.5 pydantic-core-2.41.5 pydantic-settings-2.12.0 pygments-2.19.2 pytest-9.0.2 pytest-asyncio-1.3.0 pytest-cov-7.0.0 python-dotenv-1.2.1 pyyaml-6.0.3 ruff-0.14.10 sqlalchemy-2.0.45 starlette-0.50.0 tunix-rt-backend-0.1.0 types-PyYAML-6.0.12.20250915 typing-extensions-4.15.0 typing-inspection-0.4.2 uvicorn-0.38.0 uvloop-0.22.1 watchfiles-1.1.1 websockets-15.0.1
2025-12-24T02:57:54.9076896Z ##[group]Run actions/cache@1bd1e32a3bdc45362d1e726936510720a7c30a57
2025-12-24T02:57:54.9077236Z with:
2025-12-24T02:57:54.9077414Z   path: ~/.cache/pip
2025-12-24T02:57:54.9077804Z   key: security-tools-Linux-64953fd675460340fdcb2a6d53936f96fdb0712c15a05dd4de709ab544c3847e
2025-12-24T02:57:54.9078619Z   restore-keys: security-tools-Linux-

2025-12-24T02:57:54.9078875Z   enableCrossOsArchive: false
2025-12-24T02:57:54.9079088Z   fail-on-cache-miss: false
2025-12-24T02:57:54.9079293Z   lookup-only: false
2025-12-24T02:57:54.9079473Z   save-always: false
2025-12-24T02:57:54.9079632Z env:
2025-12-24T02:57:54.9079857Z   pythonLocation: /opt/hostedtoolcache/Python/3.11.14/x64
2025-12-24T02:57:54.9080244Z   PKG_CONFIG_PATH: /opt/hostedtoolcache/Python/3.11.14/x64/lib/pkgconfig
2025-12-24T02:57:54.9080615Z   Python_ROOT_DIR: /opt/hostedtoolcache/Python/3.11.14/x64
2025-12-24T02:57:54.9081148Z   Python2_ROOT_DIR: /opt/hostedtoolcache/Python/3.11.14/x64
2025-12-24T02:57:54.9081527Z   Python3_ROOT_DIR: /opt/hostedtoolcache/Python/3.11.14/x64
2025-12-24T02:57:54.9081854Z   LD_LIBRARY_PATH: /opt/hostedtoolcache/Python/3.11.14/x64/lib
2025-12-24T02:57:54.9082132Z ##[endgroup]
2025-12-24T02:57:55.1595648Z Cache hit for: security-tools-Linux-64953fd675460340fdcb2a6d53936f96fdb0712c15a05dd4de709ab544c3847e
2025-12-24T02:57:55.7789379Z Received 64633492 of 64633492 (100.0%), 109.9 MBs/sec
2025-12-24T02:57:55.7789939Z Cache Size: ~62 MB (64633492 B)
2025-12-24T02:57:55.7824912Z [command]/usr/bin/tar -xf /home/runner/work/_temp/a48013ab-6501-44d9-9e4f-ad435c2b808d/cache.tzst -P -C /home/runner/work/tunix-rt/tunix-rt --use-compress-program unzstd
2025-12-24T02:57:55.9585394Z Cache restored successfully
2025-12-24T02:57:55.9793329Z Cache restored from key: security-tools-Linux-64953fd675460340fdcb2a6d53936f96fdb0712c15a05dd4de709ab544c3847e
2025-12-24T02:57:55.9922828Z ##[group]Run pip install pip-audit
2025-12-24T02:57:55.9923340Z [36;1mpip install pip-audit[0m
2025-12-24T02:57:55.9923961Z [36;1mpip-audit --desc --format json --output pip-audit-report.json || true[0m
2025-12-24T02:57:55.9924615Z [36;1mpip-audit --desc || true[0m
2025-12-24T02:57:55.9961493Z shell: /usr/bin/bash -e {0}
2025-12-24T02:57:55.9961718Z env:
2025-12-24T02:57:55.9961956Z   pythonLocation: /opt/hostedtoolcache/Python/3.11.14/x64
2025-12-24T02:57:55.9962346Z   PKG_CONFIG_PATH: /opt/hostedtoolcache/Python/3.11.14/x64/lib/pkgconfig
2025-12-24T02:57:55.9962740Z   Python_ROOT_DIR: /opt/hostedtoolcache/Python/3.11.14/x64
2025-12-24T02:57:55.9963079Z   Python2_ROOT_DIR: /opt/hostedtoolcache/Python/3.11.14/x64
2025-12-24T02:57:55.9963418Z   Python3_ROOT_DIR: /opt/hostedtoolcache/Python/3.11.14/x64
2025-12-24T02:57:55.9963755Z   LD_LIBRARY_PATH: /opt/hostedtoolcache/Python/3.11.14/x64/lib
2025-12-24T02:57:55.9964034Z ##[endgroup]
2025-12-24T02:57:56.4321579Z Collecting pip-audit
2025-12-24T02:57:56.4343035Z   Using cached pip_audit-2.10.0-py3-none-any.whl.metadata (28 kB)
2025-12-24T02:57:56.4549106Z Collecting CacheControl>=0.13.0 (from CacheControl[filecache]>=0.13.0->pip-audit)
2025-12-24T02:57:56.4565168Z   Using cached cachecontrol-0.14.4-py3-none-any.whl.metadata (3.1 kB)
2025-12-24T02:57:56.4948288Z Collecting cyclonedx-python-lib<12,>=5 (from pip-audit)
2025-12-24T02:57:56.4964350Z   Using cached cyclonedx_python_lib-11.6.0-py3-none-any.whl.metadata (6.8 kB)
2025-12-24T02:57:56.4994771Z Requirement already satisfied: packaging>=23.0.0 in /opt/hostedtoolcache/Python/3.11.14/x64/lib/python3.11/site-packages (from pip-audit) (25.0)
2025-12-24T02:57:56.5149705Z Collecting pip-api>=0.0.28 (from pip-audit)
2025-12-24T02:57:56.5165016Z   Using cached pip_api-0.0.34-py3-none-any.whl.metadata (6.6 kB)
2025-12-24T02:57:56.5283883Z Collecting pip-requirements-parser>=32.0.0 (from pip-audit)
2025-12-24T02:57:56.5298309Z   Using cached pip_requirements_parser-32.0.1-py3-none-any.whl.metadata (9.3 kB)
2025-12-24T02:57:56.5686302Z Collecting requests>=2.31.0 (from pip-audit)
2025-12-24T02:57:56.5701546Z   Using cached requests-2.32.5-py3-none-any.whl.metadata (4.9 kB)
2025-12-24T02:57:56.6097265Z Collecting rich>=12.4 (from pip-audit)
2025-12-24T02:57:56.6111246Z   Using cached rich-14.2.0-py3-none-any.whl.metadata (18 kB)
2025-12-24T02:57:56.6304475Z Collecting tomli>=2.2.1 (from pip-audit)
2025-12-24T02:57:56.6319147Z   Using cached tomli-2.3.0-cp311-cp311-manylinux2014_x86_64.manylinux_2_17_x86_64.manylinux_2_28_x86_64.whl.metadata (10 kB)
2025-12-24T02:57:56.6442707Z Collecting tomli-w>=1.2.0 (from pip-audit)
2025-12-24T02:57:56.6455943Z   Using cached tomli_w-1.2.0-py3-none-any.whl.metadata (5.7 kB)
2025-12-24T02:57:56.6642156Z Collecting platformdirs>=4.2.0 (from pip-audit)
2025-12-24T02:57:56.6656424Z   Using cached platformdirs-4.5.1-py3-none-any.whl.metadata (12 kB)
2025-12-24T02:57:56.6944289Z Collecting license-expression<31,>=30 (from cyclonedx-python-lib<12,>=5->pip-audit)
2025-12-24T02:57:56.6964758Z   Using cached license_expression-30.4.4-py3-none-any.whl.metadata (11 kB)
2025-12-24T02:57:56.7349451Z Collecting packageurl-python<2,>=0.11 (from cyclonedx-python-lib<12,>=5->pip-audit)
2025-12-24T02:57:56.7350878Z   Using cached packageurl_python-0.17.6-py3-none-any.whl.metadata (5.1 kB)
2025-12-24T02:57:56.7684193Z Collecting py-serializable<3.0.0,>=2.1.0 (from cyclonedx-python-lib<12,>=5->pip-audit)
2025-12-24T02:57:56.7705428Z   Using cached py_serializable-2.1.0-py3-none-any.whl.metadata (4.3 kB)
2025-12-24T02:57:56.7867473Z Collecting sortedcontainers<3.0.0,>=2.4.0 (from cyclonedx-python-lib<12,>=5->pip-audit)
2025-12-24T02:57:56.7882579Z   Using cached sortedcontainers-2.4.0-py2.py3-none-any.whl.metadata (10 kB)
2025-12-24T02:57:56.7906589Z Requirement already satisfied: typing_extensions<5.0,>=4.6 in /opt/hostedtoolcache/Python/3.11.14/x64/lib/python3.11/site-packages (from cyclonedx-python-lib<12,>=5->pip-audit) (4.15.0)
2025-12-24T02:57:56.8050555Z Collecting boolean.py>=4.0 (from license-expression<31,>=30->cyclonedx-python-lib<12,>=5->pip-audit)
2025-12-24T02:57:56.8064563Z   Using cached boolean_py-5.0-py3-none-any.whl.metadata (2.3 kB)
2025-12-24T02:57:56.8220870Z Collecting defusedxml<0.8.0,>=0.7.1 (from py-serializable<3.0.0,>=2.1.0->cyclonedx-python-lib<12,>=5->pip-audit)
2025-12-24T02:57:56.8234869Z   Using cached defusedxml-0.7.1-py2.py3-none-any.whl.metadata (32 kB)
2025-12-24T02:57:56.9031072Z Collecting msgpack<2.0.0,>=0.5.2 (from CacheControl>=0.13.0->CacheControl[filecache]>=0.13.0->pip-audit)
2025-12-24T02:57:56.9047805Z   Using cached msgpack-1.1.2-cp311-cp311-manylinux2014_x86_64.manylinux_2_17_x86_64.manylinux_2_28_x86_64.whl.metadata (8.1 kB)
2025-12-24T02:57:56.9282767Z Collecting filelock>=3.8.0 (from CacheControl[filecache]>=0.13.0->pip-audit)
2025-12-24T02:57:56.9295662Z   Using cached filelock-3.20.1-py3-none-any.whl.metadata (2.1 kB)
2025-12-24T02:57:56.9328240Z Requirement already satisfied: pip in /opt/hostedtoolcache/Python/3.11.14/x64/lib/python3.11/site-packages (from pip-api>=0.0.28->pip-audit) (25.3)
2025-12-24T02:57:56.9588931Z Collecting pyparsing (from pip-requirements-parser>=32.0.0->pip-audit)
2025-12-24T02:57:56.9602779Z   Using cached pyparsing-3.3.1-py3-none-any.whl.metadata (5.6 kB)
2025-12-24T02:57:57.0444239Z Collecting charset_normalizer<4,>=2 (from requests>=2.31.0->pip-audit)
2025-12-24T02:57:57.0461954Z   Using cached charset_normalizer-3.4.4-cp311-cp311-manylinux2014_x86_64.manylinux_2_17_x86_64.manylinux_2_28_x86_64.whl.metadata (37 kB)
2025-12-24T02:57:57.0499341Z Requirement already satisfied: idna<4,>=2.5 in /opt/hostedtoolcache/Python/3.11.14/x64/lib/python3.11/site-packages (from requests>=2.31.0->pip-audit) (3.11)
2025-12-24T02:57:57.0796124Z Collecting urllib3<3,>=1.21.1 (from requests>=2.31.0->pip-audit)
2025-12-24T02:57:57.0813034Z   Using cached urllib3-2.6.2-py3-none-any.whl.metadata (6.6 kB)
2025-12-24T02:57:57.0842190Z Requirement already satisfied: certifi>=2017.4.17 in /opt/hostedtoolcache/Python/3.11.14/x64/lib/python3.11/site-packages (from requests>=2.31.0->pip-audit) (2025.11.12)
2025-12-24T02:57:57.1043665Z Collecting markdown-it-py>=2.2.0 (from rich>=12.4->pip-audit)
2025-12-24T02:57:57.1058918Z   Using cached markdown_it_py-4.0.0-py3-none-any.whl.metadata (7.3 kB)
2025-12-24T02:57:57.1108286Z Requirement already satisfied: pygments<3.0.0,>=2.13.0 in /opt/hostedtoolcache/Python/3.11.14/x64/lib/python3.11/site-packages (from rich>=12.4->pip-audit) (2.19.2)
2025-12-24T02:57:57.1235579Z Collecting mdurl~=0.1 (from markdown-it-py>=2.2.0->rich>=12.4->pip-audit)
2025-12-24T02:57:57.1249945Z   Using cached mdurl-0.1.2-py3-none-any.whl.metadata (1.6 kB)
2025-12-24T02:57:57.1322264Z Using cached pip_audit-2.10.0-py3-none-any.whl (61 kB)
2025-12-24T02:57:57.1336504Z Using cached cyclonedx_python_lib-11.6.0-py3-none-any.whl (511 kB)
2025-12-24T02:57:57.1354098Z Using cached license_expression-30.4.4-py3-none-any.whl (120 kB)
2025-12-24T02:57:57.1368691Z Using cached packageurl_python-0.17.6-py3-none-any.whl (36 kB)
2025-12-24T02:57:57.1381457Z Using cached py_serializable-2.1.0-py3-none-any.whl (23 kB)
2025-12-24T02:57:57.1395235Z Using cached defusedxml-0.7.1-py2.py3-none-any.whl (25 kB)
2025-12-24T02:57:57.1408479Z Using cached sortedcontainers-2.4.0-py2.py3-none-any.whl (29 kB)
2025-12-24T02:57:57.1421764Z Using cached boolean_py-5.0-py3-none-any.whl (26 kB)
2025-12-24T02:57:57.1435463Z Using cached cachecontrol-0.14.4-py3-none-any.whl (22 kB)
2025-12-24T02:57:57.1449345Z Using cached msgpack-1.1.2-cp311-cp311-manylinux2014_x86_64.manylinux_2_17_x86_64.manylinux_2_28_x86_64.whl (426 kB)
2025-12-24T02:57:57.1465849Z Using cached filelock-3.20.1-py3-none-any.whl (16 kB)
2025-12-24T02:57:57.1478821Z Using cached pip_api-0.0.34-py3-none-any.whl (120 kB)
2025-12-24T02:57:57.1493009Z Using cached pip_requirements_parser-32.0.1-py3-none-any.whl (35 kB)
2025-12-24T02:57:57.1506257Z Using cached platformdirs-4.5.1-py3-none-any.whl (18 kB)
2025-12-24T02:57:57.1519861Z Using cached requests-2.32.5-py3-none-any.whl (64 kB)
2025-12-24T02:57:57.1534260Z Using cached charset_normalizer-3.4.4-cp311-cp311-manylinux2014_x86_64.manylinux_2_17_x86_64.manylinux_2_28_x86_64.whl (151 kB)
2025-12-24T02:57:57.1549262Z Using cached urllib3-2.6.2-py3-none-any.whl (131 kB)
2025-12-24T02:57:57.1562895Z Using cached rich-14.2.0-py3-none-any.whl (243 kB)
2025-12-24T02:57:57.1577532Z Using cached markdown_it_py-4.0.0-py3-none-any.whl (87 kB)
2025-12-24T02:57:57.1591337Z Using cached mdurl-0.1.2-py3-none-any.whl (10.0 kB)
2025-12-24T02:57:57.1605284Z Using cached tomli-2.3.0-cp311-cp311-manylinux2014_x86_64.manylinux_2_17_x86_64.manylinux_2_28_x86_64.whl (242 kB)
2025-12-24T02:57:57.1620372Z Using cached tomli_w-1.2.0-py3-none-any.whl (6.7 kB)
2025-12-24T02:57:57.1633096Z Using cached pyparsing-3.3.1-py3-none-any.whl (121 kB)
2025-12-24T02:57:57.2524639Z Installing collected packages: sortedcontainers, boolean.py, urllib3, tomli-w, tomli, pyparsing, platformdirs, pip-api, packageurl-python, msgpack, mdurl, license-expression, filelock, defusedxml, charset_normalizer, requests, py-serializable, pip-requirements-parser, markdown-it-py, rich, cyclonedx-python-lib, CacheControl, pip-audit
2025-12-24T02:57:58.0874048Z
2025-12-24T02:57:58.0911055Z Successfully installed CacheControl-0.14.4 boolean.py-5.0 charset_normalizer-3.4.4 cyclonedx-python-lib-11.6.0 defusedxml-0.7.1 filelock-3.20.1 license-expression-30.4.4 markdown-it-py-4.0.0 mdurl-0.1.2 msgpack-1.1.2 packageurl-python-0.17.6 pip-api-0.0.34 pip-audit-2.10.0 pip-requirements-parser-32.0.1 platformdirs-4.5.1 py-serializable-2.1.0 pyparsing-3.3.1 requests-2.32.5 rich-14.2.0 sortedcontainers-2.4.0 tomli-2.3.0 tomli-w-1.2.0 urllib3-2.6.2
2025-12-24T02:57:59.7385510Z No known vulnerabilities found
2025-12-24T02:58:00.5317299Z No known vulnerabilities found
2025-12-24T02:58:00.5328893Z Name             Skip Reason
2025-12-24T02:58:00.5329726Z ---------------- -------------------------------------------------------------------------------
2025-12-24T02:58:00.5332566Z tunix-rt-backend Dependency not found on PyPI and could not be audited: tunix-rt-backend (0.1.0)
2025-12-24T02:58:00.5850954Z ##[group]Run actions/upload-artifact@6f51ac03b9356f520e9adb1b1b7802705f340c2b
2025-12-24T02:58:00.5851325Z with:
2025-12-24T02:58:00.5851505Z   name: pip-audit-report
2025-12-24T02:58:00.5851731Z   path: backend/pip-audit-report.json
2025-12-24T02:58:00.5851970Z   retention-days: 30
2025-12-24T02:58:00.5852156Z   if-no-files-found: warn
2025-12-24T02:58:00.5852353Z   compression-level: 6
2025-12-24T02:58:00.5852539Z   overwrite: false
2025-12-24T02:58:00.5852718Z   include-hidden-files: false
2025-12-24T02:58:00.5852916Z env:
2025-12-24T02:58:00.5853131Z   pythonLocation: /opt/hostedtoolcache/Python/3.11.14/x64
2025-12-24T02:58:00.5853527Z   PKG_CONFIG_PATH: /opt/hostedtoolcache/Python/3.11.14/x64/lib/pkgconfig
2025-12-24T02:58:00.5853905Z   Python_ROOT_DIR: /opt/hostedtoolcache/Python/3.11.14/x64
2025-12-24T02:58:00.5854251Z   Python2_ROOT_DIR: /opt/hostedtoolcache/Python/3.11.14/x64
2025-12-24T02:58:00.5854582Z   Python3_ROOT_DIR: /opt/hostedtoolcache/Python/3.11.14/x64
2025-12-24T02:58:00.5855142Z   LD_LIBRARY_PATH: /opt/hostedtoolcache/Python/3.11.14/x64/lib
2025-12-24T02:58:00.5855413Z ##[endgroup]
2025-12-24T02:58:00.8189453Z With the provided path, there will be 1 file uploaded
2025-12-24T02:58:00.8208755Z Artifact name is valid!
2025-12-24T02:58:00.8209171Z Root directory input is valid!
2025-12-24T02:58:00.9121188Z Beginning upload of artifact content to blob storage
2025-12-24T02:58:00.9786410Z Uploaded bytes 1065
2025-12-24T02:58:00.9988832Z Finished uploading artifact content to blob storage!
2025-12-24T02:58:00.9992289Z SHA256 hash of uploaded artifact zip is 5d5ad54df55f270560bf6244adc4a8f2d5b4628d297b6f1784fff20ca424cd3d
2025-12-24T02:58:00.9995163Z Finalizing artifact upload
2025-12-24T02:58:01.0944831Z Artifact pip-audit-report.zip successfully finalized. Artifact ID 4958542389
2025-12-24T02:58:01.0946093Z Artifact pip-audit-report has been successfully uploaded! Final size is 1065 bytes. Artifact ID is 4958542389
2025-12-24T02:58:01.0951563Z Artifact download URL: https://github.com/m-cahill/tunix-rt/actions/runs/20476936986/artifacts/4958542389
2025-12-24T02:58:01.1051468Z ##[group]Run pip install cyclonedx-bom
2025-12-24T02:58:01.1051774Z [36;1mpip install cyclonedx-bom[0m
2025-12-24T02:58:01.1085231Z shell: /usr/bin/bash -e {0}
2025-12-24T02:58:01.1085476Z env:
2025-12-24T02:58:01.1085725Z   pythonLocation: /opt/hostedtoolcache/Python/3.11.14/x64
2025-12-24T02:58:01.1086141Z   PKG_CONFIG_PATH: /opt/hostedtoolcache/Python/3.11.14/x64/lib/pkgconfig
2025-12-24T02:58:01.1086550Z   Python_ROOT_DIR: /opt/hostedtoolcache/Python/3.11.14/x64
2025-12-24T02:58:01.1086886Z   Python2_ROOT_DIR: /opt/hostedtoolcache/Python/3.11.14/x64
2025-12-24T02:58:01.1087231Z   Python3_ROOT_DIR: /opt/hostedtoolcache/Python/3.11.14/x64
2025-12-24T02:58:01.1087566Z   LD_LIBRARY_PATH: /opt/hostedtoolcache/Python/3.11.14/x64/lib
2025-12-24T02:58:01.1088087Z ##[endgroup]
2025-12-24T02:58:01.5677676Z Collecting cyclonedx-bom
2025-12-24T02:58:01.5732361Z   Using cached cyclonedx_bom-7.2.1-py3-none-any.whl.metadata (9.3 kB)
2025-12-24T02:58:01.5893720Z Collecting chardet<6.0,>=5.1 (from cyclonedx-bom)
2025-12-24T02:58:01.5895828Z   Using cached chardet-5.2.0-py3-none-any.whl.metadata (3.4 kB)
2025-12-24T02:58:01.5916976Z Requirement already satisfied: cyclonedx-python-lib<12,>=8.0 in /opt/hostedtoolcache/Python/3.11.14/x64/lib/python3.11/site-packages (from cyclonedx-python-lib[validation]<12,>=8.0->cyclonedx-bom) (11.6.0)
2025-12-24T02:58:01.5926236Z Requirement already satisfied: packageurl-python<2,>=0.11 in /opt/hostedtoolcache/Python/3.11.14/x64/lib/python3.11/site-packages (from cyclonedx-bom) (0.17.6)
2025-12-24T02:58:01.5935768Z Requirement already satisfied: packaging<26,>=22 in /opt/hostedtoolcache/Python/3.11.14/x64/lib/python3.11/site-packages (from cyclonedx-bom) (25.0)
2025-12-24T02:58:01.5941089Z Requirement already satisfied: pip-requirements-parser<33.0,>=32.0 in /opt/hostedtoolcache/Python/3.11.14/x64/lib/python3.11/site-packages (from cyclonedx-bom) (32.0.1)
2025-12-24T02:58:01.5961552Z Requirement already satisfied: license-expression<31,>=30 in /opt/hostedtoolcache/Python/3.11.14/x64/lib/python3.11/site-packages (from cyclonedx-python-lib<12,>=8.0->cyclonedx-python-lib[validation]<12,>=8.0->cyclonedx-bom) (30.4.4)
2025-12-24T02:58:01.5971980Z Requirement already satisfied: py-serializable<3.0.0,>=2.1.0 in /opt/hostedtoolcache/Python/3.11.14/x64/lib/python3.11/site-packages (from cyclonedx-python-lib<12,>=8.0->cyclonedx-python-lib[validation]<12,>=8.0->cyclonedx-bom) (2.1.0)
2025-12-24T02:58:01.5981065Z Requirement already satisfied: sortedcontainers<3.0.0,>=2.4.0 in /opt/hostedtoolcache/Python/3.11.14/x64/lib/python3.11/site-packages (from cyclonedx-python-lib<12,>=8.0->cyclonedx-python-lib[validation]<12,>=8.0->cyclonedx-bom) (2.4.0)
2025-12-24T02:58:01.6029116Z Requirement already satisfied: typing_extensions<5.0,>=4.6 in /opt/hostedtoolcache/Python/3.11.14/x64/lib/python3.11/site-packages (from cyclonedx-python-lib<12,>=8.0->cyclonedx-python-lib[validation]<12,>=8.0->cyclonedx-bom) (4.15.0)
2025-12-24T02:58:01.6264586Z Collecting jsonschema<5.0,>=4.25 (from jsonschema[format-nongpl]<5.0,>=4.25; extra == "validation" or extra == "json-validation"->cyclonedx-python-lib[validation]<12,>=8.0->cyclonedx-bom)
2025-12-24T02:58:01.6280810Z   Using cached jsonschema-4.25.1-py3-none-any.whl.metadata (7.6 kB)
2025-12-24T02:58:01.8846754Z Collecting lxml<7,>=4 (from cyclonedx-python-lib[validation]<12,>=8.0->cyclonedx-bom)
2025-12-24T02:58:01.8879080Z   Using cached lxml-6.0.2-cp311-cp311-manylinux_2_26_x86_64.manylinux_2_28_x86_64.whl.metadata (3.6 kB)
2025-12-24T02:58:01.9326818Z Collecting referencing>=0.28.4 (from cyclonedx-python-lib[validation]<12,>=8.0->cyclonedx-bom)
2025-12-24T02:58:01.9344616Z   Using cached referencing-0.37.0-py3-none-any.whl.metadata (2.8 kB)
2025-12-24T02:58:01.9534698Z Collecting attrs>=22.2.0 (from jsonschema<5.0,>=4.25->jsonschema[format-nongpl]<5.0,>=4.25; extra == "validation" or extra == "json-validation"->cyclonedx-python-lib[validation]<12,>=8.0->cyclonedx-bom)
2025-12-24T02:58:01.9550361Z   Using cached attrs-25.4.0-py3-none-any.whl.metadata (10 kB)
2025-12-24T02:58:01.9705546Z Collecting jsonschema-specifications>=2023.03.6 (from jsonschema<5.0,>=4.25->jsonschema[format-nongpl]<5.0,>=4.25; extra == "validation" or extra == "json-validation"->cyclonedx-python-lib[validation]<12,>=8.0->cyclonedx-bom)
2025-12-24T02:58:01.9719821Z   Using cached jsonschema_specifications-2025.9.1-py3-none-any.whl.metadata (2.9 kB)
2025-12-24T02:58:02.2532870Z Collecting rpds-py>=0.7.1 (from jsonschema<5.0,>=4.25->jsonschema[format-nongpl]<5.0,>=4.25; extra == "validation" or extra == "json-validation"->cyclonedx-python-lib[validation]<12,>=8.0->cyclonedx-bom)
2025-12-24T02:58:02.2549604Z   Using cached rpds_py-0.30.0-cp311-cp311-manylinux_2_17_x86_64.manylinux2014_x86_64.whl.metadata (4.1 kB)
2025-12-24T02:58:02.2691192Z Collecting fqdn (from jsonschema[format-nongpl]<5.0,>=4.25; extra == "validation" or extra == "json-validation"->cyclonedx-python-lib[validation]<12,>=8.0->cyclonedx-bom)
2025-12-24T02:58:02.2704753Z   Using cached fqdn-1.5.1-py3-none-any.whl.metadata (1.4 kB)
2025-12-24T02:58:02.2722811Z Requirement already satisfied: idna in /opt/hostedtoolcache/Python/3.11.14/x64/lib/python3.11/site-packages (from jsonschema[format-nongpl]<5.0,>=4.25; extra == "validation" or extra == "json-validation"->cyclonedx-python-lib[validation]<12,>=8.0->cyclonedx-bom) (3.11)
2025-12-24T02:58:02.2823215Z Collecting isoduration (from jsonschema[format-nongpl]<5.0,>=4.25; extra == "validation" or extra == "json-validation"->cyclonedx-python-lib[validation]<12,>=8.0->cyclonedx-bom)
2025-12-24T02:58:02.2836314Z   Using cached isoduration-20.11.0-py3-none-any.whl.metadata (5.7 kB)
2025-12-24T02:58:02.2982651Z Collecting jsonpointer>1.13 (from jsonschema[format-nongpl]<5.0,>=4.25; extra == "validation" or extra == "json-validation"->cyclonedx-python-lib[validation]<12,>=8.0->cyclonedx-bom)
2025-12-24T02:58:02.2996395Z   Using cached jsonpointer-3.0.0-py2.py3-none-any.whl.metadata (2.3 kB)
2025-12-24T02:58:02.3117642Z Collecting rfc3339-validator (from jsonschema[format-nongpl]<5.0,>=4.25; extra == "validation" or extra == "json-validation"->cyclonedx-python-lib[validation]<12,>=8.0->cyclonedx-bom)
2025-12-24T02:58:02.3133495Z   Using cached rfc3339_validator-0.1.4-py2.py3-none-any.whl.metadata (1.5 kB)
2025-12-24T02:58:02.3243749Z Collecting rfc3986-validator>0.1.0 (from jsonschema[format-nongpl]<5.0,>=4.25; extra == "validation" or extra == "json-validation"->cyclonedx-python-lib[validation]<12,>=8.0->cyclonedx-bom)
2025-12-24T02:58:02.3258579Z   Using cached rfc3986_validator-0.1.1-py2.py3-none-any.whl.metadata (1.7 kB)
2025-12-24T02:58:02.3372000Z Collecting rfc3987-syntax>=1.1.0 (from jsonschema[format-nongpl]<5.0,>=4.25; extra == "validation" or extra == "json-validation"->cyclonedx-python-lib[validation]<12,>=8.0->cyclonedx-bom)
2025-12-24T02:58:02.3385691Z   Using cached rfc3987_syntax-1.1.0-py3-none-any.whl.metadata (7.7 kB)
2025-12-24T02:58:02.3505383Z Collecting uri-template (from jsonschema[format-nongpl]<5.0,>=4.25; extra == "validation" or extra == "json-validation"->cyclonedx-python-lib[validation]<12,>=8.0->cyclonedx-bom)
2025-12-24T02:58:02.3519618Z   Using cached uri_template-1.3.0-py3-none-any.whl.metadata (8.8 kB)
2025-12-24T02:58:02.3667839Z Collecting webcolors>=24.6.0 (from jsonschema[format-nongpl]<5.0,>=4.25; extra == "validation" or extra == "json-validation"->cyclonedx-python-lib[validation]<12,>=8.0->cyclonedx-bom)
2025-12-24T02:58:02.3681641Z   Using cached webcolors-25.10.0-py3-none-any.whl.metadata (2.2 kB)
2025-12-24T02:58:02.3704826Z Requirement already satisfied: boolean.py>=4.0 in /opt/hostedtoolcache/Python/3.11.14/x64/lib/python3.11/site-packages (from license-expression<31,>=30->cyclonedx-python-lib<12,>=8.0->cyclonedx-python-lib[validation]<12,>=8.0->cyclonedx-bom) (5.0)
2025-12-24T02:58:02.3753524Z Requirement already satisfied: pyparsing in /opt/hostedtoolcache/Python/3.11.14/x64/lib/python3.11/site-packages (from pip-requirements-parser<33.0,>=32.0->cyclonedx-bom) (3.3.1)
2025-12-24T02:58:02.3774823Z Requirement already satisfied: defusedxml<0.8.0,>=0.7.1 in /opt/hostedtoolcache/Python/3.11.14/x64/lib/python3.11/site-packages (from py-serializable<3.0.0,>=2.1.0->cyclonedx-python-lib<12,>=8.0->cyclonedx-python-lib[validation]<12,>=8.0->cyclonedx-bom) (0.7.1)
2025-12-24T02:58:02.4135834Z Collecting lark>=1.2.2 (from rfc3987-syntax>=1.1.0->jsonschema[format-nongpl]<5.0,>=4.25; extra == "validation" or extra == "json-validation"->cyclonedx-python-lib[validation]<12,>=8.0->cyclonedx-bom)
2025-12-24T02:58:02.4150258Z   Using cached lark-1.3.1-py3-none-any.whl.metadata (1.8 kB)
2025-12-24T02:58:02.4405415Z Collecting arrow>=0.15.0 (from isoduration->jsonschema[format-nongpl]<5.0,>=4.25; extra == "validation" or extra == "json-validation"->cyclonedx-python-lib[validation]<12,>=8.0->cyclonedx-bom)
2025-12-24T02:58:02.4420052Z   Using cached arrow-1.4.0-py3-none-any.whl.metadata (7.7 kB)
2025-12-24T02:58:02.4617189Z Collecting python-dateutil>=2.7.0 (from arrow>=0.15.0->isoduration->jsonschema[format-nongpl]<5.0,>=4.25; extra == "validation" or extra == "json-validation"->cyclonedx-python-lib[validation]<12,>=8.0->cyclonedx-bom)
2025-12-24T02:58:02.4631604Z   Using cached python_dateutil-2.9.0.post0-py2.py3-none-any.whl.metadata (8.4 kB)
2025-12-24T02:58:02.4800345Z Collecting tzdata (from arrow>=0.15.0->isoduration->jsonschema[format-nongpl]<5.0,>=4.25; extra == "validation" or extra == "json-validation"->cyclonedx-python-lib[validation]<12,>=8.0->cyclonedx-bom)
2025-12-24T02:58:02.4815809Z   Using cached tzdata-2025.3-py2.py3-none-any.whl.metadata (1.4 kB)
2025-12-24T02:58:02.4984339Z Collecting six>=1.5 (from python-dateutil>=2.7.0->arrow>=0.15.0->isoduration->jsonschema[format-nongpl]<5.0,>=4.25; extra == "validation" or extra == "json-validation"->cyclonedx-python-lib[validation]<12,>=8.0->cyclonedx-bom)
2025-12-24T02:58:02.4999291Z   Using cached six-1.17.0-py2.py3-none-any.whl.metadata (1.7 kB)
2025-12-24T02:58:02.5098867Z Using cached cyclonedx_bom-7.2.1-py3-none-any.whl (60 kB)
2025-12-24T02:58:02.5112593Z Using cached chardet-5.2.0-py3-none-any.whl (199 kB)
2025-12-24T02:58:02.5127080Z Using cached jsonschema-4.25.1-py3-none-any.whl (90 kB)
2025-12-24T02:58:02.5141661Z Using cached lxml-6.0.2-cp311-cp311-manylinux_2_26_x86_64.manylinux_2_28_x86_64.whl (5.2 MB)
2025-12-24T02:58:02.5193259Z Using cached attrs-25.4.0-py3-none-any.whl (67 kB)
2025-12-24T02:58:02.5206669Z Using cached jsonpointer-3.0.0-py2.py3-none-any.whl (7.6 kB)
2025-12-24T02:58:02.5220407Z Using cached jsonschema_specifications-2025.9.1-py3-none-any.whl (18 kB)
2025-12-24T02:58:02.5233754Z Using cached referencing-0.37.0-py3-none-any.whl (26 kB)
2025-12-24T02:58:02.5247169Z Using cached rfc3986_validator-0.1.1-py2.py3-none-any.whl (4.2 kB)
2025-12-24T02:58:02.5260523Z Using cached rfc3987_syntax-1.1.0-py3-none-any.whl (8.0 kB)
2025-12-24T02:58:02.5273695Z Using cached lark-1.3.1-py3-none-any.whl (113 kB)
2025-12-24T02:58:02.5288178Z Using cached rpds_py-0.30.0-cp311-cp311-manylinux_2_17_x86_64.manylinux2014_x86_64.whl (390 kB)
2025-12-24T02:58:02.5304560Z Using cached webcolors-25.10.0-py3-none-any.whl (14 kB)
2025-12-24T02:58:02.5317527Z Using cached fqdn-1.5.1-py3-none-any.whl (9.1 kB)
2025-12-24T02:58:02.5331297Z Using cached isoduration-20.11.0-py3-none-any.whl (11 kB)
2025-12-24T02:58:02.5344181Z Using cached arrow-1.4.0-py3-none-any.whl (68 kB)
2025-12-24T02:58:02.5358151Z Using cached python_dateutil-2.9.0.post0-py2.py3-none-any.whl (229 kB)
2025-12-24T02:58:02.5373529Z Using cached six-1.17.0-py2.py3-none-any.whl (11 kB)
2025-12-24T02:58:02.5386954Z Using cached rfc3339_validator-0.1.4-py2.py3-none-any.whl (3.5 kB)
2025-12-24T02:58:02.5400222Z Using cached tzdata-2025.3-py2.py3-none-any.whl (348 kB)
2025-12-24T02:58:02.5415660Z Using cached uri_template-1.3.0-py3-none-any.whl (11 kB)
2025-12-24T02:58:02.6445327Z Installing collected packages: webcolors, uri-template, tzdata, six, rpds-py, rfc3986-validator, lxml, lark, jsonpointer, fqdn, chardet, attrs, rfc3987-syntax, rfc3339-validator, referencing, python-dateutil, jsonschema-specifications, arrow, jsonschema, isoduration, cyclonedx-bom
2025-12-24T02:58:03.4179258Z
2025-12-24T02:58:03.4221010Z Successfully installed arrow-1.4.0 attrs-25.4.0 chardet-5.2.0 cyclonedx-bom-7.2.1 fqdn-1.5.1 isoduration-20.11.0 jsonpointer-3.0.0 jsonschema-4.25.1 jsonschema-specifications-2025.9.1 lark-1.3.1 lxml-6.0.2 python-dateutil-2.9.0.post0 referencing-0.37.0 rfc3339-validator-0.1.4 rfc3986-validator-0.1.1 rfc3987-syntax-1.1.0 rpds-py-0.30.0 six-1.17.0 tzdata-2025.3 uri-template-1.3.0 webcolors-25.10.0
2025-12-24T02:58:03.5491637Z ##[group]Run cd ../backend
2025-12-24T02:58:03.5492082Z [36;1mcd ../backend[0m
2025-12-24T02:58:03.5492617Z [36;1mcyclonedx-py requirements -i pyproject.toml -o sbom.json[0m
2025-12-24T02:58:03.5541867Z shell: /usr/bin/bash -e {0}
2025-12-24T02:58:03.5542251Z env:
2025-12-24T02:58:03.5542652Z   pythonLocation: /opt/hostedtoolcache/Python/3.11.14/x64
2025-12-24T02:58:03.5543372Z   PKG_CONFIG_PATH: /opt/hostedtoolcache/Python/3.11.14/x64/lib/pkgconfig
2025-12-24T02:58:03.5544064Z   Python_ROOT_DIR: /opt/hostedtoolcache/Python/3.11.14/x64
2025-12-24T02:58:03.5544690Z   Python2_ROOT_DIR: /opt/hostedtoolcache/Python/3.11.14/x64
2025-12-24T02:58:03.5545331Z   Python3_ROOT_DIR: /opt/hostedtoolcache/Python/3.11.14/x64
2025-12-24T02:58:03.5545948Z   LD_LIBRARY_PATH: /opt/hostedtoolcache/Python/3.11.14/x64/lib
2025-12-24T02:58:03.5546470Z ##[endgroup]
2025-12-24T02:58:03.7507362Z CRITICAL | CDX > Could not open requirements file: requirements.txt|n[Errno 2] No such file or directory: 'requirements.txt'
2025-12-24T02:58:03.7979648Z ##[error]Process completed with exit code 1.
2025-12-24T02:58:03.8020367Z ##[group]Run actions/upload-artifact@6f51ac03b9356f520e9adb1b1b7802705f340c2b
2025-12-24T02:58:03.8020735Z with:
2025-12-24T02:58:03.8020901Z   name: backend-sbom
2025-12-24T02:58:03.8021089Z   path: backend/sbom.json
2025-12-24T02:58:03.8021290Z   retention-days: 90
2025-12-24T02:58:03.8021465Z   if-no-files-found: warn
2025-12-24T02:58:03.8021662Z   compression-level: 6
2025-12-24T02:58:03.8021859Z   overwrite: false
2025-12-24T02:58:03.8022036Z   include-hidden-files: false
2025-12-24T02:58:03.8022235Z env:
2025-12-24T02:58:03.8022454Z   pythonLocation: /opt/hostedtoolcache/Python/3.11.14/x64
2025-12-24T02:58:03.8022848Z   PKG_CONFIG_PATH: /opt/hostedtoolcache/Python/3.11.14/x64/lib/pkgconfig
2025-12-24T02:58:03.8023220Z   Python_ROOT_DIR: /opt/hostedtoolcache/Python/3.11.14/x64
2025-12-24T02:58:03.8023556Z   Python2_ROOT_DIR: /opt/hostedtoolcache/Python/3.11.14/x64
2025-12-24T02:58:03.8023881Z   Python3_ROOT_DIR: /opt/hostedtoolcache/Python/3.11.14/x64
2025-12-24T02:58:03.8024242Z   LD_LIBRARY_PATH: /opt/hostedtoolcache/Python/3.11.14/x64/lib
2025-12-24T02:58:03.8024515Z ##[endgroup]
2025-12-24T02:58:04.0438331Z With the provided path, there will be 1 file uploaded
2025-12-24T02:58:04.0442049Z Artifact name is valid!
2025-12-24T02:58:04.0443654Z Root directory input is valid!
2025-12-24T02:58:04.1400067Z Beginning upload of artifact content to blob storage
2025-12-24T02:58:04.2092801Z Uploaded bytes 134
2025-12-24T02:58:04.2292467Z Finished uploading artifact content to blob storage!
2025-12-24T02:58:04.2296721Z SHA256 hash of uploaded artifact zip is 1d12f4a6c4e1c79d1fe27ddfc2c098e19c954e765b79cbb54f2fbeea12bdbcbe
2025-12-24T02:58:04.2301406Z Finalizing artifact upload
2025-12-24T02:58:04.3165848Z Artifact backend-sbom.zip successfully finalized. Artifact ID 4958542653
2025-12-24T02:58:04.3168414Z Artifact backend-sbom has been successfully uploaded! Final size is 134 bytes. Artifact ID is 4958542653
2025-12-24T02:58:04.3174111Z Artifact download URL: https://github.com/m-cahill/tunix-rt/actions/runs/20476936986/artifacts/4958542653
2025-12-24T02:58:04.3984136Z Post job cleanup.
2025-12-24T02:58:04.5367811Z Cache hit occurred on the primary key security-tools-Linux-64953fd675460340fdcb2a6d53936f96fdb0712c15a05dd4de709ab544c3847e, not saving cache.
2025-12-24T02:58:04.5477216Z Post job cleanup.
2025-12-24T02:58:04.7239663Z [command]/usr/bin/tar --posix -cf cache.tzst --exclude cache.tzst -P -C /home/runner/work/tunix-rt/tunix-rt --files-from manifest.txt --use-compress-program zstdmt
2025-12-24T02:58:05.0540591Z ##[warning]Failed to save: <h2>Our services aren't available right now</h2><p>We're working to restore all services as soon as possible. Please check back soon.</p>0vVZLaQAAAABdH0UcLs7RSpZGphWLVhDhUEhMMzBFREdFMDQxNwBFZGdl
2025-12-24T02:58:05.0804292Z Post job cleanup.
2025-12-24T02:58:05.1911908Z [command]/usr/bin/git version
2025-12-24T02:58:05.1953177Z git version 2.52.0
2025-12-24T02:58:05.2003484Z Temporarily overriding HOME='/home/runner/work/_temp/eb950807-c8dd-44cc-b068-3521f296ede0' before making global git config changes
2025-12-24T02:58:05.2005956Z Adding repository directory to the temporary git global config as a safe directory
2025-12-24T02:58:05.2010525Z [command]/usr/bin/git config --global --add safe.directory /home/runner/work/tunix-rt/tunix-rt
2025-12-24T02:58:05.2055614Z [command]/usr/bin/git config --local --name-only --get-regexp core\.sshCommand
2025-12-24T02:58:05.2099807Z [command]/usr/bin/git submodule foreach --recursive sh -c "git config --local --name-only --get-regexp 'core\.sshCommand' && git config --local --unset-all 'core.sshCommand' || :"
2025-12-24T02:58:05.2482197Z [command]/usr/bin/git config --local --name-only --get-regexp http\.https\:\/\/github\.com\/\.extraheader
2025-12-24T02:58:05.2518802Z http.https://github.com/.extraheader
2025-12-24T02:58:05.2525881Z [command]/usr/bin/git config --local --unset-all http.https://github.com/.extraheader
2025-12-24T02:58:05.2579570Z [command]/usr/bin/git submodule foreach --recursive sh -c "git config --local --name-only --get-regexp 'http\.https\:\/\/github\.com\/\.extraheader' && git config --local --unset-all 'http.https://github.com/.extraheader' || :"
2025-12-24T02:58:05.3134906Z Cleaning up orphan processes
