2025-12-23T20:54:26.3396881Z Current runner version: '2.330.0'
2025-12-23T20:54:26.3429648Z ##[group]Runner Image Provisioner
2025-12-23T20:54:26.3430937Z Hosted Compute Agent
2025-12-23T20:54:26.3432078Z Version: 20251211.462
2025-12-23T20:54:26.3433055Z Commit: 6cbad8c2bb55d58165063d031ccabf57e2d2db61
2025-12-23T20:54:26.3434200Z Build Date: 2025-12-11T16:28:49Z
2025-12-23T20:54:26.3435454Z Worker ID: {4fc35798-ec47-46b6-b1f3-2023f6716aed}
2025-12-23T20:54:26.3437006Z ##[endgroup]
2025-12-23T20:54:26.3437914Z ##[group]Operating System
2025-12-23T20:54:26.3439008Z Ubuntu
2025-12-23T20:54:26.3439742Z 24.04.3
2025-12-23T20:54:26.3440560Z LTS
2025-12-23T20:54:26.3441480Z ##[endgroup]
2025-12-23T20:54:26.3442395Z ##[group]Runner Image
2025-12-23T20:54:26.3443384Z Image: ubuntu-24.04
2025-12-23T20:54:26.3444342Z Version: 20251215.174.1
2025-12-23T20:54:26.3446216Z Included Software: https://github.com/actions/runner-images/blob/ubuntu24/20251215.174/images/ubuntu/Ubuntu2404-Readme.md
2025-12-23T20:54:26.3449149Z Image Release: https://github.com/actions/runner-images/releases/tag/ubuntu24%2F20251215.174
2025-12-23T20:54:26.3451945Z ##[endgroup]
2025-12-23T20:54:26.3453678Z ##[group]GITHUB_TOKEN Permissions
2025-12-23T20:54:26.3456336Z Contents: read
2025-12-23T20:54:26.3457509Z Metadata: read
2025-12-23T20:54:26.3458295Z ##[endgroup]
2025-12-23T20:54:26.3461355Z Secret source: Actions
2025-12-23T20:54:26.3462438Z Prepare workflow directory
2025-12-23T20:54:26.4222821Z Prepare all required actions
2025-12-23T20:54:26.4280975Z Getting action download info
2025-12-23T20:54:26.8965145Z Download action repository 'actions/checkout@11bd71901bbe5b1630ceea73d27597364c9af683' (SHA:11bd71901bbe5b1630ceea73d27597364c9af683)
2025-12-23T20:54:27.0264009Z Download action repository 'actions/setup-python@0b93645e9fea7318ecaed2b359559ac225c90a2b' (SHA:0b93645e9fea7318ecaed2b359559ac225c90a2b)
2025-12-23T20:54:27.2008925Z Download action repository 'actions/upload-artifact@6f51ac03b9356f520e9adb1b1b7802705f340c2b' (SHA:6f51ac03b9356f520e9adb1b1b7802705f340c2b)
2025-12-23T20:54:27.5993220Z Complete job name: backend (3.11)
2025-12-23T20:54:27.6784165Z ##[group]Run actions/checkout@11bd71901bbe5b1630ceea73d27597364c9af683
2025-12-23T20:54:27.6785757Z with:
2025-12-23T20:54:27.6786707Z   repository: m-cahill/tunix-rt
2025-12-23T20:54:27.6787946Z   token: ***
2025-12-23T20:54:27.6788639Z   ssh-strict: true
2025-12-23T20:54:27.6789334Z   ssh-user: git
2025-12-23T20:54:27.6790066Z   persist-credentials: true
2025-12-23T20:54:27.6790889Z   clean: true
2025-12-23T20:54:27.6791623Z   sparse-checkout-cone-mode: true
2025-12-23T20:54:27.6792497Z   fetch-depth: 1
2025-12-23T20:54:27.6793197Z   fetch-tags: false
2025-12-23T20:54:27.6793916Z   show-progress: true
2025-12-23T20:54:27.6794644Z   lfs: false
2025-12-23T20:54:27.6795314Z   submodules: false
2025-12-23T20:54:27.6796052Z   set-safe-directory: true
2025-12-23T20:54:27.6797349Z ##[endgroup]
2025-12-23T20:54:27.7939002Z Syncing repository: m-cahill/tunix-rt
2025-12-23T20:54:27.7942540Z ##[group]Getting Git version info
2025-12-23T20:54:27.7945025Z Working directory is '/home/runner/work/tunix-rt/tunix-rt'
2025-12-23T20:54:27.7951208Z [command]/usr/bin/git version
2025-12-23T20:54:27.8020965Z git version 2.52.0
2025-12-23T20:54:27.8052942Z ##[endgroup]
2025-12-23T20:54:27.8070172Z Temporarily overriding HOME='/home/runner/work/_temp/027df39d-b9d9-4527-ad6f-2aac9bf1ecf9' before making global git config changes
2025-12-23T20:54:27.8078756Z Adding repository directory to the temporary git global config as a safe directory
2025-12-23T20:54:27.8082101Z [command]/usr/bin/git config --global --add safe.directory /home/runner/work/tunix-rt/tunix-rt
2025-12-23T20:54:27.8133472Z Deleting the contents of '/home/runner/work/tunix-rt/tunix-rt'
2025-12-23T20:54:27.8137793Z ##[group]Initializing the repository
2025-12-23T20:54:27.8142231Z [command]/usr/bin/git init /home/runner/work/tunix-rt/tunix-rt
2025-12-23T20:54:27.8246020Z hint: Using 'master' as the name for the initial branch. This default branch name
2025-12-23T20:54:27.8251175Z hint: will change to "main" in Git 3.0. To configure the initial branch name
2025-12-23T20:54:27.8256179Z hint: to use in all of your new repositories, which will suppress this warning,
2025-12-23T20:54:27.8260106Z hint: call:
2025-12-23T20:54:27.8261174Z hint:
2025-12-23T20:54:27.8262975Z hint: 	git config --global init.defaultBranch <name>
2025-12-23T20:54:27.8265540Z hint:
2025-12-23T20:54:27.8267440Z hint: Names commonly chosen instead of 'master' are 'main', 'trunk' and
2025-12-23T20:54:27.8270203Z hint: 'development'. The just-created branch can be renamed via this command:
2025-12-23T20:54:27.8272386Z hint:
2025-12-23T20:54:27.8273431Z hint: 	git branch -m <name>
2025-12-23T20:54:27.8274670Z hint:
2025-12-23T20:54:27.8276392Z hint: Disable this message with "git config set advice.defaultBranchName false"
2025-12-23T20:54:27.8279848Z Initialized empty Git repository in /home/runner/work/tunix-rt/tunix-rt/.git/
2025-12-23T20:54:27.8284381Z [command]/usr/bin/git remote add origin https://github.com/m-cahill/tunix-rt
2025-12-23T20:54:27.8314041Z ##[endgroup]
2025-12-23T20:54:27.8316055Z ##[group]Disabling automatic garbage collection
2025-12-23T20:54:27.8319566Z [command]/usr/bin/git config --local gc.auto 0
2025-12-23T20:54:27.8347428Z ##[endgroup]
2025-12-23T20:54:27.8349394Z ##[group]Setting up auth
2025-12-23T20:54:27.8355025Z [command]/usr/bin/git config --local --name-only --get-regexp core\.sshCommand
2025-12-23T20:54:27.8390013Z [command]/usr/bin/git submodule foreach --recursive sh -c "git config --local --name-only --get-regexp 'core\.sshCommand' && git config --local --unset-all 'core.sshCommand' || :"
2025-12-23T20:54:27.8744211Z [command]/usr/bin/git config --local --name-only --get-regexp http\.https\:\/\/github\.com\/\.extraheader
2025-12-23T20:54:27.8781929Z [command]/usr/bin/git submodule foreach --recursive sh -c "git config --local --name-only --get-regexp 'http\.https\:\/\/github\.com\/\.extraheader' && git config --local --unset-all 'http.https://github.com/.extraheader' || :"
2025-12-23T20:54:27.9013234Z [command]/usr/bin/git config --local http.https://github.com/.extraheader AUTHORIZATION: basic ***
2025-12-23T20:54:27.9055423Z ##[endgroup]
2025-12-23T20:54:27.9058432Z ##[group]Fetching the repository
2025-12-23T20:54:27.9077760Z [command]/usr/bin/git -c protocol.version=2 fetch --no-tags --prune --no-recurse-submodules --depth=1 origin +2ccfd9db7035c0266cabb560c4bccc09a5f712af:refs/remotes/origin/main
2025-12-23T20:54:28.9935041Z From https://github.com/m-cahill/tunix-rt
2025-12-23T20:54:28.9937548Z  * [new ref]         2ccfd9db7035c0266cabb560c4bccc09a5f712af -> origin/main
2025-12-23T20:54:28.9970289Z ##[endgroup]
2025-12-23T20:54:28.9971593Z ##[group]Determining the checkout info
2025-12-23T20:54:28.9981893Z ##[endgroup]
2025-12-23T20:54:28.9982672Z [command]/usr/bin/git sparse-checkout disable
2025-12-23T20:54:29.0023190Z [command]/usr/bin/git config --local --unset-all extensions.worktreeConfig
2025-12-23T20:54:29.0065578Z ##[group]Checking out the ref
2025-12-23T20:54:29.0078115Z [command]/usr/bin/git checkout --progress --force -B main refs/remotes/origin/main
2025-12-23T20:54:29.1971144Z Switched to a new branch 'main'
2025-12-23T20:54:29.1980508Z branch 'main' set up to track 'origin/main'.
2025-12-23T20:54:29.1999389Z ##[endgroup]
2025-12-23T20:54:29.2034025Z [command]/usr/bin/git log -1 --format=%H
2025-12-23T20:54:29.2058774Z 2ccfd9db7035c0266cabb560c4bccc09a5f712af
2025-12-23T20:54:29.2319116Z ##[group]Run actions/setup-python@0b93645e9fea7318ecaed2b359559ac225c90a2b
2025-12-23T20:54:29.2320043Z with:
2025-12-23T20:54:29.2320446Z   python-version: 3.11
2025-12-23T20:54:29.2320908Z   cache: pip
2025-12-23T20:54:29.2321423Z   cache-dependency-path: backend/pyproject.toml
2025-12-23T20:54:29.2322111Z   check-latest: false
2025-12-23T20:54:29.2322791Z   token: ***
2025-12-23T20:54:29.2323215Z   update-environment: true
2025-12-23T20:54:29.2323755Z   allow-prereleases: false
2025-12-23T20:54:29.2324248Z ##[endgroup]
2025-12-23T20:54:29.3929863Z ##[group]Installed versions
2025-12-23T20:54:29.4044049Z Successfully set up CPython (3.11.14)
2025-12-23T20:54:29.4046292Z ##[endgroup]
2025-12-23T20:54:29.4348686Z [command]/opt/hostedtoolcache/Python/3.11.14/x64/bin/pip cache dir
2025-12-23T20:54:29.7983007Z /home/runner/.cache/pip
2025-12-23T20:54:29.9310928Z ##[warning]Failed to restore: Cache service responded with 400
2025-12-23T20:54:29.9327577Z pip cache is not found
2025-12-23T20:54:29.9460807Z ##[group]Run python -m pip install -e ".[dev]"
2025-12-23T20:54:29.9461630Z [36;1mpython -m pip install -e ".[dev]"[0m
2025-12-23T20:54:29.9502637Z shell: /usr/bin/bash -e {0}
2025-12-23T20:54:29.9503145Z env:
2025-12-23T20:54:29.9503684Z   pythonLocation: /opt/hostedtoolcache/Python/3.11.14/x64
2025-12-23T20:54:29.9504683Z   PKG_CONFIG_PATH: /opt/hostedtoolcache/Python/3.11.14/x64/lib/pkgconfig
2025-12-23T20:54:29.9505655Z   Python_ROOT_DIR: /opt/hostedtoolcache/Python/3.11.14/x64
2025-12-23T20:54:29.9506818Z   Python2_ROOT_DIR: /opt/hostedtoolcache/Python/3.11.14/x64
2025-12-23T20:54:29.9507741Z   Python3_ROOT_DIR: /opt/hostedtoolcache/Python/3.11.14/x64
2025-12-23T20:54:29.9508645Z   LD_LIBRARY_PATH: /opt/hostedtoolcache/Python/3.11.14/x64/lib
2025-12-23T20:54:29.9509349Z ##[endgroup]
2025-12-23T20:54:30.6118239Z Obtaining file:///home/runner/work/tunix-rt/tunix-rt/backend
2025-12-23T20:54:30.6146975Z   Installing build dependencies: started
2025-12-23T20:54:31.6514836Z   Installing build dependencies: finished with status 'done'
2025-12-23T20:54:31.6519824Z   Checking if build backend supports build_editable: started
2025-12-23T20:54:31.9260521Z   Checking if build backend supports build_editable: finished with status 'done'
2025-12-23T20:54:31.9269151Z   Getting requirements to build editable: started
2025-12-23T20:54:32.2221634Z   Getting requirements to build editable: finished with status 'done'
2025-12-23T20:54:32.2233747Z   Preparing editable metadata (pyproject.toml): started
2025-12-23T20:54:32.3975930Z   Preparing editable metadata (pyproject.toml): finished with status 'done'
2025-12-23T20:54:32.5431658Z Collecting fastapi==0.125.0 (from tunix-rt-backend==0.1.0)
2025-12-23T20:54:32.6203951Z   Downloading fastapi-0.125.0-py3-none-any.whl.metadata (30 kB)
2025-12-23T20:54:32.6723610Z Collecting uvicorn==0.38.0 (from uvicorn[standard]==0.38.0->tunix-rt-backend==0.1.0)
2025-12-23T20:54:32.6843971Z   Downloading uvicorn-0.38.0-py3-none-any.whl.metadata (6.8 kB)
2025-12-23T20:54:32.7237386Z Collecting httpx==0.28.1 (from tunix-rt-backend==0.1.0)
2025-12-23T20:54:32.7353915Z   Downloading httpx-0.28.1-py3-none-any.whl.metadata (7.1 kB)
2025-12-23T20:54:32.8788518Z Collecting pydantic==2.12.5 (from tunix-rt-backend==0.1.0)
2025-12-23T20:54:32.8907973Z   Downloading pydantic-2.12.5-py3-none-any.whl.metadata (90 kB)
2025-12-23T20:54:32.9279432Z Collecting pydantic-settings==2.12.0 (from tunix-rt-backend==0.1.0)
2025-12-23T20:54:32.9395497Z   Downloading pydantic_settings-2.12.0-py3-none-any.whl.metadata (3.4 kB)
2025-12-23T20:54:33.2399051Z Collecting sqlalchemy==2.0.45 (from sqlalchemy[asyncio]==2.0.45->tunix-rt-backend==0.1.0)
2025-12-23T20:54:33.2519217Z   Downloading sqlalchemy-2.0.45-cp311-cp311-manylinux2014_x86_64.manylinux_2_17_x86_64.manylinux_2_28_x86_64.whl.metadata (9.5 kB)
2025-12-23T20:54:33.2883562Z Collecting alembic==1.17.2 (from tunix-rt-backend==0.1.0)
2025-12-23T20:54:33.3005288Z   Downloading alembic-1.17.2-py3-none-any.whl.metadata (7.2 kB)
2025-12-23T20:54:33.3667706Z Collecting asyncpg==0.31.0 (from tunix-rt-backend==0.1.0)
2025-12-23T20:54:33.3798339Z   Downloading asyncpg-0.31.0-cp311-cp311-manylinux2014_x86_64.manylinux_2_17_x86_64.manylinux_2_28_x86_64.whl.metadata (4.4 kB)
2025-12-23T20:54:33.4276674Z Collecting pyyaml==6.0.3 (from tunix-rt-backend==0.1.0)
2025-12-23T20:54:33.4397077Z   Downloading pyyaml-6.0.3-cp311-cp311-manylinux2014_x86_64.manylinux_2_17_x86_64.manylinux_2_28_x86_64.whl.metadata (2.4 kB)
2025-12-23T20:54:33.4612794Z Collecting prometheus-client==0.23.1 (from tunix-rt-backend==0.1.0)
2025-12-23T20:54:33.4726140Z   Downloading prometheus_client-0.23.1-py3-none-any.whl.metadata (1.9 kB)
2025-12-23T20:54:33.5157270Z Collecting pytest>=7.4.0 (from tunix-rt-backend==0.1.0)
2025-12-23T20:54:33.5275939Z   Downloading pytest-9.0.2-py3-none-any.whl.metadata (7.6 kB)
2025-12-23T20:54:33.5560710Z Collecting pytest-cov>=4.1.0 (from tunix-rt-backend==0.1.0)
2025-12-23T20:54:33.5673633Z   Downloading pytest_cov-7.0.0-py3-none-any.whl.metadata (31 kB)
2025-12-23T20:54:33.5962315Z Collecting pytest-asyncio>=0.21.0 (from tunix-rt-backend==0.1.0)
2025-12-23T20:54:33.6080463Z   Downloading pytest_asyncio-1.3.0-py3-none-any.whl.metadata (4.1 kB)
2025-12-23T20:54:34.0023241Z Collecting ruff>=0.1.0 (from tunix-rt-backend==0.1.0)
2025-12-23T20:54:34.0140871Z   Downloading ruff-0.14.10-py3-none-manylinux_2_17_x86_64.manylinux2014_x86_64.whl.metadata (26 kB)
2025-12-23T20:54:34.1276693Z Collecting mypy>=1.6.0 (from tunix-rt-backend==0.1.0)
2025-12-23T20:54:34.1390972Z   Downloading mypy-1.19.1-cp311-cp311-manylinux2014_x86_64.manylinux_2_17_x86_64.manylinux_2_28_x86_64.whl.metadata (2.2 kB)
2025-12-23T20:54:34.1654221Z Collecting types-PyYAML>=6.0.0 (from tunix-rt-backend==0.1.0)
2025-12-23T20:54:34.1771001Z   Downloading types_pyyaml-6.0.12.20250915-py3-none-any.whl.metadata (1.7 kB)
2025-12-23T20:54:34.1956386Z Collecting aiosqlite>=0.19.0 (from tunix-rt-backend==0.1.0)
2025-12-23T20:54:34.2069048Z   Downloading aiosqlite-0.22.1-py3-none-any.whl.metadata (4.3 kB)
2025-12-23T20:54:34.2429006Z Collecting Mako (from alembic==1.17.2->tunix-rt-backend==0.1.0)
2025-12-23T20:54:34.2543694Z   Downloading mako-1.3.10-py3-none-any.whl.metadata (2.9 kB)
2025-12-23T20:54:34.2784806Z Collecting typing-extensions>=4.12 (from alembic==1.17.2->tunix-rt-backend==0.1.0)
2025-12-23T20:54:34.2900951Z   Downloading typing_extensions-4.15.0-py3-none-any.whl.metadata (3.3 kB)
2025-12-23T20:54:34.3265394Z Collecting starlette<0.51.0,>=0.40.0 (from fastapi==0.125.0->tunix-rt-backend==0.1.0)
2025-12-23T20:54:34.3380701Z   Downloading starlette-0.50.0-py3-none-any.whl.metadata (6.3 kB)
2025-12-23T20:54:34.4015482Z Collecting annotated-doc>=0.0.2 (from fastapi==0.125.0->tunix-rt-backend==0.1.0)
2025-12-23T20:54:34.4127989Z   Downloading annotated_doc-0.0.4-py3-none-any.whl.metadata (6.6 kB)
2025-12-23T20:54:34.4315838Z Collecting annotated-types>=0.6.0 (from pydantic==2.12.5->tunix-rt-backend==0.1.0)
2025-12-23T20:54:34.4427830Z   Downloading annotated_types-0.7.0-py3-none-any.whl.metadata (15 kB)
2025-12-23T20:54:35.1441043Z Collecting pydantic-core==2.41.5 (from pydantic==2.12.5->tunix-rt-backend==0.1.0)
2025-12-23T20:54:35.1557961Z   Downloading pydantic_core-2.41.5-cp311-cp311-manylinux_2_17_x86_64.manylinux2014_x86_64.whl.metadata (7.3 kB)
2025-12-23T20:54:35.1769454Z Collecting typing-inspection>=0.4.2 (from pydantic==2.12.5->tunix-rt-backend==0.1.0)
2025-12-23T20:54:35.1884163Z   Downloading typing_inspection-0.4.2-py3-none-any.whl.metadata (2.6 kB)
2025-12-23T20:54:35.2158319Z Collecting anyio (from httpx==0.28.1->tunix-rt-backend==0.1.0)
2025-12-23T20:54:35.2274706Z   Downloading anyio-4.12.0-py3-none-any.whl.metadata (4.3 kB)
2025-12-23T20:54:35.2560008Z Collecting certifi (from httpx==0.28.1->tunix-rt-backend==0.1.0)
2025-12-23T20:54:35.2676771Z   Downloading certifi-2025.11.12-py3-none-any.whl.metadata (2.5 kB)
2025-12-23T20:54:35.3457596Z Collecting httpcore==1.* (from httpx==0.28.1->tunix-rt-backend==0.1.0)
2025-12-23T20:54:35.3580478Z   Downloading httpcore-1.0.9-py3-none-any.whl.metadata (21 kB)
2025-12-23T20:54:35.3808242Z Collecting idna (from httpx==0.28.1->tunix-rt-backend==0.1.0)
2025-12-23T20:54:35.3921666Z   Downloading idna-3.11-py3-none-any.whl.metadata (8.4 kB)
2025-12-23T20:54:35.4615196Z Collecting python-dotenv>=0.21.0 (from pydantic-settings==2.12.0->tunix-rt-backend==0.1.0)
2025-12-23T20:54:35.4728971Z   Downloading python_dotenv-1.2.1-py3-none-any.whl.metadata (25 kB)
2025-12-23T20:54:35.6057856Z Collecting greenlet>=1 (from sqlalchemy==2.0.45->sqlalchemy[asyncio]==2.0.45->tunix-rt-backend==0.1.0)
2025-12-23T20:54:35.6174790Z   Downloading greenlet-3.3.0-cp311-cp311-manylinux_2_24_x86_64.manylinux_2_28_x86_64.whl.metadata (4.1 kB)
2025-12-23T20:54:35.6490007Z Collecting click>=7.0 (from uvicorn==0.38.0->uvicorn[standard]==0.38.0->tunix-rt-backend==0.1.0)
2025-12-23T20:54:35.6603171Z   Downloading click-8.3.1-py3-none-any.whl.metadata (2.6 kB)
2025-12-23T20:54:35.6783154Z Collecting h11>=0.8 (from uvicorn==0.38.0->uvicorn[standard]==0.38.0->tunix-rt-backend==0.1.0)
2025-12-23T20:54:35.6895360Z   Downloading h11-0.16.0-py3-none-any.whl.metadata (8.3 kB)
2025-12-23T20:54:35.7300717Z Collecting httptools>=0.6.3 (from uvicorn[standard]==0.38.0->tunix-rt-backend==0.1.0)
2025-12-23T20:54:35.7414542Z   Downloading httptools-0.7.1-cp311-cp311-manylinux1_x86_64.manylinux_2_28_x86_64.manylinux_2_5_x86_64.whl.metadata (3.5 kB)
2025-12-23T20:54:35.7950438Z Collecting uvloop>=0.15.1 (from uvicorn[standard]==0.38.0->tunix-rt-backend==0.1.0)
2025-12-23T20:54:35.8074590Z   Downloading uvloop-0.22.1-cp311-cp311-manylinux2014_x86_64.manylinux_2_17_x86_64.manylinux_2_28_x86_64.whl.metadata (4.9 kB)
2025-12-23T20:54:35.8878185Z Collecting watchfiles>=0.13 (from uvicorn[standard]==0.38.0->tunix-rt-backend==0.1.0)
2025-12-23T20:54:35.8999712Z   Downloading watchfiles-1.1.1-cp311-cp311-manylinux_2_17_x86_64.manylinux2014_x86_64.whl.metadata (4.9 kB)
2025-12-23T20:54:35.9922632Z Collecting websockets>=10.4 (from uvicorn[standard]==0.38.0->tunix-rt-backend==0.1.0)
2025-12-23T20:54:36.0040583Z   Downloading websockets-15.0.1-cp311-cp311-manylinux_2_5_x86_64.manylinux1_x86_64.manylinux_2_17_x86_64.manylinux2014_x86_64.whl.metadata (6.8 kB)
2025-12-23T20:54:36.0482247Z Collecting mypy_extensions>=1.0.0 (from mypy>=1.6.0->tunix-rt-backend==0.1.0)
2025-12-23T20:54:36.0596010Z   Downloading mypy_extensions-1.1.0-py3-none-any.whl.metadata (1.1 kB)
2025-12-23T20:54:36.0804657Z Collecting pathspec>=0.9.0 (from mypy>=1.6.0->tunix-rt-backend==0.1.0)
2025-12-23T20:54:36.0920539Z   Downloading pathspec-0.12.1-py3-none-any.whl.metadata (21 kB)
2025-12-23T20:54:36.1773513Z Collecting librt>=0.6.2 (from mypy>=1.6.0->tunix-rt-backend==0.1.0)
2025-12-23T20:54:36.1888825Z   Downloading librt-0.7.4-cp311-cp311-manylinux2014_x86_64.manylinux_2_17_x86_64.manylinux_2_28_x86_64.whl.metadata (1.3 kB)
2025-12-23T20:54:36.2098924Z Collecting iniconfig>=1.0.1 (from pytest>=7.4.0->tunix-rt-backend==0.1.0)
2025-12-23T20:54:36.2212181Z   Downloading iniconfig-2.3.0-py3-none-any.whl.metadata (2.5 kB)
2025-12-23T20:54:36.2435319Z Collecting packaging>=22 (from pytest>=7.4.0->tunix-rt-backend==0.1.0)
2025-12-23T20:54:36.2551217Z   Downloading packaging-25.0-py3-none-any.whl.metadata (3.3 kB)
2025-12-23T20:54:36.2741866Z Collecting pluggy<2,>=1.5 (from pytest>=7.4.0->tunix-rt-backend==0.1.0)
2025-12-23T20:54:36.2852585Z   Downloading pluggy-1.6.0-py3-none-any.whl.metadata (4.8 kB)
2025-12-23T20:54:36.3118859Z Collecting pygments>=2.7.2 (from pytest>=7.4.0->tunix-rt-backend==0.1.0)
2025-12-23T20:54:36.3231617Z   Downloading pygments-2.19.2-py3-none-any.whl.metadata (2.5 kB)
2025-12-23T20:54:36.7669524Z Collecting coverage>=7.10.6 (from coverage[toml]>=7.10.6->pytest-cov>=4.1.0->tunix-rt-backend==0.1.0)
2025-12-23T20:54:36.7797692Z   Downloading coverage-7.13.0-cp311-cp311-manylinux1_x86_64.manylinux_2_28_x86_64.manylinux_2_5_x86_64.whl.metadata (8.5 kB)
2025-12-23T20:54:36.8703031Z Collecting MarkupSafe>=0.9.2 (from Mako->alembic==1.17.2->tunix-rt-backend==0.1.0)
2025-12-23T20:54:36.8820341Z   Downloading markupsafe-3.0.3-cp311-cp311-manylinux2014_x86_64.manylinux_2_17_x86_64.manylinux_2_28_x86_64.whl.metadata (2.7 kB)
2025-12-23T20:54:36.8992752Z Downloading alembic-1.17.2-py3-none-any.whl (248 kB)
2025-12-23T20:54:36.9264533Z Downloading asyncpg-0.31.0-cp311-cp311-manylinux2014_x86_64.manylinux_2_17_x86_64.manylinux_2_28_x86_64.whl (3.0 MB)
2025-12-23T20:54:36.9623674Z    ━━━━━━━━━━━━━━━━━━━━━━━━━━━━━━━━━━━━━━━━ 3.0/3.0 MB 84.2 MB/s  0:00:00
2025-12-23T20:54:36.9751380Z Downloading fastapi-0.125.0-py3-none-any.whl (112 kB)
2025-12-23T20:54:36.9894644Z Downloading pydantic-2.12.5-py3-none-any.whl (463 kB)
2025-12-23T20:54:37.0042898Z Downloading httpx-0.28.1-py3-none-any.whl (73 kB)
2025-12-23T20:54:37.0181631Z Downloading prometheus_client-0.23.1-py3-none-any.whl (61 kB)
2025-12-23T20:54:37.0327590Z Downloading pydantic_core-2.41.5-cp311-cp311-manylinux_2_17_x86_64.manylinux2014_x86_64.whl (2.1 MB)
2025-12-23T20:54:37.0465564Z    ━━━━━━━━━━━━━━━━━━━━━━━━━━━━━━━━━━━━━━━━ 2.1/2.1 MB 167.5 MB/s  0:00:00
2025-12-23T20:54:37.0583577Z Downloading pydantic_settings-2.12.0-py3-none-any.whl (51 kB)
2025-12-23T20:54:37.0725543Z Downloading pyyaml-6.0.3-cp311-cp311-manylinux2014_x86_64.manylinux_2_17_x86_64.manylinux_2_28_x86_64.whl (806 kB)
2025-12-23T20:54:37.0789913Z    ━━━━━━━━━━━━━━━━━━━━━━━━━━━━━━━━━━━━━━━━ 806.6/806.6 kB 128.3 MB/s  0:00:00
2025-12-23T20:54:37.0928656Z Downloading sqlalchemy-2.0.45-cp311-cp311-manylinux2014_x86_64.manylinux_2_17_x86_64.manylinux_2_28_x86_64.whl (3.3 MB)
2025-12-23T20:54:37.1108902Z    ━━━━━━━━━━━━━━━━━━━━━━━━━━━━━━━━━━━━━━━━ 3.3/3.3 MB 207.4 MB/s  0:00:00
2025-12-23T20:54:37.1221606Z Downloading uvicorn-0.38.0-py3-none-any.whl (68 kB)
2025-12-23T20:54:37.1364632Z Downloading httpcore-1.0.9-py3-none-any.whl (78 kB)
2025-12-23T20:54:37.1509733Z Downloading starlette-0.50.0-py3-none-any.whl (74 kB)
2025-12-23T20:54:37.1650488Z Downloading anyio-4.12.0-py3-none-any.whl (113 kB)
2025-12-23T20:54:37.1788197Z Downloading aiosqlite-0.22.1-py3-none-any.whl (17 kB)
2025-12-23T20:54:37.1924118Z Downloading annotated_doc-0.0.4-py3-none-any.whl (5.3 kB)
2025-12-23T20:54:37.2064131Z Downloading annotated_types-0.7.0-py3-none-any.whl (13 kB)
2025-12-23T20:54:37.2198263Z Downloading click-8.3.1-py3-none-any.whl (108 kB)
2025-12-23T20:54:37.2339034Z Downloading greenlet-3.3.0-cp311-cp311-manylinux_2_24_x86_64.manylinux_2_28_x86_64.whl (590 kB)
2025-12-23T20:54:37.2412679Z    ━━━━━━━━━━━━━━━━━━━━━━━━━━━━━━━━━━━━━━━━ 590.2/590.2 kB 76.8 MB/s  0:00:00
2025-12-23T20:54:37.2537327Z Downloading h11-0.16.0-py3-none-any.whl (37 kB)
2025-12-23T20:54:37.2678914Z Downloading httptools-0.7.1-cp311-cp311-manylinux1_x86_64.manylinux_2_28_x86_64.manylinux_2_5_x86_64.whl (456 kB)
2025-12-23T20:54:37.2840816Z Downloading idna-3.11-py3-none-any.whl (71 kB)
2025-12-23T20:54:37.2983217Z Downloading mypy-1.19.1-cp311-cp311-manylinux2014_x86_64.manylinux_2_17_x86_64.manylinux_2_28_x86_64.whl (13.4 MB)
2025-12-23T20:54:37.3672682Z    ━━━━━━━━━━━━━━━━━━━━━━━━━━━━━━━━━━━━━━━━ 13.4/13.4 MB 200.7 MB/s  0:00:00
2025-12-23T20:54:37.3787889Z Downloading librt-0.7.4-cp311-cp311-manylinux2014_x86_64.manylinux_2_17_x86_64.manylinux_2_28_x86_64.whl (184 kB)
2025-12-23T20:54:37.3939414Z Downloading mypy_extensions-1.1.0-py3-none-any.whl (5.0 kB)
2025-12-23T20:54:37.4073519Z Downloading pathspec-0.12.1-py3-none-any.whl (31 kB)
2025-12-23T20:54:37.4209735Z Downloading pytest-9.0.2-py3-none-any.whl (374 kB)
2025-12-23T20:54:37.4359782Z Downloading pluggy-1.6.0-py3-none-any.whl (20 kB)
2025-12-23T20:54:37.4495868Z Downloading iniconfig-2.3.0-py3-none-any.whl (7.5 kB)
2025-12-23T20:54:37.4633370Z Downloading packaging-25.0-py3-none-any.whl (66 kB)
2025-12-23T20:54:37.4806008Z Downloading pygments-2.19.2-py3-none-any.whl (1.2 MB)
2025-12-23T20:54:37.4899317Z    ━━━━━━━━━━━━━━━━━━━━━━━━━━━━━━━━━━━━━━━━ 1.2/1.2 MB 151.8 MB/s  0:00:00
2025-12-23T20:54:37.5013797Z Downloading pytest_asyncio-1.3.0-py3-none-any.whl (15 kB)
2025-12-23T20:54:37.5149399Z Downloading pytest_cov-7.0.0-py3-none-any.whl (22 kB)
2025-12-23T20:54:37.5285346Z Downloading coverage-7.13.0-cp311-cp311-manylinux1_x86_64.manylinux_2_28_x86_64.manylinux_2_5_x86_64.whl (250 kB)
2025-12-23T20:54:37.5433632Z Downloading python_dotenv-1.2.1-py3-none-any.whl (21 kB)
2025-12-23T20:54:37.5569495Z Downloading ruff-0.14.10-py3-none-manylinux_2_17_x86_64.manylinux2014_x86_64.whl (14.2 MB)
2025-12-23T20:54:37.6204012Z    ━━━━━━━━━━━━━━━━━━━━━━━━━━━━━━━━━━━━━━━━ 14.2/14.2 MB 231.6 MB/s  0:00:00
2025-12-23T20:54:37.6326036Z Downloading types_pyyaml-6.0.12.20250915-py3-none-any.whl (20 kB)
2025-12-23T20:54:37.6463436Z Downloading typing_extensions-4.15.0-py3-none-any.whl (44 kB)
2025-12-23T20:54:37.6598709Z Downloading typing_inspection-0.4.2-py3-none-any.whl (14 kB)
2025-12-23T20:54:37.6736617Z Downloading uvloop-0.22.1-cp311-cp311-manylinux2014_x86_64.manylinux_2_17_x86_64.manylinux_2_28_x86_64.whl (3.8 MB)
2025-12-23T20:54:37.6964186Z    ━━━━━━━━━━━━━━━━━━━━━━━━━━━━━━━━━━━━━━━━ 3.8/3.8 MB 185.3 MB/s  0:00:00
2025-12-23T20:54:37.7083420Z Downloading watchfiles-1.1.1-cp311-cp311-manylinux_2_17_x86_64.manylinux2014_x86_64.whl (456 kB)
2025-12-23T20:54:37.7246595Z Downloading websockets-15.0.1-cp311-cp311-manylinux_2_5_x86_64.manylinux1_x86_64.manylinux_2_17_x86_64.manylinux2014_x86_64.whl (182 kB)
2025-12-23T20:54:37.7385863Z Downloading certifi-2025.11.12-py3-none-any.whl (159 kB)
2025-12-23T20:54:37.7527231Z Downloading mako-1.3.10-py3-none-any.whl (78 kB)
2025-12-23T20:54:37.7663219Z Downloading markupsafe-3.0.3-cp311-cp311-manylinux2014_x86_64.manylinux_2_17_x86_64.manylinux_2_28_x86_64.whl (22 kB)
2025-12-23T20:54:37.8389490Z Building wheels for collected packages: tunix-rt-backend
2025-12-23T20:54:37.8398098Z   Building editable for tunix-rt-backend (pyproject.toml): started
2025-12-23T20:54:38.0426243Z   Building editable for tunix-rt-backend (pyproject.toml): finished with status 'done'
2025-12-23T20:54:38.0432381Z   Created wheel for tunix-rt-backend: filename=tunix_rt_backend-0.1.0-0.editable-py3-none-any.whl size=3178 sha256=dd14be494eb5ccd8556ca7e1a03ecbc7a74563b51f82ad416a405aab74a1d941
2025-12-23T20:54:38.0435896Z   Stored in directory: /tmp/pip-ephem-wheel-cache-atltqspj/wheels/6c/ee/47/0b2814d300ad026845dfa3996505f4a0f855be918f2df7eb34
2025-12-23T20:54:38.0451940Z Successfully built tunix-rt-backend
2025-12-23T20:54:38.1144984Z Installing collected packages: websockets, uvloop, typing-extensions, types-PyYAML, ruff, pyyaml, python-dotenv, pygments, prometheus-client, pluggy, pathspec, packaging, mypy_extensions, MarkupSafe, librt, iniconfig, idna, httptools, h11, greenlet, coverage, click, certifi, asyncpg, annotated-types, annotated-doc, aiosqlite, uvicorn, typing-inspection, sqlalchemy, pytest, pydantic-core, mypy, Mako, httpcore, anyio, watchfiles, starlette, pytest-cov, pytest-asyncio, pydantic, httpx, alembic, pydantic-settings, fastapi, tunix-rt-backend
2025-12-23T20:54:43.1753373Z
2025-12-23T20:54:43.1781585Z Successfully installed Mako-1.3.10 MarkupSafe-3.0.3 aiosqlite-0.22.1 alembic-1.17.2 annotated-doc-0.0.4 annotated-types-0.7.0 anyio-4.12.0 asyncpg-0.31.0 certifi-2025.11.12 click-8.3.1 coverage-7.13.0 fastapi-0.125.0 greenlet-3.3.0 h11-0.16.0 httpcore-1.0.9 httptools-0.7.1 httpx-0.28.1 idna-3.11 iniconfig-2.3.0 librt-0.7.4 mypy-1.19.1 mypy_extensions-1.1.0 packaging-25.0 pathspec-0.12.1 pluggy-1.6.0 prometheus-client-0.23.1 pydantic-2.12.5 pydantic-core-2.41.5 pydantic-settings-2.12.0 pygments-2.19.2 pytest-9.0.2 pytest-asyncio-1.3.0 pytest-cov-7.0.0 python-dotenv-1.2.1 pyyaml-6.0.3 ruff-0.14.10 sqlalchemy-2.0.45 starlette-0.50.0 tunix-rt-backend-0.1.0 types-PyYAML-6.0.12.20250915 typing-extensions-4.15.0 typing-inspection-0.4.2 uvicorn-0.38.0 uvloop-0.22.1 watchfiles-1.1.1 websockets-15.0.1
2025-12-23T20:54:43.7861754Z ##[group]Run ruff check .
2025-12-23T20:54:43.7862035Z [36;1mruff check .[0m
2025-12-23T20:54:43.7897336Z shell: /usr/bin/bash -e {0}
2025-12-23T20:54:43.7897558Z env:
2025-12-23T20:54:43.7897801Z   pythonLocation: /opt/hostedtoolcache/Python/3.11.14/x64
2025-12-23T20:54:43.7898205Z   PKG_CONFIG_PATH: /opt/hostedtoolcache/Python/3.11.14/x64/lib/pkgconfig
2025-12-23T20:54:43.7898590Z   Python_ROOT_DIR: /opt/hostedtoolcache/Python/3.11.14/x64
2025-12-23T20:54:43.7898923Z   Python2_ROOT_DIR: /opt/hostedtoolcache/Python/3.11.14/x64
2025-12-23T20:54:43.7899272Z   Python3_ROOT_DIR: /opt/hostedtoolcache/Python/3.11.14/x64
2025-12-23T20:54:43.7899618Z   LD_LIBRARY_PATH: /opt/hostedtoolcache/Python/3.11.14/x64/lib
2025-12-23T20:54:43.7899901Z ##[endgroup]
2025-12-23T20:54:43.8181383Z All checks passed!
2025-12-23T20:54:43.8218909Z ##[group]Run ruff format --check .
2025-12-23T20:54:43.8219212Z [36;1mruff format --check .[0m
2025-12-23T20:54:43.8251972Z shell: /usr/bin/bash -e {0}
2025-12-23T20:54:43.8252205Z env:
2025-12-23T20:54:43.8252615Z   pythonLocation: /opt/hostedtoolcache/Python/3.11.14/x64
2025-12-23T20:54:43.8253026Z   PKG_CONFIG_PATH: /opt/hostedtoolcache/Python/3.11.14/x64/lib/pkgconfig
2025-12-23T20:54:43.8253411Z   Python_ROOT_DIR: /opt/hostedtoolcache/Python/3.11.14/x64
2025-12-23T20:54:43.8253747Z   Python2_ROOT_DIR: /opt/hostedtoolcache/Python/3.11.14/x64
2025-12-23T20:54:43.8254083Z   Python3_ROOT_DIR: /opt/hostedtoolcache/Python/3.11.14/x64
2025-12-23T20:54:43.8254421Z   LD_LIBRARY_PATH: /opt/hostedtoolcache/Python/3.11.14/x64/lib
2025-12-23T20:54:43.8254706Z ##[endgroup]
2025-12-23T20:54:43.8547068Z Would reformat: tests/test_tunix_registry.py
2025-12-23T20:54:43.8548537Z 1 file would be reformatted, 70 files already formatted
2025-12-23T20:54:43.8564183Z ##[error]Process completed with exit code 1.
2025-12-23T20:54:43.8667784Z Post job cleanup.
2025-12-23T20:54:43.9603036Z [command]/usr/bin/git version
2025-12-23T20:54:43.9643395Z git version 2.52.0
2025-12-23T20:54:43.9689943Z Temporarily overriding HOME='/home/runner/work/_temp/a0706c19-67dc-4e24-9223-2700072c6f60' before making global git config changes
2025-12-23T20:54:43.9691696Z Adding repository directory to the temporary git global config as a safe directory
2025-12-23T20:54:43.9696063Z [command]/usr/bin/git config --global --add safe.directory /home/runner/work/tunix-rt/tunix-rt
2025-12-23T20:54:43.9740966Z [command]/usr/bin/git config --local --name-only --get-regexp core\.sshCommand
2025-12-23T20:54:43.9776170Z [command]/usr/bin/git submodule foreach --recursive sh -c "git config --local --name-only --get-regexp 'core\.sshCommand' && git config --local --unset-all 'core.sshCommand' || :"
2025-12-23T20:54:44.0115399Z [command]/usr/bin/git config --local --name-only --get-regexp http\.https\:\/\/github\.com\/\.extraheader
2025-12-23T20:54:44.0157116Z http.https://github.com/.extraheader
2025-12-23T20:54:44.0187452Z [command]/usr/bin/git config --local --unset-all http.https://github.com/.extraheader
2025-12-23T20:54:44.0247838Z [command]/usr/bin/git submodule foreach --recursive sh -c "git config --local --name-only --get-regexp 'http\.https\:\/\/github\.com\/\.extraheader' && git config --local --unset-all 'http.https://github.com/.extraheader' || :"
2025-12-23T20:54:44.0727693Z Cleaning up orphan processes
