2025-12-21T19:27:12.7559693Z Current runner version: '2.330.0'
2025-12-21T19:27:12.7593029Z ##[group]Runner Image Provisioner
2025-12-21T19:27:12.7594262Z Hosted Compute Agent
2025-12-21T19:27:12.7595215Z Version: 20251211.462
2025-12-21T19:27:12.7596187Z Commit: 6cbad8c2bb55d58165063d031ccabf57e2d2db61
2025-12-21T19:27:12.7597515Z Build Date: 2025-12-11T16:28:49Z
2025-12-21T19:27:12.7598537Z Worker ID: {3c2c6dea-03c0-4ac5-809d-5edd4ce749eb}
2025-12-21T19:27:12.7599681Z ##[endgroup]
2025-12-21T19:27:12.7600598Z ##[group]Operating System
2025-12-21T19:27:12.7601529Z Ubuntu
2025-12-21T19:27:12.7602671Z 24.04.3
2025-12-21T19:27:12.7603539Z LTS
2025-12-21T19:27:12.7604341Z ##[endgroup]
2025-12-21T19:27:12.7605218Z ##[group]Runner Image
2025-12-21T19:27:12.7606369Z Image: ubuntu-24.04
2025-12-21T19:27:12.7607246Z Version: 20251215.174.1
2025-12-21T19:27:12.7609108Z Included Software: https://github.com/actions/runner-images/blob/ubuntu24/20251215.174/images/ubuntu/Ubuntu2404-Readme.md
2025-12-21T19:27:12.7612268Z Image Release: https://github.com/actions/runner-images/releases/tag/ubuntu24%2F20251215.174
2025-12-21T19:27:12.7614061Z ##[endgroup]
2025-12-21T19:27:12.7615894Z ##[group]GITHUB_TOKEN Permissions
2025-12-21T19:27:12.7618436Z Contents: read
2025-12-21T19:27:12.7619367Z Metadata: read
2025-12-21T19:27:12.7620140Z ##[endgroup]
2025-12-21T19:27:12.7623402Z Secret source: Actions
2025-12-21T19:27:12.7624706Z Prepare workflow directory
2025-12-21T19:27:12.8386044Z Prepare all required actions
2025-12-21T19:27:12.8443438Z Getting action download info
2025-12-21T19:27:13.2560249Z Download action repository 'actions/checkout@v4' (SHA:34e114876b0b11c390a56381ad16ebd13914f8d5)
2025-12-21T19:27:13.3931068Z Download action repository 'actions/setup-python@v5' (SHA:a26af69be951a213d495a4c3e4e4022e16d87065)
2025-12-21T19:27:13.5994905Z Download action repository 'actions/upload-artifact@v4' (SHA:ea165f8d65b6e75b540449e92b4886f43607fa02)
2025-12-21T19:27:13.8489997Z Complete job name: backend (3.11)
2025-12-21T19:27:13.9294092Z ##[group]Run actions/checkout@v4
2025-12-21T19:27:13.9295316Z with:
2025-12-21T19:27:13.9295982Z   repository: m-cahill/tunix-rt
2025-12-21T19:27:13.9297072Z   token: ***
2025-12-21T19:27:13.9297732Z   ssh-strict: true
2025-12-21T19:27:13.9298405Z   ssh-user: git
2025-12-21T19:27:13.9299135Z   persist-credentials: true
2025-12-21T19:27:13.9299926Z   clean: true
2025-12-21T19:27:13.9300634Z   sparse-checkout-cone-mode: true
2025-12-21T19:27:13.9301492Z   fetch-depth: 1
2025-12-21T19:27:13.9302342Z   fetch-tags: false
2025-12-21T19:27:13.9303051Z   show-progress: true
2025-12-21T19:27:13.9303749Z   lfs: false
2025-12-21T19:27:13.9304397Z   submodules: false
2025-12-21T19:27:13.9305116Z   set-safe-directory: true
2025-12-21T19:27:13.9306154Z ##[endgroup]
2025-12-21T19:27:14.0503467Z Syncing repository: m-cahill/tunix-rt
2025-12-21T19:27:14.0507049Z ##[group]Getting Git version info
2025-12-21T19:27:14.0508283Z Working directory is '/home/runner/work/tunix-rt/tunix-rt'
2025-12-21T19:27:14.0510746Z [command]/usr/bin/git version
2025-12-21T19:27:14.0593954Z git version 2.52.0
2025-12-21T19:27:14.0625109Z ##[endgroup]
2025-12-21T19:27:14.0652520Z Temporarily overriding HOME='/home/runner/work/_temp/d7a609b5-258b-4fd3-8011-dabe318c64ee' before making global git config changes
2025-12-21T19:27:14.0657563Z Adding repository directory to the temporary git global config as a safe directory
2025-12-21T19:27:14.0662343Z [command]/usr/bin/git config --global --add safe.directory /home/runner/work/tunix-rt/tunix-rt
2025-12-21T19:27:14.0713200Z Deleting the contents of '/home/runner/work/tunix-rt/tunix-rt'
2025-12-21T19:27:14.0717582Z ##[group]Initializing the repository
2025-12-21T19:27:14.0721698Z [command]/usr/bin/git init /home/runner/work/tunix-rt/tunix-rt
2025-12-21T19:27:14.0855568Z hint: Using 'master' as the name for the initial branch. This default branch name
2025-12-21T19:27:14.0860195Z hint: will change to "main" in Git 3.0. To configure the initial branch name
2025-12-21T19:27:14.0863367Z hint: to use in all of your new repositories, which will suppress this warning,
2025-12-21T19:27:14.0866007Z hint: call:
2025-12-21T19:27:14.0867027Z hint:
2025-12-21T19:27:14.0868640Z hint: 	git config --global init.defaultBranch <name>
2025-12-21T19:27:14.0870768Z hint:
2025-12-21T19:27:14.0872896Z hint: Names commonly chosen instead of 'master' are 'main', 'trunk' and
2025-12-21T19:27:14.0875820Z hint: 'development'. The just-created branch can be renamed via this command:
2025-12-21T19:27:14.0877933Z hint:
2025-12-21T19:27:14.0878961Z hint: 	git branch -m <name>
2025-12-21T19:27:14.0880193Z hint:
2025-12-21T19:27:14.0882191Z hint: Disable this message with "git config set advice.defaultBranchName false"
2025-12-21T19:27:14.0885068Z Initialized empty Git repository in /home/runner/work/tunix-rt/tunix-rt/.git/
2025-12-21T19:27:14.0889692Z [command]/usr/bin/git remote add origin https://github.com/m-cahill/tunix-rt
2025-12-21T19:27:14.0919389Z ##[endgroup]
2025-12-21T19:27:14.0921581Z ##[group]Disabling automatic garbage collection
2025-12-21T19:27:14.0926164Z [command]/usr/bin/git config --local gc.auto 0
2025-12-21T19:27:14.0964738Z ##[endgroup]
2025-12-21T19:27:14.0966783Z ##[group]Setting up auth
2025-12-21T19:27:14.0970476Z [command]/usr/bin/git config --local --name-only --get-regexp core\.sshCommand
2025-12-21T19:27:14.1005485Z [command]/usr/bin/git submodule foreach --recursive sh -c "git config --local --name-only --get-regexp 'core\.sshCommand' && git config --local --unset-all 'core.sshCommand' || :"
2025-12-21T19:27:14.1420301Z [command]/usr/bin/git config --local --name-only --get-regexp http\.https\:\/\/github\.com\/\.extraheader
2025-12-21T19:27:14.1456646Z [command]/usr/bin/git submodule foreach --recursive sh -c "git config --local --name-only --get-regexp 'http\.https\:\/\/github\.com\/\.extraheader' && git config --local --unset-all 'http.https://github.com/.extraheader' || :"
2025-12-21T19:27:14.1691642Z [command]/usr/bin/git config --local --name-only --get-regexp ^includeIf\.gitdir:
2025-12-21T19:27:14.1736497Z [command]/usr/bin/git submodule foreach --recursive git config --local --show-origin --name-only --get-regexp remote.origin.url
2025-12-21T19:27:14.1971131Z [command]/usr/bin/git config --local http.https://github.com/.extraheader AUTHORIZATION: basic ***
2025-12-21T19:27:14.2009900Z ##[endgroup]
2025-12-21T19:27:14.2014159Z ##[group]Fetching the repository
2025-12-21T19:27:14.2023162Z [command]/usr/bin/git -c protocol.version=2 fetch --no-tags --prune --no-recurse-submodules --depth=1 origin +4ee5331ee97d6af37fdf6362cbecbd6d11baad1b:refs/remotes/origin/main
2025-12-21T19:27:14.6896398Z From https://github.com/m-cahill/tunix-rt
2025-12-21T19:27:14.6898990Z  * [new ref]         4ee5331ee97d6af37fdf6362cbecbd6d11baad1b -> origin/main
2025-12-21T19:27:14.6916024Z ##[endgroup]
2025-12-21T19:27:14.6917732Z ##[group]Determining the checkout info
2025-12-21T19:27:14.6919275Z ##[endgroup]
2025-12-21T19:27:14.6924044Z [command]/usr/bin/git sparse-checkout disable
2025-12-21T19:27:14.6968673Z [command]/usr/bin/git config --local --unset-all extensions.worktreeConfig
2025-12-21T19:27:14.6998140Z ##[group]Checking out the ref
2025-12-21T19:27:14.7001802Z [command]/usr/bin/git checkout --progress --force -B main refs/remotes/origin/main
2025-12-21T19:27:14.7364610Z Switched to a new branch 'main'
2025-12-21T19:27:14.7367953Z branch 'main' set up to track 'origin/main'.
2025-12-21T19:27:14.7378416Z ##[endgroup]
2025-12-21T19:27:14.7419168Z [command]/usr/bin/git log -1 --format=%H
2025-12-21T19:27:14.7442854Z 4ee5331ee97d6af37fdf6362cbecbd6d11baad1b
2025-12-21T19:27:14.7709989Z ##[group]Run actions/setup-python@v5
2025-12-21T19:27:14.7710621Z with:
2025-12-21T19:27:14.7711010Z   python-version: 3.11
2025-12-21T19:27:14.7711479Z   cache: pip
2025-12-21T19:27:14.7712141Z   cache-dependency-path: backend/pyproject.toml
2025-12-21T19:27:14.7712840Z   check-latest: false
2025-12-21T19:27:14.7713505Z   token: ***
2025-12-21T19:27:14.7713931Z   update-environment: true
2025-12-21T19:27:14.7714479Z   allow-prereleases: false
2025-12-21T19:27:14.7714991Z   freethreaded: false
2025-12-21T19:27:14.7715709Z ##[endgroup]
2025-12-21T19:27:14.9759407Z ##[group]Installed versions
2025-12-21T19:27:15.0668493Z Successfully set up CPython (3.11.14)
2025-12-21T19:27:15.0676227Z ##[endgroup]
2025-12-21T19:27:15.1553382Z [command]/opt/hostedtoolcache/Python/3.11.14/x64/bin/pip cache dir
2025-12-21T19:27:17.9092326Z /home/runner/.cache/pip
2025-12-21T19:27:18.1989758Z Cache hit for: setup-python-Linux-x64-24.04-Ubuntu-python-3.11.14-pip-03c7608b5f84f960b906408ec3b56871463b52d83fb30980bbf2ad28085364b0
2025-12-21T19:27:19.5036373Z Received 0 of 52909928 (0.0%), 0.0 MBs/sec
2025-12-21T19:27:20.1080993Z Received 52909928 of 52909928 (100.0%), 31.4 MBs/sec
2025-12-21T19:27:20.1085047Z Cache Size: ~50 MB (52909928 B)
2025-12-21T19:27:20.1117990Z [command]/usr/bin/tar -xf /home/runner/work/_temp/d295f8c6-ea54-44ca-bbc3-8b458c6789ee/cache.tzst -P -C /home/runner/work/tunix-rt/tunix-rt --use-compress-program unzstd
2025-12-21T19:27:20.2363376Z Cache restored successfully
2025-12-21T19:27:20.2586246Z Cache restored from key: setup-python-Linux-x64-24.04-Ubuntu-python-3.11.14-pip-03c7608b5f84f960b906408ec3b56871463b52d83fb30980bbf2ad28085364b0
2025-12-21T19:27:20.2742510Z ##[group]Run python -m pip install -e ".[dev]"
2025-12-21T19:27:20.2742938Z [36;1mpython -m pip install -e ".[dev]"[0m
2025-12-21T19:27:20.2784133Z shell: /usr/bin/bash -e {0}
2025-12-21T19:27:20.2784403Z env:
2025-12-21T19:27:20.2784658Z   pythonLocation: /opt/hostedtoolcache/Python/3.11.14/x64
2025-12-21T19:27:20.2785075Z   PKG_CONFIG_PATH: /opt/hostedtoolcache/Python/3.11.14/x64/lib/pkgconfig
2025-12-21T19:27:20.2785499Z   Python_ROOT_DIR: /opt/hostedtoolcache/Python/3.11.14/x64
2025-12-21T19:27:20.2785867Z   Python2_ROOT_DIR: /opt/hostedtoolcache/Python/3.11.14/x64
2025-12-21T19:27:20.2786217Z   Python3_ROOT_DIR: /opt/hostedtoolcache/Python/3.11.14/x64
2025-12-21T19:27:20.2786561Z   LD_LIBRARY_PATH: /opt/hostedtoolcache/Python/3.11.14/x64/lib
2025-12-21T19:27:20.2786856Z ##[endgroup]
2025-12-21T19:27:21.8385884Z Obtaining file:///home/runner/work/tunix-rt/tunix-rt/backend
2025-12-21T19:27:21.8406542Z   Installing build dependencies: started
2025-12-21T19:27:23.0694947Z   Installing build dependencies: finished with status 'done'
2025-12-21T19:27:23.0702927Z   Checking if build backend supports build_editable: started
2025-12-21T19:27:23.4836850Z   Checking if build backend supports build_editable: finished with status 'done'
2025-12-21T19:27:23.4862665Z   Getting requirements to build editable: started
2025-12-21T19:27:23.7899120Z   Getting requirements to build editable: finished with status 'done'
2025-12-21T19:27:23.7922699Z   Preparing editable metadata (pyproject.toml): started
2025-12-21T19:27:23.9638482Z   Preparing editable metadata (pyproject.toml): finished with status 'done'
2025-12-21T19:27:24.0919265Z Collecting fastapi>=0.104.0 (from tunix-rt-backend==0.1.0)
2025-12-21T19:27:24.3190782Z   Downloading fastapi-0.127.0-py3-none-any.whl.metadata (30 kB)
2025-12-21T19:27:24.3628061Z Collecting uvicorn>=0.24.0 (from uvicorn[standard]>=0.24.0->tunix-rt-backend==0.1.0)
2025-12-21T19:27:24.3670496Z   Downloading uvicorn-0.40.0-py3-none-any.whl.metadata (6.7 kB)
2025-12-21T19:27:24.3980973Z Collecting httpx>=0.25.0 (from tunix-rt-backend==0.1.0)
2025-12-21T19:27:24.3999996Z   Using cached httpx-0.28.1-py3-none-any.whl.metadata (7.1 kB)
2025-12-21T19:27:24.5145333Z Collecting pydantic>=2.4.0 (from tunix-rt-backend==0.1.0)
2025-12-21T19:27:24.5163622Z   Using cached pydantic-2.12.5-py3-none-any.whl.metadata (90 kB)
2025-12-21T19:27:24.5330329Z Collecting pydantic-settings>=2.0.0 (from tunix-rt-backend==0.1.0)
2025-12-21T19:27:24.5345610Z   Using cached pydantic_settings-2.12.0-py3-none-any.whl.metadata (3.4 kB)
2025-12-21T19:27:24.7875002Z Collecting sqlalchemy>=2.0.0 (from sqlalchemy[asyncio]>=2.0.0->tunix-rt-backend==0.1.0)
2025-12-21T19:27:24.7892328Z   Using cached sqlalchemy-2.0.45-cp311-cp311-manylinux2014_x86_64.manylinux_2_17_x86_64.manylinux_2_28_x86_64.whl.metadata (9.5 kB)
2025-12-21T19:27:24.8165543Z Collecting alembic>=1.12.0 (from tunix-rt-backend==0.1.0)
2025-12-21T19:27:24.8181350Z   Using cached alembic-1.17.2-py3-none-any.whl.metadata (7.2 kB)
2025-12-21T19:27:24.8758500Z Collecting asyncpg>=0.29.0 (from tunix-rt-backend==0.1.0)
2025-12-21T19:27:24.8773997Z   Using cached asyncpg-0.31.0-cp311-cp311-manylinux2014_x86_64.manylinux_2_17_x86_64.manylinux_2_28_x86_64.whl.metadata (4.4 kB)
2025-12-21T19:27:24.9091181Z Collecting pytest>=7.4.0 (from tunix-rt-backend==0.1.0)
2025-12-21T19:27:24.9105858Z   Using cached pytest-9.0.2-py3-none-any.whl.metadata (7.6 kB)
2025-12-21T19:27:24.9261023Z Collecting pytest-cov>=4.1.0 (from tunix-rt-backend==0.1.0)
2025-12-21T19:27:24.9276750Z   Using cached pytest_cov-7.0.0-py3-none-any.whl.metadata (31 kB)
2025-12-21T19:27:24.9473605Z Collecting pytest-asyncio>=0.21.0 (from tunix-rt-backend==0.1.0)
2025-12-21T19:27:24.9491288Z   Using cached pytest_asyncio-1.3.0-py3-none-any.whl.metadata (4.1 kB)
2025-12-21T19:27:25.2888443Z Collecting ruff>=0.1.0 (from tunix-rt-backend==0.1.0)
2025-12-21T19:27:25.2904887Z   Using cached ruff-0.14.10-py3-none-manylinux_2_17_x86_64.manylinux2014_x86_64.whl.metadata (26 kB)
2025-12-21T19:27:25.4145592Z Collecting mypy>=1.6.0 (from tunix-rt-backend==0.1.0)
2025-12-21T19:27:25.4162681Z   Using cached mypy-1.19.1-cp311-cp311-manylinux2014_x86_64.manylinux_2_17_x86_64.manylinux_2_28_x86_64.whl.metadata (2.2 kB)
2025-12-21T19:27:25.4276000Z Collecting aiosqlite>=0.19.0 (from tunix-rt-backend==0.1.0)
2025-12-21T19:27:25.4289459Z   Using cached aiosqlite-0.22.0-py3-none-any.whl.metadata (4.3 kB)
2025-12-21T19:27:25.4624037Z Collecting Mako (from alembic>=1.12.0->tunix-rt-backend==0.1.0)
2025-12-21T19:27:25.4644500Z   Using cached mako-1.3.10-py3-none-any.whl.metadata (2.9 kB)
2025-12-21T19:27:25.4819221Z Collecting typing-extensions>=4.12 (from alembic>=1.12.0->tunix-rt-backend==0.1.0)
2025-12-21T19:27:25.4836464Z   Using cached typing_extensions-4.15.0-py3-none-any.whl.metadata (3.3 kB)
2025-12-21T19:27:25.5148357Z Collecting starlette<0.51.0,>=0.40.0 (from fastapi>=0.104.0->tunix-rt-backend==0.1.0)
2025-12-21T19:27:25.5163668Z   Using cached starlette-0.50.0-py3-none-any.whl.metadata (6.3 kB)
2025-12-21T19:27:25.5405209Z Collecting annotated-doc>=0.0.2 (from fastapi>=0.104.0->tunix-rt-backend==0.1.0)
2025-12-21T19:27:25.5422636Z   Using cached annotated_doc-0.0.4-py3-none-any.whl.metadata (6.6 kB)
2025-12-21T19:27:25.5607161Z Collecting anyio<5,>=3.6.2 (from starlette<0.51.0,>=0.40.0->fastapi>=0.104.0->tunix-rt-backend==0.1.0)
2025-12-21T19:27:25.5620636Z   Using cached anyio-4.12.0-py3-none-any.whl.metadata (4.3 kB)
2025-12-21T19:27:25.5773264Z Collecting idna>=2.8 (from anyio<5,>=3.6.2->starlette<0.51.0,>=0.40.0->fastapi>=0.104.0->tunix-rt-backend==0.1.0)
2025-12-21T19:27:25.5787674Z   Using cached idna-3.11-py3-none-any.whl.metadata (8.4 kB)
2025-12-21T19:27:25.6011388Z Collecting certifi (from httpx>=0.25.0->tunix-rt-backend==0.1.0)
2025-12-21T19:27:25.6025709Z   Using cached certifi-2025.11.12-py3-none-any.whl.metadata (2.5 kB)
2025-12-21T19:27:25.6193882Z Collecting httpcore==1.* (from httpx>=0.25.0->tunix-rt-backend==0.1.0)
2025-12-21T19:27:25.6206786Z   Using cached httpcore-1.0.9-py3-none-any.whl.metadata (21 kB)
2025-12-21T19:27:25.6310260Z Collecting h11>=0.16 (from httpcore==1.*->httpx>=0.25.0->tunix-rt-backend==0.1.0)
2025-12-21T19:27:25.6324133Z   Using cached h11-0.16.0-py3-none-any.whl.metadata (8.3 kB)
2025-12-21T19:27:25.6459614Z Collecting mypy_extensions>=1.0.0 (from mypy>=1.6.0->tunix-rt-backend==0.1.0)
2025-12-21T19:27:25.6473705Z   Using cached mypy_extensions-1.1.0-py3-none-any.whl.metadata (1.1 kB)
2025-12-21T19:27:25.6591064Z Collecting pathspec>=0.9.0 (from mypy>=1.6.0->tunix-rt-backend==0.1.0)
2025-12-21T19:27:25.6605249Z   Using cached pathspec-0.12.1-py3-none-any.whl.metadata (21 kB)
2025-12-21T19:27:25.7331020Z Collecting librt>=0.6.2 (from mypy>=1.6.0->tunix-rt-backend==0.1.0)
2025-12-21T19:27:25.7347129Z   Using cached librt-0.7.4-cp311-cp311-manylinux2014_x86_64.manylinux_2_17_x86_64.manylinux_2_28_x86_64.whl.metadata (1.3 kB)
2025-12-21T19:27:25.7454346Z Collecting annotated-types>=0.6.0 (from pydantic>=2.4.0->tunix-rt-backend==0.1.0)
2025-12-21T19:27:25.7468786Z   Using cached annotated_types-0.7.0-py3-none-any.whl.metadata (15 kB)
2025-12-21T19:27:26.4563312Z Collecting pydantic-core==2.41.5 (from pydantic>=2.4.0->tunix-rt-backend==0.1.0)
2025-12-21T19:27:26.4580613Z   Using cached pydantic_core-2.41.5-cp311-cp311-manylinux_2_17_x86_64.manylinux2014_x86_64.whl.metadata (7.3 kB)
2025-12-21T19:27:26.4710261Z Collecting typing-inspection>=0.4.2 (from pydantic>=2.4.0->tunix-rt-backend==0.1.0)
2025-12-21T19:27:26.4726172Z   Using cached typing_inspection-0.4.2-py3-none-any.whl.metadata (2.6 kB)
2025-12-21T19:27:26.4884771Z Collecting python-dotenv>=0.21.0 (from pydantic-settings>=2.0.0->tunix-rt-backend==0.1.0)
2025-12-21T19:27:26.4899541Z   Using cached python_dotenv-1.2.1-py3-none-any.whl.metadata (25 kB)
2025-12-21T19:27:26.5011706Z Collecting iniconfig>=1.0.1 (from pytest>=7.4.0->tunix-rt-backend==0.1.0)
2025-12-21T19:27:26.5025013Z   Using cached iniconfig-2.3.0-py3-none-any.whl.metadata (2.5 kB)
2025-12-21T19:27:26.5159899Z Collecting packaging>=22 (from pytest>=7.4.0->tunix-rt-backend==0.1.0)
2025-12-21T19:27:26.5173825Z   Using cached packaging-25.0-py3-none-any.whl.metadata (3.3 kB)
2025-12-21T19:27:26.5273293Z Collecting pluggy<2,>=1.5 (from pytest>=7.4.0->tunix-rt-backend==0.1.0)
2025-12-21T19:27:26.5287268Z   Using cached pluggy-1.6.0-py3-none-any.whl.metadata (4.8 kB)
2025-12-21T19:27:26.5453056Z Collecting pygments>=2.7.2 (from pytest>=7.4.0->tunix-rt-backend==0.1.0)
2025-12-21T19:27:26.5466349Z   Using cached pygments-2.19.2-py3-none-any.whl.metadata (2.5 kB)
2025-12-21T19:27:26.9001275Z Collecting coverage>=7.10.6 (from coverage[toml]>=7.10.6->pytest-cov>=4.1.0->tunix-rt-backend==0.1.0)
2025-12-21T19:27:26.9017847Z   Using cached coverage-7.13.0-cp311-cp311-manylinux1_x86_64.manylinux_2_28_x86_64.manylinux_2_5_x86_64.whl.metadata (8.5 kB)
2025-12-21T19:27:27.0965208Z Collecting greenlet>=1 (from sqlalchemy>=2.0.0->sqlalchemy[asyncio]>=2.0.0->tunix-rt-backend==0.1.0)
2025-12-21T19:27:27.0980559Z   Using cached greenlet-3.3.0-cp311-cp311-manylinux_2_24_x86_64.manylinux_2_28_x86_64.whl.metadata (4.1 kB)
2025-12-21T19:27:27.1208296Z Collecting click>=7.0 (from uvicorn>=0.24.0->uvicorn[standard]>=0.24.0->tunix-rt-backend==0.1.0)
2025-12-21T19:27:27.1228066Z   Using cached click-8.3.1-py3-none-any.whl.metadata (2.6 kB)
2025-12-21T19:27:27.1534396Z Collecting httptools>=0.6.3 (from uvicorn[standard]>=0.24.0->tunix-rt-backend==0.1.0)
2025-12-21T19:27:27.1555232Z   Using cached httptools-0.7.1-cp311-cp311-manylinux1_x86_64.manylinux_2_28_x86_64.manylinux_2_5_x86_64.whl.metadata (3.5 kB)
2025-12-21T19:27:27.1945206Z Collecting pyyaml>=5.1 (from uvicorn[standard]>=0.24.0->tunix-rt-backend==0.1.0)
2025-12-21T19:27:27.1960603Z   Using cached pyyaml-6.0.3-cp311-cp311-manylinux2014_x86_64.manylinux_2_17_x86_64.manylinux_2_28_x86_64.whl.metadata (2.4 kB)
2025-12-21T19:27:27.2334932Z Collecting uvloop>=0.15.1 (from uvicorn[standard]>=0.24.0->tunix-rt-backend==0.1.0)
2025-12-21T19:27:27.2350297Z   Using cached uvloop-0.22.1-cp311-cp311-manylinux2014_x86_64.manylinux_2_17_x86_64.manylinux_2_28_x86_64.whl.metadata (4.9 kB)
2025-12-21T19:27:27.3111212Z Collecting watchfiles>=0.13 (from uvicorn[standard]>=0.24.0->tunix-rt-backend==0.1.0)
2025-12-21T19:27:27.3127060Z   Using cached watchfiles-1.1.1-cp311-cp311-manylinux_2_17_x86_64.manylinux2014_x86_64.whl.metadata (4.9 kB)
2025-12-21T19:27:27.3954674Z Collecting websockets>=10.4 (from uvicorn[standard]>=0.24.0->tunix-rt-backend==0.1.0)
2025-12-21T19:27:27.3971365Z   Using cached websockets-15.0.1-cp311-cp311-manylinux_2_5_x86_64.manylinux1_x86_64.manylinux_2_17_x86_64.manylinux2014_x86_64.whl.metadata (6.8 kB)
2025-12-21T19:27:27.4660341Z Collecting MarkupSafe>=0.9.2 (from Mako->alembic>=1.12.0->tunix-rt-backend==0.1.0)
2025-12-21T19:27:27.4677218Z   Using cached markupsafe-3.0.3-cp311-cp311-manylinux2014_x86_64.manylinux_2_17_x86_64.manylinux_2_28_x86_64.whl.metadata (2.7 kB)
2025-12-21T19:27:27.4724858Z Using cached aiosqlite-0.22.0-py3-none-any.whl (17 kB)
2025-12-21T19:27:27.4738697Z Using cached alembic-1.17.2-py3-none-any.whl (248 kB)
2025-12-21T19:27:27.4754440Z Using cached asyncpg-0.31.0-cp311-cp311-manylinux2014_x86_64.manylinux_2_17_x86_64.manylinux_2_28_x86_64.whl (3.0 MB)
2025-12-21T19:27:27.4805369Z Downloading fastapi-0.127.0-py3-none-any.whl (112 kB)
2025-12-21T19:27:27.4997644Z Using cached starlette-0.50.0-py3-none-any.whl (74 kB)
2025-12-21T19:27:27.5011781Z Using cached anyio-4.12.0-py3-none-any.whl (113 kB)
2025-12-21T19:27:27.5026687Z Using cached annotated_doc-0.0.4-py3-none-any.whl (5.3 kB)
2025-12-21T19:27:27.5039830Z Using cached httpx-0.28.1-py3-none-any.whl (73 kB)
2025-12-21T19:27:27.5053555Z Using cached httpcore-1.0.9-py3-none-any.whl (78 kB)
2025-12-21T19:27:27.5067195Z Using cached h11-0.16.0-py3-none-any.whl (37 kB)
2025-12-21T19:27:27.5080656Z Using cached idna-3.11-py3-none-any.whl (71 kB)
2025-12-21T19:27:27.5095049Z Using cached mypy-1.19.1-cp311-cp311-manylinux2014_x86_64.manylinux_2_17_x86_64.manylinux_2_28_x86_64.whl (13.4 MB)
2025-12-21T19:27:27.5202602Z Using cached librt-0.7.4-cp311-cp311-manylinux2014_x86_64.manylinux_2_17_x86_64.manylinux_2_28_x86_64.whl (184 kB)
2025-12-21T19:27:27.5217046Z Using cached mypy_extensions-1.1.0-py3-none-any.whl (5.0 kB)
2025-12-21T19:27:27.5229715Z Using cached pathspec-0.12.1-py3-none-any.whl (31 kB)
2025-12-21T19:27:27.5243171Z Using cached pydantic-2.12.5-py3-none-any.whl (463 kB)
2025-12-21T19:27:27.5259793Z Using cached pydantic_core-2.41.5-cp311-cp311-manylinux_2_17_x86_64.manylinux2014_x86_64.whl (2.1 MB)
2025-12-21T19:27:27.5287991Z Using cached annotated_types-0.7.0-py3-none-any.whl (13 kB)
2025-12-21T19:27:27.5301255Z Using cached pydantic_settings-2.12.0-py3-none-any.whl (51 kB)
2025-12-21T19:27:27.5315028Z Using cached pytest-9.0.2-py3-none-any.whl (374 kB)
2025-12-21T19:27:27.5331345Z Using cached pluggy-1.6.0-py3-none-any.whl (20 kB)
2025-12-21T19:27:27.5345105Z Using cached iniconfig-2.3.0-py3-none-any.whl (7.5 kB)
2025-12-21T19:27:27.5358290Z Using cached packaging-25.0-py3-none-any.whl (66 kB)
2025-12-21T19:27:27.5372273Z Using cached pygments-2.19.2-py3-none-any.whl (1.2 MB)
2025-12-21T19:27:27.5394446Z Using cached pytest_asyncio-1.3.0-py3-none-any.whl (15 kB)
2025-12-21T19:27:27.5407686Z Using cached pytest_cov-7.0.0-py3-none-any.whl (22 kB)
2025-12-21T19:27:27.5421498Z Using cached coverage-7.13.0-cp311-cp311-manylinux1_x86_64.manylinux_2_28_x86_64.manylinux_2_5_x86_64.whl (250 kB)
2025-12-21T19:27:27.5437091Z Using cached python_dotenv-1.2.1-py3-none-any.whl (21 kB)
2025-12-21T19:27:27.5450848Z Using cached ruff-0.14.10-py3-none-manylinux_2_17_x86_64.manylinux2014_x86_64.whl (14.2 MB)
2025-12-21T19:27:27.5566035Z Using cached sqlalchemy-2.0.45-cp311-cp311-manylinux2014_x86_64.manylinux_2_17_x86_64.manylinux_2_28_x86_64.whl (3.3 MB)
2025-12-21T19:27:27.5604137Z Using cached greenlet-3.3.0-cp311-cp311-manylinux_2_24_x86_64.manylinux_2_28_x86_64.whl (590 kB)
2025-12-21T19:27:27.5621679Z Using cached typing_extensions-4.15.0-py3-none-any.whl (44 kB)
2025-12-21T19:27:27.5635768Z Using cached typing_inspection-0.4.2-py3-none-any.whl (14 kB)
2025-12-21T19:27:27.5666447Z Downloading uvicorn-0.40.0-py3-none-any.whl (68 kB)
2025-12-21T19:27:27.5726645Z Using cached click-8.3.1-py3-none-any.whl (108 kB)
2025-12-21T19:27:27.5741093Z Using cached httptools-0.7.1-cp311-cp311-manylinux1_x86_64.manylinux_2_28_x86_64.manylinux_2_5_x86_64.whl (456 kB)
2025-12-21T19:27:27.5758930Z Using cached pyyaml-6.0.3-cp311-cp311-manylinux2014_x86_64.manylinux_2_17_x86_64.manylinux_2_28_x86_64.whl (806 kB)
2025-12-21T19:27:27.5778814Z Using cached uvloop-0.22.1-cp311-cp311-manylinux2014_x86_64.manylinux_2_17_x86_64.manylinux_2_28_x86_64.whl (3.8 MB)
2025-12-21T19:27:27.5819157Z Using cached watchfiles-1.1.1-cp311-cp311-manylinux_2_17_x86_64.manylinux2014_x86_64.whl (456 kB)
2025-12-21T19:27:27.5836342Z Using cached websockets-15.0.1-cp311-cp311-manylinux_2_5_x86_64.manylinux1_x86_64.manylinux_2_17_x86_64.manylinux2014_x86_64.whl (182 kB)
2025-12-21T19:27:27.5851075Z Using cached certifi-2025.11.12-py3-none-any.whl (159 kB)
2025-12-21T19:27:27.5864921Z Using cached mako-1.3.10-py3-none-any.whl (78 kB)
2025-12-21T19:27:27.5879161Z Using cached markupsafe-3.0.3-cp311-cp311-manylinux2014_x86_64.manylinux_2_17_x86_64.manylinux_2_28_x86_64.whl (22 kB)
2025-12-21T19:27:27.6553262Z Building wheels for collected packages: tunix-rt-backend
2025-12-21T19:27:27.6561369Z   Building editable for tunix-rt-backend (pyproject.toml): started
2025-12-21T19:27:27.8499325Z   Building editable for tunix-rt-backend (pyproject.toml): finished with status 'done'
2025-12-21T19:27:27.8505335Z   Created wheel for tunix-rt-backend: filename=tunix_rt_backend-0.1.0-0.editable-py3-none-any.whl size=2998 sha256=5b899debefc8f8c7b95f1f8d6ebef92a720c52236f9ae35daf144a186792978e
2025-12-21T19:27:27.8508971Z   Stored in directory: /tmp/pip-ephem-wheel-cache-kba35s90/wheels/6c/ee/47/0b2814d300ad026845dfa3996505f4a0f855be918f2df7eb34
2025-12-21T19:27:27.8522042Z Successfully built tunix-rt-backend
2025-12-21T19:27:27.9231779Z Installing collected packages: websockets, uvloop, typing-extensions, ruff, pyyaml, python-dotenv, pygments, pluggy, pathspec, packaging, mypy_extensions, MarkupSafe, librt, iniconfig, idna, httptools, h11, greenlet, coverage, click, certifi, asyncpg, annotated-types, annotated-doc, aiosqlite, uvicorn, typing-inspection, sqlalchemy, pytest, pydantic-core, mypy, Mako, httpcore, anyio, watchfiles, starlette, pytest-cov, pytest-asyncio, pydantic, httpx, alembic, pydantic-settings, fastapi, tunix-rt-backend
2025-12-21T19:27:32.9562562Z
2025-12-21T19:27:32.9591031Z Successfully installed Mako-1.3.10 MarkupSafe-3.0.3 aiosqlite-0.22.0 alembic-1.17.2 annotated-doc-0.0.4 annotated-types-0.7.0 anyio-4.12.0 asyncpg-0.31.0 certifi-2025.11.12 click-8.3.1 coverage-7.13.0 fastapi-0.127.0 greenlet-3.3.0 h11-0.16.0 httpcore-1.0.9 httptools-0.7.1 httpx-0.28.1 idna-3.11 iniconfig-2.3.0 librt-0.7.4 mypy-1.19.1 mypy_extensions-1.1.0 packaging-25.0 pathspec-0.12.1 pluggy-1.6.0 pydantic-2.12.5 pydantic-core-2.41.5 pydantic-settings-2.12.0 pygments-2.19.2 pytest-9.0.2 pytest-asyncio-1.3.0 pytest-cov-7.0.0 python-dotenv-1.2.1 pyyaml-6.0.3 ruff-0.14.10 sqlalchemy-2.0.45 starlette-0.50.0 tunix-rt-backend-0.1.0 typing-extensions-4.15.0 typing-inspection-0.4.2 uvicorn-0.40.0 uvloop-0.22.1 watchfiles-1.1.1 websockets-15.0.1
2025-12-21T19:27:33.4421015Z ##[group]Run ruff check .
2025-12-21T19:27:33.4421284Z [36;1mruff check .[0m
2025-12-21T19:27:33.4455029Z shell: /usr/bin/bash -e {0}
2025-12-21T19:27:33.4455249Z env:
2025-12-21T19:27:33.4455492Z   pythonLocation: /opt/hostedtoolcache/Python/3.11.14/x64
2025-12-21T19:27:33.4455904Z   PKG_CONFIG_PATH: /opt/hostedtoolcache/Python/3.11.14/x64/lib/pkgconfig
2025-12-21T19:27:33.4456304Z   Python_ROOT_DIR: /opt/hostedtoolcache/Python/3.11.14/x64
2025-12-21T19:27:33.4456654Z   Python2_ROOT_DIR: /opt/hostedtoolcache/Python/3.11.14/x64
2025-12-21T19:27:33.4457004Z   Python3_ROOT_DIR: /opt/hostedtoolcache/Python/3.11.14/x64
2025-12-21T19:27:33.4457361Z   LD_LIBRARY_PATH: /opt/hostedtoolcache/Python/3.11.14/x64/lib
2025-12-21T19:27:33.4457718Z ##[endgroup]
2025-12-21T19:27:33.4626796Z All checks passed!
2025-12-21T19:27:33.4662019Z ##[group]Run ruff format --check .
2025-12-21T19:27:33.4662379Z [36;1mruff format --check .[0m
2025-12-21T19:27:33.4694241Z shell: /usr/bin/bash -e {0}
2025-12-21T19:27:33.4694468Z env:
2025-12-21T19:27:33.4694706Z   pythonLocation: /opt/hostedtoolcache/Python/3.11.14/x64
2025-12-21T19:27:33.4695117Z   PKG_CONFIG_PATH: /opt/hostedtoolcache/Python/3.11.14/x64/lib/pkgconfig
2025-12-21T19:27:33.4695509Z   Python_ROOT_DIR: /opt/hostedtoolcache/Python/3.11.14/x64
2025-12-21T19:27:33.4695851Z   Python2_ROOT_DIR: /opt/hostedtoolcache/Python/3.11.14/x64
2025-12-21T19:27:33.4696200Z   Python3_ROOT_DIR: /opt/hostedtoolcache/Python/3.11.14/x64
2025-12-21T19:27:33.4696546Z   LD_LIBRARY_PATH: /opt/hostedtoolcache/Python/3.11.14/x64/lib
2025-12-21T19:27:33.4696835Z ##[endgroup]
2025-12-21T19:27:33.4852987Z 24 files already formatted
2025-12-21T19:27:33.4886384Z ##[group]Run mypy tunix_rt_backend
2025-12-21T19:27:33.4886867Z [36;1mmypy tunix_rt_backend[0m
2025-12-21T19:27:33.4919550Z shell: /usr/bin/bash -e {0}
2025-12-21T19:27:33.4919777Z env:
2025-12-21T19:27:33.4920019Z   pythonLocation: /opt/hostedtoolcache/Python/3.11.14/x64
2025-12-21T19:27:33.4920420Z   PKG_CONFIG_PATH: /opt/hostedtoolcache/Python/3.11.14/x64/lib/pkgconfig
2025-12-21T19:27:33.4920819Z   Python_ROOT_DIR: /opt/hostedtoolcache/Python/3.11.14/x64
2025-12-21T19:27:33.4921160Z   Python2_ROOT_DIR: /opt/hostedtoolcache/Python/3.11.14/x64
2025-12-21T19:27:33.4921526Z   Python3_ROOT_DIR: /opt/hostedtoolcache/Python/3.11.14/x64
2025-12-21T19:27:33.4922175Z   LD_LIBRARY_PATH: /opt/hostedtoolcache/Python/3.11.14/x64/lib
2025-12-21T19:27:33.4922537Z ##[endgroup]
2025-12-21T19:27:41.6806952Z Success: no issues found in 13 source files
2025-12-21T19:27:41.7053593Z ##[group]Run pytest -q --cov=tunix_rt_backend --cov-branch --cov-report=term --cov-report=xml --cov-report=json:coverage.json
2025-12-21T19:27:41.7054415Z [36;1mpytest -q --cov=tunix_rt_backend --cov-branch --cov-report=term --cov-report=xml --cov-report=json:coverage.json[0m
2025-12-21T19:27:41.7087300Z shell: /usr/bin/bash -e {0}
2025-12-21T19:27:41.7087523Z env:
2025-12-21T19:27:41.7087758Z   pythonLocation: /opt/hostedtoolcache/Python/3.11.14/x64
2025-12-21T19:27:41.7088168Z   PKG_CONFIG_PATH: /opt/hostedtoolcache/Python/3.11.14/x64/lib/pkgconfig
2025-12-21T19:27:41.7088554Z   Python_ROOT_DIR: /opt/hostedtoolcache/Python/3.11.14/x64
2025-12-21T19:27:41.7088896Z   Python2_ROOT_DIR: /opt/hostedtoolcache/Python/3.11.14/x64
2025-12-21T19:27:41.7089228Z   Python3_ROOT_DIR: /opt/hostedtoolcache/Python/3.11.14/x64
2025-12-21T19:27:41.7089568Z   LD_LIBRARY_PATH: /opt/hostedtoolcache/Python/3.11.14/x64/lib
2025-12-21T19:27:41.7089851Z ##[endgroup]
2025-12-21T19:27:45.3937668Z .................................................                        [100%]
2025-12-21T19:27:45.3938793Z =============================== warnings summary ===============================
2025-12-21T19:27:45.3940401Z tests/test_scoring.py::TestCompareEndpoint::test_compare_with_invalid_uuid_format
2025-12-21T19:27:45.3942204Z   /opt/hostedtoolcache/Python/3.11.14/x64/lib/python3.11/asyncio/events.py:84: DeprecationWarning: 'HTTP_422_UNPROCESSABLE_ENTITY' is deprecated. Use 'HTTP_422_UNPROCESSABLE_CONTENT' instead.
2025-12-21T19:27:45.3963106Z     self._context.run(self._callback, *self._args)
2025-12-21T19:27:45.3963940Z
2025-12-21T19:27:45.3964487Z tests/test_traces.py::test_create_trace_oversized_payload
2025-12-21T19:27:45.3966306Z   /opt/hostedtoolcache/Python/3.11.14/x64/lib/python3.11/site-packages/fastapi/dependencies/utils.py:676: DeprecationWarning: 'HTTP_413_REQUEST_ENTITY_TOO_LARGE' is deprecated. Use 'HTTP_413_CONTENT_TOO_LARGE' instead.
2025-12-21T19:27:45.3967691Z     solved = await call(**solved_result.values)
2025-12-21T19:27:45.3967990Z
2025-12-21T19:27:45.3968213Z tests/test_traces.py::test_list_traces_invalid_limit
2025-12-21T19:27:45.3968730Z tests/test_traces.py::test_list_traces_negative_offset
2025-12-21T19:27:45.3969273Z tests/test_traces.py::test_list_traces_with_zero_limit
2025-12-21T19:27:45.3970497Z   /opt/hostedtoolcache/Python/3.11.14/x64/lib/python3.11/site-packages/fastapi/routing.py:312: DeprecationWarning: 'HTTP_422_UNPROCESSABLE_ENTITY' is deprecated. Use 'HTTP_422_UNPROCESSABLE_CONTENT' instead.
2025-12-21T19:27:45.3971700Z     return await dependant.call(**values)
2025-12-21T19:27:45.3972230Z
2025-12-21T19:27:45.3972513Z -- Docs: https://docs.pytest.org/en/stable/how-to/capture-warnings.html
2025-12-21T19:27:45.3973105Z ================================ tests coverage ================================
2025-12-21T19:27:45.3973643Z _______________ coverage: platform linux, python 3.11.14-final-0 _______________
2025-12-21T19:27:45.3974020Z
2025-12-21T19:27:45.3974202Z Name                                     Stmts   Miss Branch BrPart  Cover
2025-12-21T19:27:45.3974672Z --------------------------------------------------------------------------
2025-12-21T19:27:45.3975577Z tunix_rt_backend/__init__.py                 1      0      0      0   100%
2025-12-21T19:27:45.3976122Z tunix_rt_backend/app.py                     95     31     22      0    65%
2025-12-21T19:27:45.3976673Z tunix_rt_backend/db/__init__.py              0      0      0      0   100%
2025-12-21T19:27:45.3977239Z tunix_rt_backend/db/base.py                 10      2      0      0    80%
2025-12-21T19:27:45.3977815Z tunix_rt_backend/db/models/__init__.py       3      0      0      0   100%
2025-12-21T19:27:45.3978446Z tunix_rt_backend/db/models/score.py         15      0      0      0   100%
2025-12-21T19:27:45.3979064Z tunix_rt_backend/db/models/trace.py         13      0      0      0   100%
2025-12-21T19:27:45.3979660Z tunix_rt_backend/redi_client.py             32      6      4      1    81%
2025-12-21T19:27:45.3980556Z tunix_rt_backend/schemas/__init__.py         3      0      0      0   100%
2025-12-21T19:27:45.3981194Z tunix_rt_backend/schemas/score.py           28      0      0      0   100%
2025-12-21T19:27:45.3981811Z tunix_rt_backend/schemas/trace.py           47      1      4      1    96%
2025-12-21T19:27:45.3982591Z tunix_rt_backend/scoring.py                 11      0      0      0   100%
2025-12-21T19:27:45.3983186Z tunix_rt_backend/settings.py                33      1      2      1    94%
2025-12-21T19:27:45.3983734Z --------------------------------------------------------------------------
2025-12-21T19:27:45.3984201Z TOTAL                                      291     41     32      3    83%
2025-12-21T19:27:45.3984621Z Coverage XML written to file coverage.xml
2025-12-21T19:27:45.3985020Z Coverage JSON written to file coverage.json
2025-12-21T19:27:45.3985522Z Required test coverage of 70.0% reached. Total coverage: 83.28%
2025-12-21T19:27:45.3985975Z 49 passed, 5 warnings in 2.21s
2025-12-21T19:27:45.5400882Z ##[group]Run python tools/coverage_gate.py
2025-12-21T19:27:45.5401228Z [36;1mpython tools/coverage_gate.py[0m
2025-12-21T19:27:45.5434665Z shell: /usr/bin/bash -e {0}
2025-12-21T19:27:45.5434908Z env:
2025-12-21T19:27:45.5435150Z   pythonLocation: /opt/hostedtoolcache/Python/3.11.14/x64
2025-12-21T19:27:45.5435559Z   PKG_CONFIG_PATH: /opt/hostedtoolcache/Python/3.11.14/x64/lib/pkgconfig
2025-12-21T19:27:45.5435947Z   Python_ROOT_DIR: /opt/hostedtoolcache/Python/3.11.14/x64
2025-12-21T19:27:45.5436284Z   Python2_ROOT_DIR: /opt/hostedtoolcache/Python/3.11.14/x64
2025-12-21T19:27:45.5436624Z   Python3_ROOT_DIR: /opt/hostedtoolcache/Python/3.11.14/x64
2025-12-21T19:27:45.5436969Z   LD_LIBRARY_PATH: /opt/hostedtoolcache/Python/3.11.14/x64/lib
2025-12-21T19:27:45.5437255Z ##[endgroup]
2025-12-21T19:27:45.5734520Z ============================================================
2025-12-21T19:27:45.5737984Z Coverage Gate Report
2025-12-21T19:27:45.5738423Z ============================================================
2025-12-21T19:27:45.5738870Z Line Coverage:   83.28% (gate: >= 80.0%)
2025-12-21T19:27:45.5739301Z Branch Coverage: 59.38% (gate: >= 68.0%)
2025-12-21T19:27:45.5739724Z ============================================================
2025-12-21T19:27:45.5740152Z [FAIL] Coverage gates FAILED:
2025-12-21T19:27:45.5740544Z   - Branch coverage: 59.38% < 68.0%
2025-12-21T19:27:45.5740930Z ============================================================
2025-12-21T19:27:45.5793364Z ##[error]Process completed with exit code 1.
2025-12-21T19:27:45.5920064Z Post job cleanup.
2025-12-21T19:27:45.6875079Z [command]/usr/bin/git version
2025-12-21T19:27:45.6915980Z git version 2.52.0
2025-12-21T19:27:45.6964002Z Temporarily overriding HOME='/home/runner/work/_temp/f7b2f9cf-273c-4318-bcd8-5a2593e22cea' before making global git config changes
2025-12-21T19:27:45.6965592Z Adding repository directory to the temporary git global config as a safe directory
2025-12-21T19:27:45.6971102Z [command]/usr/bin/git config --global --add safe.directory /home/runner/work/tunix-rt/tunix-rt
2025-12-21T19:27:45.7016616Z [command]/usr/bin/git config --local --name-only --get-regexp core\.sshCommand
2025-12-21T19:27:45.7056082Z [command]/usr/bin/git submodule foreach --recursive sh -c "git config --local --name-only --get-regexp 'core\.sshCommand' && git config --local --unset-all 'core.sshCommand' || :"
2025-12-21T19:27:45.7305677Z [command]/usr/bin/git config --local --name-only --get-regexp http\.https\:\/\/github\.com\/\.extraheader
2025-12-21T19:27:45.7328876Z http.https://github.com/.extraheader
2025-12-21T19:27:45.7343813Z [command]/usr/bin/git config --local --unset-all http.https://github.com/.extraheader
2025-12-21T19:27:45.7379038Z [command]/usr/bin/git submodule foreach --recursive sh -c "git config --local --name-only --get-regexp 'http\.https\:\/\/github\.com\/\.extraheader' && git config --local --unset-all 'http.https://github.com/.extraheader' || :"
2025-12-21T19:27:45.7734525Z [command]/usr/bin/git config --local --name-only --get-regexp ^includeIf\.gitdir:
2025-12-21T19:27:45.7800412Z [command]/usr/bin/git submodule foreach --recursive git config --local --show-origin --name-only --get-regexp remote.origin.url
2025-12-21T19:27:45.8153794Z Cleaning up orphan processes
