2025-12-21T19:27:12.6568513Z Current runner version: '2.330.0'
2025-12-21T19:27:12.6603937Z ##[group]Runner Image Provisioner
2025-12-21T19:27:12.6605193Z Hosted Compute Agent
2025-12-21T19:27:12.6606288Z Version: 20251211.462
2025-12-21T19:27:12.6607661Z Commit: 6cbad8c2bb55d58165063d031ccabf57e2d2db61
2025-12-21T19:27:12.6608900Z Build Date: 2025-12-11T16:28:49Z
2025-12-21T19:27:12.6610162Z Worker ID: {bfd62a11-a909-483d-a5a6-6df998c24f04}
2025-12-21T19:27:12.6611333Z ##[endgroup]
2025-12-21T19:27:12.6612189Z ##[group]Operating System
2025-12-21T19:27:12.6613195Z Ubuntu
2025-12-21T19:27:12.6614017Z 24.04.3
2025-12-21T19:27:12.6614770Z LTS
2025-12-21T19:27:12.6615647Z ##[endgroup]
2025-12-21T19:27:12.6616588Z ##[group]Runner Image
2025-12-21T19:27:12.6617757Z Image: ubuntu-24.04
2025-12-21T19:27:12.6618747Z Version: 20251215.174.1
2025-12-21T19:27:12.6620539Z Included Software: https://github.com/actions/runner-images/blob/ubuntu24/20251215.174/images/ubuntu/Ubuntu2404-Readme.md
2025-12-21T19:27:12.6623458Z Image Release: https://github.com/actions/runner-images/releases/tag/ubuntu24%2F20251215.174
2025-12-21T19:27:12.6625260Z ##[endgroup]
2025-12-21T19:27:12.6627077Z ##[group]GITHUB_TOKEN Permissions
2025-12-21T19:27:12.6629994Z Contents: read
2025-12-21T19:27:12.6630822Z Metadata: read
2025-12-21T19:27:12.6631720Z ##[endgroup]
2025-12-21T19:27:12.6634917Z Secret source: Actions
2025-12-21T19:27:12.6636023Z Prepare workflow directory
2025-12-21T19:27:12.7413276Z Prepare all required actions
2025-12-21T19:27:12.7470442Z Getting action download info
2025-12-21T19:27:13.2441524Z Download action repository 'actions/checkout@v4' (SHA:34e114876b0b11c390a56381ad16ebd13914f8d5)
2025-12-21T19:27:13.3654981Z Download action repository 'actions/setup-python@v5' (SHA:a26af69be951a213d495a4c3e4e4022e16d87065)
2025-12-21T19:27:13.4558502Z Download action repository 'actions/cache@v4' (SHA:0057852bfaa89a56745cba8c7296529d2fc39830)
2025-12-21T19:27:13.5638548Z Download action repository 'actions/upload-artifact@v4' (SHA:ea165f8d65b6e75b540449e92b4886f43607fa02)
2025-12-21T19:27:13.7909281Z Complete job name: security-backend
2025-12-21T19:27:13.8570692Z ##[group]Run actions/checkout@v4
2025-12-21T19:27:13.8571518Z with:
2025-12-21T19:27:13.8571909Z   repository: m-cahill/tunix-rt
2025-12-21T19:27:13.8572562Z   token: ***
2025-12-21T19:27:13.8572931Z   ssh-strict: true
2025-12-21T19:27:13.8573318Z   ssh-user: git
2025-12-21T19:27:13.8573718Z   persist-credentials: true
2025-12-21T19:27:13.8574144Z   clean: true
2025-12-21T19:27:13.8574536Z   sparse-checkout-cone-mode: true
2025-12-21T19:27:13.8574994Z   fetch-depth: 1
2025-12-21T19:27:13.8575375Z   fetch-tags: false
2025-12-21T19:27:13.8575764Z   show-progress: true
2025-12-21T19:27:13.8576200Z   lfs: false
2025-12-21T19:27:13.8576557Z   submodules: false
2025-12-21T19:27:13.8576948Z   set-safe-directory: true
2025-12-21T19:27:13.8577824Z ##[endgroup]
2025-12-21T19:27:13.9770975Z Syncing repository: m-cahill/tunix-rt
2025-12-21T19:27:13.9773681Z ##[group]Getting Git version info
2025-12-21T19:27:13.9774803Z Working directory is '/home/runner/work/tunix-rt/tunix-rt'
2025-12-21T19:27:13.9776519Z [command]/usr/bin/git version
2025-12-21T19:27:13.9841960Z git version 2.52.0
2025-12-21T19:27:13.9874858Z ##[endgroup]
2025-12-21T19:27:13.9890219Z Temporarily overriding HOME='/home/runner/work/_temp/d0a2b9ca-3792-4f5f-80ce-9d3902909c23' before making global git config changes
2025-12-21T19:27:13.9894978Z Adding repository directory to the temporary git global config as a safe directory
2025-12-21T19:27:13.9909077Z [command]/usr/bin/git config --global --add safe.directory /home/runner/work/tunix-rt/tunix-rt
2025-12-21T19:27:13.9962842Z Deleting the contents of '/home/runner/work/tunix-rt/tunix-rt'
2025-12-21T19:27:13.9967751Z ##[group]Initializing the repository
2025-12-21T19:27:13.9972695Z [command]/usr/bin/git init /home/runner/work/tunix-rt/tunix-rt
2025-12-21T19:27:14.0113366Z hint: Using 'master' as the name for the initial branch. This default branch name
2025-12-21T19:27:14.0117019Z hint: will change to "main" in Git 3.0. To configure the initial branch name
2025-12-21T19:27:14.0120788Z hint: to use in all of your new repositories, which will suppress this warning,
2025-12-21T19:27:14.0121983Z hint: call:
2025-12-21T19:27:14.0122588Z hint:
2025-12-21T19:27:14.0123752Z hint: 	git config --global init.defaultBranch <name>
2025-12-21T19:27:14.0124691Z hint:
2025-12-21T19:27:14.0125616Z hint: Names commonly chosen instead of 'master' are 'main', 'trunk' and
2025-12-21T19:27:14.0127103Z hint: 'development'. The just-created branch can be renamed via this command:
2025-12-21T19:27:14.0128516Z hint:
2025-12-21T19:27:14.0129120Z hint: 	git branch -m <name>
2025-12-21T19:27:14.0129802Z hint:
2025-12-21T19:27:14.0130784Z hint: Disable this message with "git config set advice.defaultBranchName false"
2025-12-21T19:27:14.0132390Z Initialized empty Git repository in /home/runner/work/tunix-rt/tunix-rt/.git/
2025-12-21T19:27:14.0135077Z [command]/usr/bin/git remote add origin https://github.com/m-cahill/tunix-rt
2025-12-21T19:27:14.0182995Z ##[endgroup]
2025-12-21T19:27:14.0184160Z ##[group]Disabling automatic garbage collection
2025-12-21T19:27:14.0185226Z [command]/usr/bin/git config --local gc.auto 0
2025-12-21T19:27:14.0219047Z ##[endgroup]
2025-12-21T19:27:14.0220556Z ##[group]Setting up auth
2025-12-21T19:27:14.0227563Z [command]/usr/bin/git config --local --name-only --get-regexp core\.sshCommand
2025-12-21T19:27:14.0264396Z [command]/usr/bin/git submodule foreach --recursive sh -c "git config --local --name-only --get-regexp 'core\.sshCommand' && git config --local --unset-all 'core.sshCommand' || :"
2025-12-21T19:27:14.0645002Z [command]/usr/bin/git config --local --name-only --get-regexp http\.https\:\/\/github\.com\/\.extraheader
2025-12-21T19:27:14.0682777Z [command]/usr/bin/git submodule foreach --recursive sh -c "git config --local --name-only --get-regexp 'http\.https\:\/\/github\.com\/\.extraheader' && git config --local --unset-all 'http.https://github.com/.extraheader' || :"
2025-12-21T19:27:14.0919883Z [command]/usr/bin/git config --local --name-only --get-regexp ^includeIf\.gitdir:
2025-12-21T19:27:14.0964681Z [command]/usr/bin/git submodule foreach --recursive git config --local --show-origin --name-only --get-regexp remote.origin.url
2025-12-21T19:27:14.1203554Z [command]/usr/bin/git config --local http.https://github.com/.extraheader AUTHORIZATION: basic ***
2025-12-21T19:27:14.1241624Z ##[endgroup]
2025-12-21T19:27:14.1242930Z ##[group]Fetching the repository
2025-12-21T19:27:14.1251580Z [command]/usr/bin/git -c protocol.version=2 fetch --no-tags --prune --no-recurse-submodules --depth=1 origin +4ee5331ee97d6af37fdf6362cbecbd6d11baad1b:refs/remotes/origin/main
2025-12-21T19:27:14.6104851Z From https://github.com/m-cahill/tunix-rt
2025-12-21T19:27:14.6108459Z  * [new ref]         4ee5331ee97d6af37fdf6362cbecbd6d11baad1b -> origin/main
2025-12-21T19:27:14.6272154Z ##[endgroup]
2025-12-21T19:27:14.6273765Z ##[group]Determining the checkout info
2025-12-21T19:27:14.6275715Z ##[endgroup]
2025-12-21T19:27:14.6277033Z [command]/usr/bin/git sparse-checkout disable
2025-12-21T19:27:14.6280813Z [command]/usr/bin/git config --local --unset-all extensions.worktreeConfig
2025-12-21T19:27:14.6284998Z ##[group]Checking out the ref
2025-12-21T19:27:14.6287488Z [command]/usr/bin/git checkout --progress --force -B main refs/remotes/origin/main
2025-12-21T19:27:14.6574136Z Switched to a new branch 'main'
2025-12-21T19:27:14.6580198Z branch 'main' set up to track 'origin/main'.
2025-12-21T19:27:14.6587727Z ##[endgroup]
2025-12-21T19:27:14.6629701Z [command]/usr/bin/git log -1 --format=%H
2025-12-21T19:27:14.6655422Z 4ee5331ee97d6af37fdf6362cbecbd6d11baad1b
2025-12-21T19:27:14.6967473Z ##[group]Run actions/setup-python@v5
2025-12-21T19:27:14.6969297Z with:
2025-12-21T19:27:14.6970786Z   python-version: 3.11
2025-12-21T19:27:14.6972100Z   cache: pip
2025-12-21T19:27:14.6973403Z   cache-dependency-path: backend/pyproject.toml
2025-12-21T19:27:14.6975201Z   check-latest: false
2025-12-21T19:27:14.6976869Z   token: ***
2025-12-21T19:27:14.6978708Z   update-environment: true
2025-12-21T19:27:14.6980240Z   allow-prereleases: false
2025-12-21T19:27:14.6981683Z   freethreaded: false
2025-12-21T19:27:14.6983077Z ##[endgroup]
2025-12-21T19:27:14.9016484Z ##[group]Installed versions
2025-12-21T19:27:14.9181101Z Successfully set up CPython (3.11.14)
2025-12-21T19:27:14.9183561Z ##[endgroup]
2025-12-21T19:27:14.9755765Z [command]/opt/hostedtoolcache/Python/3.11.14/x64/bin/pip cache dir
2025-12-21T19:27:16.2824995Z /home/runner/.cache/pip
2025-12-21T19:27:16.5769775Z Cache hit for: setup-python-Linux-x64-24.04-Ubuntu-python-3.11.14-pip-03c7608b5f84f960b906408ec3b56871463b52d83fb30980bbf2ad28085364b0
2025-12-21T19:27:17.8648227Z Received 0 of 52909928 (0.0%), 0.0 MBs/sec
2025-12-21T19:27:18.4211394Z Received 52909928 of 52909928 (100.0%), 32.3 MBs/sec
2025-12-21T19:27:18.4218229Z Cache Size: ~50 MB (52909928 B)
2025-12-21T19:27:18.4278756Z [command]/usr/bin/tar -xf /home/runner/work/_temp/d654b368-225c-4a40-9b07-63b91084578a/cache.tzst -P -C /home/runner/work/tunix-rt/tunix-rt --use-compress-program unzstd
2025-12-21T19:27:18.5568181Z Cache restored successfully
2025-12-21T19:27:18.5700957Z Cache restored from key: setup-python-Linux-x64-24.04-Ubuntu-python-3.11.14-pip-03c7608b5f84f960b906408ec3b56871463b52d83fb30980bbf2ad28085364b0
2025-12-21T19:27:18.5949684Z ##[group]Run python -m pip install -e ".[dev]"
2025-12-21T19:27:18.5950162Z [36;1mpython -m pip install -e ".[dev]"[0m
2025-12-21T19:27:18.5990152Z shell: /usr/bin/bash -e {0}
2025-12-21T19:27:18.5990432Z env:
2025-12-21T19:27:18.5990689Z   pythonLocation: /opt/hostedtoolcache/Python/3.11.14/x64
2025-12-21T19:27:18.5991154Z   PKG_CONFIG_PATH: /opt/hostedtoolcache/Python/3.11.14/x64/lib/pkgconfig
2025-12-21T19:27:18.5991596Z   Python_ROOT_DIR: /opt/hostedtoolcache/Python/3.11.14/x64
2025-12-21T19:27:18.5991972Z   Python2_ROOT_DIR: /opt/hostedtoolcache/Python/3.11.14/x64
2025-12-21T19:27:18.5992324Z   Python3_ROOT_DIR: /opt/hostedtoolcache/Python/3.11.14/x64
2025-12-21T19:27:18.5992681Z   LD_LIBRARY_PATH: /opt/hostedtoolcache/Python/3.11.14/x64/lib
2025-12-21T19:27:18.5993009Z ##[endgroup]
2025-12-21T19:27:19.9012557Z Obtaining file:///home/runner/work/tunix-rt/tunix-rt/backend
2025-12-21T19:27:19.9034736Z   Installing build dependencies: started
2025-12-21T19:27:21.0545701Z   Installing build dependencies: finished with status 'done'
2025-12-21T19:27:21.0551765Z   Checking if build backend supports build_editable: started
2025-12-21T19:27:21.3740766Z   Checking if build backend supports build_editable: finished with status 'done'
2025-12-21T19:27:21.3749076Z   Getting requirements to build editable: started
2025-12-21T19:27:21.6830753Z   Getting requirements to build editable: finished with status 'done'
2025-12-21T19:27:21.6842021Z   Preparing editable metadata (pyproject.toml): started
2025-12-21T19:27:21.8687704Z   Preparing editable metadata (pyproject.toml): finished with status 'done'
2025-12-21T19:27:21.9956250Z Collecting fastapi>=0.104.0 (from tunix-rt-backend==0.1.0)
2025-12-21T19:27:22.0519825Z   Downloading fastapi-0.127.0-py3-none-any.whl.metadata (30 kB)
2025-12-21T19:27:22.0970109Z Collecting uvicorn>=0.24.0 (from uvicorn[standard]>=0.24.0->tunix-rt-backend==0.1.0)
2025-12-21T19:27:22.1024022Z   Downloading uvicorn-0.40.0-py3-none-any.whl.metadata (6.7 kB)
2025-12-21T19:27:22.1322717Z Collecting httpx>=0.25.0 (from tunix-rt-backend==0.1.0)
2025-12-21T19:27:22.1338765Z   Using cached httpx-0.28.1-py3-none-any.whl.metadata (7.1 kB)
2025-12-21T19:27:22.2444611Z Collecting pydantic>=2.4.0 (from tunix-rt-backend==0.1.0)
2025-12-21T19:27:22.2462318Z   Using cached pydantic-2.12.5-py3-none-any.whl.metadata (90 kB)
2025-12-21T19:27:22.2620565Z Collecting pydantic-settings>=2.0.0 (from tunix-rt-backend==0.1.0)
2025-12-21T19:27:22.2635328Z   Using cached pydantic_settings-2.12.0-py3-none-any.whl.metadata (3.4 kB)
2025-12-21T19:27:22.5191777Z Collecting sqlalchemy>=2.0.0 (from sqlalchemy[asyncio]>=2.0.0->tunix-rt-backend==0.1.0)
2025-12-21T19:27:22.5209989Z   Using cached sqlalchemy-2.0.45-cp311-cp311-manylinux2014_x86_64.manylinux_2_17_x86_64.manylinux_2_28_x86_64.whl.metadata (9.5 kB)
2025-12-21T19:27:22.5490218Z Collecting alembic>=1.12.0 (from tunix-rt-backend==0.1.0)
2025-12-21T19:27:22.5504079Z   Using cached alembic-1.17.2-py3-none-any.whl.metadata (7.2 kB)
2025-12-21T19:27:22.6066485Z Collecting asyncpg>=0.29.0 (from tunix-rt-backend==0.1.0)
2025-12-21T19:27:22.6082648Z   Using cached asyncpg-0.31.0-cp311-cp311-manylinux2014_x86_64.manylinux_2_17_x86_64.manylinux_2_28_x86_64.whl.metadata (4.4 kB)
2025-12-21T19:27:22.6395307Z Collecting pytest>=7.4.0 (from tunix-rt-backend==0.1.0)
2025-12-21T19:27:22.6409567Z   Using cached pytest-9.0.2-py3-none-any.whl.metadata (7.6 kB)
2025-12-21T19:27:22.6546454Z Collecting pytest-cov>=4.1.0 (from tunix-rt-backend==0.1.0)
2025-12-21T19:27:22.6560079Z   Using cached pytest_cov-7.0.0-py3-none-any.whl.metadata (31 kB)
2025-12-21T19:27:22.6753079Z Collecting pytest-asyncio>=0.21.0 (from tunix-rt-backend==0.1.0)
2025-12-21T19:27:22.6766657Z   Using cached pytest_asyncio-1.3.0-py3-none-any.whl.metadata (4.1 kB)
2025-12-21T19:27:23.0092524Z Collecting ruff>=0.1.0 (from tunix-rt-backend==0.1.0)
2025-12-21T19:27:23.0106940Z   Using cached ruff-0.14.10-py3-none-manylinux_2_17_x86_64.manylinux2014_x86_64.whl.metadata (26 kB)
2025-12-21T19:27:23.1328512Z Collecting mypy>=1.6.0 (from tunix-rt-backend==0.1.0)
2025-12-21T19:27:23.1344975Z   Using cached mypy-1.19.1-cp311-cp311-manylinux2014_x86_64.manylinux_2_17_x86_64.manylinux_2_28_x86_64.whl.metadata (2.2 kB)
2025-12-21T19:27:23.1450592Z Collecting aiosqlite>=0.19.0 (from tunix-rt-backend==0.1.0)
2025-12-21T19:27:23.1464308Z   Using cached aiosqlite-0.22.0-py3-none-any.whl.metadata (4.3 kB)
2025-12-21T19:27:23.1768041Z Collecting Mako (from alembic>=1.12.0->tunix-rt-backend==0.1.0)
2025-12-21T19:27:23.1785468Z   Using cached mako-1.3.10-py3-none-any.whl.metadata (2.9 kB)
2025-12-21T19:27:23.1978156Z Collecting typing-extensions>=4.12 (from alembic>=1.12.0->tunix-rt-backend==0.1.0)
2025-12-21T19:27:23.1993078Z   Using cached typing_extensions-4.15.0-py3-none-any.whl.metadata (3.3 kB)
2025-12-21T19:27:23.2258600Z Collecting starlette<0.51.0,>=0.40.0 (from fastapi>=0.104.0->tunix-rt-backend==0.1.0)
2025-12-21T19:27:23.2277581Z   Using cached starlette-0.50.0-py3-none-any.whl.metadata (6.3 kB)
2025-12-21T19:27:23.2510021Z Collecting annotated-doc>=0.0.2 (from fastapi>=0.104.0->tunix-rt-backend==0.1.0)
2025-12-21T19:27:23.2523979Z   Using cached annotated_doc-0.0.4-py3-none-any.whl.metadata (6.6 kB)
2025-12-21T19:27:23.2695514Z Collecting anyio<5,>=3.6.2 (from starlette<0.51.0,>=0.40.0->fastapi>=0.104.0->tunix-rt-backend==0.1.0)
2025-12-21T19:27:23.2709707Z   Using cached anyio-4.12.0-py3-none-any.whl.metadata (4.3 kB)
2025-12-21T19:27:23.2869255Z Collecting idna>=2.8 (from anyio<5,>=3.6.2->starlette<0.51.0,>=0.40.0->fastapi>=0.104.0->tunix-rt-backend==0.1.0)
2025-12-21T19:27:23.2883528Z   Using cached idna-3.11-py3-none-any.whl.metadata (8.4 kB)
2025-12-21T19:27:23.3101028Z Collecting certifi (from httpx>=0.25.0->tunix-rt-backend==0.1.0)
2025-12-21T19:27:23.3115069Z   Using cached certifi-2025.11.12-py3-none-any.whl.metadata (2.5 kB)
2025-12-21T19:27:23.3291270Z Collecting httpcore==1.* (from httpx>=0.25.0->tunix-rt-backend==0.1.0)
2025-12-21T19:27:23.3305906Z   Using cached httpcore-1.0.9-py3-none-any.whl.metadata (21 kB)
2025-12-21T19:27:23.3406311Z Collecting h11>=0.16 (from httpcore==1.*->httpx>=0.25.0->tunix-rt-backend==0.1.0)
2025-12-21T19:27:23.3420939Z   Using cached h11-0.16.0-py3-none-any.whl.metadata (8.3 kB)
2025-12-21T19:27:23.3580242Z Collecting mypy_extensions>=1.0.0 (from mypy>=1.6.0->tunix-rt-backend==0.1.0)
2025-12-21T19:27:23.3593892Z   Using cached mypy_extensions-1.1.0-py3-none-any.whl.metadata (1.1 kB)
2025-12-21T19:27:23.3681738Z Collecting pathspec>=0.9.0 (from mypy>=1.6.0->tunix-rt-backend==0.1.0)
2025-12-21T19:27:23.3696015Z   Using cached pathspec-0.12.1-py3-none-any.whl.metadata (21 kB)
2025-12-21T19:27:23.4418550Z Collecting librt>=0.6.2 (from mypy>=1.6.0->tunix-rt-backend==0.1.0)
2025-12-21T19:27:23.4434672Z   Using cached librt-0.7.4-cp311-cp311-manylinux2014_x86_64.manylinux_2_17_x86_64.manylinux_2_28_x86_64.whl.metadata (1.3 kB)
2025-12-21T19:27:23.4543934Z Collecting annotated-types>=0.6.0 (from pydantic>=2.4.0->tunix-rt-backend==0.1.0)
2025-12-21T19:27:23.4559153Z   Using cached annotated_types-0.7.0-py3-none-any.whl.metadata (15 kB)
2025-12-21T19:27:24.1579433Z Collecting pydantic-core==2.41.5 (from pydantic>=2.4.0->tunix-rt-backend==0.1.0)
2025-12-21T19:27:24.1595478Z   Using cached pydantic_core-2.41.5-cp311-cp311-manylinux_2_17_x86_64.manylinux2014_x86_64.whl.metadata (7.3 kB)
2025-12-21T19:27:24.1705193Z Collecting typing-inspection>=0.4.2 (from pydantic>=2.4.0->tunix-rt-backend==0.1.0)
2025-12-21T19:27:24.1719039Z   Using cached typing_inspection-0.4.2-py3-none-any.whl.metadata (2.6 kB)
2025-12-21T19:27:24.1896094Z Collecting python-dotenv>=0.21.0 (from pydantic-settings>=2.0.0->tunix-rt-backend==0.1.0)
2025-12-21T19:27:24.1909820Z   Using cached python_dotenv-1.2.1-py3-none-any.whl.metadata (25 kB)
2025-12-21T19:27:24.2014131Z Collecting iniconfig>=1.0.1 (from pytest>=7.4.0->tunix-rt-backend==0.1.0)
2025-12-21T19:27:24.2028148Z   Using cached iniconfig-2.3.0-py3-none-any.whl.metadata (2.5 kB)
2025-12-21T19:27:24.2149891Z Collecting packaging>=22 (from pytest>=7.4.0->tunix-rt-backend==0.1.0)
2025-12-21T19:27:24.2163493Z   Using cached packaging-25.0-py3-none-any.whl.metadata (3.3 kB)
2025-12-21T19:27:24.2259923Z Collecting pluggy<2,>=1.5 (from pytest>=7.4.0->tunix-rt-backend==0.1.0)
2025-12-21T19:27:24.2273482Z   Using cached pluggy-1.6.0-py3-none-any.whl.metadata (4.8 kB)
2025-12-21T19:27:24.2446926Z Collecting pygments>=2.7.2 (from pytest>=7.4.0->tunix-rt-backend==0.1.0)
2025-12-21T19:27:24.2461397Z   Using cached pygments-2.19.2-py3-none-any.whl.metadata (2.5 kB)
2025-12-21T19:27:24.5949881Z Collecting coverage>=7.10.6 (from coverage[toml]>=7.10.6->pytest-cov>=4.1.0->tunix-rt-backend==0.1.0)
2025-12-21T19:27:24.5966361Z   Using cached coverage-7.13.0-cp311-cp311-manylinux1_x86_64.manylinux_2_28_x86_64.manylinux_2_5_x86_64.whl.metadata (8.5 kB)
2025-12-21T19:27:24.7901167Z Collecting greenlet>=1 (from sqlalchemy>=2.0.0->sqlalchemy[asyncio]>=2.0.0->tunix-rt-backend==0.1.0)
2025-12-21T19:27:24.7918042Z   Using cached greenlet-3.3.0-cp311-cp311-manylinux_2_24_x86_64.manylinux_2_28_x86_64.whl.metadata (4.1 kB)
2025-12-21T19:27:24.8159689Z Collecting click>=7.0 (from uvicorn>=0.24.0->uvicorn[standard]>=0.24.0->tunix-rt-backend==0.1.0)
2025-12-21T19:27:24.8174255Z   Using cached click-8.3.1-py3-none-any.whl.metadata (2.6 kB)
2025-12-21T19:27:24.8548644Z Collecting httptools>=0.6.3 (from uvicorn[standard]>=0.24.0->tunix-rt-backend==0.1.0)
2025-12-21T19:27:24.8564016Z   Using cached httptools-0.7.1-cp311-cp311-manylinux1_x86_64.manylinux_2_28_x86_64.manylinux_2_5_x86_64.whl.metadata (3.5 kB)
2025-12-21T19:27:24.8941181Z Collecting pyyaml>=5.1 (from uvicorn[standard]>=0.24.0->tunix-rt-backend==0.1.0)
2025-12-21T19:27:24.8957058Z   Using cached pyyaml-6.0.3-cp311-cp311-manylinux2014_x86_64.manylinux_2_17_x86_64.manylinux_2_28_x86_64.whl.metadata (2.4 kB)
2025-12-21T19:27:24.9333797Z Collecting uvloop>=0.15.1 (from uvicorn[standard]>=0.24.0->tunix-rt-backend==0.1.0)
2025-12-21T19:27:24.9350282Z   Using cached uvloop-0.22.1-cp311-cp311-manylinux2014_x86_64.manylinux_2_17_x86_64.manylinux_2_28_x86_64.whl.metadata (4.9 kB)
2025-12-21T19:27:25.0089734Z Collecting watchfiles>=0.13 (from uvicorn[standard]>=0.24.0->tunix-rt-backend==0.1.0)
2025-12-21T19:27:25.0105692Z   Using cached watchfiles-1.1.1-cp311-cp311-manylinux_2_17_x86_64.manylinux2014_x86_64.whl.metadata (4.9 kB)
2025-12-21T19:27:25.1024511Z Collecting websockets>=10.4 (from uvicorn[standard]>=0.24.0->tunix-rt-backend==0.1.0)
2025-12-21T19:27:25.1041608Z   Using cached websockets-15.0.1-cp311-cp311-manylinux_2_5_x86_64.manylinux1_x86_64.manylinux_2_17_x86_64.manylinux2014_x86_64.whl.metadata (6.8 kB)
2025-12-21T19:27:25.1672493Z Collecting MarkupSafe>=0.9.2 (from Mako->alembic>=1.12.0->tunix-rt-backend==0.1.0)
2025-12-21T19:27:25.1689127Z   Using cached markupsafe-3.0.3-cp311-cp311-manylinux2014_x86_64.manylinux_2_17_x86_64.manylinux_2_28_x86_64.whl.metadata (2.7 kB)
2025-12-21T19:27:25.1737319Z Using cached aiosqlite-0.22.0-py3-none-any.whl (17 kB)
2025-12-21T19:27:25.1750989Z Using cached alembic-1.17.2-py3-none-any.whl (248 kB)
2025-12-21T19:27:25.1766723Z Using cached asyncpg-0.31.0-cp311-cp311-manylinux2014_x86_64.manylinux_2_17_x86_64.manylinux_2_28_x86_64.whl (3.0 MB)
2025-12-21T19:27:25.1854048Z Downloading fastapi-0.127.0-py3-none-any.whl (112 kB)
2025-12-21T19:27:25.2046423Z Using cached starlette-0.50.0-py3-none-any.whl (74 kB)
2025-12-21T19:27:25.2061659Z Using cached anyio-4.12.0-py3-none-any.whl (113 kB)
2025-12-21T19:27:25.2076586Z Using cached annotated_doc-0.0.4-py3-none-any.whl (5.3 kB)
2025-12-21T19:27:25.2090366Z Using cached httpx-0.28.1-py3-none-any.whl (73 kB)
2025-12-21T19:27:25.2104152Z Using cached httpcore-1.0.9-py3-none-any.whl (78 kB)
2025-12-21T19:27:25.2118157Z Using cached h11-0.16.0-py3-none-any.whl (37 kB)
2025-12-21T19:27:25.2131723Z Using cached idna-3.11-py3-none-any.whl (71 kB)
2025-12-21T19:27:25.2145953Z Using cached mypy-1.19.1-cp311-cp311-manylinux2014_x86_64.manylinux_2_17_x86_64.manylinux_2_28_x86_64.whl (13.4 MB)
2025-12-21T19:27:25.2259249Z Using cached librt-0.7.4-cp311-cp311-manylinux2014_x86_64.manylinux_2_17_x86_64.manylinux_2_28_x86_64.whl (184 kB)
2025-12-21T19:27:25.2274347Z Using cached mypy_extensions-1.1.0-py3-none-any.whl (5.0 kB)
2025-12-21T19:27:25.2287631Z Using cached pathspec-0.12.1-py3-none-any.whl (31 kB)
2025-12-21T19:27:25.2300984Z Using cached pydantic-2.12.5-py3-none-any.whl (463 kB)
2025-12-21T19:27:25.2317487Z Using cached pydantic_core-2.41.5-cp311-cp311-manylinux_2_17_x86_64.manylinux2014_x86_64.whl (2.1 MB)
2025-12-21T19:27:25.2345383Z Using cached annotated_types-0.7.0-py3-none-any.whl (13 kB)
2025-12-21T19:27:25.2358868Z Using cached pydantic_settings-2.12.0-py3-none-any.whl (51 kB)
2025-12-21T19:27:25.2372088Z Using cached pytest-9.0.2-py3-none-any.whl (374 kB)
2025-12-21T19:27:25.2387751Z Using cached pluggy-1.6.0-py3-none-any.whl (20 kB)
2025-12-21T19:27:25.2401417Z Using cached iniconfig-2.3.0-py3-none-any.whl (7.5 kB)
2025-12-21T19:27:25.2414752Z Using cached packaging-25.0-py3-none-any.whl (66 kB)
2025-12-21T19:27:25.2428666Z Using cached pygments-2.19.2-py3-none-any.whl (1.2 MB)
2025-12-21T19:27:25.2450562Z Using cached pytest_asyncio-1.3.0-py3-none-any.whl (15 kB)
2025-12-21T19:27:25.2465374Z Using cached pytest_cov-7.0.0-py3-none-any.whl (22 kB)
2025-12-21T19:27:25.2479664Z Using cached coverage-7.13.0-cp311-cp311-manylinux1_x86_64.manylinux_2_28_x86_64.manylinux_2_5_x86_64.whl (250 kB)
2025-12-21T19:27:25.2494615Z Using cached python_dotenv-1.2.1-py3-none-any.whl (21 kB)
2025-12-21T19:27:25.2508037Z Using cached ruff-0.14.10-py3-none-manylinux_2_17_x86_64.manylinux2014_x86_64.whl (14.2 MB)
2025-12-21T19:27:25.2625554Z Using cached sqlalchemy-2.0.45-cp311-cp311-manylinux2014_x86_64.manylinux_2_17_x86_64.manylinux_2_28_x86_64.whl (3.3 MB)
2025-12-21T19:27:25.2665208Z Using cached greenlet-3.3.0-cp311-cp311-manylinux_2_24_x86_64.manylinux_2_28_x86_64.whl (590 kB)
2025-12-21T19:27:25.2683666Z Using cached typing_extensions-4.15.0-py3-none-any.whl (44 kB)
2025-12-21T19:27:25.2698547Z Using cached typing_inspection-0.4.2-py3-none-any.whl (14 kB)
2025-12-21T19:27:25.2739343Z Downloading uvicorn-0.40.0-py3-none-any.whl (68 kB)
2025-12-21T19:27:25.2793231Z Using cached click-8.3.1-py3-none-any.whl (108 kB)
2025-12-21T19:27:25.2807845Z Using cached httptools-0.7.1-cp311-cp311-manylinux1_x86_64.manylinux_2_28_x86_64.manylinux_2_5_x86_64.whl (456 kB)
2025-12-21T19:27:25.2825306Z Using cached pyyaml-6.0.3-cp311-cp311-manylinux2014_x86_64.manylinux_2_17_x86_64.manylinux_2_28_x86_64.whl (806 kB)
2025-12-21T19:27:25.2845351Z Using cached uvloop-0.22.1-cp311-cp311-manylinux2014_x86_64.manylinux_2_17_x86_64.manylinux_2_28_x86_64.whl (3.8 MB)
2025-12-21T19:27:25.2886959Z Using cached watchfiles-1.1.1-cp311-cp311-manylinux_2_17_x86_64.manylinux2014_x86_64.whl (456 kB)
2025-12-21T19:27:25.2904320Z Using cached websockets-15.0.1-cp311-cp311-manylinux_2_5_x86_64.manylinux1_x86_64.manylinux_2_17_x86_64.manylinux2014_x86_64.whl (182 kB)
2025-12-21T19:27:25.2918026Z Using cached certifi-2025.11.12-py3-none-any.whl (159 kB)
2025-12-21T19:27:25.2932310Z Using cached mako-1.3.10-py3-none-any.whl (78 kB)
2025-12-21T19:27:25.2946753Z Using cached markupsafe-3.0.3-cp311-cp311-manylinux2014_x86_64.manylinux_2_17_x86_64.manylinux_2_28_x86_64.whl (22 kB)
2025-12-21T19:27:25.3667546Z Building wheels for collected packages: tunix-rt-backend
2025-12-21T19:27:25.3676071Z   Building editable for tunix-rt-backend (pyproject.toml): started
2025-12-21T19:27:25.5611066Z   Building editable for tunix-rt-backend (pyproject.toml): finished with status 'done'
2025-12-21T19:27:25.5616602Z   Created wheel for tunix-rt-backend: filename=tunix_rt_backend-0.1.0-0.editable-py3-none-any.whl size=2998 sha256=3224a0ca7598154872e186c1d799d9283b2b71bf85a959f80cc89e49f05bf432
2025-12-21T19:27:25.5619179Z   Stored in directory: /tmp/pip-ephem-wheel-cache-n8wn1k0b/wheels/6c/ee/47/0b2814d300ad026845dfa3996505f4a0f855be918f2df7eb34
2025-12-21T19:27:25.5632280Z Successfully built tunix-rt-backend
2025-12-21T19:27:25.6328613Z Installing collected packages: websockets, uvloop, typing-extensions, ruff, pyyaml, python-dotenv, pygments, pluggy, pathspec, packaging, mypy_extensions, MarkupSafe, librt, iniconfig, idna, httptools, h11, greenlet, coverage, click, certifi, asyncpg, annotated-types, annotated-doc, aiosqlite, uvicorn, typing-inspection, sqlalchemy, pytest, pydantic-core, mypy, Mako, httpcore, anyio, watchfiles, starlette, pytest-cov, pytest-asyncio, pydantic, httpx, alembic, pydantic-settings, fastapi, tunix-rt-backend
2025-12-21T19:27:30.6741861Z
2025-12-21T19:27:30.6770368Z Successfully installed Mako-1.3.10 MarkupSafe-3.0.3 aiosqlite-0.22.0 alembic-1.17.2 annotated-doc-0.0.4 annotated-types-0.7.0 anyio-4.12.0 asyncpg-0.31.0 certifi-2025.11.12 click-8.3.1 coverage-7.13.0 fastapi-0.127.0 greenlet-3.3.0 h11-0.16.0 httpcore-1.0.9 httptools-0.7.1 httpx-0.28.1 idna-3.11 iniconfig-2.3.0 librt-0.7.4 mypy-1.19.1 mypy_extensions-1.1.0 packaging-25.0 pathspec-0.12.1 pluggy-1.6.0 pydantic-2.12.5 pydantic-core-2.41.5 pydantic-settings-2.12.0 pygments-2.19.2 pytest-9.0.2 pytest-asyncio-1.3.0 pytest-cov-7.0.0 python-dotenv-1.2.1 pyyaml-6.0.3 ruff-0.14.10 sqlalchemy-2.0.45 starlette-0.50.0 tunix-rt-backend-0.1.0 typing-extensions-4.15.0 typing-inspection-0.4.2 uvicorn-0.40.0 uvloop-0.22.1 watchfiles-1.1.1 websockets-15.0.1
2025-12-21T19:27:31.2545485Z ##[group]Run actions/cache@v4
2025-12-21T19:27:31.2545742Z with:
2025-12-21T19:27:31.2545922Z   path: ~/.cache/pip
2025-12-21T19:27:31.2546317Z   key: security-tools-Linux-03c7608b5f84f960b906408ec3b56871463b52d83fb30980bbf2ad28085364b0
2025-12-21T19:27:31.2546789Z   restore-keys: security-tools-Linux-

2025-12-21T19:27:31.2547047Z   enableCrossOsArchive: false
2025-12-21T19:27:31.2547557Z   fail-on-cache-miss: false
2025-12-21T19:27:31.2547780Z   lookup-only: false
2025-12-21T19:27:31.2547966Z   save-always: false
2025-12-21T19:27:31.2548141Z env:
2025-12-21T19:27:31.2548391Z   pythonLocation: /opt/hostedtoolcache/Python/3.11.14/x64
2025-12-21T19:27:31.2548792Z   PKG_CONFIG_PATH: /opt/hostedtoolcache/Python/3.11.14/x64/lib/pkgconfig
2025-12-21T19:27:31.2549180Z   Python_ROOT_DIR: /opt/hostedtoolcache/Python/3.11.14/x64
2025-12-21T19:27:31.2549528Z   Python2_ROOT_DIR: /opt/hostedtoolcache/Python/3.11.14/x64
2025-12-21T19:27:31.2549926Z   Python3_ROOT_DIR: /opt/hostedtoolcache/Python/3.11.14/x64
2025-12-21T19:27:31.2550286Z   LD_LIBRARY_PATH: /opt/hostedtoolcache/Python/3.11.14/x64/lib
2025-12-21T19:27:31.2550573Z ##[endgroup]
2025-12-21T19:27:31.6717594Z Cache hit for: security-tools-Linux-03c7608b5f84f960b906408ec3b56871463b52d83fb30980bbf2ad28085364b0
2025-12-21T19:27:32.9720194Z Received 4194304 of 56304595 (7.4%), 4.0 MBs/sec
2025-12-21T19:27:33.5271929Z Received 56304595 of 56304595 (100.0%), 34.5 MBs/sec
2025-12-21T19:27:33.5272984Z Cache Size: ~54 MB (56304595 B)
2025-12-21T19:27:33.5307930Z [command]/usr/bin/tar -xf /home/runner/work/_temp/560817f2-21cc-41c7-9cfd-dde8151049a3/cache.tzst -P -C /home/runner/work/tunix-rt/tunix-rt --use-compress-program unzstd
2025-12-21T19:27:33.6835849Z Cache restored successfully
2025-12-21T19:27:33.7025757Z Cache restored from key: security-tools-Linux-03c7608b5f84f960b906408ec3b56871463b52d83fb30980bbf2ad28085364b0
2025-12-21T19:27:33.7139222Z ##[group]Run pip install pip-audit
2025-12-21T19:27:33.7139581Z [36;1mpip install pip-audit[0m
2025-12-21T19:27:33.7139962Z [36;1mpip-audit --desc --format json --output pip-audit-report.json || true[0m
2025-12-21T19:27:33.7140352Z [36;1mpip-audit --desc || true[0m
2025-12-21T19:27:33.7175240Z shell: /usr/bin/bash -e {0}
2025-12-21T19:27:33.7175478Z env:
2025-12-21T19:27:33.7175733Z   pythonLocation: /opt/hostedtoolcache/Python/3.11.14/x64
2025-12-21T19:27:33.7176159Z   PKG_CONFIG_PATH: /opt/hostedtoolcache/Python/3.11.14/x64/lib/pkgconfig
2025-12-21T19:27:33.7176562Z   Python_ROOT_DIR: /opt/hostedtoolcache/Python/3.11.14/x64
2025-12-21T19:27:33.7176920Z   Python2_ROOT_DIR: /opt/hostedtoolcache/Python/3.11.14/x64
2025-12-21T19:27:33.7177435Z   Python3_ROOT_DIR: /opt/hostedtoolcache/Python/3.11.14/x64
2025-12-21T19:27:33.7177794Z   LD_LIBRARY_PATH: /opt/hostedtoolcache/Python/3.11.14/x64/lib
2025-12-21T19:27:33.7178094Z ##[endgroup]
2025-12-21T19:27:34.2751129Z Collecting pip-audit
2025-12-21T19:27:34.2767804Z   Using cached pip_audit-2.10.0-py3-none-any.whl.metadata (28 kB)
2025-12-21T19:27:34.2941692Z Collecting CacheControl>=0.13.0 (from CacheControl[filecache]>=0.13.0->pip-audit)
2025-12-21T19:27:34.2956889Z   Using cached cachecontrol-0.14.4-py3-none-any.whl.metadata (3.1 kB)
2025-12-21T19:27:34.3326793Z Collecting cyclonedx-python-lib<12,>=5 (from pip-audit)
2025-12-21T19:27:34.3344491Z   Using cached cyclonedx_python_lib-11.6.0-py3-none-any.whl.metadata (6.8 kB)
2025-12-21T19:27:34.3373223Z Requirement already satisfied: packaging>=23.0.0 in /opt/hostedtoolcache/Python/3.11.14/x64/lib/python3.11/site-packages (from pip-audit) (25.0)
2025-12-21T19:27:34.3486689Z Collecting pip-api>=0.0.28 (from pip-audit)
2025-12-21T19:27:34.3502039Z   Using cached pip_api-0.0.34-py3-none-any.whl.metadata (6.6 kB)
2025-12-21T19:27:34.3589432Z Collecting pip-requirements-parser>=32.0.0 (from pip-audit)
2025-12-21T19:27:34.3603316Z   Using cached pip_requirements_parser-32.0.1-py3-none-any.whl.metadata (9.3 kB)
2025-12-21T19:27:34.3852005Z Collecting requests>=2.31.0 (from pip-audit)
2025-12-21T19:27:34.3865876Z   Using cached requests-2.32.5-py3-none-any.whl.metadata (4.9 kB)
2025-12-21T19:27:34.4305273Z Collecting rich>=12.4 (from pip-audit)
2025-12-21T19:27:34.4319362Z   Using cached rich-14.2.0-py3-none-any.whl.metadata (18 kB)
2025-12-21T19:27:34.4468842Z Collecting tomli>=2.2.1 (from pip-audit)
2025-12-21T19:27:34.4489622Z   Using cached tomli-2.3.0-cp311-cp311-manylinux2014_x86_64.manylinux_2_17_x86_64.manylinux_2_28_x86_64.whl.metadata (10 kB)
2025-12-21T19:27:34.4620905Z Collecting tomli-w>=1.2.0 (from pip-audit)
2025-12-21T19:27:34.4641583Z   Using cached tomli_w-1.2.0-py3-none-any.whl.metadata (5.7 kB)
2025-12-21T19:27:34.4879625Z Collecting platformdirs>=4.2.0 (from pip-audit)
2025-12-21T19:27:34.4901752Z   Using cached platformdirs-4.5.1-py3-none-any.whl.metadata (12 kB)
2025-12-21T19:27:34.5184150Z Collecting license-expression<31,>=30 (from cyclonedx-python-lib<12,>=5->pip-audit)
2025-12-21T19:27:34.5198189Z   Using cached license_expression-30.4.4-py3-none-any.whl.metadata (11 kB)
2025-12-21T19:27:34.5402798Z Collecting packageurl-python<2,>=0.11 (from cyclonedx-python-lib<12,>=5->pip-audit)
2025-12-21T19:27:34.5418020Z   Using cached packageurl_python-0.17.6-py3-none-any.whl.metadata (5.1 kB)
2025-12-21T19:27:34.5594288Z Collecting py-serializable<3.0.0,>=2.1.0 (from cyclonedx-python-lib<12,>=5->pip-audit)
2025-12-21T19:27:34.5607717Z   Using cached py_serializable-2.1.0-py3-none-any.whl.metadata (4.3 kB)
2025-12-21T19:27:34.5724962Z Collecting sortedcontainers<3.0.0,>=2.4.0 (from cyclonedx-python-lib<12,>=5->pip-audit)
2025-12-21T19:27:34.5739927Z   Using cached sortedcontainers-2.4.0-py2.py3-none-any.whl.metadata (10 kB)
2025-12-21T19:27:34.5766601Z Requirement already satisfied: typing_extensions<5.0,>=4.6 in /opt/hostedtoolcache/Python/3.11.14/x64/lib/python3.11/site-packages (from cyclonedx-python-lib<12,>=5->pip-audit) (4.15.0)
2025-12-21T19:27:34.5868376Z Collecting boolean.py>=4.0 (from license-expression<31,>=30->cyclonedx-python-lib<12,>=5->pip-audit)
2025-12-21T19:27:34.5881381Z   Using cached boolean_py-5.0-py3-none-any.whl.metadata (2.3 kB)
2025-12-21T19:27:34.6000598Z Collecting defusedxml<0.8.0,>=0.7.1 (from py-serializable<3.0.0,>=2.1.0->cyclonedx-python-lib<12,>=5->pip-audit)
2025-12-21T19:27:34.6014047Z   Using cached defusedxml-0.7.1-py2.py3-none-any.whl.metadata (32 kB)
2025-12-21T19:27:34.6758274Z Collecting msgpack<2.0.0,>=0.5.2 (from CacheControl>=0.13.0->CacheControl[filecache]>=0.13.0->pip-audit)
2025-12-21T19:27:34.6772570Z   Using cached msgpack-1.1.2-cp311-cp311-manylinux2014_x86_64.manylinux_2_17_x86_64.manylinux_2_28_x86_64.whl.metadata (8.1 kB)
2025-12-21T19:27:34.6961732Z Collecting filelock>=3.8.0 (from CacheControl[filecache]>=0.13.0->pip-audit)
2025-12-21T19:27:34.6975595Z   Using cached filelock-3.20.1-py3-none-any.whl.metadata (2.1 kB)
2025-12-21T19:27:34.7007841Z Requirement already satisfied: pip in /opt/hostedtoolcache/Python/3.11.14/x64/lib/python3.11/site-packages (from pip-api>=0.0.28->pip-audit) (25.3)
2025-12-21T19:27:34.7243035Z Collecting pyparsing (from pip-requirements-parser>=32.0.0->pip-audit)
2025-12-21T19:27:34.7256374Z   Using cached pyparsing-3.2.5-py3-none-any.whl.metadata (5.0 kB)
2025-12-21T19:27:34.8024887Z Collecting charset_normalizer<4,>=2 (from requests>=2.31.0->pip-audit)
2025-12-21T19:27:34.8039608Z   Using cached charset_normalizer-3.4.4-cp311-cp311-manylinux2014_x86_64.manylinux_2_17_x86_64.manylinux_2_28_x86_64.whl.metadata (37 kB)
2025-12-21T19:27:34.8074553Z Requirement already satisfied: idna<4,>=2.5 in /opt/hostedtoolcache/Python/3.11.14/x64/lib/python3.11/site-packages (from requests>=2.31.0->pip-audit) (3.11)
2025-12-21T19:27:34.8341326Z Collecting urllib3<3,>=1.21.1 (from requests>=2.31.0->pip-audit)
2025-12-21T19:27:34.8354865Z   Using cached urllib3-2.6.2-py3-none-any.whl.metadata (6.6 kB)
2025-12-21T19:27:34.8381774Z Requirement already satisfied: certifi>=2017.4.17 in /opt/hostedtoolcache/Python/3.11.14/x64/lib/python3.11/site-packages (from requests>=2.31.0->pip-audit) (2025.11.12)
2025-12-21T19:27:34.8532993Z Collecting markdown-it-py>=2.2.0 (from rich>=12.4->pip-audit)
2025-12-21T19:27:34.8546413Z   Using cached markdown_it_py-4.0.0-py3-none-any.whl.metadata (7.3 kB)
2025-12-21T19:27:34.8593476Z Requirement already satisfied: pygments<3.0.0,>=2.13.0 in /opt/hostedtoolcache/Python/3.11.14/x64/lib/python3.11/site-packages (from rich>=12.4->pip-audit) (2.19.2)
2025-12-21T19:27:34.8668524Z Collecting mdurl~=0.1 (from markdown-it-py>=2.2.0->rich>=12.4->pip-audit)
2025-12-21T19:27:34.8682168Z   Using cached mdurl-0.1.2-py3-none-any.whl.metadata (1.6 kB)
2025-12-21T19:27:34.8752010Z Using cached pip_audit-2.10.0-py3-none-any.whl (61 kB)
2025-12-21T19:27:34.8765884Z Using cached cyclonedx_python_lib-11.6.0-py3-none-any.whl (511 kB)
2025-12-21T19:27:34.8782870Z Using cached license_expression-30.4.4-py3-none-any.whl (120 kB)
2025-12-21T19:27:34.8796865Z Using cached packageurl_python-0.17.6-py3-none-any.whl (36 kB)
2025-12-21T19:27:34.8810539Z Using cached py_serializable-2.1.0-py3-none-any.whl (23 kB)
2025-12-21T19:27:34.8823724Z Using cached defusedxml-0.7.1-py2.py3-none-any.whl (25 kB)
2025-12-21T19:27:34.8837083Z Using cached sortedcontainers-2.4.0-py2.py3-none-any.whl (29 kB)
2025-12-21T19:27:34.8850926Z Using cached boolean_py-5.0-py3-none-any.whl (26 kB)
2025-12-21T19:27:34.8864024Z Using cached cachecontrol-0.14.4-py3-none-any.whl (22 kB)
2025-12-21T19:27:34.8878251Z Using cached msgpack-1.1.2-cp311-cp311-manylinux2014_x86_64.manylinux_2_17_x86_64.manylinux_2_28_x86_64.whl (426 kB)
2025-12-21T19:27:34.8894894Z Using cached filelock-3.20.1-py3-none-any.whl (16 kB)
2025-12-21T19:27:34.8908066Z Using cached pip_api-0.0.34-py3-none-any.whl (120 kB)
2025-12-21T19:27:34.8922425Z Using cached pip_requirements_parser-32.0.1-py3-none-any.whl (35 kB)
2025-12-21T19:27:34.8935892Z Using cached platformdirs-4.5.1-py3-none-any.whl (18 kB)
2025-12-21T19:27:34.8949847Z Using cached requests-2.32.5-py3-none-any.whl (64 kB)
2025-12-21T19:27:34.8964374Z Using cached charset_normalizer-3.4.4-cp311-cp311-manylinux2014_x86_64.manylinux_2_17_x86_64.manylinux_2_28_x86_64.whl (151 kB)
2025-12-21T19:27:34.8978782Z Using cached urllib3-2.6.2-py3-none-any.whl (131 kB)
2025-12-21T19:27:34.8992404Z Using cached rich-14.2.0-py3-none-any.whl (243 kB)
2025-12-21T19:27:34.9006760Z Using cached markdown_it_py-4.0.0-py3-none-any.whl (87 kB)
2025-12-21T19:27:34.9020524Z Using cached mdurl-0.1.2-py3-none-any.whl (10.0 kB)
2025-12-21T19:27:34.9034218Z Using cached tomli-2.3.0-cp311-cp311-manylinux2014_x86_64.manylinux_2_17_x86_64.manylinux_2_28_x86_64.whl (242 kB)
2025-12-21T19:27:34.9049838Z Using cached tomli_w-1.2.0-py3-none-any.whl (6.7 kB)
2025-12-21T19:27:34.9062959Z Using cached pyparsing-3.2.5-py3-none-any.whl (113 kB)
2025-12-21T19:27:34.9944766Z Installing collected packages: sortedcontainers, boolean.py, urllib3, tomli-w, tomli, pyparsing, platformdirs, pip-api, packageurl-python, msgpack, mdurl, license-expression, filelock, defusedxml, charset_normalizer, requests, py-serializable, pip-requirements-parser, markdown-it-py, rich, cyclonedx-python-lib, CacheControl, pip-audit
2025-12-21T19:27:35.8093393Z
2025-12-21T19:27:35.8126424Z Successfully installed CacheControl-0.14.4 boolean.py-5.0 charset_normalizer-3.4.4 cyclonedx-python-lib-11.6.0 defusedxml-0.7.1 filelock-3.20.1 license-expression-30.4.4 markdown-it-py-4.0.0 mdurl-0.1.2 msgpack-1.1.2 packageurl-python-0.17.6 pip-api-0.0.34 pip-audit-2.10.0 pip-requirements-parser-32.0.1 platformdirs-4.5.1 py-serializable-2.1.0 pyparsing-3.2.5 requests-2.32.5 rich-14.2.0 sortedcontainers-2.4.0 tomli-2.3.0 tomli-w-1.2.0 urllib3-2.6.2
2025-12-21T19:27:37.5380853Z No known vulnerabilities found
2025-12-21T19:27:38.3192762Z No known vulnerabilities found
2025-12-21T19:27:38.3202287Z Name             Skip Reason
2025-12-21T19:27:38.3203745Z ---------------- -------------------------------------------------------------------------------
2025-12-21T19:27:38.3204612Z tunix-rt-backend Dependency not found on PyPI and could not be audited: tunix-rt-backend (0.1.0)
2025-12-21T19:27:38.3703952Z ##[group]Run actions/upload-artifact@v4
2025-12-21T19:27:38.3704245Z with:
2025-12-21T19:27:38.3704434Z   name: pip-audit-report
2025-12-21T19:27:38.3704675Z   path: backend/pip-audit-report.json
2025-12-21T19:27:38.3704921Z   retention-days: 30
2025-12-21T19:27:38.3705132Z   if-no-files-found: warn
2025-12-21T19:27:38.3705345Z   compression-level: 6
2025-12-21T19:27:38.3705543Z   overwrite: false
2025-12-21T19:27:38.3705738Z   include-hidden-files: false
2025-12-21T19:27:38.3705950Z env:
2025-12-21T19:27:38.3706179Z   pythonLocation: /opt/hostedtoolcache/Python/3.11.14/x64
2025-12-21T19:27:38.3706591Z   PKG_CONFIG_PATH: /opt/hostedtoolcache/Python/3.11.14/x64/lib/pkgconfig
2025-12-21T19:27:38.3707003Z   Python_ROOT_DIR: /opt/hostedtoolcache/Python/3.11.14/x64
2025-12-21T19:27:38.3707825Z   Python2_ROOT_DIR: /opt/hostedtoolcache/Python/3.11.14/x64
2025-12-21T19:27:38.3708189Z   Python3_ROOT_DIR: /opt/hostedtoolcache/Python/3.11.14/x64
2025-12-21T19:27:38.3708583Z   LD_LIBRARY_PATH: /opt/hostedtoolcache/Python/3.11.14/x64/lib
2025-12-21T19:27:38.3708885Z ##[endgroup]
2025-12-21T19:27:38.6044302Z With the provided path, there will be 1 file uploaded
2025-12-21T19:27:38.6049876Z Artifact name is valid!
2025-12-21T19:27:38.6051742Z Root directory input is valid!
2025-12-21T19:27:38.8711148Z Beginning upload of artifact content to blob storage
2025-12-21T19:27:39.1798784Z Uploaded bytes 1032
2025-12-21T19:27:39.2603748Z Finished uploading artifact content to blob storage!
2025-12-21T19:27:39.2608702Z SHA256 digest of uploaded artifact zip is 558c6932adba1f581484f299aeb14f3f3adf47aea2e6833ffc956e958c1fb0de
2025-12-21T19:27:39.2612905Z Finalizing artifact upload
2025-12-21T19:27:39.4357476Z Artifact pip-audit-report.zip successfully finalized. Artifact ID 4937850736
2025-12-21T19:27:39.4359011Z Artifact pip-audit-report has been successfully uploaded! Final size is 1032 bytes. Artifact ID is 4937850736
2025-12-21T19:27:39.4365010Z Artifact download URL: https://github.com/m-cahill/tunix-rt/actions/runs/20414708198/artifacts/4937850736
2025-12-21T19:27:39.5036336Z Post job cleanup.
2025-12-21T19:27:39.6362016Z Cache hit occurred on the primary key security-tools-Linux-03c7608b5f84f960b906408ec3b56871463b52d83fb30980bbf2ad28085364b0, not saving cache.
2025-12-21T19:27:39.6454901Z Post job cleanup.
2025-12-21T19:27:39.8288005Z Cache hit occurred on the primary key setup-python-Linux-x64-24.04-Ubuntu-python-3.11.14-pip-03c7608b5f84f960b906408ec3b56871463b52d83fb30980bbf2ad28085364b0, not saving cache.
2025-12-21T19:27:39.8458175Z Post job cleanup.
2025-12-21T19:27:39.9940623Z [command]/usr/bin/git version
2025-12-21T19:27:39.9983385Z git version 2.52.0
2025-12-21T19:27:40.0032020Z Temporarily overriding HOME='/home/runner/work/_temp/e15b2782-40b0-4ef1-a3cc-1de4bc9ca810' before making global git config changes
2025-12-21T19:27:40.0033670Z Adding repository directory to the temporary git global config as a safe directory
2025-12-21T19:27:40.0039148Z [command]/usr/bin/git config --global --add safe.directory /home/runner/work/tunix-rt/tunix-rt
2025-12-21T19:27:40.0087892Z [command]/usr/bin/git config --local --name-only --get-regexp core\.sshCommand
2025-12-21T19:27:40.0124731Z [command]/usr/bin/git submodule foreach --recursive sh -c "git config --local --name-only --get-regexp 'core\.sshCommand' && git config --local --unset-all 'core.sshCommand' || :"
2025-12-21T19:27:40.0373039Z [command]/usr/bin/git config --local --name-only --get-regexp http\.https\:\/\/github\.com\/\.extraheader
2025-12-21T19:27:40.0396900Z http.https://github.com/.extraheader
2025-12-21T19:27:40.0412532Z [command]/usr/bin/git config --local --unset-all http.https://github.com/.extraheader
2025-12-21T19:27:40.0450067Z [command]/usr/bin/git submodule foreach --recursive sh -c "git config --local --name-only --get-regexp 'http\.https\:\/\/github\.com\/\.extraheader' && git config --local --unset-all 'http.https://github.com/.extraheader' || :"
2025-12-21T19:27:40.0689931Z [command]/usr/bin/git config --local --name-only --get-regexp ^includeIf\.gitdir:
2025-12-21T19:27:40.0725330Z [command]/usr/bin/git submodule foreach --recursive git config --local --show-origin --name-only --get-regexp remote.origin.url
2025-12-21T19:27:40.1073561Z Cleaning up orphan processes
