2025-12-21T19:03:02.9392995Z Current runner version: '2.330.0'
2025-12-21T19:03:02.9450918Z ##[group]Runner Image Provisioner
2025-12-21T19:03:02.9472775Z Hosted Compute Agent
2025-12-21T19:03:02.9473827Z Version: 20251211.462
2025-12-21T19:03:02.9474887Z Commit: 6cbad8c2bb55d58165063d031ccabf57e2d2db61
2025-12-21T19:03:02.9475955Z Build Date: 2025-12-11T16:28:49Z
2025-12-21T19:03:02.9477021Z Worker ID: {7adb8651-41ec-49f4-9e17-e3533d0221ca}
2025-12-21T19:03:02.9478035Z ##[endgroup]
2025-12-21T19:03:02.9478877Z ##[group]Operating System
2025-12-21T19:03:02.9479704Z Ubuntu
2025-12-21T19:03:02.9480512Z 24.04.3
2025-12-21T19:03:02.9481209Z LTS
2025-12-21T19:03:02.9482110Z ##[endgroup]
2025-12-21T19:03:02.9482959Z ##[group]Runner Image
2025-12-21T19:03:02.9483787Z Image: ubuntu-24.04
2025-12-21T19:03:02.9484539Z Version: 20251215.174.1
2025-12-21T19:03:02.9486170Z Included Software: https://github.com/actions/runner-images/blob/ubuntu24/20251215.174/images/ubuntu/Ubuntu2404-Readme.md
2025-12-21T19:03:02.9488896Z Image Release: https://github.com/actions/runner-images/releases/tag/ubuntu24%2F20251215.174
2025-12-21T19:03:02.9490461Z ##[endgroup]
2025-12-21T19:03:02.9512811Z ##[group]GITHUB_TOKEN Permissions
2025-12-21T19:03:02.9516482Z Contents: read
2025-12-21T19:03:02.9517274Z Metadata: read
2025-12-21T19:03:02.9518094Z ##[endgroup]
2025-12-21T19:03:02.9521394Z Secret source: Actions
2025-12-21T19:03:02.9522902Z Prepare workflow directory
2025-12-21T19:03:03.0407193Z Prepare all required actions
2025-12-21T19:03:03.0467985Z Getting action download info
2025-12-21T19:03:03.4291399Z Download action repository 'actions/checkout@v4' (SHA:34e114876b0b11c390a56381ad16ebd13914f8d5)
2025-12-21T19:03:03.5403443Z Download action repository 'actions/setup-node@v4' (SHA:49933ea5288caeca8642d1e84afbd3f7d6820020)
2025-12-21T19:03:03.6190235Z Download action repository 'actions/upload-artifact@v4' (SHA:ea165f8d65b6e75b540449e92b4886f43607fa02)
2025-12-21T19:03:03.8027017Z Complete job name: security-frontend
2025-12-21T19:03:03.8645258Z ##[group]Run actions/checkout@v4
2025-12-21T19:03:03.8646216Z with:
2025-12-21T19:03:03.8646726Z   repository: m-cahill/tunix-rt
2025-12-21T19:03:03.8647559Z   token: ***
2025-12-21T19:03:03.8648033Z   ssh-strict: true
2025-12-21T19:03:03.8648562Z   ssh-user: git
2025-12-21T19:03:03.8649040Z   persist-credentials: true
2025-12-21T19:03:03.8649636Z   clean: true
2025-12-21T19:03:03.8650121Z   sparse-checkout-cone-mode: true
2025-12-21T19:03:03.8650697Z   fetch-depth: 1
2025-12-21T19:03:03.8651197Z   fetch-tags: false
2025-12-21T19:03:03.8651870Z   show-progress: true
2025-12-21T19:03:03.8652400Z   lfs: false
2025-12-21T19:03:03.8652889Z   submodules: false
2025-12-21T19:03:03.8653413Z   set-safe-directory: true
2025-12-21T19:03:03.8654217Z ##[endgroup]
2025-12-21T19:03:04.0312611Z Syncing repository: m-cahill/tunix-rt
2025-12-21T19:03:04.0315522Z ##[group]Getting Git version info
2025-12-21T19:03:04.0316686Z Working directory is '/home/runner/work/tunix-rt/tunix-rt'
2025-12-21T19:03:04.0319100Z [command]/usr/bin/git version
2025-12-21T19:03:04.0336833Z git version 2.52.0
2025-12-21T19:03:04.0339308Z ##[endgroup]
2025-12-21T19:03:04.0346028Z Temporarily overriding HOME='/home/runner/work/_temp/01ad382c-729d-4fdc-91fd-a869bdd3d843' before making global git config changes
2025-12-21T19:03:04.0348210Z Adding repository directory to the temporary git global config as a safe directory
2025-12-21T19:03:04.0349966Z [command]/usr/bin/git config --global --add safe.directory /home/runner/work/tunix-rt/tunix-rt
2025-12-21T19:03:04.0379045Z Deleting the contents of '/home/runner/work/tunix-rt/tunix-rt'
2025-12-21T19:03:04.0384922Z ##[group]Initializing the repository
2025-12-21T19:03:04.0391114Z [command]/usr/bin/git init /home/runner/work/tunix-rt/tunix-rt
2025-12-21T19:03:04.0504696Z hint: Using 'master' as the name for the initial branch. This default branch name
2025-12-21T19:03:04.0509936Z hint: will change to "main" in Git 3.0. To configure the initial branch name
2025-12-21T19:03:04.0511777Z hint: to use in all of your new repositories, which will suppress this warning,
2025-12-21T19:03:04.0513291Z hint: call:
2025-12-21T19:03:04.0513949Z hint:
2025-12-21T19:03:04.0514797Z hint: 	git config --global init.defaultBranch <name>
2025-12-21T19:03:04.0515843Z hint:
2025-12-21T19:03:04.0516861Z hint: Names commonly chosen instead of 'master' are 'main', 'trunk' and
2025-12-21T19:03:04.0518287Z hint: 'development'. The just-created branch can be renamed via this command:
2025-12-21T19:03:04.0519522Z hint:
2025-12-21T19:03:04.0520262Z hint: 	git branch -m <name>
2025-12-21T19:03:04.0521076Z hint:
2025-12-21T19:03:04.0522212Z hint: Disable this message with "git config set advice.defaultBranchName false"
2025-12-21T19:03:04.0524386Z Initialized empty Git repository in /home/runner/work/tunix-rt/tunix-rt/.git/
2025-12-21T19:03:04.0546291Z [command]/usr/bin/git remote add origin https://github.com/m-cahill/tunix-rt
2025-12-21T19:03:04.0565862Z ##[endgroup]
2025-12-21T19:03:04.0567199Z ##[group]Disabling automatic garbage collection
2025-12-21T19:03:04.0570266Z [command]/usr/bin/git config --local gc.auto 0
2025-12-21T19:03:04.0598719Z ##[endgroup]
2025-12-21T19:03:04.0599928Z ##[group]Setting up auth
2025-12-21T19:03:04.0606487Z [command]/usr/bin/git config --local --name-only --get-regexp core\.sshCommand
2025-12-21T19:03:04.0635959Z [command]/usr/bin/git submodule foreach --recursive sh -c "git config --local --name-only --get-regexp 'core\.sshCommand' && git config --local --unset-all 'core.sshCommand' || :"
2025-12-21T19:03:04.1068913Z [command]/usr/bin/git config --local --name-only --get-regexp http\.https\:\/\/github\.com\/\.extraheader
2025-12-21T19:03:04.1074223Z [command]/usr/bin/git submodule foreach --recursive sh -c "git config --local --name-only --get-regexp 'http\.https\:\/\/github\.com\/\.extraheader' && git config --local --unset-all 'http.https://github.com/.extraheader' || :"
2025-12-21T19:03:04.1240443Z [command]/usr/bin/git config --local --name-only --get-regexp ^includeIf\.gitdir:
2025-12-21T19:03:04.1270203Z [command]/usr/bin/git submodule foreach --recursive git config --local --show-origin --name-only --get-regexp remote.origin.url
2025-12-21T19:03:04.1622459Z [command]/usr/bin/git config --local http.https://github.com/.extraheader AUTHORIZATION: basic ***
2025-12-21T19:03:04.1626622Z ##[endgroup]
2025-12-21T19:03:04.1627917Z ##[group]Fetching the repository
2025-12-21T19:03:04.1629997Z [command]/usr/bin/git -c protocol.version=2 fetch --no-tags --prune --no-recurse-submodules --depth=1 origin +d8743ca08803383b85d833a6d86fe67516c2d7cb:refs/remotes/origin/main
2025-12-21T19:03:04.4788842Z From https://github.com/m-cahill/tunix-rt
2025-12-21T19:03:04.4790685Z  * [new ref]         d8743ca08803383b85d833a6d86fe67516c2d7cb -> origin/main
2025-12-21T19:03:04.4795129Z ##[endgroup]
2025-12-21T19:03:04.4796816Z ##[group]Determining the checkout info
2025-12-21T19:03:04.4798616Z ##[endgroup]
2025-12-21T19:03:04.4800784Z [command]/usr/bin/git sparse-checkout disable
2025-12-21T19:03:04.4839832Z [command]/usr/bin/git config --local --unset-all extensions.worktreeConfig
2025-12-21T19:03:04.4873282Z ##[group]Checking out the ref
2025-12-21T19:03:04.4875064Z [command]/usr/bin/git checkout --progress --force -B main refs/remotes/origin/main
2025-12-21T19:03:04.5073402Z Switched to a new branch 'main'
2025-12-21T19:03:04.5075248Z branch 'main' set up to track 'origin/main'.
2025-12-21T19:03:04.5088679Z ##[endgroup]
2025-12-21T19:03:04.5123351Z [command]/usr/bin/git log -1 --format=%H
2025-12-21T19:03:04.5146322Z d8743ca08803383b85d833a6d86fe67516c2d7cb
2025-12-21T19:03:04.5407752Z ##[group]Run actions/setup-node@v4
2025-12-21T19:03:04.5408661Z with:
2025-12-21T19:03:04.5409366Z   node-version: 18
2025-12-21T19:03:04.5410084Z   cache: npm
2025-12-21T19:03:04.5410883Z   cache-dependency-path: frontend/package-lock.json
2025-12-21T19:03:04.5411923Z   always-auth: false
2025-12-21T19:03:04.5412667Z   check-latest: false
2025-12-21T19:03:04.5413595Z   token: ***
2025-12-21T19:03:04.5414300Z ##[endgroup]
2025-12-21T19:03:04.7463186Z Attempting to download 18...
2025-12-21T19:03:05.1855066Z Acquiring 18.20.8 - x64 from https://github.com/actions/node-versions/releases/download/18.20.8-14110393767/node-18.20.8-linux-x64.tar.gz
2025-12-21T19:03:05.6157821Z Extracting ...
2025-12-21T19:03:05.6252760Z [command]/usr/bin/tar xz --strip 1 --warning=no-unknown-keyword --overwrite -C /home/runner/work/_temp/e2e00b68-2ab2-4eb0-beec-59efcc2a148e -f /home/runner/work/_temp/ad22d62e-b9ba-45be-8279-ab85cf291191
2025-12-21T19:03:06.6325430Z Adding to the cache ...
2025-12-21T19:03:08.0532174Z ##[group]Environment details
2025-12-21T19:03:08.3342039Z node: v18.20.8
2025-12-21T19:03:08.3347941Z npm: 10.8.2
2025-12-21T19:03:08.3348494Z yarn: 1.22.22
2025-12-21T19:03:08.3349312Z ##[endgroup]
2025-12-21T19:03:08.3363614Z [command]/opt/hostedtoolcache/node/18.20.8/x64/bin/npm config get cache
2025-12-21T19:03:08.4518192Z /home/runner/.npm
2025-12-21T19:03:08.5554374Z Cache hit for: node-cache-Linux-x64-npm-582e97bbf2f73a4c9de6a422350d7e5fa7ccd4c5a0bae6af7327cebe3d1d946a
2025-12-21T19:03:09.1038629Z Received 27442605 of 27442605 (100.0%), 62.8 MBs/sec
2025-12-21T19:03:09.1040424Z Cache Size: ~26 MB (27442605 B)
2025-12-21T19:03:09.1065368Z [command]/usr/bin/tar -xf /home/runner/work/_temp/8d7fc23c-976d-41f7-8eff-a3b67d34a772/cache.tzst -P -C /home/runner/work/tunix-rt/tunix-rt --use-compress-program unzstd
2025-12-21T19:03:09.1864500Z Cache restored successfully
2025-12-21T19:03:09.1923233Z Cache restored from key: node-cache-Linux-x64-npm-582e97bbf2f73a4c9de6a422350d7e5fa7ccd4c5a0bae6af7327cebe3d1d946a
2025-12-21T19:03:09.2074526Z ##[group]Run npm ci
2025-12-21T19:03:09.2074839Z [36;1mnpm ci[0m
2025-12-21T19:03:09.2101311Z shell: /usr/bin/bash -e {0}
2025-12-21T19:03:09.2101861Z ##[endgroup]
2025-12-21T19:03:11.0508318Z npm warn deprecated inflight@1.0.6: This module is not supported, and leaks memory. Do not use it. Check out lru-cache if you want a good and tested way to coalesce async requests by a key value, which is much more comprehensive and powerful.
2025-12-21T19:03:11.1370145Z npm warn deprecated @humanwhocodes/config-array@0.13.0: Use @eslint/config-array instead
2025-12-21T19:03:11.1425332Z npm warn deprecated rimraf@3.0.2: Rimraf versions prior to v4 are no longer supported
2025-12-21T19:03:11.2138174Z npm warn deprecated glob@7.2.3: Glob versions prior to v9 are no longer supported
2025-12-21T19:03:11.2196458Z npm warn deprecated @humanwhocodes/object-schema@2.0.3: Use @eslint/object-schema instead
2025-12-21T19:03:12.3903927Z npm warn deprecated eslint@8.57.1: This version is no longer supported. Please see https://eslint.org/version-support for other options.
2025-12-21T19:03:12.6203559Z 
2025-12-21T19:03:12.6204638Z added 406 packages, and audited 407 packages in 3s
2025-12-21T19:03:12.6212740Z 
2025-12-21T19:03:12.6215948Z 117 packages are looking for funding
2025-12-21T19:03:12.6216735Z   run `npm fund` for details
2025-12-21T19:03:12.6438286Z 
2025-12-21T19:03:12.6441050Z 5 moderate severity vulnerabilities
2025-12-21T19:03:12.6445760Z 
2025-12-21T19:03:12.6447131Z To address all issues (including breaking changes), run:
2025-12-21T19:03:12.6448124Z   npm audit fix --force
2025-12-21T19:03:12.6448524Z 
2025-12-21T19:03:12.6448936Z Run `npm audit` for details.
2025-12-21T19:03:12.6631309Z ##[group]Run npm audit --json > npm-audit-report.json || true
2025-12-21T19:03:12.6632009Z [36;1mnpm audit --json > npm-audit-report.json || true[0m
2025-12-21T19:03:12.6632305Z [36;1mnpm audit || true[0m
2025-12-21T19:03:12.6655432Z shell: /usr/bin/bash -e {0}
2025-12-21T19:03:12.6655691Z ##[endgroup]
2025-12-21T19:03:14.4524937Z # npm audit report
2025-12-21T19:03:14.4531841Z 
2025-12-21T19:03:14.4532276Z esbuild  <=0.24.2
2025-12-21T19:03:14.4532661Z Severity: moderate
2025-12-21T19:03:14.4533757Z esbuild enables any website to send any requests to the development server and read the response - https://github.com/advisories/GHSA-67mh-4wv8-2f99
2025-12-21T19:03:14.4534841Z fix available via `npm audit fix --force`
2025-12-21T19:03:14.4535461Z Will install vite@6.4.1, which is a breaking change
2025-12-21T19:03:14.4536477Z node_modules/esbuild
2025-12-21T19:03:14.4536786Z   vite  0.11.0 - 6.1.6
2025-12-21T19:03:14.4537165Z   Depends on vulnerable versions of esbuild
2025-12-21T19:03:14.4537621Z   node_modules/vite
2025-12-21T19:03:14.4537947Z     vite-node  <=2.2.0-beta.2
2025-12-21T19:03:14.4538382Z     Depends on vulnerable versions of vite
2025-12-21T19:03:14.4538797Z     node_modules/vite-node
2025-12-21T19:03:14.4539341Z       vitest  0.0.1 - 0.0.12 || 0.0.29 - 0.0.122 || 0.3.3 - 2.2.0-beta.2
2025-12-21T19:03:14.4540941Z       Depends on vulnerable versions of vite
2025-12-21T19:03:14.4541417Z       Depends on vulnerable versions of vite-node
2025-12-21T19:03:14.4542074Z       node_modules/vitest
2025-12-21T19:03:14.4542456Z         @vitest/coverage-v8  <=2.2.0-beta.2
2025-12-21T19:03:14.4542858Z         Depends on vulnerable versions of vitest
2025-12-21T19:03:14.4543263Z         node_modules/@vitest/coverage-v8
2025-12-21T19:03:14.4543511Z 
2025-12-21T19:03:14.4543700Z 5 moderate severity vulnerabilities
2025-12-21T19:03:14.4543966Z 
2025-12-21T19:03:14.4544386Z To address all issues (including breaking changes), run:
2025-12-21T19:03:14.4544901Z   npm audit fix --force
2025-12-21T19:03:14.4660531Z ##[group]Run actions/upload-artifact@v4
2025-12-21T19:03:14.4660937Z with:
2025-12-21T19:03:14.4661136Z   name: npm-audit-report
2025-12-21T19:03:14.4661365Z   path: frontend/npm-audit-report.json
2025-12-21T19:03:14.4661835Z   retention-days: 30
2025-12-21T19:03:14.4662047Z   if-no-files-found: warn
2025-12-21T19:03:14.4662257Z   compression-level: 6
2025-12-21T19:03:14.4662471Z   overwrite: false
2025-12-21T19:03:14.4662678Z   include-hidden-files: false
2025-12-21T19:03:14.4662908Z ##[endgroup]
2025-12-21T19:03:14.6884359Z With the provided path, there will be 1 file uploaded
2025-12-21T19:03:14.6885935Z Artifact name is valid!
2025-12-21T19:03:14.6886800Z Root directory input is valid!
2025-12-21T19:03:14.8404316Z Beginning upload of artifact content to blob storage
2025-12-21T19:03:14.9685135Z Uploaded bytes 903
2025-12-21T19:03:14.9999400Z Finished uploading artifact content to blob storage!
2025-12-21T19:03:15.0003378Z SHA256 digest of uploaded artifact zip is 262b359aae254c342c1a383f80070f367b32219962f43d444e732e5cf816274c
2025-12-21T19:03:15.0007701Z Finalizing artifact upload
2025-12-21T19:03:15.1005950Z Artifact npm-audit-report.zip successfully finalized. Artifact ID 4937779997
2025-12-21T19:03:15.1007443Z Artifact npm-audit-report has been successfully uploaded! Final size is 903 bytes. Artifact ID is 4937779997
2025-12-21T19:03:15.1015027Z Artifact download URL: https://github.com/m-cahill/tunix-rt/actions/runs/20414406381/artifacts/4937779997
2025-12-21T19:03:15.1110375Z Post job cleanup.
2025-12-21T19:03:15.2623818Z Cache hit occurred on the primary key node-cache-Linux-x64-npm-582e97bbf2f73a4c9de6a422350d7e5fa7ccd4c5a0bae6af7327cebe3d1d946a, not saving cache.
2025-12-21T19:03:15.2708648Z Post job cleanup.
2025-12-21T19:03:15.4112004Z [command]/usr/bin/git version
2025-12-21T19:03:15.4179044Z git version 2.52.0
2025-12-21T19:03:15.4239967Z Temporarily overriding HOME='/home/runner/work/_temp/1b3e6c73-5195-4f7a-b171-fa5ebc88decc' before making global git config changes
2025-12-21T19:03:15.4243756Z Adding repository directory to the temporary git global config as a safe directory
2025-12-21T19:03:15.4248710Z [command]/usr/bin/git config --global --add safe.directory /home/runner/work/tunix-rt/tunix-rt
2025-12-21T19:03:15.4316560Z [command]/usr/bin/git config --local --name-only --get-regexp core\.sshCommand
2025-12-21T19:03:15.4367589Z [command]/usr/bin/git submodule foreach --recursive sh -c "git config --local --name-only --get-regexp 'core\.sshCommand' && git config --local --unset-all 'core.sshCommand' || :"
2025-12-21T19:03:15.4662984Z [command]/usr/bin/git config --local --name-only --get-regexp http\.https\:\/\/github\.com\/\.extraheader
2025-12-21T19:03:15.4699476Z http.https://github.com/.extraheader
2025-12-21T19:03:15.4723177Z [command]/usr/bin/git config --local --unset-all http.https://github.com/.extraheader
2025-12-21T19:03:15.4764983Z [command]/usr/bin/git submodule foreach --recursive sh -c "git config --local --name-only --get-regexp 'http\.https\:\/\/github\.com\/\.extraheader' && git config --local --unset-all 'http.https://github.com/.extraheader' || :"
2025-12-21T19:03:15.5056687Z [command]/usr/bin/git config --local --name-only --get-regexp ^includeIf\.gitdir:
2025-12-21T19:03:15.5124451Z [command]/usr/bin/git submodule foreach --recursive git config --local --show-origin --name-only --get-regexp remote.origin.url
2025-12-21T19:03:15.5534342Z Cleaning up orphan processes
