2025-12-21T19:03:03.6306429Z Current runner version: '2.330.0'
2025-12-21T19:03:03.6380669Z ##[group]Runner Image Provisioner
2025-12-21T19:03:03.6382111Z Hosted Compute Agent
2025-12-21T19:03:03.6383101Z Version: 20251211.462
2025-12-21T19:03:03.6384009Z Commit: 6cbad8c2bb55d58165063d031ccabf57e2d2db61
2025-12-21T19:03:03.6385164Z Build Date: 2025-12-11T16:28:49Z
2025-12-21T19:03:03.6386321Z Worker ID: {dec77af0-2ac7-46ee-9fb0-29da2dbcf221}
2025-12-21T19:03:03.6387439Z ##[endgroup]
2025-12-21T19:03:03.6408709Z ##[group]Operating System
2025-12-21T19:03:03.6409734Z Ubuntu
2025-12-21T19:03:03.6410567Z 24.04.3
2025-12-21T19:03:03.6411311Z LTS
2025-12-21T19:03:03.6412347Z ##[endgroup]
2025-12-21T19:03:03.6413191Z ##[group]Runner Image
2025-12-21T19:03:03.6414058Z Image: ubuntu-24.04
2025-12-21T19:03:03.6415017Z Version: 20251215.174.1
2025-12-21T19:03:03.6416716Z Included Software: https://github.com/actions/runner-images/blob/ubuntu24/20251215.174/images/ubuntu/Ubuntu2404-Readme.md
2025-12-21T19:03:03.6420485Z Image Release: https://github.com/actions/runner-images/releases/tag/ubuntu24%2F20251215.174
2025-12-21T19:03:03.6422234Z ##[endgroup]
2025-12-21T19:03:03.6424113Z ##[group]GITHUB_TOKEN Permissions
2025-12-21T19:03:03.6426878Z Contents: read
2025-12-21T19:03:03.6427764Z Metadata: read
2025-12-21T19:03:03.6429261Z ##[endgroup]
2025-12-21T19:03:03.6432404Z Secret source: Actions
2025-12-21T19:03:03.6433787Z Prepare workflow directory
2025-12-21T19:03:03.7663861Z Prepare all required actions
2025-12-21T19:03:03.7719128Z Getting action download info
2025-12-21T19:03:04.1425234Z Download action repository 'actions/checkout@v4' (SHA:34e114876b0b11c390a56381ad16ebd13914f8d5)
2025-12-21T19:03:04.2634991Z Download action repository 'actions/setup-python@v5' (SHA:a26af69be951a213d495a4c3e4e4022e16d87065)
2025-12-21T19:03:04.3929095Z Download action repository 'actions/setup-node@v4' (SHA:49933ea5288caeca8642d1e84afbd3f7d6820020)
2025-12-21T19:03:04.5105370Z Download action repository 'actions/upload-artifact@v4' (SHA:ea165f8d65b6e75b540449e92b4886f43607fa02)
2025-12-21T19:03:04.7570710Z Complete job name: e2e
2025-12-21T19:03:04.8096631Z ##[group]Checking docker version
2025-12-21T19:03:04.8110219Z ##[command]/usr/bin/docker version --format '{{.Server.APIVersion}}'
2025-12-21T19:03:04.8894773Z '1.48'
2025-12-21T19:03:04.8909176Z Docker daemon API version: '1.48'
2025-12-21T19:03:04.8910509Z ##[command]/usr/bin/docker version --format '{{.Client.APIVersion}}'
2025-12-21T19:03:04.9103207Z '1.48'
2025-12-21T19:03:04.9118088Z Docker client API version: '1.48'
2025-12-21T19:03:04.9124251Z ##[endgroup]
2025-12-21T19:03:04.9128566Z ##[group]Clean up resources from previous jobs
2025-12-21T19:03:04.9134394Z ##[command]/usr/bin/docker ps --all --quiet --no-trunc --filter "label=500a14"
2025-12-21T19:03:04.9282727Z ##[command]/usr/bin/docker network prune --force --filter "label=500a14"
2025-12-21T19:03:04.9431119Z ##[endgroup]
2025-12-21T19:03:04.9432075Z ##[group]Create local container network
2025-12-21T19:03:04.9443816Z ##[command]/usr/bin/docker network create --label 500a14 github_network_9b0a418a8c06471f9c740f57ed4d13ec
2025-12-21T19:03:05.0154539Z fdbbc8bf25484c67e963c275b1eb209d0fa3926696ba6e384e90bfa611148228
2025-12-21T19:03:05.0166353Z ##[endgroup]
2025-12-21T19:03:05.0192073Z ##[group]Starting postgres service container
2025-12-21T19:03:05.0212496Z ##[command]/usr/bin/docker pull postgres:15-alpine
2025-12-21T19:03:05.2393287Z 15-alpine: Pulling from library/postgres
2025-12-21T19:03:05.3300745Z 1074353eec0d: Pulling fs layer
2025-12-21T19:03:05.3302229Z d2e5feb410e8: Pulling fs layer
2025-12-21T19:03:05.3304121Z ff7ac73e977d: Pulling fs layer
2025-12-21T19:03:05.3307525Z 25fbe13bb576: Pulling fs layer
2025-12-21T19:03:05.3309202Z 060e3656c186: Pulling fs layer
2025-12-21T19:03:05.3310712Z 9fa3a17171bc: Pulling fs layer
2025-12-21T19:03:05.3312155Z 1de01a2b564f: Pulling fs layer
2025-12-21T19:03:05.3313577Z 141979064465: Pulling fs layer
2025-12-21T19:03:05.3314937Z 86a96880bc80: Pulling fs layer
2025-12-21T19:03:05.3315954Z c5fd49a04d70: Pulling fs layer
2025-12-21T19:03:05.3317174Z 9bb1b164157a: Pulling fs layer
2025-12-21T19:03:05.3318284Z 25fbe13bb576: Waiting
2025-12-21T19:03:05.3319358Z 060e3656c186: Waiting
2025-12-21T19:03:05.3320140Z 9fa3a17171bc: Waiting
2025-12-21T19:03:05.3320900Z 1de01a2b564f: Waiting
2025-12-21T19:03:05.3321653Z 141979064465: Waiting
2025-12-21T19:03:05.3322388Z 86a96880bc80: Waiting
2025-12-21T19:03:05.3323147Z c5fd49a04d70: Waiting
2025-12-21T19:03:05.3323913Z 9bb1b164157a: Waiting
2025-12-21T19:03:05.3875827Z d2e5feb410e8: Verifying Checksum
2025-12-21T19:03:05.3878916Z d2e5feb410e8: Download complete
2025-12-21T19:03:05.3961048Z ff7ac73e977d: Verifying Checksum
2025-12-21T19:03:05.3965166Z ff7ac73e977d: Download complete
2025-12-21T19:03:05.4314917Z 1074353eec0d: Verifying Checksum
2025-12-21T19:03:05.4318144Z 1074353eec0d: Download complete
2025-12-21T19:03:05.4755326Z 25fbe13bb576: Verifying Checksum
2025-12-21T19:03:05.4761498Z 25fbe13bb576: Download complete
2025-12-21T19:03:05.4762980Z 060e3656c186: Verifying Checksum
2025-12-21T19:03:05.4771096Z 060e3656c186: Download complete
2025-12-21T19:03:05.5493685Z 1de01a2b564f: Verifying Checksum
2025-12-21T19:03:05.5495328Z 1de01a2b564f: Download complete
2025-12-21T19:03:05.5509924Z 141979064465: Verifying Checksum
2025-12-21T19:03:05.5512470Z 141979064465: Download complete
2025-12-21T19:03:05.5852878Z 1074353eec0d: Pull complete
2025-12-21T19:03:05.6392224Z 86a96880bc80: Verifying Checksum
2025-12-21T19:03:05.6394785Z 86a96880bc80: Download complete
2025-12-21T19:03:05.6399409Z d2e5feb410e8: Pull complete
2025-12-21T19:03:05.7596199Z c5fd49a04d70: Verifying Checksum
2025-12-21T19:03:05.7598349Z c5fd49a04d70: Download complete
2025-12-21T19:03:05.7603859Z 9bb1b164157a: Verifying Checksum
2025-12-21T19:03:05.7605558Z 9bb1b164157a: Download complete
2025-12-21T19:03:05.7608087Z ff7ac73e977d: Pull complete
2025-12-21T19:03:05.7804305Z 25fbe13bb576: Pull complete
2025-12-21T19:03:05.7953083Z 060e3656c186: Pull complete
2025-12-21T19:03:06.5347574Z 9fa3a17171bc: Verifying Checksum
2025-12-21T19:03:06.5353769Z 9fa3a17171bc: Download complete
2025-12-21T19:03:09.7450737Z 9fa3a17171bc: Pull complete
2025-12-21T19:03:09.7659986Z 1de01a2b564f: Pull complete
2025-12-21T19:03:09.7830202Z 141979064465: Pull complete
2025-12-21T19:03:09.7976764Z 86a96880bc80: Pull complete
2025-12-21T19:03:09.8105818Z c5fd49a04d70: Pull complete
2025-12-21T19:03:09.8239839Z 9bb1b164157a: Pull complete
2025-12-21T19:03:09.8316617Z Digest: sha256:b3968e348b48f1198cc6de6611d055dbad91cd561b7990c406c3fc28d7095b21
2025-12-21T19:03:09.8330368Z Status: Downloaded newer image for postgres:15-alpine
2025-12-21T19:03:09.8344168Z docker.io/library/postgres:15-alpine
2025-12-21T19:03:09.8408355Z ##[command]/usr/bin/docker create --name e9100a20f4234123af8abb532988cfe6_postgres15alpine_48f07d --label 500a14 --network github_network_9b0a418a8c06471f9c740f57ed4d13ec --network-alias postgres -p 5432:5432 --health-cmd pg_isready --health-interval 10s --health-timeout 5s --health-retries 5 -e "POSTGRES_USER=postgres" -e "POSTGRES_PASSWORD=postgres" -e "POSTGRES_DB=postgres" -e GITHUB_ACTIONS=true -e CI=true postgres:15-alpine
2025-12-21T19:03:09.8719178Z a1dc1176851e61d6702c191d97d10b47021aff7d0ddd570e7ea1d3163afa4f07
2025-12-21T19:03:09.8742221Z ##[command]/usr/bin/docker start a1dc1176851e61d6702c191d97d10b47021aff7d0ddd570e7ea1d3163afa4f07
2025-12-21T19:03:10.1772307Z a1dc1176851e61d6702c191d97d10b47021aff7d0ddd570e7ea1d3163afa4f07
2025-12-21T19:03:10.1821464Z ##[command]/usr/bin/docker ps --all --filter id=a1dc1176851e61d6702c191d97d10b47021aff7d0ddd570e7ea1d3163afa4f07 --filter status=running --no-trunc --format "{{.ID}} {{.Status}}"
2025-12-21T19:03:10.2002516Z a1dc1176851e61d6702c191d97d10b47021aff7d0ddd570e7ea1d3163afa4f07 Up Less than a second (health: starting)
2025-12-21T19:03:10.2035081Z ##[command]/usr/bin/docker port a1dc1176851e61d6702c191d97d10b47021aff7d0ddd570e7ea1d3163afa4f07
2025-12-21T19:03:10.2223895Z 5432/tcp -> 0.0.0.0:5432
2025-12-21T19:03:10.2229043Z 5432/tcp -> [::]:5432
2025-12-21T19:03:10.2296066Z ##[endgroup]
2025-12-21T19:03:10.2307326Z ##[group]Waiting for all services to be ready
2025-12-21T19:03:10.2325175Z ##[command]/usr/bin/docker inspect --format="{{if .Config.Healthcheck}}{{print .State.Health.Status}}{{end}}" a1dc1176851e61d6702c191d97d10b47021aff7d0ddd570e7ea1d3163afa4f07
2025-12-21T19:03:10.2538718Z starting
2025-12-21T19:03:10.2559034Z postgres service is starting, waiting 2 seconds before checking again.
2025-12-21T19:03:12.2562683Z ##[command]/usr/bin/docker inspect --format="{{if .Config.Healthcheck}}{{print .State.Health.Status}}{{end}}" a1dc1176851e61d6702c191d97d10b47021aff7d0ddd570e7ea1d3163afa4f07
2025-12-21T19:03:12.2700652Z starting
2025-12-21T19:03:12.2713621Z postgres service is starting, waiting 4 seconds before checking again.
2025-12-21T19:03:16.4704746Z ##[command]/usr/bin/docker inspect --format="{{if .Config.Healthcheck}}{{print .State.Health.Status}}{{end}}" a1dc1176851e61d6702c191d97d10b47021aff7d0ddd570e7ea1d3163afa4f07
2025-12-21T19:03:16.4933925Z starting
2025-12-21T19:03:16.4947332Z postgres service is starting, waiting 6 seconds before checking again.
2025-12-21T19:03:23.3669136Z ##[command]/usr/bin/docker inspect --format="{{if .Config.Healthcheck}}{{print .State.Health.Status}}{{end}}" a1dc1176851e61d6702c191d97d10b47021aff7d0ddd570e7ea1d3163afa4f07
2025-12-21T19:03:23.3843738Z healthy
2025-12-21T19:03:23.3861077Z postgres service is healthy.
2025-12-21T19:03:23.3861910Z ##[endgroup]
2025-12-21T19:03:23.4174406Z ##[group]Run actions/checkout@v4
2025-12-21T19:03:23.4175490Z with:
2025-12-21T19:03:23.4175801Z   repository: m-cahill/tunix-rt
2025-12-21T19:03:23.4176467Z   token: ***
2025-12-21T19:03:23.4176808Z   ssh-strict: true
2025-12-21T19:03:23.4177145Z   ssh-user: git
2025-12-21T19:03:23.4177458Z   persist-credentials: true
2025-12-21T19:03:23.4177782Z   clean: true
2025-12-21T19:03:23.4178267Z   sparse-checkout-cone-mode: true
2025-12-21T19:03:23.4178638Z   fetch-depth: 1
2025-12-21T19:03:23.4178917Z   fetch-tags: false
2025-12-21T19:03:23.4179220Z   show-progress: true
2025-12-21T19:03:23.4179594Z   lfs: false
2025-12-21T19:03:23.4179869Z   submodules: false
2025-12-21T19:03:23.4180169Z   set-safe-directory: true
2025-12-21T19:03:23.4180873Z env:
2025-12-21T19:03:23.4181148Z   REDIAI_MODE: mock
2025-12-21T19:03:23.4181992Z   DATABASE_URL: ***localhost:5432/postgres
2025-12-21T19:03:23.4182422Z ##[endgroup]
2025-12-21T19:03:23.5321089Z Syncing repository: m-cahill/tunix-rt
2025-12-21T19:03:23.5322982Z ##[group]Getting Git version info
2025-12-21T19:03:23.5323591Z Working directory is '/home/runner/work/tunix-rt/tunix-rt'
2025-12-21T19:03:23.5324440Z [command]/usr/bin/git version
2025-12-21T19:03:23.5396493Z git version 2.52.0
2025-12-21T19:03:23.5424260Z ##[endgroup]
2025-12-21T19:03:23.5452532Z Temporarily overriding HOME='/home/runner/work/_temp/552b0f82-76dc-4092-b429-0c2a8f4bb9ca' before making global git config changes
2025-12-21T19:03:23.5454944Z Adding repository directory to the temporary git global config as a safe directory
2025-12-21T19:03:23.5459523Z [command]/usr/bin/git config --global --add safe.directory /home/runner/work/tunix-rt/tunix-rt
2025-12-21T19:03:23.5501290Z Deleting the contents of '/home/runner/work/tunix-rt/tunix-rt'
2025-12-21T19:03:23.5505619Z ##[group]Initializing the repository
2025-12-21T19:03:23.5511256Z [command]/usr/bin/git init /home/runner/work/tunix-rt/tunix-rt
2025-12-21T19:03:23.5654962Z hint: Using 'master' as the name for the initial branch. This default branch name
2025-12-21T19:03:23.5657602Z hint: will change to "main" in Git 3.0. To configure the initial branch name
2025-12-21T19:03:23.5660260Z hint: to use in all of your new repositories, which will suppress this warning,
2025-12-21T19:03:23.5660966Z hint: call:
2025-12-21T19:03:23.5661252Z hint:
2025-12-21T19:03:23.5661660Z hint: 	git config --global init.defaultBranch <name>
2025-12-21T19:03:23.5662155Z hint:
2025-12-21T19:03:23.5662624Z hint: Names commonly chosen instead of 'master' are 'main', 'trunk' and
2025-12-21T19:03:23.5663656Z hint: 'development'. The just-created branch can be renamed via this command:
2025-12-21T19:03:23.5664605Z hint:
2025-12-21T19:03:23.5664928Z hint: 	git branch -m <name>
2025-12-21T19:03:23.5665268Z hint:
2025-12-21T19:03:23.5665752Z hint: Disable this message with "git config set advice.defaultBranchName false"
2025-12-21T19:03:23.5666562Z Initialized empty Git repository in /home/runner/work/tunix-rt/tunix-rt/.git/
2025-12-21T19:03:23.5672132Z [command]/usr/bin/git remote add origin https://github.com/m-cahill/tunix-rt
2025-12-21T19:03:23.5721238Z ##[endgroup]
2025-12-21T19:03:23.5723300Z ##[group]Disabling automatic garbage collection
2025-12-21T19:03:23.5723845Z [command]/usr/bin/git config --local gc.auto 0
2025-12-21T19:03:23.5755687Z ##[endgroup]
2025-12-21T19:03:23.5757047Z ##[group]Setting up auth
2025-12-21T19:03:23.5762881Z [command]/usr/bin/git config --local --name-only --get-regexp core\.sshCommand
2025-12-21T19:03:23.5795116Z [command]/usr/bin/git submodule foreach --recursive sh -c "git config --local --name-only --get-regexp 'core\.sshCommand' && git config --local --unset-all 'core.sshCommand' || :"
2025-12-21T19:03:23.6170164Z [command]/usr/bin/git config --local --name-only --get-regexp http\.https\:\/\/github\.com\/\.extraheader
2025-12-21T19:03:23.6199331Z [command]/usr/bin/git submodule foreach --recursive sh -c "git config --local --name-only --get-regexp 'http\.https\:\/\/github\.com\/\.extraheader' && git config --local --unset-all 'http.https://github.com/.extraheader' || :"
2025-12-21T19:03:23.6430721Z [command]/usr/bin/git config --local --name-only --get-regexp ^includeIf\.gitdir:
2025-12-21T19:03:23.6463702Z [command]/usr/bin/git submodule foreach --recursive git config --local --show-origin --name-only --get-regexp remote.origin.url
2025-12-21T19:03:23.6715858Z [command]/usr/bin/git config --local http.https://github.com/.extraheader AUTHORIZATION: basic ***
2025-12-21T19:03:23.6753331Z ##[endgroup]
2025-12-21T19:03:23.6755322Z ##[group]Fetching the repository
2025-12-21T19:03:23.6763394Z [command]/usr/bin/git -c protocol.version=2 fetch --no-tags --prune --no-recurse-submodules --depth=1 origin +d8743ca08803383b85d833a6d86fe67516c2d7cb:refs/remotes/origin/main
2025-12-21T19:03:23.8802192Z From https://github.com/m-cahill/tunix-rt
2025-12-21T19:03:23.8814176Z  * [new ref]         d8743ca08803383b85d833a6d86fe67516c2d7cb -> origin/main
2025-12-21T19:03:23.8855620Z ##[endgroup]
2025-12-21T19:03:23.8857578Z ##[group]Determining the checkout info
2025-12-21T19:03:23.8858479Z ##[endgroup]
2025-12-21T19:03:23.8861247Z [command]/usr/bin/git sparse-checkout disable
2025-12-21T19:03:23.8920681Z [command]/usr/bin/git config --local --unset-all extensions.worktreeConfig
2025-12-21T19:03:23.8972639Z ##[group]Checking out the ref
2025-12-21T19:03:23.8976653Z [command]/usr/bin/git checkout --progress --force -B main refs/remotes/origin/main
2025-12-21T19:03:23.9461295Z Switched to a new branch 'main'
2025-12-21T19:03:23.9469141Z branch 'main' set up to track 'origin/main'.
2025-12-21T19:03:23.9493853Z ##[endgroup]
2025-12-21T19:03:23.9557094Z [command]/usr/bin/git log -1 --format=%H
2025-12-21T19:03:23.9594270Z d8743ca08803383b85d833a6d86fe67516c2d7cb
2025-12-21T19:03:23.9821183Z ##[group]Run actions/setup-python@v5
2025-12-21T19:03:23.9821449Z with:
2025-12-21T19:03:23.9821625Z   python-version: 3.11
2025-12-21T19:03:23.9821814Z   cache: pip
2025-12-21T19:03:23.9822026Z   cache-dependency-path: backend/pyproject.toml
2025-12-21T19:03:23.9822289Z   check-latest: false
2025-12-21T19:03:23.9822582Z   token: ***
2025-12-21T19:03:23.9822763Z   update-environment: true
2025-12-21T19:03:23.9822972Z   allow-prereleases: false
2025-12-21T19:03:23.9823174Z   freethreaded: false
2025-12-21T19:03:23.9823347Z env:
2025-12-21T19:03:23.9823504Z   REDIAI_MODE: mock
2025-12-21T19:03:23.9823923Z   DATABASE_URL: ***localhost:5432/postgres
2025-12-21T19:03:23.9824164Z ##[endgroup]
2025-12-21T19:03:24.1534400Z ##[group]Installed versions
2025-12-21T19:03:24.1961926Z Successfully set up CPython (3.11.14)
2025-12-21T19:03:24.1963758Z ##[endgroup]
2025-12-21T19:03:24.2429689Z [command]/opt/hostedtoolcache/Python/3.11.14/x64/bin/pip cache dir
2025-12-21T19:03:25.7521227Z /home/runner/.cache/pip
2025-12-21T19:03:25.8596027Z Cache hit for: setup-python-Linux-x64-24.04-Ubuntu-python-3.11.14-pip-03c7608b5f84f960b906408ec3b56871463b52d83fb30980bbf2ad28085364b0
2025-12-21T19:03:26.4473895Z Received 52909928 of 52909928 (100.0%), 98.6 MBs/sec
2025-12-21T19:03:26.4478571Z Cache Size: ~50 MB (52909928 B)
2025-12-21T19:03:26.4641704Z [command]/usr/bin/tar -xf /home/runner/work/_temp/3ee34553-5870-42bc-b5d2-f066f63a24aa/cache.tzst -P -C /home/runner/work/tunix-rt/tunix-rt --use-compress-program unzstd
2025-12-21T19:03:26.5959060Z Cache restored successfully
2025-12-21T19:03:26.6066655Z Cache restored from key: setup-python-Linux-x64-24.04-Ubuntu-python-3.11.14-pip-03c7608b5f84f960b906408ec3b56871463b52d83fb30980bbf2ad28085364b0
2025-12-21T19:03:26.6217391Z ##[group]Run cd ../backend && python -m pip install -e ".[dev]"
2025-12-21T19:03:26.6218065Z [36;1mcd ../backend && python -m pip install -e ".[dev]"[0m
2025-12-21T19:03:26.6256726Z shell: /usr/bin/bash -e {0}
2025-12-21T19:03:26.6256959Z env:
2025-12-21T19:03:26.6257126Z   REDIAI_MODE: mock
2025-12-21T19:03:26.6257654Z   DATABASE_URL: ***localhost:5432/postgres
2025-12-21T19:03:26.6258294Z   pythonLocation: /opt/hostedtoolcache/Python/3.11.14/x64
2025-12-21T19:03:26.6258716Z   PKG_CONFIG_PATH: /opt/hostedtoolcache/Python/3.11.14/x64/lib/pkgconfig
2025-12-21T19:03:26.6259099Z   Python_ROOT_DIR: /opt/hostedtoolcache/Python/3.11.14/x64
2025-12-21T19:03:26.6259432Z   Python2_ROOT_DIR: /opt/hostedtoolcache/Python/3.11.14/x64
2025-12-21T19:03:26.6259772Z   Python3_ROOT_DIR: /opt/hostedtoolcache/Python/3.11.14/x64
2025-12-21T19:03:26.6260114Z   LD_LIBRARY_PATH: /opt/hostedtoolcache/Python/3.11.14/x64/lib
2025-12-21T19:03:26.6260396Z ##[endgroup]
2025-12-21T19:03:27.9951229Z Obtaining file:///home/runner/work/tunix-rt/tunix-rt/backend
2025-12-21T19:03:27.9972667Z   Installing build dependencies: started
2025-12-21T19:03:29.1760581Z   Installing build dependencies: finished with status 'done'
2025-12-21T19:03:29.1769066Z   Checking if build backend supports build_editable: started
2025-12-21T19:03:29.4853545Z   Checking if build backend supports build_editable: finished with status 'done'
2025-12-21T19:03:29.4868745Z   Getting requirements to build editable: started
2025-12-21T19:03:29.7960331Z   Getting requirements to build editable: finished with status 'done'
2025-12-21T19:03:29.7967296Z   Preparing editable metadata (pyproject.toml): started
2025-12-21T19:03:29.9739512Z   Preparing editable metadata (pyproject.toml): finished with status 'done'
2025-12-21T19:03:30.1022927Z Collecting fastapi>=0.104.0 (from tunix-rt-backend==0.1.0)
2025-12-21T19:03:30.1604983Z   Downloading fastapi-0.127.0-py3-none-any.whl.metadata (30 kB)
2025-12-21T19:03:30.2022895Z Collecting uvicorn>=0.24.0 (from uvicorn[standard]>=0.24.0->tunix-rt-backend==0.1.0)
2025-12-21T19:03:30.2061591Z   Downloading uvicorn-0.40.0-py3-none-any.whl.metadata (6.7 kB)
2025-12-21T19:03:30.2490015Z Collecting httpx>=0.25.0 (from tunix-rt-backend==0.1.0)
2025-12-21T19:03:30.2493880Z   Using cached httpx-0.28.1-py3-none-any.whl.metadata (7.1 kB)
2025-12-21T19:03:30.3716087Z Collecting pydantic>=2.4.0 (from tunix-rt-backend==0.1.0)
2025-12-21T19:03:30.3733529Z   Using cached pydantic-2.12.5-py3-none-any.whl.metadata (90 kB)
2025-12-21T19:03:30.3933612Z Collecting pydantic-settings>=2.0.0 (from tunix-rt-backend==0.1.0)
2025-12-21T19:03:30.3948808Z   Using cached pydantic_settings-2.12.0-py3-none-any.whl.metadata (3.4 kB)
2025-12-21T19:03:30.6509113Z Collecting sqlalchemy>=2.0.0 (from sqlalchemy[asyncio]>=2.0.0->tunix-rt-backend==0.1.0)
2025-12-21T19:03:30.6526424Z   Using cached sqlalchemy-2.0.45-cp311-cp311-manylinux2014_x86_64.manylinux_2_17_x86_64.manylinux_2_28_x86_64.whl.metadata (9.5 kB)
2025-12-21T19:03:30.6826889Z Collecting alembic>=1.12.0 (from tunix-rt-backend==0.1.0)
2025-12-21T19:03:30.6842578Z   Using cached alembic-1.17.2-py3-none-any.whl.metadata (7.2 kB)
2025-12-21T19:03:30.7416029Z Collecting asyncpg>=0.29.0 (from tunix-rt-backend==0.1.0)
2025-12-21T19:03:30.7432380Z   Using cached asyncpg-0.31.0-cp311-cp311-manylinux2014_x86_64.manylinux_2_17_x86_64.manylinux_2_28_x86_64.whl.metadata (4.4 kB)
2025-12-21T19:03:30.7755528Z Collecting pytest>=7.4.0 (from tunix-rt-backend==0.1.0)
2025-12-21T19:03:30.7772019Z   Using cached pytest-9.0.2-py3-none-any.whl.metadata (7.6 kB)
2025-12-21T19:03:30.7920142Z Collecting pytest-cov>=4.1.0 (from tunix-rt-backend==0.1.0)
2025-12-21T19:03:30.7933846Z   Using cached pytest_cov-7.0.0-py3-none-any.whl.metadata (31 kB)
2025-12-21T19:03:30.8129474Z Collecting pytest-asyncio>=0.21.0 (from tunix-rt-backend==0.1.0)
2025-12-21T19:03:30.8145974Z   Using cached pytest_asyncio-1.3.0-py3-none-any.whl.metadata (4.1 kB)
2025-12-21T19:03:31.1393640Z Collecting ruff>=0.1.0 (from tunix-rt-backend==0.1.0)
2025-12-21T19:03:31.1410161Z   Using cached ruff-0.14.10-py3-none-manylinux_2_17_x86_64.manylinux2014_x86_64.whl.metadata (26 kB)
2025-12-21T19:03:31.2628370Z Collecting mypy>=1.6.0 (from tunix-rt-backend==0.1.0)
2025-12-21T19:03:31.2644004Z   Using cached mypy-1.19.1-cp311-cp311-manylinux2014_x86_64.manylinux_2_17_x86_64.manylinux_2_28_x86_64.whl.metadata (2.2 kB)
2025-12-21T19:03:31.2758902Z Collecting aiosqlite>=0.19.0 (from tunix-rt-backend==0.1.0)
2025-12-21T19:03:31.2773335Z   Using cached aiosqlite-0.22.0-py3-none-any.whl.metadata (4.3 kB)
2025-12-21T19:03:31.3095503Z Collecting Mako (from alembic>=1.12.0->tunix-rt-backend==0.1.0)
2025-12-21T19:03:31.3111182Z   Using cached mako-1.3.10-py3-none-any.whl.metadata (2.9 kB)
2025-12-21T19:03:31.3261321Z Collecting typing-extensions>=4.12 (from alembic>=1.12.0->tunix-rt-backend==0.1.0)
2025-12-21T19:03:31.3275872Z   Using cached typing_extensions-4.15.0-py3-none-any.whl.metadata (3.3 kB)
2025-12-21T19:03:31.3578986Z Collecting starlette<0.51.0,>=0.40.0 (from fastapi>=0.104.0->tunix-rt-backend==0.1.0)
2025-12-21T19:03:31.3593130Z   Using cached starlette-0.50.0-py3-none-any.whl.metadata (6.3 kB)
2025-12-21T19:03:31.3829609Z Collecting annotated-doc>=0.0.2 (from fastapi>=0.104.0->tunix-rt-backend==0.1.0)
2025-12-21T19:03:31.3844043Z   Using cached annotated_doc-0.0.4-py3-none-any.whl.metadata (6.6 kB)
2025-12-21T19:03:31.4032493Z Collecting anyio<5,>=3.6.2 (from starlette<0.51.0,>=0.40.0->fastapi>=0.104.0->tunix-rt-backend==0.1.0)
2025-12-21T19:03:31.4047307Z   Using cached anyio-4.12.0-py3-none-any.whl.metadata (4.3 kB)
2025-12-21T19:03:31.4212108Z Collecting idna>=2.8 (from anyio<5,>=3.6.2->starlette<0.51.0,>=0.40.0->fastapi>=0.104.0->tunix-rt-backend==0.1.0)
2025-12-21T19:03:31.4226476Z   Using cached idna-3.11-py3-none-any.whl.metadata (8.4 kB)
2025-12-21T19:03:31.4453363Z Collecting certifi (from httpx>=0.25.0->tunix-rt-backend==0.1.0)
2025-12-21T19:03:31.4467124Z   Using cached certifi-2025.11.12-py3-none-any.whl.metadata (2.5 kB)
2025-12-21T19:03:31.4644650Z Collecting httpcore==1.* (from httpx>=0.25.0->tunix-rt-backend==0.1.0)
2025-12-21T19:03:31.4658487Z   Using cached httpcore-1.0.9-py3-none-any.whl.metadata (21 kB)
2025-12-21T19:03:31.4767226Z Collecting h11>=0.16 (from httpcore==1.*->httpx>=0.25.0->tunix-rt-backend==0.1.0)
2025-12-21T19:03:31.4781216Z   Using cached h11-0.16.0-py3-none-any.whl.metadata (8.3 kB)
2025-12-21T19:03:31.4934958Z Collecting mypy_extensions>=1.0.0 (from mypy>=1.6.0->tunix-rt-backend==0.1.0)
2025-12-21T19:03:31.4949194Z   Using cached mypy_extensions-1.1.0-py3-none-any.whl.metadata (1.1 kB)
2025-12-21T19:03:31.5061628Z Collecting pathspec>=0.9.0 (from mypy>=1.6.0->tunix-rt-backend==0.1.0)
2025-12-21T19:03:31.5075341Z   Using cached pathspec-0.12.1-py3-none-any.whl.metadata (21 kB)
2025-12-21T19:03:31.5809254Z Collecting librt>=0.6.2 (from mypy>=1.6.0->tunix-rt-backend==0.1.0)
2025-12-21T19:03:31.5824989Z   Using cached librt-0.7.4-cp311-cp311-manylinux2014_x86_64.manylinux_2_17_x86_64.manylinux_2_28_x86_64.whl.metadata (1.3 kB)
2025-12-21T19:03:31.5937353Z Collecting annotated-types>=0.6.0 (from pydantic>=2.4.0->tunix-rt-backend==0.1.0)
2025-12-21T19:03:31.5951644Z   Using cached annotated_types-0.7.0-py3-none-any.whl.metadata (15 kB)
2025-12-21T19:03:32.2972738Z Collecting pydantic-core==2.41.5 (from pydantic>=2.4.0->tunix-rt-backend==0.1.0)
2025-12-21T19:03:32.2989907Z   Using cached pydantic_core-2.41.5-cp311-cp311-manylinux_2_17_x86_64.manylinux2014_x86_64.whl.metadata (7.3 kB)
2025-12-21T19:03:32.3106301Z Collecting typing-inspection>=0.4.2 (from pydantic>=2.4.0->tunix-rt-backend==0.1.0)
2025-12-21T19:03:32.3120249Z   Using cached typing_inspection-0.4.2-py3-none-any.whl.metadata (2.6 kB)
2025-12-21T19:03:32.3402365Z Collecting python-dotenv>=0.21.0 (from pydantic-settings>=2.0.0->tunix-rt-backend==0.1.0)
2025-12-21T19:03:32.3416384Z   Using cached python_dotenv-1.2.1-py3-none-any.whl.metadata (25 kB)
2025-12-21T19:03:32.3591695Z Collecting iniconfig>=1.0.1 (from pytest>=7.4.0->tunix-rt-backend==0.1.0)
2025-12-21T19:03:32.3610453Z   Using cached iniconfig-2.3.0-py3-none-any.whl.metadata (2.5 kB)
2025-12-21T19:03:32.3751891Z Collecting packaging>=22 (from pytest>=7.4.0->tunix-rt-backend==0.1.0)
2025-12-21T19:03:32.3766466Z   Using cached packaging-25.0-py3-none-any.whl.metadata (3.3 kB)
2025-12-21T19:03:32.3875155Z Collecting pluggy<2,>=1.5 (from pytest>=7.4.0->tunix-rt-backend==0.1.0)
2025-12-21T19:03:32.3889098Z   Using cached pluggy-1.6.0-py3-none-any.whl.metadata (4.8 kB)
2025-12-21T19:03:32.4067363Z Collecting pygments>=2.7.2 (from pytest>=7.4.0->tunix-rt-backend==0.1.0)
2025-12-21T19:03:32.4081569Z   Using cached pygments-2.19.2-py3-none-any.whl.metadata (2.5 kB)
2025-12-21T19:03:32.7564491Z Collecting coverage>=7.10.6 (from coverage[toml]>=7.10.6->pytest-cov>=4.1.0->tunix-rt-backend==0.1.0)
2025-12-21T19:03:32.7582450Z   Using cached coverage-7.13.0-cp311-cp311-manylinux1_x86_64.manylinux_2_28_x86_64.manylinux_2_5_x86_64.whl.metadata (8.5 kB)
2025-12-21T19:03:32.9564077Z Collecting greenlet>=1 (from sqlalchemy>=2.0.0->sqlalchemy[asyncio]>=2.0.0->tunix-rt-backend==0.1.0)
2025-12-21T19:03:32.9586799Z   Using cached greenlet-3.3.0-cp311-cp311-manylinux_2_24_x86_64.manylinux_2_28_x86_64.whl.metadata (4.1 kB)
2025-12-21T19:03:32.9819168Z Collecting click>=7.0 (from uvicorn>=0.24.0->uvicorn[standard]>=0.24.0->tunix-rt-backend==0.1.0)
2025-12-21T19:03:32.9833929Z   Using cached click-8.3.1-py3-none-any.whl.metadata (2.6 kB)
2025-12-21T19:03:33.0149084Z Collecting httptools>=0.6.3 (from uvicorn[standard]>=0.24.0->tunix-rt-backend==0.1.0)
2025-12-21T19:03:33.0168909Z   Using cached httptools-0.7.1-cp311-cp311-manylinux1_x86_64.manylinux_2_28_x86_64.manylinux_2_5_x86_64.whl.metadata (3.5 kB)
2025-12-21T19:03:33.0591467Z Collecting pyyaml>=5.1 (from uvicorn[standard]>=0.24.0->tunix-rt-backend==0.1.0)
2025-12-21T19:03:33.0607147Z   Using cached pyyaml-6.0.3-cp311-cp311-manylinux2014_x86_64.manylinux_2_17_x86_64.manylinux_2_28_x86_64.whl.metadata (2.4 kB)
2025-12-21T19:03:33.0986413Z Collecting uvloop>=0.15.1 (from uvicorn[standard]>=0.24.0->tunix-rt-backend==0.1.0)
2025-12-21T19:03:33.1002509Z   Using cached uvloop-0.22.1-cp311-cp311-manylinux2014_x86_64.manylinux_2_17_x86_64.manylinux_2_28_x86_64.whl.metadata (4.9 kB)
2025-12-21T19:03:33.1742068Z Collecting watchfiles>=0.13 (from uvicorn[standard]>=0.24.0->tunix-rt-backend==0.1.0)
2025-12-21T19:03:33.1757748Z   Using cached watchfiles-1.1.1-cp311-cp311-manylinux_2_17_x86_64.manylinux2014_x86_64.whl.metadata (4.9 kB)
2025-12-21T19:03:33.2567300Z Collecting websockets>=10.4 (from uvicorn[standard]>=0.24.0->tunix-rt-backend==0.1.0)
2025-12-21T19:03:33.2583836Z   Using cached websockets-15.0.1-cp311-cp311-manylinux_2_5_x86_64.manylinux1_x86_64.manylinux_2_17_x86_64.manylinux2014_x86_64.whl.metadata (6.8 kB)
2025-12-21T19:03:33.3230970Z Collecting MarkupSafe>=0.9.2 (from Mako->alembic>=1.12.0->tunix-rt-backend==0.1.0)
2025-12-21T19:03:33.3245681Z   Using cached markupsafe-3.0.3-cp311-cp311-manylinux2014_x86_64.manylinux_2_17_x86_64.manylinux_2_28_x86_64.whl.metadata (2.7 kB)
2025-12-21T19:03:33.3294587Z Using cached aiosqlite-0.22.0-py3-none-any.whl (17 kB)
2025-12-21T19:03:33.3308559Z Using cached alembic-1.17.2-py3-none-any.whl (248 kB)
2025-12-21T19:03:33.3324246Z Using cached asyncpg-0.31.0-cp311-cp311-manylinux2014_x86_64.manylinux_2_17_x86_64.manylinux_2_28_x86_64.whl (3.0 MB)
2025-12-21T19:03:33.3384225Z Downloading fastapi-0.127.0-py3-none-any.whl (112 kB)
2025-12-21T19:03:33.3538399Z Using cached starlette-0.50.0-py3-none-any.whl (74 kB)
2025-12-21T19:03:33.3552842Z Using cached anyio-4.12.0-py3-none-any.whl (113 kB)
2025-12-21T19:03:33.3567230Z Using cached annotated_doc-0.0.4-py3-none-any.whl (5.3 kB)
2025-12-21T19:03:33.3580835Z Using cached httpx-0.28.1-py3-none-any.whl (73 kB)
2025-12-21T19:03:33.3594733Z Using cached httpcore-1.0.9-py3-none-any.whl (78 kB)
2025-12-21T19:03:33.3608712Z Using cached h11-0.16.0-py3-none-any.whl (37 kB)
2025-12-21T19:03:33.3622431Z Using cached idna-3.11-py3-none-any.whl (71 kB)
2025-12-21T19:03:33.3636542Z Using cached mypy-1.19.1-cp311-cp311-manylinux2014_x86_64.manylinux_2_17_x86_64.manylinux_2_28_x86_64.whl (13.4 MB)
2025-12-21T19:03:33.3745193Z Using cached librt-0.7.4-cp311-cp311-manylinux2014_x86_64.manylinux_2_17_x86_64.manylinux_2_28_x86_64.whl (184 kB)
2025-12-21T19:03:33.3759595Z Using cached mypy_extensions-1.1.0-py3-none-any.whl (5.0 kB)
2025-12-21T19:03:33.3772805Z Using cached pathspec-0.12.1-py3-none-any.whl (31 kB)
2025-12-21T19:03:33.3786030Z Using cached pydantic-2.12.5-py3-none-any.whl (463 kB)
2025-12-21T19:03:33.3803074Z Using cached pydantic_core-2.41.5-cp311-cp311-manylinux_2_17_x86_64.manylinux2014_x86_64.whl (2.1 MB)
2025-12-21T19:03:33.3830546Z Using cached annotated_types-0.7.0-py3-none-any.whl (13 kB)
2025-12-21T19:03:33.3843720Z Using cached pydantic_settings-2.12.0-py3-none-any.whl (51 kB)
2025-12-21T19:03:33.3857313Z Using cached pytest-9.0.2-py3-none-any.whl (374 kB)
2025-12-21T19:03:33.3873218Z Using cached pluggy-1.6.0-py3-none-any.whl (20 kB)
2025-12-21T19:03:33.3886802Z Using cached iniconfig-2.3.0-py3-none-any.whl (7.5 kB)
2025-12-21T19:03:33.3900152Z Using cached packaging-25.0-py3-none-any.whl (66 kB)
2025-12-21T19:03:33.3913634Z Using cached pygments-2.19.2-py3-none-any.whl (1.2 MB)
2025-12-21T19:03:33.3936243Z Using cached pytest_asyncio-1.3.0-py3-none-any.whl (15 kB)
2025-12-21T19:03:33.3949674Z Using cached pytest_cov-7.0.0-py3-none-any.whl (22 kB)
2025-12-21T19:03:33.3963642Z Using cached coverage-7.13.0-cp311-cp311-manylinux1_x86_64.manylinux_2_28_x86_64.manylinux_2_5_x86_64.whl (250 kB)
2025-12-21T19:03:33.3978141Z Using cached python_dotenv-1.2.1-py3-none-any.whl (21 kB)
2025-12-21T19:03:33.3991903Z Using cached ruff-0.14.10-py3-none-manylinux_2_17_x86_64.manylinux2014_x86_64.whl (14.2 MB)
2025-12-21T19:03:33.4111025Z Using cached sqlalchemy-2.0.45-cp311-cp311-manylinux2014_x86_64.manylinux_2_17_x86_64.manylinux_2_28_x86_64.whl (3.3 MB)
2025-12-21T19:03:33.4148215Z Using cached greenlet-3.3.0-cp311-cp311-manylinux_2_24_x86_64.manylinux_2_28_x86_64.whl (590 kB)
2025-12-21T19:03:33.4165670Z Using cached typing_extensions-4.15.0-py3-none-any.whl (44 kB)
2025-12-21T19:03:33.4179485Z Using cached typing_inspection-0.4.2-py3-none-any.whl (14 kB)
2025-12-21T19:03:33.4218059Z Downloading uvicorn-0.40.0-py3-none-any.whl (68 kB)
2025-12-21T19:03:33.4269940Z Using cached click-8.3.1-py3-none-any.whl (108 kB)
2025-12-21T19:03:33.4284892Z Using cached httptools-0.7.1-cp311-cp311-manylinux1_x86_64.manylinux_2_28_x86_64.manylinux_2_5_x86_64.whl (456 kB)
2025-12-21T19:03:33.4301867Z Using cached pyyaml-6.0.3-cp311-cp311-manylinux2014_x86_64.manylinux_2_17_x86_64.manylinux_2_28_x86_64.whl (806 kB)
2025-12-21T19:03:33.4321652Z Using cached uvloop-0.22.1-cp311-cp311-manylinux2014_x86_64.manylinux_2_17_x86_64.manylinux_2_28_x86_64.whl (3.8 MB)
2025-12-21T19:03:33.4362741Z Using cached watchfiles-1.1.1-cp311-cp311-manylinux_2_17_x86_64.manylinux2014_x86_64.whl (456 kB)
2025-12-21T19:03:33.4379441Z Using cached websockets-15.0.1-cp311-cp311-manylinux_2_5_x86_64.manylinux1_x86_64.manylinux_2_17_x86_64.manylinux2014_x86_64.whl (182 kB)
2025-12-21T19:03:33.4393657Z Using cached certifi-2025.11.12-py3-none-any.whl (159 kB)
2025-12-21T19:03:33.4407766Z Using cached mako-1.3.10-py3-none-any.whl (78 kB)
2025-12-21T19:03:33.4422348Z Using cached markupsafe-3.0.3-cp311-cp311-manylinux2014_x86_64.manylinux_2_17_x86_64.manylinux_2_28_x86_64.whl (22 kB)
2025-12-21T19:03:33.5096026Z Building wheels for collected packages: tunix-rt-backend
2025-12-21T19:03:33.5104160Z   Building editable for tunix-rt-backend (pyproject.toml): started
2025-12-21T19:03:33.7041530Z   Building editable for tunix-rt-backend (pyproject.toml): finished with status 'done'
2025-12-21T19:03:33.7074180Z   Created wheel for tunix-rt-backend: filename=tunix_rt_backend-0.1.0-0.editable-py3-none-any.whl size=2998 sha256=b3eaf64ee17e04c88d2e5037328666a9195f101d111ff0ed15d77485d5a2acbe
2025-12-21T19:03:33.7076669Z   Stored in directory: /tmp/pip-ephem-wheel-cache-veaaf2jz/wheels/6c/ee/47/0b2814d300ad026845dfa3996505f4a0f855be918f2df7eb34
2025-12-21T19:03:33.7078483Z Successfully built tunix-rt-backend
2025-12-21T19:03:33.7843974Z Installing collected packages: websockets, uvloop, typing-extensions, ruff, pyyaml, python-dotenv, pygments, pluggy, pathspec, packaging, mypy_extensions, MarkupSafe, librt, iniconfig, idna, httptools, h11, greenlet, coverage, click, certifi, asyncpg, annotated-types, annotated-doc, aiosqlite, uvicorn, typing-inspection, sqlalchemy, pytest, pydantic-core, mypy, Mako, httpcore, anyio, watchfiles, starlette, pytest-cov, pytest-asyncio, pydantic, httpx, alembic, pydantic-settings, fastapi, tunix-rt-backend
2025-12-21T19:03:38.8451124Z 
2025-12-21T19:03:38.8481561Z Successfully installed Mako-1.3.10 MarkupSafe-3.0.3 aiosqlite-0.22.0 alembic-1.17.2 annotated-doc-0.0.4 annotated-types-0.7.0 anyio-4.12.0 asyncpg-0.31.0 certifi-2025.11.12 click-8.3.1 coverage-7.13.0 fastapi-0.127.0 greenlet-3.3.0 h11-0.16.0 httpcore-1.0.9 httptools-0.7.1 httpx-0.28.1 idna-3.11 iniconfig-2.3.0 librt-0.7.4 mypy-1.19.1 mypy_extensions-1.1.0 packaging-25.0 pathspec-0.12.1 pluggy-1.6.0 pydantic-2.12.5 pydantic-core-2.41.5 pydantic-settings-2.12.0 pygments-2.19.2 pytest-9.0.2 pytest-asyncio-1.3.0 pytest-cov-7.0.0 python-dotenv-1.2.1 pyyaml-6.0.3 ruff-0.14.10 sqlalchemy-2.0.45 starlette-0.50.0 tunix-rt-backend-0.1.0 typing-extensions-4.15.0 typing-inspection-0.4.2 uvicorn-0.40.0 uvloop-0.22.1 watchfiles-1.1.1 websockets-15.0.1
2025-12-21T19:03:39.3709467Z ##[group]Run cd ../backend && alembic upgrade head
2025-12-21T19:03:39.3709838Z [36;1mcd ../backend && alembic upgrade head[0m
2025-12-21T19:03:39.3742423Z shell: /usr/bin/bash -e {0}
2025-12-21T19:03:39.3742645Z env:
2025-12-21T19:03:39.3742806Z   REDIAI_MODE: mock
2025-12-21T19:03:39.3743337Z   DATABASE_URL: ***localhost:5432/postgres
2025-12-21T19:03:39.3743663Z   pythonLocation: /opt/hostedtoolcache/Python/3.11.14/x64
2025-12-21T19:03:39.3744055Z   PKG_CONFIG_PATH: /opt/hostedtoolcache/Python/3.11.14/x64/lib/pkgconfig
2025-12-21T19:03:39.3744449Z   Python_ROOT_DIR: /opt/hostedtoolcache/Python/3.11.14/x64
2025-12-21T19:03:39.3744797Z   Python2_ROOT_DIR: /opt/hostedtoolcache/Python/3.11.14/x64
2025-12-21T19:03:39.3745134Z   Python3_ROOT_DIR: /opt/hostedtoolcache/Python/3.11.14/x64
2025-12-21T19:03:39.3745475Z   LD_LIBRARY_PATH: /opt/hostedtoolcache/Python/3.11.14/x64/lib
2025-12-21T19:03:39.3745783Z ##[endgroup]
2025-12-21T19:03:40.1022474Z INFO  [alembic.runtime.migration] Context impl PostgresqlImpl.
2025-12-21T19:03:40.1024570Z INFO  [alembic.runtime.migration] Will assume transactional DDL.
2025-12-21T19:03:40.1300575Z INFO  [alembic.runtime.migration] Running upgrade  -> 001, create_traces_table
2025-12-21T19:03:40.1365129Z INFO  [alembic.runtime.migration] Running upgrade 001 -> f8f1393630e4, add traces created_at index
2025-12-21T19:03:40.1439516Z INFO  [alembic.runtime.migration] Running upgrade f8f1393630e4 -> f3cc010ca8a6, add_scores_table
2025-12-21T19:03:40.2581535Z ##[group]Run actions/setup-node@v4
2025-12-21T19:03:40.2581795Z with:
2025-12-21T19:03:40.2581966Z   node-version: 18
2025-12-21T19:03:40.2582155Z   always-auth: false
2025-12-21T19:03:40.2582343Z   check-latest: false
2025-12-21T19:03:40.2582675Z   token: ***
2025-12-21T19:03:40.2582847Z env:
2025-12-21T19:03:40.2583012Z   REDIAI_MODE: mock
2025-12-21T19:03:40.2583600Z   DATABASE_URL: ***localhost:5432/postgres
2025-12-21T19:03:40.2583922Z   pythonLocation: /opt/hostedtoolcache/Python/3.11.14/x64
2025-12-21T19:03:40.2584315Z   PKG_CONFIG_PATH: /opt/hostedtoolcache/Python/3.11.14/x64/lib/pkgconfig
2025-12-21T19:03:40.2584687Z   Python_ROOT_DIR: /opt/hostedtoolcache/Python/3.11.14/x64
2025-12-21T19:03:40.2585027Z   Python2_ROOT_DIR: /opt/hostedtoolcache/Python/3.11.14/x64
2025-12-21T19:03:40.2585365Z   Python3_ROOT_DIR: /opt/hostedtoolcache/Python/3.11.14/x64
2025-12-21T19:03:40.2585701Z   LD_LIBRARY_PATH: /opt/hostedtoolcache/Python/3.11.14/x64/lib
2025-12-21T19:03:40.2586017Z ##[endgroup]
2025-12-21T19:03:40.4973715Z Attempting to download 18...
2025-12-21T19:03:40.7962390Z Acquiring 18.20.8 - x64 from https://github.com/actions/node-versions/releases/download/18.20.8-14110393767/node-18.20.8-linux-x64.tar.gz
2025-12-21T19:03:41.2342676Z Extracting ...
2025-12-21T19:03:41.2456154Z [command]/usr/bin/tar xz --strip 1 --warning=no-unknown-keyword --overwrite -C /home/runner/work/_temp/ae9b18d4-a9e9-4551-b11d-b7ba867d38b1 -f /home/runner/work/_temp/4ddfbb14-ac4c-42c8-8076-43e7d837a184
2025-12-21T19:03:42.3525829Z Adding to the cache ...
2025-12-21T19:03:44.3257296Z ##[group]Environment details
2025-12-21T19:03:44.6133635Z node: v18.20.8
2025-12-21T19:03:44.6135273Z npm: 10.8.2
2025-12-21T19:03:44.6136150Z yarn: 1.22.22
2025-12-21T19:03:44.6137461Z ##[endgroup]
2025-12-21T19:03:44.6275015Z ##[group]Run cd ../frontend && npm ci
2025-12-21T19:03:44.6275311Z [36;1mcd ../frontend && npm ci[0m
2025-12-21T19:03:44.6308186Z shell: /usr/bin/bash -e {0}
2025-12-21T19:03:44.6308422Z env:
2025-12-21T19:03:44.6308589Z   REDIAI_MODE: mock
2025-12-21T19:03:44.6309209Z   DATABASE_URL: ***localhost:5432/postgres
2025-12-21T19:03:44.6309546Z   pythonLocation: /opt/hostedtoolcache/Python/3.11.14/x64
2025-12-21T19:03:44.6309934Z   PKG_CONFIG_PATH: /opt/hostedtoolcache/Python/3.11.14/x64/lib/pkgconfig
2025-12-21T19:03:44.6310325Z   Python_ROOT_DIR: /opt/hostedtoolcache/Python/3.11.14/x64
2025-12-21T19:03:44.6310684Z   Python2_ROOT_DIR: /opt/hostedtoolcache/Python/3.11.14/x64
2025-12-21T19:03:44.6311030Z   Python3_ROOT_DIR: /opt/hostedtoolcache/Python/3.11.14/x64
2025-12-21T19:03:44.6311371Z   LD_LIBRARY_PATH: /opt/hostedtoolcache/Python/3.11.14/x64/lib
2025-12-21T19:03:44.6311663Z ##[endgroup]
2025-12-21T19:03:47.0713690Z npm warn deprecated rimraf@3.0.2: Rimraf versions prior to v4 are no longer supported
2025-12-21T19:03:47.4693956Z npm warn deprecated inflight@1.0.6: This module is not supported, and leaks memory. Do not use it. Check out lru-cache if you want a good and tested way to coalesce async requests by a key value, which is much more comprehensive and powerful.
2025-12-21T19:03:47.6943199Z npm warn deprecated glob@7.2.3: Glob versions prior to v9 are no longer supported
2025-12-21T19:03:48.1684758Z npm warn deprecated @humanwhocodes/object-schema@2.0.3: Use @eslint/object-schema instead
2025-12-21T19:03:48.1686365Z npm warn deprecated @humanwhocodes/config-array@0.13.0: Use @eslint/config-array instead
2025-12-21T19:03:51.1425366Z npm warn deprecated eslint@8.57.1: This version is no longer supported. Please see https://eslint.org/version-support for other options.
2025-12-21T19:03:51.6218926Z 
2025-12-21T19:03:51.6219838Z added 406 packages, and audited 407 packages in 7s
2025-12-21T19:03:51.6220343Z 
2025-12-21T19:03:51.6220700Z 117 packages are looking for funding
2025-12-21T19:03:51.6232481Z   run `npm fund` for details
2025-12-21T19:03:51.6559075Z 
2025-12-21T19:03:51.6560158Z 5 moderate severity vulnerabilities
2025-12-21T19:03:51.6560697Z 
2025-12-21T19:03:51.6561236Z To address all issues (including breaking changes), run:
2025-12-21T19:03:51.6562015Z   npm audit fix --force
2025-12-21T19:03:51.6562402Z 
2025-12-21T19:03:51.6562742Z Run `npm audit` for details.
2025-12-21T19:03:51.7026939Z ##[group]Run npm ci
2025-12-21T19:03:51.7027308Z [36;1mnpm ci[0m
2025-12-21T19:03:51.7114415Z shell: /usr/bin/bash -e {0}
2025-12-21T19:03:51.7114785Z env:
2025-12-21T19:03:51.7115262Z   REDIAI_MODE: mock
2025-12-21T19:03:51.7116003Z   DATABASE_URL: ***localhost:5432/postgres
2025-12-21T19:03:51.7116537Z   pythonLocation: /opt/hostedtoolcache/Python/3.11.14/x64
2025-12-21T19:03:51.7117185Z   PKG_CONFIG_PATH: /opt/hostedtoolcache/Python/3.11.14/x64/lib/pkgconfig
2025-12-21T19:03:51.7117830Z   Python_ROOT_DIR: /opt/hostedtoolcache/Python/3.11.14/x64
2025-12-21T19:03:51.7118682Z   Python2_ROOT_DIR: /opt/hostedtoolcache/Python/3.11.14/x64
2025-12-21T19:03:51.7119263Z   Python3_ROOT_DIR: /opt/hostedtoolcache/Python/3.11.14/x64
2025-12-21T19:03:51.7119836Z   LD_LIBRARY_PATH: /opt/hostedtoolcache/Python/3.11.14/x64/lib
2025-12-21T19:03:51.7120314Z ##[endgroup]
2025-12-21T19:03:52.9765933Z 
2025-12-21T19:03:52.9766682Z added 5 packages, and audited 6 packages in 1s
2025-12-21T19:03:52.9779622Z 
2025-12-21T19:03:52.9780936Z found 0 vulnerabilities
2025-12-21T19:03:52.9926026Z ##[group]Run npx playwright install chromium --with-deps
2025-12-21T19:03:52.9926640Z [36;1mnpx playwright install chromium --with-deps[0m
2025-12-21T19:03:52.9969259Z shell: /usr/bin/bash -e {0}
2025-12-21T19:03:52.9969624Z env:
2025-12-21T19:03:52.9969887Z   REDIAI_MODE: mock
2025-12-21T19:03:52.9970686Z   DATABASE_URL: ***localhost:5432/postgres
2025-12-21T19:03:52.9971226Z   pythonLocation: /opt/hostedtoolcache/Python/3.11.14/x64
2025-12-21T19:03:52.9971877Z   PKG_CONFIG_PATH: /opt/hostedtoolcache/Python/3.11.14/x64/lib/pkgconfig
2025-12-21T19:03:52.9972537Z   Python_ROOT_DIR: /opt/hostedtoolcache/Python/3.11.14/x64
2025-12-21T19:03:52.9973115Z   Python2_ROOT_DIR: /opt/hostedtoolcache/Python/3.11.14/x64
2025-12-21T19:03:52.9973693Z   Python3_ROOT_DIR: /opt/hostedtoolcache/Python/3.11.14/x64
2025-12-21T19:03:52.9974269Z   LD_LIBRARY_PATH: /opt/hostedtoolcache/Python/3.11.14/x64/lib
2025-12-21T19:03:52.9974758Z ##[endgroup]
2025-12-21T19:03:54.0880843Z Installing dependencies...
2025-12-21T19:03:54.0966762Z Switching to root user to install dependencies...
2025-12-21T19:03:54.2169551Z Get:1 file:/etc/apt/apt-mirrors.txt Mirrorlist [144 B]
2025-12-21T19:03:54.3016680Z Hit:2 http://azure.archive.ubuntu.com/ubuntu noble InRelease
2025-12-21T19:03:54.3018645Z Hit:6 https://packages.microsoft.com/repos/azure-cli noble InRelease
2025-12-21T19:03:54.3029537Z Get:7 https://packages.microsoft.com/ubuntu/24.04/prod noble InRelease [3600 B]
2025-12-21T19:03:54.3128935Z Get:3 http://azure.archive.ubuntu.com/ubuntu noble-updates InRelease [126 kB]
2025-12-21T19:03:54.3229408Z Get:4 http://azure.archive.ubuntu.com/ubuntu noble-backports InRelease [126 kB]
2025-12-21T19:03:54.3301344Z Get:5 http://azure.archive.ubuntu.com/ubuntu noble-security InRelease [126 kB]
2025-12-21T19:03:54.4961259Z Get:8 https://packages.microsoft.com/ubuntu/24.04/prod noble/main armhf Packages [11.4 kB]
2025-12-21T19:03:54.5184446Z Get:9 https://packages.microsoft.com/ubuntu/24.04/prod noble/main amd64 Packages [77.3 kB]
2025-12-21T19:03:54.5256534Z Get:10 https://packages.microsoft.com/ubuntu/24.04/prod noble/main arm64 Packages [58.7 kB]
2025-12-21T19:03:54.5561079Z Get:11 http://azure.archive.ubuntu.com/ubuntu noble-updates/main amd64 Packages [1684 kB]
2025-12-21T19:03:54.5665348Z Get:12 http://azure.archive.ubuntu.com/ubuntu noble-updates/main Translation-en [311 kB]
2025-12-21T19:03:54.5720230Z Get:13 http://azure.archive.ubuntu.com/ubuntu noble-updates/main amd64 Components [175 kB]
2025-12-21T19:03:54.5733291Z Get:14 http://azure.archive.ubuntu.com/ubuntu noble-updates/main amd64 c-n-f Metadata [15.8 kB]
2025-12-21T19:03:54.5790937Z Get:15 http://azure.archive.ubuntu.com/ubuntu noble-updates/universe amd64 Packages [1506 kB]
2025-12-21T19:03:54.5966651Z Get:16 http://azure.archive.ubuntu.com/ubuntu noble-updates/universe Translation-en [306 kB]
2025-12-21T19:03:54.6030117Z Get:17 http://azure.archive.ubuntu.com/ubuntu noble-updates/universe amd64 Components [378 kB]
2025-12-21T19:03:54.6085146Z Get:18 http://azure.archive.ubuntu.com/ubuntu noble-updates/universe amd64 c-n-f Metadata [31.4 kB]
2025-12-21T19:03:54.6097489Z Get:19 http://azure.archive.ubuntu.com/ubuntu noble-updates/restricted amd64 Packages [2413 kB]
2025-12-21T19:03:54.6376310Z Get:20 http://azure.archive.ubuntu.com/ubuntu noble-updates/restricted Translation-en [550 kB]
2025-12-21T19:03:54.6937162Z Get:21 http://azure.archive.ubuntu.com/ubuntu noble-updates/restricted amd64 Components [212 B]
2025-12-21T19:03:54.6950588Z Get:22 http://azure.archive.ubuntu.com/ubuntu noble-updates/restricted amd64 c-n-f Metadata [516 B]
2025-12-21T19:03:54.6951877Z Get:23 http://azure.archive.ubuntu.com/ubuntu noble-updates/multiverse amd64 Packages [30.3 kB]
2025-12-21T19:03:54.6958358Z Get:24 http://azure.archive.ubuntu.com/ubuntu noble-updates/multiverse Translation-en [6048 B]
2025-12-21T19:03:54.6981066Z Get:25 http://azure.archive.ubuntu.com/ubuntu noble-updates/multiverse amd64 Components [940 B]
2025-12-21T19:03:54.6996340Z Get:26 http://azure.archive.ubuntu.com/ubuntu noble-updates/multiverse amd64 c-n-f Metadata [488 B]
2025-12-21T19:03:54.7025104Z Get:27 http://azure.archive.ubuntu.com/ubuntu noble-backports/main amd64 Packages [40.4 kB]
2025-12-21T19:03:54.7039765Z Get:28 http://azure.archive.ubuntu.com/ubuntu noble-backports/main amd64 Components [7304 B]
2025-12-21T19:03:54.7060619Z Get:29 http://azure.archive.ubuntu.com/ubuntu noble-backports/main amd64 c-n-f Metadata [368 B]
2025-12-21T19:03:54.7086796Z Get:30 http://azure.archive.ubuntu.com/ubuntu noble-backports/universe amd64 Packages [29.5 kB]
2025-12-21T19:03:54.7101740Z Get:31 http://azure.archive.ubuntu.com/ubuntu noble-backports/universe Translation-en [17.9 kB]
2025-12-21T19:03:54.7116264Z Get:32 http://azure.archive.ubuntu.com/ubuntu noble-backports/universe amd64 Components [10.5 kB]
2025-12-21T19:03:54.7131964Z Get:33 http://azure.archive.ubuntu.com/ubuntu noble-backports/universe amd64 c-n-f Metadata [1444 B]
2025-12-21T19:03:54.7145248Z Get:34 http://azure.archive.ubuntu.com/ubuntu noble-backports/restricted amd64 Components [216 B]
2025-12-21T19:03:54.7604183Z Get:35 http://azure.archive.ubuntu.com/ubuntu noble-backports/multiverse amd64 Components [212 B]
2025-12-21T19:03:54.7659087Z Get:36 http://azure.archive.ubuntu.com/ubuntu noble-security/main Translation-en [225 kB]
2025-12-21T19:03:54.7680805Z Get:37 http://azure.archive.ubuntu.com/ubuntu noble-security/main amd64 Components [21.5 kB]
2025-12-21T19:03:54.7704379Z Get:38 http://azure.archive.ubuntu.com/ubuntu noble-security/main amd64 c-n-f Metadata [9504 B]
2025-12-21T19:03:54.7722449Z Get:39 http://azure.archive.ubuntu.com/ubuntu noble-security/universe amd64 Components [71.4 kB]
2025-12-21T19:03:54.7746771Z Get:40 http://azure.archive.ubuntu.com/ubuntu noble-security/restricted amd64 Components [212 B]
2025-12-21T19:03:54.7759986Z Get:41 http://azure.archive.ubuntu.com/ubuntu noble-security/multiverse amd64 Components [212 B]
2025-12-21T19:04:04.6030115Z Fetched 8375 kB in 1s (6157 kB/s)
2025-12-21T19:04:05.3824135Z Reading package lists...
2025-12-21T19:04:05.4091506Z Reading package lists...
2025-12-21T19:04:05.5835015Z Building dependency tree...
2025-12-21T19:04:05.5842768Z Reading state information...
2025-12-21T19:04:05.7422907Z libasound2t64 is already the newest version (1.2.11-1ubuntu0.1).
2025-12-21T19:04:05.7424756Z libasound2t64 set to manually installed.
2025-12-21T19:04:05.7425550Z libatk-bridge2.0-0t64 is already the newest version (2.52.0-1build1).
2025-12-21T19:04:05.7426371Z libatk-bridge2.0-0t64 set to manually installed.
2025-12-21T19:04:05.7427118Z libatk1.0-0t64 is already the newest version (2.52.0-1build1).
2025-12-21T19:04:05.7427756Z libatk1.0-0t64 set to manually installed.
2025-12-21T19:04:05.7429203Z libatspi2.0-0t64 is already the newest version (2.52.0-1build1).
2025-12-21T19:04:05.7429891Z libatspi2.0-0t64 set to manually installed.
2025-12-21T19:04:05.7430590Z libcairo2 is already the newest version (1.18.0-3build1).
2025-12-21T19:04:05.7431200Z libcairo2 set to manually installed.
2025-12-21T19:04:05.7431990Z libcups2t64 is already the newest version (2.4.7-1.2ubuntu7.9).
2025-12-21T19:04:05.7432734Z libcups2t64 set to manually installed.
2025-12-21T19:04:05.7434003Z libdbus-1-3 is already the newest version (1.14.10-4ubuntu4.1).
2025-12-21T19:04:05.7434638Z libdbus-1-3 set to manually installed.
2025-12-21T19:04:05.7435307Z libdrm2 is already the newest version (2.4.122-1~ubuntu0.24.04.2).
2025-12-21T19:04:05.7435893Z libdrm2 set to manually installed.
2025-12-21T19:04:05.7436470Z libgbm1 is already the newest version (25.0.7-0ubuntu0.24.04.2).
2025-12-21T19:04:05.7436916Z libgbm1 set to manually installed.
2025-12-21T19:04:05.7437289Z libnspr4 is already the newest version (2:4.35-1.1build1).
2025-12-21T19:04:05.7437650Z libnspr4 set to manually installed.
2025-12-21T19:04:05.7438223Z libnss3 is already the newest version (2:3.98-1build1).
2025-12-21T19:04:05.7438570Z libnss3 set to manually installed.
2025-12-21T19:04:05.7438948Z libpango-1.0-0 is already the newest version (1.52.1+ds-1build1).
2025-12-21T19:04:05.7439743Z libpango-1.0-0 set to manually installed.
2025-12-21T19:04:05.7440141Z libx11-6 is already the newest version (2:1.8.7-1build1).
2025-12-21T19:04:05.7440492Z libx11-6 set to manually installed.
2025-12-21T19:04:05.7440830Z libxcb1 is already the newest version (1.15-1ubuntu2).
2025-12-21T19:04:05.7441153Z libxcb1 set to manually installed.
2025-12-21T19:04:05.7441707Z libxcomposite1 is already the newest version (1:0.4.5-1build3).
2025-12-21T19:04:05.7442108Z libxcomposite1 set to manually installed.
2025-12-21T19:04:05.7442500Z libxdamage1 is already the newest version (1:1.1.6-1build1).
2025-12-21T19:04:05.7442858Z libxdamage1 set to manually installed.
2025-12-21T19:04:05.7443218Z libxext6 is already the newest version (2:1.3.4-1build2).
2025-12-21T19:04:05.7443553Z libxext6 set to manually installed.
2025-12-21T19:04:05.7443911Z libxfixes3 is already the newest version (1:6.0.0-2build1).
2025-12-21T19:04:05.7444366Z libxfixes3 set to manually installed.
2025-12-21T19:04:05.7444967Z libxkbcommon0 is already the newest version (1.6.0-1build1).
2025-12-21T19:04:05.7445584Z libxkbcommon0 set to manually installed.
2025-12-21T19:04:05.7446247Z libxrandr2 is already the newest version (2:1.5.2-2build1).
2025-12-21T19:04:05.7446832Z libxrandr2 set to manually installed.
2025-12-21T19:04:05.7447334Z xvfb is already the newest version (2:21.1.12-1ubuntu1.5).
2025-12-21T19:04:05.7447832Z fonts-noto-color-emoji is already the newest version (2.047-0ubuntu0.24.04.1).
2025-12-21T19:04:05.7448588Z libfontconfig1 is already the newest version (2.15.0-1.1ubuntu2).
2025-12-21T19:04:05.7448982Z libfontconfig1 set to manually installed.
2025-12-21T19:04:05.7449384Z libfreetype6 is already the newest version (2.13.2+dfsg-1build3).
2025-12-21T19:04:05.7450056Z libfreetype6 set to manually installed.
2025-12-21T19:04:05.7450764Z fonts-liberation is already the newest version (1:2.1.5-3).
2025-12-21T19:04:05.7451423Z fonts-liberation set to manually installed.
2025-12-21T19:04:05.7451830Z The following additional packages will be installed:
2025-12-21T19:04:05.7452677Z   gir1.2-glib-2.0 libglib2.0-bin libglib2.0-data xfonts-encodings xfonts-utils
2025-12-21T19:04:05.7453229Z Suggested packages:
2025-12-21T19:04:05.7453629Z   low-memory-monitor
2025-12-21T19:04:05.7454062Z Recommended packages:
2025-12-21T19:04:05.7455690Z   fonts-ipafont-mincho fonts-tlwg-loma
2025-12-21T19:04:05.7634395Z The following NEW packages will be installed:
2025-12-21T19:04:05.7643909Z   fonts-freefont-ttf fonts-ipafont-gothic fonts-tlwg-loma-otf fonts-unifont
2025-12-21T19:04:05.7645189Z   fonts-wqy-zenhei xfonts-cyrillic xfonts-encodings xfonts-scalable
2025-12-21T19:04:05.7645968Z   xfonts-utils
2025-12-21T19:04:05.7650035Z The following packages will be upgraded:
2025-12-21T19:04:05.7655975Z   gir1.2-glib-2.0 libglib2.0-0t64 libglib2.0-bin libglib2.0-data
2025-12-21T19:04:05.7836100Z 4 upgraded, 9 newly installed, 0 to remove and 65 not upgraded.
2025-12-21T19:04:05.7838083Z Need to get 23.0 MB of archives.
2025-12-21T19:04:05.7838833Z After this operation, 79.5 MB of additional disk space will be used.
2025-12-21T19:04:05.7839620Z Get:1 file:/etc/apt/apt-mirrors.txt Mirrorlist [144 B]
2025-12-21T19:04:05.8131908Z Get:2 http://azure.archive.ubuntu.com/ubuntu noble/universe amd64 fonts-ipafont-gothic all 00303-21ubuntu1 [3513 kB]
2025-12-21T19:04:05.8912561Z Get:3 http://azure.archive.ubuntu.com/ubuntu noble-updates/main amd64 libglib2.0-data all 2.80.0-6ubuntu3.5 [48.8 kB]
2025-12-21T19:04:05.9001871Z Get:4 http://azure.archive.ubuntu.com/ubuntu noble-updates/main amd64 libglib2.0-bin amd64 2.80.0-6ubuntu3.5 [97.9 kB]
2025-12-21T19:04:05.9093576Z Get:5 http://azure.archive.ubuntu.com/ubuntu noble-updates/main amd64 gir1.2-glib-2.0 amd64 2.80.0-6ubuntu3.5 [183 kB]
2025-12-21T19:04:05.9184184Z Get:6 http://azure.archive.ubuntu.com/ubuntu noble-updates/main amd64 libglib2.0-0t64 amd64 2.80.0-6ubuntu3.5 [1544 kB]
2025-12-21T19:04:05.9406969Z Get:7 http://azure.archive.ubuntu.com/ubuntu noble/main amd64 fonts-freefont-ttf all 20211204+svn4273-2 [5641 kB]
2025-12-21T19:04:05.9912461Z Get:8 http://azure.archive.ubuntu.com/ubuntu noble/universe amd64 fonts-tlwg-loma-otf all 1:0.7.3-1 [107 kB]
2025-12-21T19:04:06.0019595Z Get:9 http://azure.archive.ubuntu.com/ubuntu noble/universe amd64 fonts-unifont all 1:15.1.01-1build1 [2993 kB]
2025-12-21T19:04:06.0628608Z Get:10 http://azure.archive.ubuntu.com/ubuntu noble/universe amd64 fonts-wqy-zenhei all 0.9.45-8 [7472 kB]
2025-12-21T19:04:06.1545802Z Get:11 http://azure.archive.ubuntu.com/ubuntu noble/main amd64 xfonts-encodings all 1:1.0.5-0ubuntu2 [578 kB]
2025-12-21T19:04:06.1760596Z Get:12 http://azure.archive.ubuntu.com/ubuntu noble/main amd64 xfonts-utils amd64 1:7.7+6build3 [94.4 kB]
2025-12-21T19:04:06.1847353Z Get:13 http://azure.archive.ubuntu.com/ubuntu noble/universe amd64 xfonts-cyrillic all 1:1.0.5+nmu1 [384 kB]
2025-12-21T19:04:06.1956632Z Get:14 http://azure.archive.ubuntu.com/ubuntu noble/main amd64 xfonts-scalable all 1:1.0.3-1.3 [304 kB]
2025-12-21T19:04:06.4654502Z Fetched 23.0 MB in 0s (53.9 MB/s)
2025-12-21T19:04:06.4931877Z Selecting previously unselected package fonts-ipafont-gothic.
2025-12-21T19:04:06.5250712Z (Reading database ... 
2025-12-21T19:04:06.5251213Z (Reading database ... 5%
2025-12-21T19:04:06.5251618Z (Reading database ... 10%
2025-12-21T19:04:06.5252023Z (Reading database ... 15%
2025-12-21T19:04:06.5252416Z (Reading database ... 20%
2025-12-21T19:04:06.5252790Z (Reading database ... 25%
2025-12-21T19:04:06.5253905Z (Reading database ... 30%
2025-12-21T19:04:06.5254300Z (Reading database ... 35%
2025-12-21T19:04:06.5254684Z (Reading database ... 40%
2025-12-21T19:04:06.5255071Z (Reading database ... 45%
2025-12-21T19:04:06.5255463Z (Reading database ... 50%
2025-12-21T19:04:06.5345552Z (Reading database ... 55%
2025-12-21T19:04:06.6698375Z (Reading database ... 60%
2025-12-21T19:04:06.7648822Z (Reading database ... 65%
2025-12-21T19:04:06.8410019Z (Reading database ... 70%
2025-12-21T19:04:06.8998424Z (Reading database ... 75%
2025-12-21T19:04:07.0703152Z (Reading database ... 80%
2025-12-21T19:04:07.1904224Z (Reading database ... 85%
2025-12-21T19:04:07.3558667Z (Reading database ... 90%
2025-12-21T19:04:07.4857697Z (Reading database ... 95%
2025-12-21T19:04:07.4858717Z (Reading database ... 100%
2025-12-21T19:04:07.4860771Z (Reading database ... 217374 files and directories currently installed.)
2025-12-21T19:04:07.4904228Z Preparing to unpack .../00-fonts-ipafont-gothic_00303-21ubuntu1_all.deb ...
2025-12-21T19:04:07.4995362Z Unpacking fonts-ipafont-gothic (00303-21ubuntu1) ...
2025-12-21T19:04:07.7542626Z Preparing to unpack .../01-libglib2.0-data_2.80.0-6ubuntu3.5_all.deb ...
2025-12-21T19:04:07.7571857Z Unpacking libglib2.0-data (2.80.0-6ubuntu3.5) over (2.80.0-6ubuntu3.4) ...
2025-12-21T19:04:07.7936448Z Preparing to unpack .../02-libglib2.0-bin_2.80.0-6ubuntu3.5_amd64.deb ...
2025-12-21T19:04:07.7962162Z Unpacking libglib2.0-bin (2.80.0-6ubuntu3.5) over (2.80.0-6ubuntu3.4) ...
2025-12-21T19:04:07.8487474Z Preparing to unpack .../03-gir1.2-glib-2.0_2.80.0-6ubuntu3.5_amd64.deb ...
2025-12-21T19:04:07.8518081Z Unpacking gir1.2-glib-2.0:amd64 (2.80.0-6ubuntu3.5) over (2.80.0-6ubuntu3.4) ...
2025-12-21T19:04:07.8967267Z Preparing to unpack .../04-libglib2.0-0t64_2.80.0-6ubuntu3.5_amd64.deb ...
2025-12-21T19:04:07.9047214Z Unpacking libglib2.0-0t64:amd64 (2.80.0-6ubuntu3.5) over (2.80.0-6ubuntu3.4) ...
2025-12-21T19:04:07.9545881Z Selecting previously unselected package fonts-freefont-ttf.
2025-12-21T19:04:07.9686217Z Preparing to unpack .../05-fonts-freefont-ttf_20211204+svn4273-2_all.deb ...
2025-12-21T19:04:07.9697247Z Unpacking fonts-freefont-ttf (20211204+svn4273-2) ...
2025-12-21T19:04:08.0631956Z Selecting previously unselected package fonts-tlwg-loma-otf.
2025-12-21T19:04:08.0771521Z Preparing to unpack .../06-fonts-tlwg-loma-otf_1%3a0.7.3-1_all.deb ...
2025-12-21T19:04:08.0783002Z Unpacking fonts-tlwg-loma-otf (1:0.7.3-1) ...
2025-12-21T19:04:08.1023151Z Selecting previously unselected package fonts-unifont.
2025-12-21T19:04:08.1164182Z Preparing to unpack .../07-fonts-unifont_1%3a15.1.01-1build1_all.deb ...
2025-12-21T19:04:08.1172881Z Unpacking fonts-unifont (1:15.1.01-1build1) ...
2025-12-21T19:04:08.2491247Z Selecting previously unselected package fonts-wqy-zenhei.
2025-12-21T19:04:08.2629201Z Preparing to unpack .../08-fonts-wqy-zenhei_0.9.45-8_all.deb ...
2025-12-21T19:04:08.2737838Z Unpacking fonts-wqy-zenhei (0.9.45-8) ...
2025-12-21T19:04:08.7578491Z Selecting previously unselected package xfonts-encodings.
2025-12-21T19:04:08.7712130Z Preparing to unpack .../09-xfonts-encodings_1%3a1.0.5-0ubuntu2_all.deb ...
2025-12-21T19:04:08.7721913Z Unpacking xfonts-encodings (1:1.0.5-0ubuntu2) ...
2025-12-21T19:04:08.8040422Z Selecting previously unselected package xfonts-utils.
2025-12-21T19:04:08.8174945Z Preparing to unpack .../10-xfonts-utils_1%3a7.7+6build3_amd64.deb ...
2025-12-21T19:04:08.8186433Z Unpacking xfonts-utils (1:7.7+6build3) ...
2025-12-21T19:04:08.8573937Z Selecting previously unselected package xfonts-cyrillic.
2025-12-21T19:04:08.8712090Z Preparing to unpack .../11-xfonts-cyrillic_1%3a1.0.5+nmu1_all.deb ...
2025-12-21T19:04:08.8720327Z Unpacking xfonts-cyrillic (1:1.0.5+nmu1) ...
2025-12-21T19:04:08.9104958Z Selecting previously unselected package xfonts-scalable.
2025-12-21T19:04:08.9238698Z Preparing to unpack .../12-xfonts-scalable_1%3a1.0.3-1.3_all.deb ...
2025-12-21T19:04:08.9249685Z Unpacking xfonts-scalable (1:1.0.3-1.3) ...
2025-12-21T19:04:08.9709060Z Setting up fonts-wqy-zenhei (0.9.45-8) ...
2025-12-21T19:04:08.9846019Z Setting up fonts-freefont-ttf (20211204+svn4273-2) ...
2025-12-21T19:04:08.9870838Z Setting up libglib2.0-0t64:amd64 (2.80.0-6ubuntu3.5) ...
2025-12-21T19:04:08.9985464Z Setting up libglib2.0-data (2.80.0-6ubuntu3.5) ...
2025-12-21T19:04:09.0012142Z Setting up fonts-tlwg-loma-otf (1:0.7.3-1) ...
2025-12-21T19:04:09.0039329Z Setting up xfonts-encodings (1:1.0.5-0ubuntu2) ...
2025-12-21T19:04:09.0069259Z Setting up gir1.2-glib-2.0:amd64 (2.80.0-6ubuntu3.5) ...
2025-12-21T19:04:09.0096717Z Setting up fonts-ipafont-gothic (00303-21ubuntu1) ...
2025-12-21T19:04:09.0167425Z update-alternatives: using /usr/share/fonts/opentype/ipafont-gothic/ipag.ttf to provide /usr/share/fonts/truetype/fonts-japanese-gothic.ttf (fonts-japanese-gothic.ttf) in auto mode
2025-12-21T19:04:09.0183670Z Setting up fonts-unifont (1:15.1.01-1build1) ...
2025-12-21T19:04:09.0209866Z Setting up libglib2.0-bin (2.80.0-6ubuntu3.5) ...
2025-12-21T19:04:09.0235184Z Setting up xfonts-utils (1:7.7+6build3) ...
2025-12-21T19:04:09.0281681Z Setting up xfonts-cyrillic (1:1.0.5+nmu1) ...
2025-12-21T19:04:09.0587141Z Setting up xfonts-scalable (1:1.0.3-1.3) ...
2025-12-21T19:04:09.0901609Z Processing triggers for libc-bin (2.39-0ubuntu8.6) ...
2025-12-21T19:04:09.3580010Z Processing triggers for man-db (2.12.0-4build2) ...
2025-12-21T19:04:09.3611495Z Not building database; man-db/auto-update is not 'true'.
2025-12-21T19:04:09.3624563Z Processing triggers for fontconfig (2.15.0-1.1ubuntu2) ...
2025-12-21T19:04:10.0240368Z 
2025-12-21T19:04:10.0244419Z Running kernel seems to be up-to-date.
2025-12-21T19:04:10.0245205Z 
2025-12-21T19:04:10.0245928Z Restarting services...
2025-12-21T19:04:10.0695077Z  systemctl restart packagekit.service php8.3-fpm.service polkit.service udisks2.service
2025-12-21T19:04:10.2750495Z 
2025-12-21T19:04:10.2753370Z Service restarts being deferred:
2025-12-21T19:04:10.2758942Z  systemctl restart ModemManager.service
2025-12-21T19:04:10.2763319Z  systemctl restart networkd-dispatcher.service
2025-12-21T19:04:10.2763824Z 
2025-12-21T19:04:10.2764192Z No containers need to be restarted.
2025-12-21T19:04:10.2764996Z 
2025-12-21T19:04:10.2765300Z No user sessions are running outdated binaries.
2025-12-21T19:04:10.2765634Z 
2025-12-21T19:04:10.2774209Z No VM guests are running outdated hypervisor (qemu) binaries on this host.
2025-12-21T19:04:11.2717431Z Downloading Chromium 143.0.7499.4 (playwright build v1200) from https://cdn.playwright.dev/dbazure/download/playwright/builds/chromium/1200/chromium-linux.zip
2025-12-21T19:04:11.4692497Z |                                                                                |   0% of 164.7 MiB
2025-12-21T19:04:11.6940828Z |■■■■■■■■                                                                        |  10% of 164.7 MiB
2025-12-21T19:04:11.8600753Z |■■■■■■■■■■■■■■■■                                                                |  20% of 164.7 MiB
2025-12-21T19:04:11.9988401Z |■■■■■■■■■■■■■■■■■■■■■■■■                                                        |  30% of 164.7 MiB
2025-12-21T19:04:12.1234469Z |■■■■■■■■■■■■■■■■■■■■■■■■■■■■■■■■                                                |  40% of 164.7 MiB
2025-12-21T19:04:12.2437103Z |■■■■■■■■■■■■■■■■■■■■■■■■■■■■■■■■■■■■■■■■                                        |  50% of 164.7 MiB
2025-12-21T19:04:12.3645001Z |■■■■■■■■■■■■■■■■■■■■■■■■■■■■■■■■■■■■■■■■■■■■■■■■                                |  60% of 164.7 MiB
2025-12-21T19:04:12.4805073Z |■■■■■■■■■■■■■■■■■■■■■■■■■■■■■■■■■■■■■■■■■■■■■■■■■■■■■■■■                        |  70% of 164.7 MiB
2025-12-21T19:04:12.5967008Z |■■■■■■■■■■■■■■■■■■■■■■■■■■■■■■■■■■■■■■■■■■■■■■■■■■■■■■■■■■■■■■■■                |  80% of 164.7 MiB
2025-12-21T19:04:12.7104843Z |■■■■■■■■■■■■■■■■■■■■■■■■■■■■■■■■■■■■■■■■■■■■■■■■■■■■■■■■■■■■■■■■■■■■■■■■        |  90% of 164.7 MiB
2025-12-21T19:04:12.8214562Z |■■■■■■■■■■■■■■■■■■■■■■■■■■■■■■■■■■■■■■■■■■■■■■■■■■■■■■■■■■■■■■■■■■■■■■■■■■■■■■■■| 100% of 164.7 MiB
2025-12-21T19:04:16.8195409Z Chromium 143.0.7499.4 (playwright build v1200) downloaded to /home/runner/.cache/ms-playwright/chromium-1200
2025-12-21T19:04:16.8200787Z Downloading FFMPEG playwright build v1011 from https://cdn.playwright.dev/dbazure/download/playwright/builds/ffmpeg/1011/ffmpeg-linux.zip
2025-12-21T19:04:17.0069064Z |                                                                                |   0% of 2.3 MiB
2025-12-21T19:04:17.0130982Z |■■■■■■■■                                                                        |  10% of 2.3 MiB
2025-12-21T19:04:17.0167562Z |■■■■■■■■■■■■■■■■                                                                |  20% of 2.3 MiB
2025-12-21T19:04:17.0192352Z |■■■■■■■■■■■■■■■■■■■■■■■■                                                        |  30% of 2.3 MiB
2025-12-21T19:04:17.0223558Z |■■■■■■■■■■■■■■■■■■■■■■■■■■■■■■■■                                                |  40% of 2.3 MiB
2025-12-21T19:04:17.0252126Z |■■■■■■■■■■■■■■■■■■■■■■■■■■■■■■■■■■■■■■■■                                        |  50% of 2.3 MiB
2025-12-21T19:04:17.0279919Z |■■■■■■■■■■■■■■■■■■■■■■■■■■■■■■■■■■■■■■■■■■■■■■■■                                |  60% of 2.3 MiB
2025-12-21T19:04:17.0306299Z |■■■■■■■■■■■■■■■■■■■■■■■■■■■■■■■■■■■■■■■■■■■■■■■■■■■■■■■■                        |  70% of 2.3 MiB
2025-12-21T19:04:17.0333045Z |■■■■■■■■■■■■■■■■■■■■■■■■■■■■■■■■■■■■■■■■■■■■■■■■■■■■■■■■■■■■■■■■                |  80% of 2.3 MiB
2025-12-21T19:04:17.0356797Z |■■■■■■■■■■■■■■■■■■■■■■■■■■■■■■■■■■■■■■■■■■■■■■■■■■■■■■■■■■■■■■■■■■■■■■■■        |  90% of 2.3 MiB
2025-12-21T19:04:17.0393775Z |■■■■■■■■■■■■■■■■■■■■■■■■■■■■■■■■■■■■■■■■■■■■■■■■■■■■■■■■■■■■■■■■■■■■■■■■■■■■■■■■| 100% of 2.3 MiB
2025-12-21T19:04:17.1301552Z FFMPEG playwright build v1011 downloaded to /home/runner/.cache/ms-playwright/ffmpeg-1011
2025-12-21T19:04:17.1305962Z Downloading Chromium Headless Shell 143.0.7499.4 (playwright build v1200) from https://cdn.playwright.dev/dbazure/download/playwright/builds/chromium/1200/chromium-headless-shell-linux.zip
2025-12-21T19:04:17.3232752Z |                                                                                |   0% of 109.7 MiB
2025-12-21T19:04:17.4946723Z |■■■■■■■■                                                                        |  10% of 109.7 MiB
2025-12-21T19:04:17.6131429Z |■■■■■■■■■■■■■■■■                                                                |  20% of 109.7 MiB
2025-12-21T19:04:17.7188024Z |■■■■■■■■■■■■■■■■■■■■■■■■                                                        |  30% of 109.7 MiB
2025-12-21T19:04:17.8054908Z |■■■■■■■■■■■■■■■■■■■■■■■■■■■■■■■■                                                |  40% of 109.7 MiB
2025-12-21T19:04:17.8969786Z |■■■■■■■■■■■■■■■■■■■■■■■■■■■■■■■■■■■■■■■■                                        |  50% of 109.7 MiB
2025-12-21T19:04:17.9755557Z |■■■■■■■■■■■■■■■■■■■■■■■■■■■■■■■■■■■■■■■■■■■■■■■■                                |  60% of 109.7 MiB
2025-12-21T19:04:18.0570478Z |■■■■■■■■■■■■■■■■■■■■■■■■■■■■■■■■■■■■■■■■■■■■■■■■■■■■■■■■                        |  70% of 109.7 MiB
2025-12-21T19:04:18.1342213Z |■■■■■■■■■■■■■■■■■■■■■■■■■■■■■■■■■■■■■■■■■■■■■■■■■■■■■■■■■■■■■■■■                |  80% of 109.7 MiB
2025-12-21T19:04:18.2763787Z |■■■■■■■■■■■■■■■■■■■■■■■■■■■■■■■■■■■■■■■■■■■■■■■■■■■■■■■■■■■■■■■■■■■■■■■■        |  90% of 109.7 MiB
2025-12-21T19:04:18.3934163Z |■■■■■■■■■■■■■■■■■■■■■■■■■■■■■■■■■■■■■■■■■■■■■■■■■■■■■■■■■■■■■■■■■■■■■■■■■■■■■■■■| 100% of 109.7 MiB
2025-12-21T19:04:21.1599860Z Chromium Headless Shell 143.0.7499.4 (playwright build v1200) downloaded to /home/runner/.cache/ms-playwright/chromium_headless_shell-1200
2025-12-21T19:04:21.1855974Z ##[group]Run npx playwright test
2025-12-21T19:04:21.1856468Z [36;1mnpx playwright test[0m
2025-12-21T19:04:21.1904504Z shell: /usr/bin/bash -e {0}
2025-12-21T19:04:21.1904901Z env:
2025-12-21T19:04:21.1905188Z   REDIAI_MODE: mock
2025-12-21T19:04:21.1906356Z   DATABASE_URL: ***localhost:5432/postgres
2025-12-21T19:04:21.1906960Z   pythonLocation: /opt/hostedtoolcache/Python/3.11.14/x64
2025-12-21T19:04:21.1907601Z   PKG_CONFIG_PATH: /opt/hostedtoolcache/Python/3.11.14/x64/lib/pkgconfig
2025-12-21T19:04:21.1908322Z   Python_ROOT_DIR: /opt/hostedtoolcache/Python/3.11.14/x64
2025-12-21T19:04:21.1908699Z   Python2_ROOT_DIR: /opt/hostedtoolcache/Python/3.11.14/x64
2025-12-21T19:04:21.1909056Z   Python3_ROOT_DIR: /opt/hostedtoolcache/Python/3.11.14/x64
2025-12-21T19:04:21.1909401Z   LD_LIBRARY_PATH: /opt/hostedtoolcache/Python/3.11.14/x64/lib
2025-12-21T19:04:21.1909694Z ##[endgroup]
2025-12-21T19:04:23.3338511Z [WebServer] INFO:     Started server process [3578]
2025-12-21T19:04:23.3341313Z [WebServer] INFO:     Waiting for application startup.
2025-12-21T19:04:23.3342786Z [WebServer] INFO:     Application startup complete.
2025-12-21T19:04:23.3343697Z [WebServer] INFO:     Uvicorn running on http://127.0.0.1:8000 (Press CTRL+C to quit)
2025-12-21T19:04:24.0497276Z 
2025-12-21T19:04:24.0497805Z Running 6 tests using 1 worker
2025-12-21T19:04:33.8341632Z ····×F×F
2025-12-21T19:04:33.8357450Z 
2025-12-21T19:04:33.8360454Z   1) [chromium] › tests/smoke.spec.ts:47:7 › Trace Upload and Retrieval › can load example, upload, and fetch trace 
2025-12-21T19:04:33.8362142Z 
2025-12-21T19:04:33.8362914Z     Error: locator.click: Error: strict mode violation: locator('button').filter({ hasText: 'Fetch' }) resolved to 2 elements:
2025-12-21T19:04:33.8364595Z         1) <button>Fetch</button> aka getByRole('button', { name: 'Fetch', exact: true })
2025-12-21T19:04:33.8365704Z         2) <button disabled>Fetch & Compare</button> aka getByRole('button', { name: 'Fetch & Compare' })
2025-12-21T19:04:33.8366359Z 
2025-12-21T19:04:33.8366513Z     Call log:
2025-12-21T19:04:33.8367243Z     [2m  - waiting for locator('button').filter({ hasText: 'Fetch' })[22m
2025-12-21T19:04:33.8367703Z 
2025-12-21T19:04:33.8367713Z 
2025-12-21T19:04:33.8371218Z       72 |     // Click fetch button
2025-12-21T19:04:33.8371976Z       73 |     const fetchBtn = page.locator('button', { hasText: 'Fetch' });
2025-12-21T19:04:33.8372642Z     > 74 |     await fetchBtn.click();
2025-12-21T19:04:33.8373127Z          |                    ^
2025-12-21T19:04:33.8373512Z       75 |     
2025-12-21T19:04:33.8373933Z       76 |     // Wait for fetched trace to appear
2025-12-21T19:04:33.8374525Z       77 |     const traceResult = page.locator('.trace-result');
2025-12-21T19:04:33.8375337Z         at /home/runner/work/tunix-rt/tunix-rt/e2e/tests/smoke.spec.ts:74:20
2025-12-21T19:04:33.8375823Z 
2025-12-21T19:04:33.8376620Z     Error Context: test-results/smoke-Trace-Upload-and-Ret-228c6-mple-upload-and-fetch-trace-chromium/error-context.md
2025-12-21T19:04:33.8377465Z 
2025-12-21T19:04:33.8378332Z     Retry #1 ───────────────────────────────────────────────────────────────────────────────────────
2025-12-21T19:04:33.8378763Z 
2025-12-21T19:04:33.8379475Z     Error: locator.click: Error: strict mode violation: locator('button').filter({ hasText: 'Fetch' }) resolved to 2 elements:
2025-12-21T19:04:33.8380697Z         1) <button>Fetch</button> aka getByRole('button', { name: 'Fetch', exact: true })
2025-12-21T19:04:33.8381774Z         2) <button disabled>Fetch & Compare</button> aka getByRole('button', { name: 'Fetch & Compare' })
2025-12-21T19:04:33.8382386Z 
2025-12-21T19:04:33.8382531Z     Call log:
2025-12-21T19:04:33.8383252Z     [2m  - waiting for locator('button').filter({ hasText: 'Fetch' })[22m
2025-12-21T19:04:33.8383709Z 
2025-12-21T19:04:33.8383720Z 
2025-12-21T19:04:33.8383933Z       72 |     // Click fetch button
2025-12-21T19:04:33.8384607Z       73 |     const fetchBtn = page.locator('button', { hasText: 'Fetch' });
2025-12-21T19:04:33.8385687Z     > 74 |     await fetchBtn.click();
2025-12-21T19:04:33.8386204Z          |                    ^
2025-12-21T19:04:33.8386594Z       75 |     
2025-12-21T19:04:33.8387035Z       76 |     // Wait for fetched trace to appear
2025-12-21T19:04:33.8388339Z       77 |     const traceResult = page.locator('.trace-result');
2025-12-21T19:04:33.8389178Z         at /home/runner/work/tunix-rt/tunix-rt/e2e/tests/smoke.spec.ts:74:20
2025-12-21T19:04:33.8389667Z 
2025-12-21T19:04:33.8390509Z     Error Context: test-results/smoke-Trace-Upload-and-Ret-228c6-mple-upload-and-fetch-trace-chromium-retry1/error-context.md
2025-12-21T19:04:33.8391409Z 
2025-12-21T19:04:33.8392179Z     attachment #2: trace (application/zip) ─────────────────────────────────────────────────────────
2025-12-21T19:04:33.8393456Z     test-results/smoke-Trace-Upload-and-Ret-228c6-mple-upload-and-fetch-trace-chromium-retry1/trace.zip
2025-12-21T19:04:33.8394334Z     Usage:
2025-12-21T19:04:33.8394514Z 
2025-12-21T19:04:33.8395421Z         npx playwright show-trace test-results/smoke-Trace-Upload-and-Ret-228c6-mple-upload-and-fetch-trace-chromium-retry1/trace.zip
2025-12-21T19:04:33.8396316Z 
2025-12-21T19:04:33.8396949Z     ────────────────────────────────────────────────────────────────────────────────────────────────
2025-12-21T19:04:33.8397391Z 
2025-12-21T19:04:33.8399271Z   2) [chromium] › tests/smoke.spec.ts:90:7 › Trace Comparison and Evaluation › can create two traces and compare them 
2025-12-21T19:04:33.8399970Z 
2025-12-21T19:04:33.8400906Z     Error: [2mexpect([22m[31mreceived[39m[2m).[22mnot[2m.[22mtoBe[2m([22m[32mexpected[39m[2m) // Object.is equality[22m
2025-12-21T19:04:33.8401569Z 
2025-12-21T19:04:33.8402061Z     Expected: not [32m"634540ec-4ba5-496f-837c-c36a442deb29"[39m
2025-12-21T19:04:33.8402478Z 
2025-12-21T19:04:33.8403133Z       140 |     const secondTraceId = secondSuccessText?.match(/[0-9a-f]{8}-[0-9a-f]{4}-[0-9a-f]{4}-[0-9a-f]{4}-[0-9a-f]{12}/)?.[0];
2025-12-21T19:04:33.8404068Z       141 |     expect(secondTraceId).toBeTruthy();
2025-12-21T19:04:33.8404680Z     > 142 |     expect(secondTraceId).not.toBe(firstTraceId);
2025-12-21T19:04:33.8405256Z           |                               ^
2025-12-21T19:04:33.8405672Z       143 |     
2025-12-21T19:04:33.8406082Z       144 |     // Now perform comparison
2025-12-21T19:04:33.8406747Z       145 |     const baseTraceInput = page.locator('#base-trace-id');
2025-12-21T19:04:33.8407606Z         at /home/runner/work/tunix-rt/tunix-rt/e2e/tests/smoke.spec.ts:142:31
2025-12-21T19:04:33.8408291Z 
2025-12-21T19:04:33.8409101Z     Error Context: test-results/smoke-Trace-Comparison-and-cea2e-two-traces-and-compare-them-chromium/error-context.md
2025-12-21T19:04:33.8409924Z 
2025-12-21T19:04:33.8410591Z     Retry #1 ───────────────────────────────────────────────────────────────────────────────────────
2025-12-21T19:04:33.8411036Z 
2025-12-21T19:04:33.8411678Z     Error: [2mexpect([22m[31mlocator[39m[2m).[22mtoBeVisible[2m([22m[2m)[22m failed
2025-12-21T19:04:33.8412217Z 
2025-12-21T19:04:33.8412441Z     Locator: locator('text=Base Trace')
2025-12-21T19:04:33.8412874Z     Expected: visible
2025-12-21T19:04:33.8413524Z     Error: strict mode violation: locator('text=Base Trace') resolved to 2 elements:
2025-12-21T19:04:33.8414873Z         1) <label for="base-trace-id">Base Trace ID:</label> aka getByText('Base Trace ID:')
2025-12-21T19:04:33.8415846Z         2) <h3>Base Trace</h3> aka getByRole('heading', { name: 'Base Trace' })
2025-12-21T19:04:33.8416262Z 
2025-12-21T19:04:33.8416397Z     Call log:
2025-12-21T19:04:33.8416941Z     [2m  - Expect "toBeVisible" with timeout 5000ms[22m
2025-12-21T19:04:33.8417516Z     [2m  - waiting for locator('text=Base Trace')[22m
2025-12-21T19:04:33.8417807Z 
2025-12-21T19:04:33.8417817Z 
2025-12-21T19:04:33.8418251Z       161 |     
2025-12-21T19:04:33.8418716Z       162 |     // Verify both traces are displayed
2025-12-21T19:04:33.8419415Z     > 163 |     await expect(page.locator('text=Base Trace')).toBeVisible();
2025-12-21T19:04:33.8420257Z           |                                                   ^
2025-12-21T19:04:33.8420947Z       164 |     await expect(page.locator('text=Other Trace')).toBeVisible();
2025-12-21T19:04:33.8421545Z       165 |     
2025-12-21T19:04:33.8421970Z       166 |     // Verify scores are displayed
2025-12-21T19:04:33.8422677Z         at /home/runner/work/tunix-rt/tunix-rt/e2e/tests/smoke.spec.ts:163:51
2025-12-21T19:04:33.8423141Z 
2025-12-21T19:04:33.8423985Z     Error Context: test-results/smoke-Trace-Comparison-and-cea2e-two-traces-and-compare-them-chromium-retry1/error-context.md
2025-12-21T19:04:33.8424900Z 
2025-12-21T19:04:33.8425646Z     attachment #2: trace (application/zip) ─────────────────────────────────────────────────────────
2025-12-21T19:04:33.8426734Z     test-results/smoke-Trace-Comparison-and-cea2e-two-traces-and-compare-them-chromium-retry1/trace.zip
2025-12-21T19:04:33.8431128Z     Usage:
2025-12-21T19:04:33.8431308Z 
2025-12-21T19:04:33.8432159Z         npx playwright show-trace test-results/smoke-Trace-Comparison-and-cea2e-two-traces-and-compare-them-chromium-retry1/trace.zip
2025-12-21T19:04:33.8432927Z 
2025-12-21T19:04:33.8433590Z     ────────────────────────────────────────────────────────────────────────────────────────────────
2025-12-21T19:04:33.8434047Z 
2025-12-21T19:04:33.8434194Z   2 failed
2025-12-21T19:04:33.8435196Z     [chromium] › tests/smoke.spec.ts:47:7 › Trace Upload and Retrieval › can load example, upload, and fetch trace 
2025-12-21T19:04:33.8437545Z     [chromium] › tests/smoke.spec.ts:90:7 › Trace Comparison and Evaluation › can create two traces and compare them 
2025-12-21T19:04:33.8438871Z   4 passed (11.3s)
2025-12-21T19:04:33.8879656Z ##[error]Process completed with exit code 1.
2025-12-21T19:04:33.8936117Z ##[group]Run actions/upload-artifact@v4
2025-12-21T19:04:33.8936387Z with:
2025-12-21T19:04:33.8936573Z   name: playwright-report
2025-12-21T19:04:33.8936807Z   path: e2e/playwright-report/
2025-12-21T19:04:33.8937029Z   retention-days: 7
2025-12-21T19:04:33.8937222Z   if-no-files-found: warn
2025-12-21T19:04:33.8937431Z   compression-level: 6
2025-12-21T19:04:33.8937620Z   overwrite: false
2025-12-21T19:04:33.8937812Z   include-hidden-files: false
2025-12-21T19:04:33.8938295Z env:
2025-12-21T19:04:33.8938452Z   REDIAI_MODE: mock
2025-12-21T19:04:33.8938924Z   DATABASE_URL: ***localhost:5432/postgres
2025-12-21T19:04:33.8939264Z   pythonLocation: /opt/hostedtoolcache/Python/3.11.14/x64
2025-12-21T19:04:33.8939664Z   PKG_CONFIG_PATH: /opt/hostedtoolcache/Python/3.11.14/x64/lib/pkgconfig
2025-12-21T19:04:33.8940050Z   Python_ROOT_DIR: /opt/hostedtoolcache/Python/3.11.14/x64
2025-12-21T19:04:33.8940396Z   Python2_ROOT_DIR: /opt/hostedtoolcache/Python/3.11.14/x64
2025-12-21T19:04:33.8940768Z   Python3_ROOT_DIR: /opt/hostedtoolcache/Python/3.11.14/x64
2025-12-21T19:04:33.8941114Z   LD_LIBRARY_PATH: /opt/hostedtoolcache/Python/3.11.14/x64/lib
2025-12-21T19:04:33.8941395Z ##[endgroup]
2025-12-21T19:04:34.1298185Z With the provided path, there will be 23 files uploaded
2025-12-21T19:04:34.1302767Z Artifact name is valid!
2025-12-21T19:04:34.1304236Z Root directory input is valid!
2025-12-21T19:04:34.2108550Z Beginning upload of artifact content to blob storage
2025-12-21T19:04:34.4999097Z Uploaded bytes 1698937
2025-12-21T19:04:34.5179342Z Finished uploading artifact content to blob storage!
2025-12-21T19:04:34.5186099Z SHA256 digest of uploaded artifact zip is 927d544c3b20f9dcc903efdcb26761208c549096fd2adb1a6955fbf65638e548
2025-12-21T19:04:34.5188761Z Finalizing artifact upload
2025-12-21T19:04:34.5902779Z Artifact playwright-report.zip successfully finalized. Artifact ID 4937784001
2025-12-21T19:04:34.5905147Z Artifact playwright-report has been successfully uploaded! Final size is 1698937 bytes. Artifact ID is 4937784001
2025-12-21T19:04:34.5912735Z Artifact download URL: https://github.com/m-cahill/tunix-rt/actions/runs/20414406381/artifacts/4937784001
2025-12-21T19:04:34.6059836Z Post job cleanup.
2025-12-21T19:04:34.7040358Z [command]/usr/bin/git version
2025-12-21T19:04:34.7082756Z git version 2.52.0
2025-12-21T19:04:34.7131439Z Temporarily overriding HOME='/home/runner/work/_temp/cbfb06a8-9775-4117-baad-5167450ebe7b' before making global git config changes
2025-12-21T19:04:34.7133282Z Adding repository directory to the temporary git global config as a safe directory
2025-12-21T19:04:34.7148995Z [command]/usr/bin/git config --global --add safe.directory /home/runner/work/tunix-rt/tunix-rt
2025-12-21T19:04:34.7188189Z [command]/usr/bin/git config --local --name-only --get-regexp core\.sshCommand
2025-12-21T19:04:34.7225872Z [command]/usr/bin/git submodule foreach --recursive sh -c "git config --local --name-only --get-regexp 'core\.sshCommand' && git config --local --unset-all 'core.sshCommand' || :"
2025-12-21T19:04:34.7479341Z [command]/usr/bin/git config --local --name-only --get-regexp http\.https\:\/\/github\.com\/\.extraheader
2025-12-21T19:04:34.7503009Z http.https://github.com/.extraheader
2025-12-21T19:04:34.7519522Z [command]/usr/bin/git config --local --unset-all http.https://github.com/.extraheader
2025-12-21T19:04:34.7555159Z [command]/usr/bin/git submodule foreach --recursive sh -c "git config --local --name-only --get-regexp 'http\.https\:\/\/github\.com\/\.extraheader' && git config --local --unset-all 'http.https://github.com/.extraheader' || :"
2025-12-21T19:04:34.7819754Z [command]/usr/bin/git config --local --name-only --get-regexp ^includeIf\.gitdir:
2025-12-21T19:04:34.7869972Z [command]/usr/bin/git submodule foreach --recursive git config --local --show-origin --name-only --get-regexp remote.origin.url
2025-12-21T19:04:34.8250637Z Print service container logs: e9100a20f4234123af8abb532988cfe6_postgres15alpine_48f07d
2025-12-21T19:04:34.8255050Z ##[command]/usr/bin/docker logs --details a1dc1176851e61d6702c191d97d10b47021aff7d0ddd570e7ea1d3163afa4f07
2025-12-21T19:04:34.8397269Z  sh: locale: not found
2025-12-21T19:04:34.8398019Z  The files belonging to this database system will be owned by user "postgres".
2025-12-21T19:04:34.8399276Z  2025-12-21 19:03:10.661 UTC [33] WARNING:  no usable system locales were found
2025-12-21T19:04:34.8400173Z  initdb: warning: enabling "trust" authentication for local connections
2025-12-21T19:04:34.8401378Z  initdb: hint: You can change this by editing pg_hba.conf or using the option -A, or --auth-local and --auth-host, the next time you run initdb.
2025-12-21T19:04:34.8403375Z  This user must also own the server process.
2025-12-21T19:04:34.8403799Z  
2025-12-21T19:04:34.8404208Z  The database cluster will be initialized with locale "en_US.utf8".
2025-12-21T19:04:34.8404939Z  The default database encoding has accordingly been set to "UTF8".
2025-12-21T19:04:34.8405595Z  The default text search configuration will be set to "english".
2025-12-21T19:04:34.8406094Z  
2025-12-21T19:04:34.8406402Z  Data page checksums are disabled.
2025-12-21T19:04:34.8406774Z  
2025-12-21T19:04:34.8407221Z  fixing permissions on existing directory /var/lib/postgresql/data ... ok
2025-12-21T19:04:34.8407819Z  creating subdirectories ... ok
2025-12-21T19:04:34.8408566Z  selecting dynamic shared memory implementation ... posix
2025-12-21T19:04:34.8409100Z  selecting default max_connections ... 100
2025-12-21T19:04:34.8409526Z  selecting default shared_buffers ... 128MB
2025-12-21T19:04:34.8410214Z  selecting default time zone ... UTC
2025-12-21T19:04:34.8410608Z  creating configuration files ... ok
2025-12-21T19:04:34.8411016Z  running bootstrap script ... ok
2025-12-21T19:04:34.8411483Z  performing post-bootstrap initialization ... ok
2025-12-21T19:04:34.8411928Z  syncing data to disk ... ok
2025-12-21T19:04:34.8412268Z  
2025-12-21T19:04:34.8412503Z  
2025-12-21T19:04:34.8412835Z  Success. You can now start the database server using:
2025-12-21T19:04:34.8413285Z  
2025-12-21T19:04:34.8413613Z      pg_ctl -D /var/lib/postgresql/data -l logfile start
2025-12-21T19:04:34.8414047Z  
2025-12-21T19:04:34.8414835Z  waiting for server to start....2025-12-21 19:03:11.224 UTC [39] LOG:  starting PostgreSQL 15.15 on x86_64-pc-linux-musl, compiled by gcc (Alpine 15.2.0) 15.2.0, 64-bit
2025-12-21T19:04:34.8415979Z  2025-12-21 19:03:11.225 UTC [39] LOG:  listening on Unix socket "/var/run/postgresql/.s.PGSQL.5432"
2025-12-21T19:04:34.8416795Z  2025-12-21 19:03:11.228 UTC [42] LOG:  database system was shut down at 2025-12-21 19:03:11 UTC
2025-12-21T19:04:34.8417529Z  2025-12-21 19:03:11.232 UTC [39] LOG:  database system is ready to accept connections
2025-12-21T19:04:34.8418214Z   done
2025-12-21T19:04:34.8418497Z  server started
2025-12-21T19:04:34.8418777Z  
2025-12-21T19:04:34.8419277Z  /usr/local/bin/docker-entrypoint.sh: ignoring /docker-entrypoint-initdb.d/*
2025-12-21T19:04:34.8419892Z  
2025-12-21T19:04:34.8420403Z  waiting for server to shut down...2025-12-21 19:03:11.324 UTC [39] LOG:  received fast shutdown request
2025-12-21T19:04:34.8421315Z  .2025-12-21 19:03:11.325 UTC [39] LOG:  aborting any active transactions
2025-12-21T19:04:34.8422116Z  2025-12-21 19:03:11.327 UTC [39] LOG:  background worker "logical replication launcher" (PID 45) exited with exit code 1
2025-12-21T19:04:34.8422859Z  2025-12-21 19:03:11.330 UTC [40] LOG:  shutting down
2025-12-21T19:04:34.8423433Z  2025-12-21 19:03:11.331 UTC [40] LOG:  checkpoint starting: shutdown immediate
2025-12-21T19:04:34.8424774Z  2025-12-21 19:03:11.336 UTC [40] LOG:  checkpoint complete: wrote 3 buffers (0.0%); 0 WAL file(s) added, 0 removed, 0 recycled; write=0.002 s, sync=0.001 s, total=0.006 s; sync files=2, longest=0.001 s, average=0.001 s; distance=0 kB, estimate=0 kB
2025-12-21T19:04:34.8426295Z  2025-12-21 19:03:11.340 UTC [39] LOG:  database system is shut down
2025-12-21T19:04:34.8426629Z   done
2025-12-21T19:04:34.8426800Z  server stopped
2025-12-21T19:04:34.8426972Z  
2025-12-21T19:04:34.8427392Z  2025-12-21 19:03:11.444 UTC [1] LOG:  starting PostgreSQL 15.15 on x86_64-pc-linux-musl, compiled by gcc (Alpine 15.2.0) 15.2.0, 64-bit
2025-12-21T19:04:34.8428211Z  2025-12-21 19:03:11.444 UTC [1] LOG:  listening on IPv4 address "0.0.0.0", port 5432
2025-12-21T19:04:34.8428631Z  2025-12-21 19:03:11.444 UTC [1] LOG:  listening on IPv6 address "::", port 5432
2025-12-21T19:04:34.8429085Z  2025-12-21 19:03:11.445 UTC [1] LOG:  listening on Unix socket "/var/run/postgresql/.s.PGSQL.5432"
2025-12-21T19:04:34.8429592Z  2025-12-21 19:03:11.449 UTC [53] LOG:  database system was shut down at 2025-12-21 19:03:11 UTC
2025-12-21T19:04:34.8430048Z  2025-12-21 19:03:11.453 UTC [1] LOG:  database system is ready to accept connections
2025-12-21T19:04:34.8430439Z  2025-12-21 19:03:20.215 UTC [63] FATAL:  role "root" does not exist
2025-12-21T19:04:34.8430794Z  2025-12-21 19:03:30.272 UTC [70] FATAL:  role "root" does not exist
2025-12-21T19:04:34.8431129Z  2025-12-21 19:03:40.331 UTC [77] FATAL:  role "root" does not exist
2025-12-21T19:04:34.8431467Z  2025-12-21 19:03:50.413 UTC [84] FATAL:  role "root" does not exist
2025-12-21T19:04:34.8431802Z  2025-12-21 19:04:00.469 UTC [91] FATAL:  role "root" does not exist
2025-12-21T19:04:34.8432134Z  2025-12-21 19:04:10.524 UTC [98] FATAL:  role "root" does not exist
2025-12-21T19:04:34.8432473Z  2025-12-21 19:04:20.586 UTC [105] FATAL:  role "root" does not exist
2025-12-21T19:04:34.8432816Z  2025-12-21 19:04:30.657 UTC [113] FATAL:  role "root" does not exist
2025-12-21T19:04:34.8433161Z  PostgreSQL init process complete; ready for start up.
2025-12-21T19:04:34.8433588Z  
2025-12-21T19:04:34.8439778Z Stop and remove container: e9100a20f4234123af8abb532988cfe6_postgres15alpine_48f07d
2025-12-21T19:04:34.8444671Z ##[command]/usr/bin/docker rm --force a1dc1176851e61d6702c191d97d10b47021aff7d0ddd570e7ea1d3163afa4f07
2025-12-21T19:04:37.5794304Z a1dc1176851e61d6702c191d97d10b47021aff7d0ddd570e7ea1d3163afa4f07
2025-12-21T19:04:37.5828804Z Remove container network: github_network_9b0a418a8c06471f9c740f57ed4d13ec
2025-12-21T19:04:37.5832933Z ##[command]/usr/bin/docker network rm github_network_9b0a418a8c06471f9c740f57ed4d13ec
2025-12-21T19:04:37.6635969Z github_network_9b0a418a8c06471f9c740f57ed4d13ec
2025-12-21T19:04:37.6693903Z Cleaning up orphan processes
