2025-12-21T22:39:07.8626042Z Current runner version: '2.330.0'
2025-12-21T22:39:07.8649508Z ##[group]Runner Image Provisioner
2025-12-21T22:39:07.8650351Z Hosted Compute Agent
2025-12-21T22:39:07.8650870Z Version: 20251211.462
2025-12-21T22:39:07.8651523Z Commit: 6cbad8c2bb55d58165063d031ccabf57e2d2db61
2025-12-21T22:39:07.8652194Z Build Date: 2025-12-11T16:28:49Z
2025-12-21T22:39:07.8652839Z Worker ID: {a8e12679-b02c-4725-b63e-86a44823861f}
2025-12-21T22:39:07.8653570Z ##[endgroup]
2025-12-21T22:39:07.8654070Z ##[group]Operating System
2025-12-21T22:39:07.8654974Z Ubuntu
2025-12-21T22:39:07.8655417Z 24.04.3
2025-12-21T22:39:07.8655964Z LTS
2025-12-21T22:39:07.8656377Z ##[endgroup]
2025-12-21T22:39:07.8656880Z ##[group]Runner Image
2025-12-21T22:39:07.8657459Z Image: ubuntu-24.04
2025-12-21T22:39:07.8657960Z Version: 20251215.174.1
2025-12-21T22:39:07.8658962Z Included Software: https://github.com/actions/runner-images/blob/ubuntu24/20251215.174/images/ubuntu/Ubuntu2404-Readme.md
2025-12-21T22:39:07.8660548Z Image Release: https://github.com/actions/runner-images/releases/tag/ubuntu24%2F20251215.174
2025-12-21T22:39:07.8661523Z ##[endgroup]
2025-12-21T22:39:07.8662551Z ##[group]GITHUB_TOKEN Permissions
2025-12-21T22:39:07.8664481Z Contents: read
2025-12-21T22:39:07.8665123Z Metadata: read
2025-12-21T22:39:07.8665590Z ##[endgroup]
2025-12-21T22:39:07.8667617Z Secret source: Actions
2025-12-21T22:39:07.8668325Z Prepare workflow directory
2025-12-21T22:39:07.9078062Z Prepare all required actions
2025-12-21T22:39:07.9133228Z Getting action download info
2025-12-21T22:39:08.5105034Z Download action repository 'actions/checkout@v4' (SHA:34e114876b0b11c390a56381ad16ebd13914f8d5)
2025-12-21T22:39:08.6266404Z Download action repository 'actions/setup-node@v4' (SHA:49933ea5288caeca8642d1e84afbd3f7d6820020)
2025-12-21T22:39:08.7250809Z Download action repository 'actions/upload-artifact@v4' (SHA:ea165f8d65b6e75b540449e92b4886f43607fa02)
2025-12-21T22:39:08.9484083Z Complete job name: security-frontend
2025-12-21T22:39:09.0146806Z ##[group]Run actions/checkout@v4
2025-12-21T22:39:09.0147638Z with:
2025-12-21T22:39:09.0148039Z   repository: m-cahill/tunix-rt
2025-12-21T22:39:09.0148657Z   token: ***
2025-12-21T22:39:09.0149038Z   ssh-strict: true
2025-12-21T22:39:09.0149434Z   ssh-user: git
2025-12-21T22:39:09.0149850Z   persist-credentials: true
2025-12-21T22:39:09.0150291Z   clean: true
2025-12-21T22:39:09.0150699Z   sparse-checkout-cone-mode: true
2025-12-21T22:39:09.0151194Z   fetch-depth: 1
2025-12-21T22:39:09.0151583Z   fetch-tags: false
2025-12-21T22:39:09.0152023Z   show-progress: true
2025-12-21T22:39:09.0152414Z   lfs: false
2025-12-21T22:39:09.0152781Z   submodules: false
2025-12-21T22:39:09.0153177Z   set-safe-directory: true
2025-12-21T22:39:09.0153930Z ##[endgroup]
2025-12-21T22:39:09.1317375Z Syncing repository: m-cahill/tunix-rt
2025-12-21T22:39:09.1319115Z ##[group]Getting Git version info
2025-12-21T22:39:09.1320391Z Working directory is '/home/runner/work/tunix-rt/tunix-rt'
2025-12-21T22:39:09.1322163Z [command]/usr/bin/git version
2025-12-21T22:39:09.1393056Z git version 2.52.0
2025-12-21T22:39:09.1422051Z ##[endgroup]
2025-12-21T22:39:09.1438792Z Temporarily overriding HOME='/home/runner/work/_temp/f5a583b8-5dfb-4d95-91ba-7420f64a75bf' before making global git config changes
2025-12-21T22:39:09.1447360Z Adding repository directory to the temporary git global config as a safe directory
2025-12-21T22:39:09.1449236Z [command]/usr/bin/git config --global --add safe.directory /home/runner/work/tunix-rt/tunix-rt
2025-12-21T22:39:09.1505328Z Deleting the contents of '/home/runner/work/tunix-rt/tunix-rt'
2025-12-21T22:39:09.1508612Z ##[group]Initializing the repository
2025-12-21T22:39:09.1513735Z [command]/usr/bin/git init /home/runner/work/tunix-rt/tunix-rt
2025-12-21T22:39:09.1608001Z hint: Using 'master' as the name for the initial branch. This default branch name
2025-12-21T22:39:09.1610700Z hint: will change to "main" in Git 3.0. To configure the initial branch name
2025-12-21T22:39:09.1612252Z hint: to use in all of your new repositories, which will suppress this warning,
2025-12-21T22:39:09.1613681Z hint: call:
2025-12-21T22:39:09.1614578Z hint:
2025-12-21T22:39:09.1615943Z hint: 	git config --global init.defaultBranch <name>
2025-12-21T22:39:09.1617008Z hint:
2025-12-21T22:39:09.1617991Z hint: Names commonly chosen instead of 'master' are 'main', 'trunk' and
2025-12-21T22:39:09.1619614Z hint: 'development'. The just-created branch can be renamed via this command:
2025-12-21T22:39:09.1620917Z hint:
2025-12-21T22:39:09.1621606Z hint: 	git branch -m <name>
2025-12-21T22:39:09.1622341Z hint:
2025-12-21T22:39:09.1623326Z hint: Disable this message with "git config set advice.defaultBranchName false"
2025-12-21T22:39:09.1626309Z Initialized empty Git repository in /home/runner/work/tunix-rt/tunix-rt/.git/
2025-12-21T22:39:09.1629523Z [command]/usr/bin/git remote add origin https://github.com/m-cahill/tunix-rt
2025-12-21T22:39:09.1665139Z ##[endgroup]
2025-12-21T22:39:09.1666370Z ##[group]Disabling automatic garbage collection
2025-12-21T22:39:09.1669430Z [command]/usr/bin/git config --local gc.auto 0
2025-12-21T22:39:09.1701445Z ##[endgroup]
2025-12-21T22:39:09.1702631Z ##[group]Setting up auth
2025-12-21T22:39:09.1708788Z [command]/usr/bin/git config --local --name-only --get-regexp core\.sshCommand
2025-12-21T22:39:09.1741778Z [command]/usr/bin/git submodule foreach --recursive sh -c "git config --local --name-only --get-regexp 'core\.sshCommand' && git config --local --unset-all 'core.sshCommand' || :"
2025-12-21T22:39:09.2071655Z [command]/usr/bin/git config --local --name-only --get-regexp http\.https\:\/\/github\.com\/\.extraheader
2025-12-21T22:39:09.2104688Z [command]/usr/bin/git submodule foreach --recursive sh -c "git config --local --name-only --get-regexp 'http\.https\:\/\/github\.com\/\.extraheader' && git config --local --unset-all 'http.https://github.com/.extraheader' || :"
2025-12-21T22:39:09.2335057Z [command]/usr/bin/git config --local --name-only --get-regexp ^includeIf\.gitdir:
2025-12-21T22:39:09.2368059Z [command]/usr/bin/git submodule foreach --recursive git config --local --show-origin --name-only --get-regexp remote.origin.url
2025-12-21T22:39:09.2616002Z [command]/usr/bin/git config --local http.https://github.com/.extraheader AUTHORIZATION: basic ***
2025-12-21T22:39:09.2652635Z ##[endgroup]
2025-12-21T22:39:09.2655926Z ##[group]Fetching the repository
2025-12-21T22:39:09.2663424Z [command]/usr/bin/git -c protocol.version=2 fetch --no-tags --prune --no-recurse-submodules --depth=1 origin +4d53b164a0bfc0208889ed91784230a2960913d6:refs/remotes/origin/main
2025-12-21T22:39:09.7745804Z From https://github.com/m-cahill/tunix-rt
2025-12-21T22:39:09.7765271Z  * [new ref]         4d53b164a0bfc0208889ed91784230a2960913d6 -> origin/main
2025-12-21T22:39:09.7796291Z ##[endgroup]
2025-12-21T22:39:09.7810325Z ##[group]Determining the checkout info
2025-12-21T22:39:09.7812143Z ##[endgroup]
2025-12-21T22:39:09.7816161Z [command]/usr/bin/git sparse-checkout disable
2025-12-21T22:39:09.7881067Z [command]/usr/bin/git config --local --unset-all extensions.worktreeConfig
2025-12-21T22:39:09.7927270Z ##[group]Checking out the ref
2025-12-21T22:39:09.7936821Z [command]/usr/bin/git checkout --progress --force -B main refs/remotes/origin/main
2025-12-21T22:39:09.8691703Z Switched to a new branch 'main'
2025-12-21T22:39:09.8695413Z branch 'main' set up to track 'origin/main'.
2025-12-21T22:39:09.8708462Z ##[endgroup]
2025-12-21T22:39:09.8745733Z [command]/usr/bin/git log -1 --format=%H
2025-12-21T22:39:09.8769176Z 4d53b164a0bfc0208889ed91784230a2960913d6
2025-12-21T22:39:09.9073389Z ##[group]Run actions/setup-node@v4
2025-12-21T22:39:09.9074825Z with:
2025-12-21T22:39:09.9075551Z   node-version: 18
2025-12-21T22:39:09.9076314Z   cache: npm
2025-12-21T22:39:09.9077237Z   cache-dependency-path: frontend/package-lock.json
2025-12-21T22:39:09.9078480Z   always-auth: false
2025-12-21T22:39:09.9079308Z   check-latest: false
2025-12-21T22:39:09.9080403Z   token: ***
2025-12-21T22:39:09.9081114Z ##[endgroup]
2025-12-21T22:39:10.1291860Z Attempting to download 18...
2025-12-21T22:39:11.0341633Z Acquiring 18.20.8 - x64 from https://github.com/actions/node-versions/releases/download/18.20.8-14110393767/node-18.20.8-linux-x64.tar.gz
2025-12-21T22:39:11.6601395Z Extracting ...
2025-12-21T22:39:11.6711748Z [command]/usr/bin/tar xz --strip 1 --warning=no-unknown-keyword --overwrite -C /home/runner/work/_temp/5d15dd8e-7cc1-4189-b3b3-78116f91438b -f /home/runner/work/_temp/2fbc4c84-7a90-4ac0-bec1-164950abea8f
2025-12-21T22:39:12.7585900Z Adding to the cache ...
2025-12-21T22:39:14.8343154Z ##[group]Environment details
2025-12-21T22:39:15.1231676Z node: v18.20.8
2025-12-21T22:39:15.1258571Z npm: 10.8.2
2025-12-21T22:39:15.1262651Z yarn: 1.22.22
2025-12-21T22:39:15.1267942Z ##[endgroup]
2025-12-21T22:39:15.1271799Z [command]/opt/hostedtoolcache/node/18.20.8/x64/bin/npm config get cache
2025-12-21T22:39:15.2481080Z /home/runner/.npm
2025-12-21T22:39:15.5207654Z Cache hit for: node-cache-Linux-x64-npm-582e97bbf2f73a4c9de6a422350d7e5fa7ccd4c5a0bae6af7327cebe3d1d946a
2025-12-21T22:39:16.8265951Z Received 6471085 of 27442605 (23.6%), 6.2 MBs/sec
2025-12-21T22:39:17.0715366Z Received 27442605 of 27442605 (100.0%), 21.0 MBs/sec
2025-12-21T22:39:17.0716075Z Cache Size: ~26 MB (27442605 B)
2025-12-21T22:39:17.0751843Z [command]/usr/bin/tar -xf /home/runner/work/_temp/3e6bbaa8-d4de-4d4a-884e-d77a4faf3ba9/cache.tzst -P -C /home/runner/work/tunix-rt/tunix-rt --use-compress-program unzstd
2025-12-21T22:39:17.2189831Z Cache restored successfully
2025-12-21T22:39:17.2245396Z Cache restored from key: node-cache-Linux-x64-npm-582e97bbf2f73a4c9de6a422350d7e5fa7ccd4c5a0bae6af7327cebe3d1d946a
2025-12-21T22:39:17.2419248Z ##[group]Run npm ci
2025-12-21T22:39:17.2419537Z [36;1mnpm ci[0m
2025-12-21T22:39:17.2526388Z shell: /usr/bin/bash -e {0}
2025-12-21T22:39:17.2526651Z ##[endgroup]
2025-12-21T22:39:19.2913291Z npm warn deprecated inflight@1.0.6: This module is not supported, and leaks memory. Do not use it. Check out lru-cache if you want a good and tested way to coalesce async requests by a key value, which is much more comprehensive and powerful.
2025-12-21T22:39:19.4157431Z npm warn deprecated @humanwhocodes/config-array@0.13.0: Use @eslint/config-array instead
2025-12-21T22:39:19.4234140Z npm warn deprecated rimraf@3.0.2: Rimraf versions prior to v4 are no longer supported
2025-12-21T22:39:19.5097632Z npm warn deprecated glob@7.2.3: Glob versions prior to v9 are no longer supported
2025-12-21T22:39:19.5188378Z npm warn deprecated @humanwhocodes/object-schema@2.0.3: Use @eslint/object-schema instead
2025-12-21T22:39:20.8861261Z npm warn deprecated eslint@8.57.1: This version is no longer supported. Please see https://eslint.org/version-support for other options.
2025-12-21T22:39:21.1570013Z 
2025-12-21T22:39:21.1572526Z added 406 packages, and audited 407 packages in 4s
2025-12-21T22:39:21.1578964Z 
2025-12-21T22:39:21.1579331Z 117 packages are looking for funding
2025-12-21T22:39:21.1579835Z   run `npm fund` for details
2025-12-21T22:39:21.1851944Z 
2025-12-21T22:39:21.1855434Z 5 moderate severity vulnerabilities
2025-12-21T22:39:21.1867458Z 
2025-12-21T22:39:21.1869828Z To address all issues (including breaking changes), run:
2025-12-21T22:39:21.1871968Z   npm audit fix --force
2025-12-21T22:39:21.1873280Z 
2025-12-21T22:39:21.1874756Z Run `npm audit` for details.
2025-12-21T22:39:21.2161434Z ##[group]Run npm audit --json > npm-audit-report.json || true
2025-12-21T22:39:21.2161894Z [36;1mnpm audit --json > npm-audit-report.json || true[0m
2025-12-21T22:39:21.2162199Z [36;1mnpm audit || true[0m
2025-12-21T22:39:21.2196181Z shell: /usr/bin/bash -e {0}
2025-12-21T22:39:21.2196420Z ##[endgroup]
2025-12-21T22:39:23.0155914Z # npm audit report
2025-12-21T22:39:23.0158508Z 
2025-12-21T22:39:23.0160955Z esbuild  <=0.24.2
2025-12-21T22:39:23.0163598Z Severity: moderate
2025-12-21T22:39:23.0166452Z esbuild enables any website to send any requests to the development server and read the response - https://github.com/advisories/GHSA-67mh-4wv8-2f99
2025-12-21T22:39:23.0172267Z fix available via `npm audit fix --force`
2025-12-21T22:39:23.0173392Z Will install vite@6.4.1, which is a breaking change
2025-12-21T22:39:23.0174646Z node_modules/esbuild
2025-12-21T22:39:23.0175917Z   vite  0.11.0 - 6.1.6
2025-12-21T22:39:23.0176321Z   Depends on vulnerable versions of esbuild
2025-12-21T22:39:23.0176794Z   node_modules/vite
2025-12-21T22:39:23.0177114Z     vite-node  <=2.2.0-beta.2
2025-12-21T22:39:23.0177534Z     Depends on vulnerable versions of vite
2025-12-21T22:39:23.0177984Z     node_modules/vite-node
2025-12-21T22:39:23.0178500Z       vitest  0.0.1 - 0.0.12 || 0.0.29 - 0.0.122 || 0.3.3 - 2.2.0-beta.2
2025-12-21T22:39:23.0179072Z       Depends on vulnerable versions of vite
2025-12-21T22:39:23.0179527Z       Depends on vulnerable versions of vite-node
2025-12-21T22:39:23.0179965Z       node_modules/vitest
2025-12-21T22:39:23.0180346Z         @vitest/coverage-v8  <=2.2.0-beta.2
2025-12-21T22:39:23.0180808Z         Depends on vulnerable versions of vitest
2025-12-21T22:39:23.0181359Z         node_modules/@vitest/coverage-v8
2025-12-21T22:39:23.0181674Z 
2025-12-21T22:39:23.0181904Z 5 moderate severity vulnerabilities
2025-12-21T22:39:23.0182153Z 
2025-12-21T22:39:23.0182461Z To address all issues (including breaking changes), run:
2025-12-21T22:39:23.0182927Z   npm audit fix --force
2025-12-21T22:39:23.0322120Z ##[group]Run actions/upload-artifact@v4
2025-12-21T22:39:23.0322402Z with:
2025-12-21T22:39:23.0322590Z   name: npm-audit-report
2025-12-21T22:39:23.0322816Z   path: frontend/npm-audit-report.json
2025-12-21T22:39:23.0323072Z   retention-days: 30
2025-12-21T22:39:23.0323277Z   if-no-files-found: warn
2025-12-21T22:39:23.0323486Z   compression-level: 6
2025-12-21T22:39:23.0323681Z   overwrite: false
2025-12-21T22:39:23.0323877Z   include-hidden-files: false
2025-12-21T22:39:23.0324087Z ##[endgroup]
2025-12-21T22:39:23.3076449Z With the provided path, there will be 1 file uploaded
2025-12-21T22:39:23.3083309Z Artifact name is valid!
2025-12-21T22:39:23.3087436Z Root directory input is valid!
2025-12-21T22:39:23.6072773Z Beginning upload of artifact content to blob storage
2025-12-21T22:39:23.8958089Z Uploaded bytes 903
2025-12-21T22:39:23.9719897Z Finished uploading artifact content to blob storage!
2025-12-21T22:39:23.9723595Z SHA256 digest of uploaded artifact zip is 218bcb4055c2fa1aa6d94c27917462c73f3dc4f51778ecee7bd88cc26956c643
2025-12-21T22:39:23.9726750Z Finalizing artifact upload
2025-12-21T22:39:24.1094716Z Artifact npm-audit-report.zip successfully finalized. Artifact ID 4938429783
2025-12-21T22:39:24.1096503Z Artifact npm-audit-report has been successfully uploaded! Final size is 903 bytes. Artifact ID is 4938429783
2025-12-21T22:39:24.1102992Z Artifact download URL: https://github.com/m-cahill/tunix-rt/actions/runs/20416856591/artifacts/4938429783
2025-12-21T22:39:24.1219574Z Post job cleanup.
2025-12-21T22:39:24.2756527Z Cache hit occurred on the primary key node-cache-Linux-x64-npm-582e97bbf2f73a4c9de6a422350d7e5fa7ccd4c5a0bae6af7327cebe3d1d946a, not saving cache.
2025-12-21T22:39:24.2855289Z Post job cleanup.
2025-12-21T22:39:24.4170191Z [command]/usr/bin/git version
2025-12-21T22:39:24.4236172Z git version 2.52.0
2025-12-21T22:39:24.4309622Z Temporarily overriding HOME='/home/runner/work/_temp/2ac451f3-a55c-4549-82f8-e1db0b523769' before making global git config changes
2025-12-21T22:39:24.4335294Z Adding repository directory to the temporary git global config as a safe directory
2025-12-21T22:39:24.4336778Z [command]/usr/bin/git config --global --add safe.directory /home/runner/work/tunix-rt/tunix-rt
2025-12-21T22:39:24.4392755Z [command]/usr/bin/git config --local --name-only --get-regexp core\.sshCommand
2025-12-21T22:39:24.4461244Z [command]/usr/bin/git submodule foreach --recursive sh -c "git config --local --name-only --get-regexp 'core\.sshCommand' && git config --local --unset-all 'core.sshCommand' || :"
2025-12-21T22:39:24.5135611Z [command]/usr/bin/git config --local --name-only --get-regexp http\.https\:\/\/github\.com\/\.extraheader
2025-12-21T22:39:24.5202077Z http.https://github.com/.extraheader
2025-12-21T22:39:24.5286957Z [command]/usr/bin/git config --local --unset-all http.https://github.com/.extraheader
2025-12-21T22:39:24.5358350Z [command]/usr/bin/git submodule foreach --recursive sh -c "git config --local --name-only --get-regexp 'http\.https\:\/\/github\.com\/\.extraheader' && git config --local --unset-all 'http.https://github.com/.extraheader' || :"
2025-12-21T22:39:24.5758838Z [command]/usr/bin/git config --local --name-only --get-regexp ^includeIf\.gitdir:
2025-12-21T22:39:24.5807107Z [command]/usr/bin/git submodule foreach --recursive git config --local --show-origin --name-only --get-regexp remote.origin.url
2025-12-21T22:39:24.6163061Z Cleaning up orphan processes
