2025-12-22T03:42:20.5982770Z Current runner version: '2.330.0'
2025-12-22T03:42:20.6036018Z ##[group]Runner Image Provisioner
2025-12-22T03:42:20.6037319Z Hosted Compute Agent
2025-12-22T03:42:20.6038978Z Version: 20251211.462
2025-12-22T03:42:20.6040115Z Commit: 6cbad8c2bb55d58165063d031ccabf57e2d2db61
2025-12-22T03:42:20.6041332Z Build Date: 2025-12-11T16:28:49Z
2025-12-22T03:42:20.6042556Z Worker ID: {4cd94c87-a77b-4221-adc7-fc9ce600b4d0}
2025-12-22T03:42:20.6043675Z ##[endgroup]
2025-12-22T03:42:20.6044482Z ##[group]Operating System
2025-12-22T03:42:20.6045969Z Ubuntu
2025-12-22T03:42:20.6046705Z 24.04.3
2025-12-22T03:42:20.6047449Z LTS
2025-12-22T03:42:20.6048468Z ##[endgroup]
2025-12-22T03:42:20.6049444Z ##[group]Runner Image
2025-12-22T03:42:20.6050465Z Image: ubuntu-24.04
2025-12-22T03:42:20.6051421Z Version: 20251215.174.1
2025-12-22T03:42:20.6053260Z Included Software: https://github.com/actions/runner-images/blob/ubuntu24/20251215.174/images/ubuntu/Ubuntu2404-Readme.md
2025-12-22T03:42:20.6055896Z Image Release: https://github.com/actions/runner-images/releases/tag/ubuntu24%2F20251215.174
2025-12-22T03:42:20.6078110Z ##[endgroup]
2025-12-22T03:42:20.6080036Z ##[group]GITHUB_TOKEN Permissions
2025-12-22T03:42:20.6082789Z Contents: read
2025-12-22T03:42:20.6083710Z Metadata: read
2025-12-22T03:42:20.6084620Z ##[endgroup]
2025-12-22T03:42:20.6087527Z Secret source: Actions
2025-12-22T03:42:20.6088918Z Prepare workflow directory
2025-12-22T03:42:20.7234691Z Prepare all required actions
2025-12-22T03:42:20.7331653Z Getting action download info
2025-12-22T03:42:21.1266745Z Download action repository 'actions/checkout@v4' (SHA:34e114876b0b11c390a56381ad16ebd13914f8d5)
2025-12-22T03:42:21.2558092Z Download action repository 'actions/setup-python@v5' (SHA:a26af69be951a213d495a4c3e4e4022e16d87065)
2025-12-22T03:42:21.3714826Z Download action repository 'actions/upload-artifact@v4' (SHA:ea165f8d65b6e75b540449e92b4886f43607fa02)
2025-12-22T03:42:21.6028666Z Complete job name: backend (3.12)
2025-12-22T03:42:21.6863044Z ##[group]Run actions/checkout@v4
2025-12-22T03:42:21.6863988Z with:
2025-12-22T03:42:21.6864454Z   repository: m-cahill/tunix-rt
2025-12-22T03:42:21.6865162Z   token: ***
2025-12-22T03:42:21.6865596Z   ssh-strict: true
2025-12-22T03:42:21.6866049Z   ssh-user: git
2025-12-22T03:42:21.6866494Z   persist-credentials: true
2025-12-22T03:42:21.6867004Z   clean: true
2025-12-22T03:42:21.6867452Z   sparse-checkout-cone-mode: true
2025-12-22T03:42:21.6868263Z   fetch-depth: 1
2025-12-22T03:42:21.6868695Z   fetch-tags: false
2025-12-22T03:42:21.6869143Z   show-progress: true
2025-12-22T03:42:21.6869593Z   lfs: false
2025-12-22T03:42:21.6870051Z   submodules: false
2025-12-22T03:42:21.6870544Z   set-safe-directory: true
2025-12-22T03:42:21.6871333Z ##[endgroup]
2025-12-22T03:42:21.8346351Z Syncing repository: m-cahill/tunix-rt
2025-12-22T03:42:21.8349130Z ##[group]Getting Git version info
2025-12-22T03:42:21.8350449Z Working directory is '/home/runner/work/tunix-rt/tunix-rt'
2025-12-22T03:42:21.8352489Z [command]/usr/bin/git version
2025-12-22T03:42:22.5070012Z git version 2.52.0
2025-12-22T03:42:22.5084343Z ##[endgroup]
2025-12-22T03:42:22.5099663Z Temporarily overriding HOME='/home/runner/work/_temp/c023e4b1-a324-4cb4-8f49-326c7517061f' before making global git config changes
2025-12-22T03:42:22.5104711Z Adding repository directory to the temporary git global config as a safe directory
2025-12-22T03:42:22.5119451Z [command]/usr/bin/git config --global --add safe.directory /home/runner/work/tunix-rt/tunix-rt
2025-12-22T03:42:22.5497489Z Deleting the contents of '/home/runner/work/tunix-rt/tunix-rt'
2025-12-22T03:42:22.5500870Z ##[group]Initializing the repository
2025-12-22T03:42:22.5502755Z [command]/usr/bin/git init /home/runner/work/tunix-rt/tunix-rt
2025-12-22T03:42:22.7703136Z hint: Using 'master' as the name for the initial branch. This default branch name
2025-12-22T03:42:22.7705771Z hint: will change to "main" in Git 3.0. To configure the initial branch name
2025-12-22T03:42:22.7708675Z hint: to use in all of your new repositories, which will suppress this warning,
2025-12-22T03:42:22.7710966Z hint: call:
2025-12-22T03:42:22.7712083Z hint:
2025-12-22T03:42:22.7713501Z hint: 	git config --global init.defaultBranch <name>
2025-12-22T03:42:22.7715053Z hint:
2025-12-22T03:42:22.7716689Z hint: Names commonly chosen instead of 'master' are 'main', 'trunk' and
2025-12-22T03:42:22.7719632Z hint: 'development'. The just-created branch can be renamed via this command:
2025-12-22T03:42:22.7721858Z hint:
2025-12-22T03:42:22.7723220Z hint: 	git branch -m <name>
2025-12-22T03:42:22.7724704Z hint:
2025-12-22T03:42:22.7726761Z hint: Disable this message with "git config set advice.defaultBranchName false"
2025-12-22T03:42:22.7729989Z Initialized empty Git repository in /home/runner/work/tunix-rt/tunix-rt/.git/
2025-12-22T03:42:22.7735134Z [command]/usr/bin/git remote add origin https://github.com/m-cahill/tunix-rt
2025-12-22T03:42:22.8081716Z ##[endgroup]
2025-12-22T03:42:22.8090772Z ##[group]Disabling automatic garbage collection
2025-12-22T03:42:22.8093297Z [command]/usr/bin/git config --local gc.auto 0
2025-12-22T03:42:22.8190109Z ##[endgroup]
2025-12-22T03:42:22.8192498Z ##[group]Setting up auth
2025-12-22T03:42:22.8194970Z [command]/usr/bin/git config --local --name-only --get-regexp core\.sshCommand
2025-12-22T03:42:22.8241253Z [command]/usr/bin/git submodule foreach --recursive sh -c "git config --local --name-only --get-regexp 'core\.sshCommand' && git config --local --unset-all 'core.sshCommand' || :"
2025-12-22T03:42:23.3574877Z [command]/usr/bin/git config --local --name-only --get-regexp http\.https\:\/\/github\.com\/\.extraheader
2025-12-22T03:42:23.3595473Z [command]/usr/bin/git submodule foreach --recursive sh -c "git config --local --name-only --get-regexp 'http\.https\:\/\/github\.com\/\.extraheader' && git config --local --unset-all 'http.https://github.com/.extraheader' || :"
2025-12-22T03:42:23.3831321Z [command]/usr/bin/git config --local --name-only --get-regexp ^includeIf\.gitdir:
2025-12-22T03:42:23.3864980Z [command]/usr/bin/git submodule foreach --recursive git config --local --show-origin --name-only --get-regexp remote.origin.url
2025-12-22T03:42:23.4163420Z [command]/usr/bin/git config --local http.https://github.com/.extraheader AUTHORIZATION: basic ***
2025-12-22T03:42:23.4396764Z ##[endgroup]
2025-12-22T03:42:23.4397866Z ##[group]Fetching the repository
2025-12-22T03:42:23.4427987Z [command]/usr/bin/git -c protocol.version=2 fetch --no-tags --prune --no-recurse-submodules --depth=1 origin +215ed8c242a3ad78cd9802e43176cc37dddfb78b:refs/remotes/origin/main
2025-12-22T03:42:24.2003023Z From https://github.com/m-cahill/tunix-rt
2025-12-22T03:42:24.2005281Z  * [new ref]         215ed8c242a3ad78cd9802e43176cc37dddfb78b -> origin/main
2025-12-22T03:42:24.2035517Z ##[endgroup]
2025-12-22T03:42:24.2037493Z ##[group]Determining the checkout info
2025-12-22T03:42:24.2039968Z ##[endgroup]
2025-12-22T03:42:24.2043536Z [command]/usr/bin/git sparse-checkout disable
2025-12-22T03:42:24.2086616Z [command]/usr/bin/git config --local --unset-all extensions.worktreeConfig
2025-12-22T03:42:24.2114137Z ##[group]Checking out the ref
2025-12-22T03:42:24.2118518Z [command]/usr/bin/git checkout --progress --force -B main refs/remotes/origin/main
2025-12-22T03:42:24.2890601Z Switched to a new branch 'main'
2025-12-22T03:42:24.2893879Z branch 'main' set up to track 'origin/main'.
2025-12-22T03:42:24.2904755Z ##[endgroup]
2025-12-22T03:42:24.2942842Z [command]/usr/bin/git log -1 --format=%H
2025-12-22T03:42:24.2967105Z 215ed8c242a3ad78cd9802e43176cc37dddfb78b
2025-12-22T03:42:24.3192789Z ##[group]Run actions/setup-python@v5
2025-12-22T03:42:24.3193068Z with:
2025-12-22T03:42:24.3193247Z   python-version: 3.12
2025-12-22T03:42:24.3193450Z   cache: pip
2025-12-22T03:42:24.3193666Z   cache-dependency-path: backend/pyproject.toml
2025-12-22T03:42:24.3193944Z   check-latest: false
2025-12-22T03:42:24.3194253Z   token: ***
2025-12-22T03:42:24.3194474Z   update-environment: true
2025-12-22T03:42:24.3194720Z   allow-prereleases: false
2025-12-22T03:42:24.3194930Z   freethreaded: false
2025-12-22T03:42:24.3195316Z ##[endgroup]
2025-12-22T03:42:24.4874077Z ##[group]Installed versions
2025-12-22T03:42:24.5242489Z Successfully set up CPython (3.12.12)
2025-12-22T03:42:24.5246365Z ##[endgroup]
2025-12-22T03:42:24.5751332Z [command]/opt/hostedtoolcache/Python/3.12.12/x64/bin/pip cache dir
2025-12-22T03:42:25.7902804Z /home/runner/.cache/pip
2025-12-22T03:42:25.9384051Z Cache hit for: setup-python-Linux-x64-24.04-Ubuntu-python-3.12.12-pip-d6b02fc59ca5dcb638981079f0f08bfb35ebf7ccbdea839cf22f8f7e8eed0ba8
2025-12-22T03:42:26.6228209Z Received 54566892 of 54566892 (100.0%), 88.2 MBs/sec
2025-12-22T03:42:26.6229295Z Cache Size: ~52 MB (54566892 B)
2025-12-22T03:42:26.6405994Z [command]/usr/bin/tar -xf /home/runner/work/_temp/28d0def6-7dc4-457f-85ea-199c7f94d35d/cache.tzst -P -C /home/runner/work/tunix-rt/tunix-rt --use-compress-program unzstd
2025-12-22T03:42:26.7708166Z Cache restored successfully
2025-12-22T03:42:26.7819564Z Cache restored from key: setup-python-Linux-x64-24.04-Ubuntu-python-3.12.12-pip-c2e20f795028cf73f44aa863cecb4f83bfdae1de08bbf21530eca9440a60de43
2025-12-22T03:42:26.8051987Z ##[group]Run python -m pip install -e ".[dev]"
2025-12-22T03:42:26.8052368Z [36;1mpython -m pip install -e ".[dev]"[0m
2025-12-22T03:42:26.8092401Z shell: /usr/bin/bash -e {0}
2025-12-22T03:42:26.8092636Z env:
2025-12-22T03:42:26.8092877Z   pythonLocation: /opt/hostedtoolcache/Python/3.12.12/x64
2025-12-22T03:42:26.8093295Z   PKG_CONFIG_PATH: /opt/hostedtoolcache/Python/3.12.12/x64/lib/pkgconfig
2025-12-22T03:42:26.8093687Z   Python_ROOT_DIR: /opt/hostedtoolcache/Python/3.12.12/x64
2025-12-22T03:42:26.8094034Z   Python2_ROOT_DIR: /opt/hostedtoolcache/Python/3.12.12/x64
2025-12-22T03:42:26.8094384Z   Python3_ROOT_DIR: /opt/hostedtoolcache/Python/3.12.12/x64
2025-12-22T03:42:26.8094753Z   LD_LIBRARY_PATH: /opt/hostedtoolcache/Python/3.12.12/x64/lib
2025-12-22T03:42:26.8095045Z ##[endgroup]
2025-12-22T03:42:28.0606233Z Obtaining file:///home/runner/work/tunix-rt/tunix-rt/backend
2025-12-22T03:42:28.0630616Z   Installing build dependencies: started
2025-12-22T03:42:29.2608156Z   Installing build dependencies: finished with status 'done'
2025-12-22T03:42:29.2614048Z   Checking if build backend supports build_editable: started
2025-12-22T03:42:29.5959914Z   Checking if build backend supports build_editable: finished with status 'done'
2025-12-22T03:42:29.5967422Z   Getting requirements to build editable: started
2025-12-22T03:42:29.9384200Z   Getting requirements to build editable: finished with status 'done'
2025-12-22T03:42:29.9393171Z   Preparing editable metadata (pyproject.toml): started
2025-12-22T03:42:30.1369139Z   Preparing editable metadata (pyproject.toml): finished with status 'done'
2025-12-22T03:42:30.2575036Z Collecting fastapi>=0.104.0 (from tunix-rt-backend==0.1.0)
2025-12-22T03:42:30.2598365Z   Using cached fastapi-0.127.0-py3-none-any.whl.metadata (30 kB)
2025-12-22T03:42:30.2978389Z Collecting uvicorn>=0.24.0 (from uvicorn[standard]>=0.24.0->tunix-rt-backend==0.1.0)
2025-12-22T03:42:30.2997806Z   Using cached uvicorn-0.40.0-py3-none-any.whl.metadata (6.7 kB)
2025-12-22T03:42:30.3229317Z Collecting httpx>=0.25.0 (from tunix-rt-backend==0.1.0)
2025-12-22T03:42:30.3243181Z   Using cached httpx-0.28.1-py3-none-any.whl.metadata (7.1 kB)
2025-12-22T03:42:30.4534728Z Collecting pydantic>=2.4.0 (from tunix-rt-backend==0.1.0)
2025-12-22T03:42:30.4547968Z   Using cached pydantic-2.12.5-py3-none-any.whl.metadata (90 kB)
2025-12-22T03:42:30.4733117Z Collecting pydantic-settings>=2.0.0 (from tunix-rt-backend==0.1.0)
2025-12-22T03:42:30.4745372Z   Using cached pydantic_settings-2.12.0-py3-none-any.whl.metadata (3.4 kB)
2025-12-22T03:42:30.7315933Z Collecting sqlalchemy>=2.0.0 (from sqlalchemy[asyncio]>=2.0.0->tunix-rt-backend==0.1.0)
2025-12-22T03:42:30.7330267Z   Using cached sqlalchemy-2.0.45-cp312-cp312-manylinux2014_x86_64.manylinux_2_17_x86_64.manylinux_2_28_x86_64.whl.metadata (9.5 kB)
2025-12-22T03:42:30.7636177Z Collecting alembic>=1.12.0 (from tunix-rt-backend==0.1.0)
2025-12-22T03:42:30.7678446Z   Using cached alembic-1.17.2-py3-none-any.whl.metadata (7.2 kB)
2025-12-22T03:42:30.8110655Z Collecting asyncpg>=0.29.0 (from tunix-rt-backend==0.1.0)
2025-12-22T03:42:30.8123349Z   Using cached asyncpg-0.31.0-cp312-cp312-manylinux_2_28_x86_64.whl.metadata (4.4 kB)
2025-12-22T03:42:30.8465987Z Collecting pytest>=7.4.0 (from tunix-rt-backend==0.1.0)
2025-12-22T03:42:30.8479431Z   Using cached pytest-9.0.2-py3-none-any.whl.metadata (7.6 kB)
2025-12-22T03:42:30.8665335Z Collecting pytest-cov>=4.1.0 (from tunix-rt-backend==0.1.0)
2025-12-22T03:42:30.8677394Z   Using cached pytest_cov-7.0.0-py3-none-any.whl.metadata (31 kB)
2025-12-22T03:42:30.8885893Z Collecting pytest-asyncio>=0.21.0 (from tunix-rt-backend==0.1.0)
2025-12-22T03:42:30.8897951Z   Using cached pytest_asyncio-1.3.0-py3-none-any.whl.metadata (4.1 kB)
2025-12-22T03:42:31.2529504Z Collecting ruff>=0.1.0 (from tunix-rt-backend==0.1.0)
2025-12-22T03:42:31.2544294Z   Using cached ruff-0.14.10-py3-none-manylinux_2_17_x86_64.manylinux2014_x86_64.whl.metadata (26 kB)
2025-12-22T03:42:31.3590835Z Collecting mypy>=1.6.0 (from tunix-rt-backend==0.1.0)
2025-12-22T03:42:31.3601594Z   Using cached mypy-1.19.1-cp312-cp312-manylinux2014_x86_64.manylinux_2_17_x86_64.manylinux_2_28_x86_64.whl.metadata (2.2 kB)
2025-12-22T03:42:31.3751828Z Collecting aiosqlite>=0.19.0 (from tunix-rt-backend==0.1.0)
2025-12-22T03:42:31.3764080Z   Using cached aiosqlite-0.22.0-py3-none-any.whl.metadata (4.3 kB)
2025-12-22T03:42:31.4303215Z Collecting Mako (from alembic>=1.12.0->tunix-rt-backend==0.1.0)
2025-12-22T03:42:31.4322440Z   Using cached mako-1.3.10-py3-none-any.whl.metadata (2.9 kB)
2025-12-22T03:42:31.5095090Z Collecting typing-extensions>=4.12 (from alembic>=1.12.0->tunix-rt-backend==0.1.0)
2025-12-22T03:42:31.5108225Z   Using cached typing_extensions-4.15.0-py3-none-any.whl.metadata (3.3 kB)
2025-12-22T03:42:31.5400091Z Collecting starlette<0.51.0,>=0.40.0 (from fastapi>=0.104.0->tunix-rt-backend==0.1.0)
2025-12-22T03:42:31.5415926Z   Using cached starlette-0.50.0-py3-none-any.whl.metadata (6.3 kB)
2025-12-22T03:42:31.5682597Z Collecting annotated-doc>=0.0.2 (from fastapi>=0.104.0->tunix-rt-backend==0.1.0)
2025-12-22T03:42:31.5695059Z   Using cached annotated_doc-0.0.4-py3-none-any.whl.metadata (6.6 kB)
2025-12-22T03:42:31.5891926Z Collecting anyio<5,>=3.6.2 (from starlette<0.51.0,>=0.40.0->fastapi>=0.104.0->tunix-rt-backend==0.1.0)
2025-12-22T03:42:31.5904221Z   Using cached anyio-4.12.0-py3-none-any.whl.metadata (4.3 kB)
2025-12-22T03:42:31.6104881Z Collecting idna>=2.8 (from anyio<5,>=3.6.2->starlette<0.51.0,>=0.40.0->fastapi>=0.104.0->tunix-rt-backend==0.1.0)
2025-12-22T03:42:31.6118613Z   Using cached idna-3.11-py3-none-any.whl.metadata (8.4 kB)
2025-12-22T03:42:31.6378474Z Collecting certifi (from httpx>=0.25.0->tunix-rt-backend==0.1.0)
2025-12-22T03:42:31.6391875Z   Using cached certifi-2025.11.12-py3-none-any.whl.metadata (2.5 kB)
2025-12-22T03:42:31.6604423Z Collecting httpcore==1.* (from httpx>=0.25.0->tunix-rt-backend==0.1.0)
2025-12-22T03:42:31.6615780Z   Using cached httpcore-1.0.9-py3-none-any.whl.metadata (21 kB)
2025-12-22T03:42:31.6740389Z Collecting h11>=0.16 (from httpcore==1.*->httpx>=0.25.0->tunix-rt-backend==0.1.0)
2025-12-22T03:42:31.6753279Z   Using cached h11-0.16.0-py3-none-any.whl.metadata (8.3 kB)
2025-12-22T03:42:31.6928732Z Collecting mypy_extensions>=1.0.0 (from mypy>=1.6.0->tunix-rt-backend==0.1.0)
2025-12-22T03:42:31.6940756Z   Using cached mypy_extensions-1.1.0-py3-none-any.whl.metadata (1.1 kB)
2025-12-22T03:42:31.7047360Z Collecting pathspec>=0.9.0 (from mypy>=1.6.0->tunix-rt-backend==0.1.0)
2025-12-22T03:42:31.7059829Z   Using cached pathspec-0.12.1-py3-none-any.whl.metadata (21 kB)
2025-12-22T03:42:31.7830907Z Collecting librt>=0.6.2 (from mypy>=1.6.0->tunix-rt-backend==0.1.0)
2025-12-22T03:42:31.7843336Z   Using cached librt-0.7.4-cp312-cp312-manylinux2014_x86_64.manylinux_2_17_x86_64.manylinux_2_28_x86_64.whl.metadata (1.3 kB)
2025-12-22T03:42:31.7954945Z Collecting annotated-types>=0.6.0 (from pydantic>=2.4.0->tunix-rt-backend==0.1.0)
2025-12-22T03:42:31.7966877Z   Using cached annotated_types-0.7.0-py3-none-any.whl.metadata (15 kB)
2025-12-22T03:42:32.4888912Z Collecting pydantic-core==2.41.5 (from pydantic>=2.4.0->tunix-rt-backend==0.1.0)
2025-12-22T03:42:32.4902772Z   Using cached pydantic_core-2.41.5-cp312-cp312-manylinux_2_17_x86_64.manylinux2014_x86_64.whl.metadata (7.3 kB)
2025-12-22T03:42:32.5046146Z Collecting typing-inspection>=0.4.2 (from pydantic>=2.4.0->tunix-rt-backend==0.1.0)
2025-12-22T03:42:32.5059081Z   Using cached typing_inspection-0.4.2-py3-none-any.whl.metadata (2.6 kB)
2025-12-22T03:42:32.5235996Z Collecting python-dotenv>=0.21.0 (from pydantic-settings>=2.0.0->tunix-rt-backend==0.1.0)
2025-12-22T03:42:32.5248206Z   Using cached python_dotenv-1.2.1-py3-none-any.whl.metadata (25 kB)
2025-12-22T03:42:32.5367523Z Collecting iniconfig>=1.0.1 (from pytest>=7.4.0->tunix-rt-backend==0.1.0)
2025-12-22T03:42:32.5381095Z   Using cached iniconfig-2.3.0-py3-none-any.whl.metadata (2.5 kB)
2025-12-22T03:42:32.5521953Z Collecting packaging>=22 (from pytest>=7.4.0->tunix-rt-backend==0.1.0)
2025-12-22T03:42:32.5534329Z   Using cached packaging-25.0-py3-none-any.whl.metadata (3.3 kB)
2025-12-22T03:42:32.5651183Z Collecting pluggy<2,>=1.5 (from pytest>=7.4.0->tunix-rt-backend==0.1.0)
2025-12-22T03:42:32.5663233Z   Using cached pluggy-1.6.0-py3-none-any.whl.metadata (4.8 kB)
2025-12-22T03:42:32.5848565Z Collecting pygments>=2.7.2 (from pytest>=7.4.0->tunix-rt-backend==0.1.0)
2025-12-22T03:42:32.5860484Z   Using cached pygments-2.19.2-py3-none-any.whl.metadata (2.5 kB)
2025-12-22T03:42:33.0046178Z Collecting coverage>=7.10.6 (from coverage[toml]>=7.10.6->pytest-cov>=4.1.0->tunix-rt-backend==0.1.0)
2025-12-22T03:42:33.0062134Z   Using cached coverage-7.13.0-cp312-cp312-manylinux1_x86_64.manylinux_2_28_x86_64.manylinux_2_5_x86_64.whl.metadata (8.5 kB)
2025-12-22T03:42:33.1466487Z Collecting greenlet>=1 (from sqlalchemy>=2.0.0->sqlalchemy[asyncio]>=2.0.0->tunix-rt-backend==0.1.0)
2025-12-22T03:42:33.1480231Z   Using cached greenlet-3.3.0-cp312-cp312-manylinux_2_24_x86_64.manylinux_2_28_x86_64.whl.metadata (4.1 kB)
2025-12-22T03:42:33.1735966Z Collecting click>=7.0 (from uvicorn>=0.24.0->uvicorn[standard]>=0.24.0->tunix-rt-backend==0.1.0)
2025-12-22T03:42:33.1748593Z   Using cached click-8.3.1-py3-none-any.whl.metadata (2.6 kB)
2025-12-22T03:42:33.2081688Z Collecting httptools>=0.6.3 (from uvicorn[standard]>=0.24.0->tunix-rt-backend==0.1.0)
2025-12-22T03:42:33.2094184Z   Using cached httptools-0.7.1-cp312-cp312-manylinux1_x86_64.manylinux_2_28_x86_64.manylinux_2_5_x86_64.whl.metadata (3.5 kB)
2025-12-22T03:42:33.2501928Z Collecting pyyaml>=5.1 (from uvicorn[standard]>=0.24.0->tunix-rt-backend==0.1.0)
2025-12-22T03:42:33.2514675Z   Using cached pyyaml-6.0.3-cp312-cp312-manylinux2014_x86_64.manylinux_2_17_x86_64.manylinux_2_28_x86_64.whl.metadata (2.4 kB)
2025-12-22T03:42:33.2887846Z Collecting uvloop>=0.15.1 (from uvicorn[standard]>=0.24.0->tunix-rt-backend==0.1.0)
2025-12-22T03:42:33.2901492Z   Using cached uvloop-0.22.1-cp312-cp312-manylinux2014_x86_64.manylinux_2_17_x86_64.manylinux_2_28_x86_64.whl.metadata (4.9 kB)
2025-12-22T03:42:33.3634914Z Collecting watchfiles>=0.13 (from uvicorn[standard]>=0.24.0->tunix-rt-backend==0.1.0)
2025-12-22T03:42:33.3647229Z   Using cached watchfiles-1.1.1-cp312-cp312-manylinux_2_17_x86_64.manylinux2014_x86_64.whl.metadata (4.9 kB)
2025-12-22T03:42:33.4561036Z Collecting websockets>=10.4 (from uvicorn[standard]>=0.24.0->tunix-rt-backend==0.1.0)
2025-12-22T03:42:33.4574157Z   Using cached websockets-15.0.1-cp312-cp312-manylinux_2_5_x86_64.manylinux1_x86_64.manylinux_2_17_x86_64.manylinux2014_x86_64.whl.metadata (6.8 kB)
2025-12-22T03:42:33.5881111Z Collecting MarkupSafe>=0.9.2 (from Mako->alembic>=1.12.0->tunix-rt-backend==0.1.0)
2025-12-22T03:42:33.5896050Z   Using cached markupsafe-3.0.3-cp312-cp312-manylinux2014_x86_64.manylinux_2_17_x86_64.manylinux_2_28_x86_64.whl.metadata (2.7 kB)
2025-12-22T03:42:33.5945979Z Using cached aiosqlite-0.22.0-py3-none-any.whl (17 kB)
2025-12-22T03:42:33.5957772Z Using cached alembic-1.17.2-py3-none-any.whl (248 kB)
2025-12-22T03:42:33.5971290Z Using cached asyncpg-0.31.0-cp312-cp312-manylinux_2_28_x86_64.whl (3.5 MB)
2025-12-22T03:42:33.6008499Z Using cached fastapi-0.127.0-py3-none-any.whl (112 kB)
2025-12-22T03:42:33.6020517Z Using cached starlette-0.50.0-py3-none-any.whl (74 kB)
2025-12-22T03:42:33.6032344Z Using cached anyio-4.12.0-py3-none-any.whl (113 kB)
2025-12-22T03:42:33.6044351Z Using cached annotated_doc-0.0.4-py3-none-any.whl (5.3 kB)
2025-12-22T03:42:33.6055409Z Using cached httpx-0.28.1-py3-none-any.whl (73 kB)
2025-12-22T03:42:33.6067478Z Using cached httpcore-1.0.9-py3-none-any.whl (78 kB)
2025-12-22T03:42:33.6079391Z Using cached h11-0.16.0-py3-none-any.whl (37 kB)
2025-12-22T03:42:33.6090829Z Using cached idna-3.11-py3-none-any.whl (71 kB)
2025-12-22T03:42:33.6102709Z Using cached mypy-1.19.1-cp312-cp312-manylinux2014_x86_64.manylinux_2_17_x86_64.manylinux_2_28_x86_64.whl (13.6 MB)
2025-12-22T03:42:33.6213991Z Using cached librt-0.7.4-cp312-cp312-manylinux2014_x86_64.manylinux_2_17_x86_64.manylinux_2_28_x86_64.whl (189 kB)
2025-12-22T03:42:33.6226668Z Using cached mypy_extensions-1.1.0-py3-none-any.whl (5.0 kB)
2025-12-22T03:42:33.6237932Z Using cached pathspec-0.12.1-py3-none-any.whl (31 kB)
2025-12-22T03:42:33.6249294Z Using cached pydantic-2.12.5-py3-none-any.whl (463 kB)
2025-12-22T03:42:33.6263967Z Using cached pydantic_core-2.41.5-cp312-cp312-manylinux_2_17_x86_64.manylinux2014_x86_64.whl (2.1 MB)
2025-12-22T03:42:33.6289995Z Using cached annotated_types-0.7.0-py3-none-any.whl (13 kB)
2025-12-22T03:42:33.6301271Z Using cached pydantic_settings-2.12.0-py3-none-any.whl (51 kB)
2025-12-22T03:42:33.6312627Z Using cached pytest-9.0.2-py3-none-any.whl (374 kB)
2025-12-22T03:42:33.6326319Z Using cached pluggy-1.6.0-py3-none-any.whl (20 kB)
2025-12-22T03:42:33.6337802Z Using cached iniconfig-2.3.0-py3-none-any.whl (7.5 kB)
2025-12-22T03:42:33.6349422Z Using cached packaging-25.0-py3-none-any.whl (66 kB)
2025-12-22T03:42:33.6361007Z Using cached pygments-2.19.2-py3-none-any.whl (1.2 MB)
2025-12-22T03:42:33.6381118Z Using cached pytest_asyncio-1.3.0-py3-none-any.whl (15 kB)
2025-12-22T03:42:33.6392556Z Using cached pytest_cov-7.0.0-py3-none-any.whl (22 kB)
2025-12-22T03:42:33.6404647Z Using cached coverage-7.13.0-cp312-cp312-manylinux1_x86_64.manylinux_2_28_x86_64.manylinux_2_5_x86_64.whl (252 kB)
2025-12-22T03:42:33.6417250Z Using cached python_dotenv-1.2.1-py3-none-any.whl (21 kB)
2025-12-22T03:42:33.6429473Z Using cached ruff-0.14.10-py3-none-manylinux_2_17_x86_64.manylinux2014_x86_64.whl (14.2 MB)
2025-12-22T03:42:33.6545446Z Using cached sqlalchemy-2.0.45-cp312-cp312-manylinux2014_x86_64.manylinux_2_17_x86_64.manylinux_2_28_x86_64.whl (3.3 MB)
2025-12-22T03:42:33.6580231Z Using cached greenlet-3.3.0-cp312-cp312-manylinux_2_24_x86_64.manylinux_2_28_x86_64.whl (609 kB)
2025-12-22T03:42:33.6595682Z Using cached typing_extensions-4.15.0-py3-none-any.whl (44 kB)
2025-12-22T03:42:33.6607113Z Using cached typing_inspection-0.4.2-py3-none-any.whl (14 kB)
2025-12-22T03:42:33.6618197Z Using cached uvicorn-0.40.0-py3-none-any.whl (68 kB)
2025-12-22T03:42:33.6630041Z Using cached click-8.3.1-py3-none-any.whl (108 kB)
2025-12-22T03:42:33.6642230Z Using cached httptools-0.7.1-cp312-cp312-manylinux1_x86_64.manylinux_2_28_x86_64.manylinux_2_5_x86_64.whl (517 kB)
2025-12-22T03:42:33.6657217Z Using cached pyyaml-6.0.3-cp312-cp312-manylinux2014_x86_64.manylinux_2_17_x86_64.manylinux_2_28_x86_64.whl (807 kB)
2025-12-22T03:42:33.6675619Z Using cached uvloop-0.22.1-cp312-cp312-manylinux2014_x86_64.manylinux_2_17_x86_64.manylinux_2_28_x86_64.whl (4.4 MB)
2025-12-22T03:42:33.6719124Z Using cached watchfiles-1.1.1-cp312-cp312-manylinux_2_17_x86_64.manylinux2014_x86_64.whl (456 kB)
2025-12-22T03:42:33.6733969Z Using cached websockets-15.0.1-cp312-cp312-manylinux_2_5_x86_64.manylinux1_x86_64.manylinux_2_17_x86_64.manylinux2014_x86_64.whl (182 kB)
2025-12-22T03:42:33.6745996Z Using cached certifi-2025.11.12-py3-none-any.whl (159 kB)
2025-12-22T03:42:33.6758137Z Using cached mako-1.3.10-py3-none-any.whl (78 kB)
2025-12-22T03:42:33.6770494Z Using cached markupsafe-3.0.3-cp312-cp312-manylinux2014_x86_64.manylinux_2_17_x86_64.manylinux_2_28_x86_64.whl (22 kB)
2025-12-22T03:42:33.7528656Z Building wheels for collected packages: tunix-rt-backend
2025-12-22T03:42:33.7537035Z   Building editable for tunix-rt-backend (pyproject.toml): started
2025-12-22T03:42:33.9793891Z   Building editable for tunix-rt-backend (pyproject.toml): finished with status 'done'
2025-12-22T03:42:33.9800473Z   Created wheel for tunix-rt-backend: filename=tunix_rt_backend-0.1.0-0.editable-py3-none-any.whl size=3120 sha256=703622aeb3b34c7ce296531ef224bb8f4490ff1c26201902d5fd9de69bf4044b
2025-12-22T03:42:33.9802794Z   Stored in directory: /tmp/pip-ephem-wheel-cache-a8b6f2mx/wheels/ca/82/26/1257064f2ccacab10a6c1673d369503c6cf47642032a94cd53
2025-12-22T03:42:33.9819313Z Successfully built tunix-rt-backend
2025-12-22T03:42:34.0574287Z Installing collected packages: websockets, uvloop, typing-extensions, ruff, pyyaml, python-dotenv, pygments, pluggy, pathspec, packaging, mypy_extensions, MarkupSafe, librt, iniconfig, idna, httptools, h11, greenlet, coverage, click, certifi, asyncpg, annotated-types, annotated-doc, aiosqlite, uvicorn, typing-inspection, sqlalchemy, pytest, pydantic-core, mypy, Mako, httpcore, anyio, watchfiles, starlette, pytest-cov, pytest-asyncio, pydantic, httpx, alembic, pydantic-settings, fastapi, tunix-rt-backend
2025-12-22T03:42:39.8001622Z
2025-12-22T03:42:39.8049706Z Successfully installed Mako-1.3.10 MarkupSafe-3.0.3 aiosqlite-0.22.0 alembic-1.17.2 annotated-doc-0.0.4 annotated-types-0.7.0 anyio-4.12.0 asyncpg-0.31.0 certifi-2025.11.12 click-8.3.1 coverage-7.13.0 fastapi-0.127.0 greenlet-3.3.0 h11-0.16.0 httpcore-1.0.9 httptools-0.7.1 httpx-0.28.1 idna-3.11 iniconfig-2.3.0 librt-0.7.4 mypy-1.19.1 mypy_extensions-1.1.0 packaging-25.0 pathspec-0.12.1 pluggy-1.6.0 pydantic-2.12.5 pydantic-core-2.41.5 pydantic-settings-2.12.0 pygments-2.19.2 pytest-9.0.2 pytest-asyncio-1.3.0 pytest-cov-7.0.0 python-dotenv-1.2.1 pyyaml-6.0.3 ruff-0.14.10 sqlalchemy-2.0.45 starlette-0.50.0 tunix-rt-backend-0.1.0 typing-extensions-4.15.0 typing-inspection-0.4.2 uvicorn-0.40.0 uvloop-0.22.1 watchfiles-1.1.1 websockets-15.0.1
2025-12-22T03:42:40.2114265Z ##[group]Run ruff check .
2025-12-22T03:42:40.2114539Z [36;1mruff check .[0m
2025-12-22T03:42:40.2148579Z shell: /usr/bin/bash -e {0}
2025-12-22T03:42:40.2148801Z env:
2025-12-22T03:42:40.2149051Z   pythonLocation: /opt/hostedtoolcache/Python/3.12.12/x64
2025-12-22T03:42:40.2149464Z   PKG_CONFIG_PATH: /opt/hostedtoolcache/Python/3.12.12/x64/lib/pkgconfig
2025-12-22T03:42:40.2149878Z   Python_ROOT_DIR: /opt/hostedtoolcache/Python/3.12.12/x64
2025-12-22T03:42:40.2150230Z   Python2_ROOT_DIR: /opt/hostedtoolcache/Python/3.12.12/x64
2025-12-22T03:42:40.2150583Z   Python3_ROOT_DIR: /opt/hostedtoolcache/Python/3.12.12/x64
2025-12-22T03:42:40.2150934Z   LD_LIBRARY_PATH: /opt/hostedtoolcache/Python/3.12.12/x64/lib
2025-12-22T03:42:40.2151220Z ##[endgroup]
2025-12-22T03:42:40.2372266Z All checks passed!
2025-12-22T03:42:40.2405531Z ##[group]Run ruff format --check .
2025-12-22T03:42:40.2405829Z [36;1mruff format --check .[0m
2025-12-22T03:42:40.2437969Z shell: /usr/bin/bash -e {0}
2025-12-22T03:42:40.2438198Z env:
2025-12-22T03:42:40.2438443Z   pythonLocation: /opt/hostedtoolcache/Python/3.12.12/x64
2025-12-22T03:42:40.2438846Z   PKG_CONFIG_PATH: /opt/hostedtoolcache/Python/3.12.12/x64/lib/pkgconfig
2025-12-22T03:42:40.2439242Z   Python_ROOT_DIR: /opt/hostedtoolcache/Python/3.12.12/x64
2025-12-22T03:42:40.2439606Z   Python2_ROOT_DIR: /opt/hostedtoolcache/Python/3.12.12/x64
2025-12-22T03:42:40.2439962Z   Python3_ROOT_DIR: /opt/hostedtoolcache/Python/3.12.12/x64
2025-12-22T03:42:40.2440316Z   LD_LIBRARY_PATH: /opt/hostedtoolcache/Python/3.12.12/x64/lib
2025-12-22T03:42:40.2440613Z ##[endgroup]
2025-12-22T03:42:40.2666036Z 48 files already formatted
2025-12-22T03:42:40.2699475Z ##[group]Run mypy tunix_rt_backend
2025-12-22T03:42:40.2699784Z [36;1mmypy tunix_rt_backend[0m
2025-12-22T03:42:40.2731625Z shell: /usr/bin/bash -e {0}
2025-12-22T03:42:40.2732025Z env:
2025-12-22T03:42:40.2732465Z   pythonLocation: /opt/hostedtoolcache/Python/3.12.12/x64
2025-12-22T03:42:40.2733131Z   PKG_CONFIG_PATH: /opt/hostedtoolcache/Python/3.12.12/x64/lib/pkgconfig
2025-12-22T03:42:40.2733731Z   Python_ROOT_DIR: /opt/hostedtoolcache/Python/3.12.12/x64
2025-12-22T03:42:40.2734260Z   Python2_ROOT_DIR: /opt/hostedtoolcache/Python/3.12.12/x64
2025-12-22T03:42:40.2734884Z   Python3_ROOT_DIR: /opt/hostedtoolcache/Python/3.12.12/x64
2025-12-22T03:42:40.2735626Z   LD_LIBRARY_PATH: /opt/hostedtoolcache/Python/3.12.12/x64/lib
2025-12-22T03:42:40.2736216Z ##[endgroup]
2025-12-22T03:42:49.6632667Z tunix_rt_backend/services/datasets_export.py:72: error: Missing type parameters for generic type "dict"  [type-arg]
2025-12-22T03:42:49.6635690Z tunix_rt_backend/services/datasets_export.py:95: error: Missing type parameters for generic type "dict"  [type-arg]
2025-12-22T03:42:49.6639701Z tunix_rt_backend/services/datasets_export.py:128: error: Missing type parameters for generic type "dict"  [type-arg]
2025-12-22T03:42:49.7036531Z Found 3 errors in 1 file (checked 28 source files)
2025-12-22T03:42:49.7266150Z ##[error]Process completed with exit code 1.
2025-12-22T03:42:49.7381330Z Post job cleanup.
2025-12-22T03:42:49.8348196Z [command]/usr/bin/git version
2025-12-22T03:42:49.8388628Z git version 2.52.0
2025-12-22T03:42:49.8436692Z Temporarily overriding HOME='/home/runner/work/_temp/67828ab3-da3f-4cbc-8169-2a0f882660ba' before making global git config changes
2025-12-22T03:42:49.8439811Z Adding repository directory to the temporary git global config as a safe directory
2025-12-22T03:42:49.8444419Z [command]/usr/bin/git config --global --add safe.directory /home/runner/work/tunix-rt/tunix-rt
2025-12-22T03:42:49.8490280Z [command]/usr/bin/git config --local --name-only --get-regexp core\.sshCommand
2025-12-22T03:42:49.8525355Z [command]/usr/bin/git submodule foreach --recursive sh -c "git config --local --name-only --get-regexp 'core\.sshCommand' && git config --local --unset-all 'core.sshCommand' || :"
2025-12-22T03:42:49.8769762Z [command]/usr/bin/git config --local --name-only --get-regexp http\.https\:\/\/github\.com\/\.extraheader
2025-12-22T03:42:49.8792409Z http.https://github.com/.extraheader
2025-12-22T03:42:49.8806586Z [command]/usr/bin/git config --local --unset-all http.https://github.com/.extraheader
2025-12-22T03:42:49.8840892Z [command]/usr/bin/git submodule foreach --recursive sh -c "git config --local --name-only --get-regexp 'http\.https\:\/\/github\.com\/\.extraheader' && git config --local --unset-all 'http.https://github.com/.extraheader' || :"
2025-12-22T03:42:49.9076038Z [command]/usr/bin/git config --local --name-only --get-regexp ^includeIf\.gitdir:
2025-12-22T03:42:49.9110148Z [command]/usr/bin/git submodule foreach --recursive git config --local --show-origin --name-only --get-regexp remote.origin.url
2025-12-22T03:42:49.9514729Z Cleaning up orphan processes
