2025-12-23T01:52:01.2911249Z Current runner version: '2.330.0'
2025-12-23T01:52:01.2945053Z ##[group]Runner Image Provisioner
2025-12-23T01:52:01.2946382Z Hosted Compute Agent
2025-12-23T01:52:01.2947340Z Version: 20251211.462
2025-12-23T01:52:01.2948303Z Commit: 6cbad8c2bb55d58165063d031ccabf57e2d2db61
2025-12-23T01:52:01.2949864Z Build Date: 2025-12-11T16:28:49Z
2025-12-23T01:52:01.2950965Z Worker ID: {4b991154-e402-4999-9a26-9a281c671ef5}
2025-12-23T01:52:01.2952009Z ##[endgroup]
2025-12-23T01:52:01.2953110Z ##[group]Operating System
2025-12-23T01:52:01.2953998Z Ubuntu
2025-12-23T01:52:01.2954776Z 24.04.3
2025-12-23T01:52:01.2955650Z LTS
2025-12-23T01:52:01.2956488Z ##[endgroup]
2025-12-23T01:52:01.2957300Z ##[group]Runner Image
2025-12-23T01:52:01.2958356Z Image: ubuntu-24.04
2025-12-23T01:52:01.2991165Z Version: 20251215.174.1
2025-12-23T01:52:01.2992989Z Included Software: https://github.com/actions/runner-images/blob/ubuntu24/20251215.174/images/ubuntu/Ubuntu2404-Readme.md
2025-12-23T01:52:01.2995820Z Image Release: https://github.com/actions/runner-images/releases/tag/ubuntu24%2F20251215.174
2025-12-23T01:52:01.2997409Z ##[endgroup]
2025-12-23T01:52:01.2999530Z ##[group]GITHUB_TOKEN Permissions
2025-12-23T01:52:01.3002217Z Contents: read
2025-12-23T01:52:01.3002982Z Metadata: read
2025-12-23T01:52:01.3003934Z ##[endgroup]
2025-12-23T01:52:01.3007094Z Secret source: Actions
2025-12-23T01:52:01.3008439Z Prepare workflow directory
2025-12-23T01:52:01.6048483Z Prepare all required actions
2025-12-23T01:52:01.6087974Z Getting action download info
2025-12-23T01:52:02.0185114Z Download action repository 'actions/checkout@11bd71901bbe5b1630ceea73d27597364c9af683' (SHA:11bd71901bbe5b1630ceea73d27597364c9af683)
2025-12-23T01:52:02.9260865Z Download action repository 'actions/setup-python@0b93645e9fea7318ecaed2b359559ac225c90a2b' (SHA:0b93645e9fea7318ecaed2b359559ac225c90a2b)
2025-12-23T01:52:03.1373326Z Download action repository 'actions/setup-node@39370e3970a6d050c480ffad4ff0ed4d3fdee5af' (SHA:39370e3970a6d050c480ffad4ff0ed4d3fdee5af)
2025-12-23T01:52:03.4803013Z Download action repository 'actions/upload-artifact@6f51ac03b9356f520e9adb1b1b7802705f340c2b' (SHA:6f51ac03b9356f520e9adb1b1b7802705f340c2b)
2025-12-23T01:52:03.8734737Z Complete job name: e2e
2025-12-23T01:52:03.9196397Z ##[group]Checking docker version
2025-12-23T01:52:03.9209501Z ##[command]/usr/bin/docker version --format '{{.Server.APIVersion}}'
2025-12-23T01:52:04.9415608Z '1.48'
2025-12-23T01:52:04.9431241Z Docker daemon API version: '1.48'
2025-12-23T01:52:04.9431657Z ##[command]/usr/bin/docker version --format '{{.Client.APIVersion}}'
2025-12-23T01:52:04.9636882Z '1.48'
2025-12-23T01:52:04.9650027Z Docker client API version: '1.48'
2025-12-23T01:52:04.9654639Z ##[endgroup]
2025-12-23T01:52:04.9657159Z ##[group]Clean up resources from previous jobs
2025-12-23T01:52:04.9662649Z ##[command]/usr/bin/docker ps --all --quiet --no-trunc --filter "label=491959"
2025-12-23T01:52:04.9950995Z ##[command]/usr/bin/docker network prune --force --filter "label=491959"
2025-12-23T01:52:05.0095462Z ##[endgroup]
2025-12-23T01:52:05.0095733Z ##[group]Create local container network
2025-12-23T01:52:05.0106607Z ##[command]/usr/bin/docker network create --label 491959 github_network_845c5d11bcb84d0f82d3b1b3a1a17721
2025-12-23T01:52:05.0866123Z a852f556033f04fd82b40faf490a82e45d7fa65454a6bc3b9b6c0c2338dc3f27
2025-12-23T01:52:05.0886920Z ##[endgroup]
2025-12-23T01:52:05.0909999Z ##[group]Starting postgres service container
2025-12-23T01:52:05.0929669Z ##[command]/usr/bin/docker pull postgres:15-alpine
2025-12-23T01:52:05.9455526Z 15-alpine: Pulling from library/postgres
2025-12-23T01:52:06.1716229Z 1074353eec0d: Pulling fs layer
2025-12-23T01:52:06.1717836Z d2e5feb410e8: Pulling fs layer
2025-12-23T01:52:06.1719795Z ff7ac73e977d: Pulling fs layer
2025-12-23T01:52:06.1723514Z 25fbe13bb576: Pulling fs layer
2025-12-23T01:52:06.1723892Z 060e3656c186: Pulling fs layer
2025-12-23T01:52:06.1724274Z 9fa3a17171bc: Pulling fs layer
2025-12-23T01:52:06.1724664Z 1de01a2b564f: Pulling fs layer
2025-12-23T01:52:06.1726152Z 141979064465: Pulling fs layer
2025-12-23T01:52:06.1726532Z 86a96880bc80: Pulling fs layer
2025-12-23T01:52:06.1726901Z c5fd49a04d70: Pulling fs layer
2025-12-23T01:52:06.1727279Z 9bb1b164157a: Pulling fs layer
2025-12-23T01:52:06.1727881Z 1de01a2b564f: Waiting
2025-12-23T01:52:06.1732851Z 141979064465: Waiting
2025-12-23T01:52:06.1733183Z 86a96880bc80: Waiting
2025-12-23T01:52:06.1733513Z c5fd49a04d70: Waiting
2025-12-23T01:52:06.1733803Z 9bb1b164157a: Waiting
2025-12-23T01:52:06.1734099Z 25fbe13bb576: Waiting
2025-12-23T01:52:06.1734381Z 060e3656c186: Waiting
2025-12-23T01:52:06.1734682Z 9fa3a17171bc: Waiting
2025-12-23T01:52:06.4492020Z d2e5feb410e8: Verifying Checksum
2025-12-23T01:52:06.4493245Z d2e5feb410e8: Download complete
2025-12-23T01:52:06.4968299Z ff7ac73e977d: Verifying Checksum
2025-12-23T01:52:06.4970821Z ff7ac73e977d: Download complete
2025-12-23T01:52:06.5671569Z 1074353eec0d: Verifying Checksum
2025-12-23T01:52:06.5675093Z 1074353eec0d: Download complete
2025-12-23T01:52:06.7116309Z 25fbe13bb576: Verifying Checksum
2025-12-23T01:52:06.7117712Z 25fbe13bb576: Download complete
2025-12-23T01:52:06.7128892Z 1074353eec0d: Pull complete
2025-12-23T01:52:06.7515670Z 060e3656c186: Verifying Checksum
2025-12-23T01:52:06.7522321Z 060e3656c186: Download complete
2025-12-23T01:52:06.9717754Z 1de01a2b564f: Verifying Checksum
2025-12-23T01:52:06.9718522Z 1de01a2b564f: Download complete
2025-12-23T01:52:07.0131899Z 141979064465: Verifying Checksum
2025-12-23T01:52:07.0132408Z 141979064465: Download complete
2025-12-23T01:52:07.2370132Z 86a96880bc80: Verifying Checksum
2025-12-23T01:52:07.2382587Z 86a96880bc80: Download complete
2025-12-23T01:52:07.2824943Z c5fd49a04d70: Verifying Checksum
2025-12-23T01:52:07.2825409Z c5fd49a04d70: Download complete
2025-12-23T01:52:07.5138963Z 9bb1b164157a: Verifying Checksum
2025-12-23T01:52:07.5142174Z 9bb1b164157a: Download complete
2025-12-23T01:52:07.6703841Z 9fa3a17171bc: Verifying Checksum
2025-12-23T01:52:07.6706968Z 9fa3a17171bc: Download complete
2025-12-23T01:52:07.7862072Z d2e5feb410e8: Pull complete
2025-12-23T01:52:08.3247317Z ff7ac73e977d: Pull complete
2025-12-23T01:52:08.3443825Z 25fbe13bb576: Pull complete
2025-12-23T01:52:08.3597488Z 060e3656c186: Pull complete
2025-12-23T01:52:11.6303693Z 9fa3a17171bc: Pull complete
2025-12-23T01:52:11.6530872Z 1de01a2b564f: Pull complete
2025-12-23T01:52:11.6677185Z 141979064465: Pull complete
2025-12-23T01:52:11.6907307Z 86a96880bc80: Pull complete
2025-12-23T01:52:11.7053630Z c5fd49a04d70: Pull complete
2025-12-23T01:52:11.7199655Z 9bb1b164157a: Pull complete
2025-12-23T01:52:11.7247357Z Digest: sha256:b3968e348b48f1198cc6de6611d055dbad91cd561b7990c406c3fc28d7095b21
2025-12-23T01:52:11.7269208Z Status: Downloaded newer image for postgres:15-alpine
2025-12-23T01:52:11.7318864Z docker.io/library/postgres:15-alpine
2025-12-23T01:52:11.7413531Z ##[command]/usr/bin/docker create --name 768233ce554b4bf08fd9a4570c177fea_postgres15alpine_8e87e5 --label 491959 --network github_network_845c5d11bcb84d0f82d3b1b3a1a17721 --network-alias postgres -p 5432:5432 --health-cmd pg_isready --health-interval 10s --health-timeout 5s --health-retries 5 -e "POSTGRES_USER=postgres" -e "POSTGRES_PASSWORD=postgres" -e "POSTGRES_DB=postgres" -e GITHUB_ACTIONS=true -e CI=true postgres:15-alpine
2025-12-23T01:52:11.7787983Z f527ef7522ba675b72620f4cba37ada6c0c583684d1167c49b4cd824f997d724
2025-12-23T01:52:11.7810834Z ##[command]/usr/bin/docker start f527ef7522ba675b72620f4cba37ada6c0c583684d1167c49b4cd824f997d724
2025-12-23T01:52:12.3963714Z f527ef7522ba675b72620f4cba37ada6c0c583684d1167c49b4cd824f997d724
2025-12-23T01:52:12.3999623Z ##[command]/usr/bin/docker ps --all --filter id=f527ef7522ba675b72620f4cba37ada6c0c583684d1167c49b4cd824f997d724 --filter status=running --no-trunc --format "{{.ID}} {{.Status}}"
2025-12-23T01:52:12.4155465Z f527ef7522ba675b72620f4cba37ada6c0c583684d1167c49b4cd824f997d724 Up Less than a second (health: starting)
2025-12-23T01:52:12.4184821Z ##[command]/usr/bin/docker port f527ef7522ba675b72620f4cba37ada6c0c583684d1167c49b4cd824f997d724
2025-12-23T01:52:12.4385745Z 5432/tcp -> 0.0.0.0:5432
2025-12-23T01:52:12.4386429Z 5432/tcp -> [::]:5432
2025-12-23T01:52:12.4456622Z ##[endgroup]
2025-12-23T01:52:12.4467996Z ##[group]Waiting for all services to be ready
2025-12-23T01:52:12.4485396Z ##[command]/usr/bin/docker inspect --format="{{if .Config.Healthcheck}}{{print .State.Health.Status}}{{end}}" f527ef7522ba675b72620f4cba37ada6c0c583684d1167c49b4cd824f997d724
2025-12-23T01:52:12.4682561Z starting
2025-12-23T01:52:12.4714328Z postgres service is starting, waiting 2 seconds before checking again.
2025-12-23T01:52:14.4715309Z ##[command]/usr/bin/docker inspect --format="{{if .Config.Healthcheck}}{{print .State.Health.Status}}{{end}}" f527ef7522ba675b72620f4cba37ada6c0c583684d1167c49b4cd824f997d724
2025-12-23T01:52:14.4864420Z starting
2025-12-23T01:52:14.4878746Z postgres service is starting, waiting 4 seconds before checking again.
2025-12-23T01:52:18.6793414Z ##[command]/usr/bin/docker inspect --format="{{if .Config.Healthcheck}}{{print .State.Health.Status}}{{end}}" f527ef7522ba675b72620f4cba37ada6c0c583684d1167c49b4cd824f997d724
2025-12-23T01:52:18.6922003Z starting
2025-12-23T01:52:18.6934737Z postgres service is starting, waiting 7 seconds before checking again.
2025-12-23T01:52:25.8120733Z ##[command]/usr/bin/docker inspect --format="{{if .Config.Healthcheck}}{{print .State.Health.Status}}{{end}}" f527ef7522ba675b72620f4cba37ada6c0c583684d1167c49b4cd824f997d724
2025-12-23T01:52:25.8253617Z healthy
2025-12-23T01:52:25.8271333Z postgres service is healthy.
2025-12-23T01:52:25.8271938Z ##[endgroup]
2025-12-23T01:52:25.8530195Z ##[group]Run actions/checkout@11bd71901bbe5b1630ceea73d27597364c9af683
2025-12-23T01:52:25.8530874Z with:
2025-12-23T01:52:25.8531069Z   repository: m-cahill/tunix-rt
2025-12-23T01:52:25.8531458Z   token: ***
2025-12-23T01:52:25.8531641Z   ssh-strict: true
2025-12-23T01:52:25.8531825Z   ssh-user: git
2025-12-23T01:52:25.8532012Z   persist-credentials: true
2025-12-23T01:52:25.8532223Z   clean: true
2025-12-23T01:52:25.8595703Z   sparse-checkout-cone-mode: true
2025-12-23T01:52:25.8596093Z   fetch-depth: 1
2025-12-23T01:52:25.8596384Z   fetch-tags: false
2025-12-23T01:52:25.8596683Z   show-progress: true
2025-12-23T01:52:25.8596993Z   lfs: false
2025-12-23T01:52:25.8597266Z   submodules: false
2025-12-23T01:52:25.8597560Z   set-safe-directory: true
2025-12-23T01:52:25.8601441Z env:
2025-12-23T01:52:25.8601718Z   REDIAI_MODE: mock
2025-12-23T01:52:25.8602589Z   DATABASE_URL: ***localhost:5432/postgres
2025-12-23T01:52:25.8603070Z ##[endgroup]
2025-12-23T01:52:25.9755860Z Syncing repository: m-cahill/tunix-rt
2025-12-23T01:52:25.9757683Z ##[group]Getting Git version info
2025-12-23T01:52:25.9758260Z Working directory is '/home/runner/work/tunix-rt/tunix-rt'
2025-12-23T01:52:25.9759314Z [command]/usr/bin/git version
2025-12-23T01:52:25.9853240Z git version 2.52.0
2025-12-23T01:52:25.9886669Z ##[endgroup]
2025-12-23T01:52:25.9900258Z Temporarily overriding HOME='/home/runner/work/_temp/6dbab27a-47ca-4847-b2db-98219da25078' before making global git config changes
2025-12-23T01:52:25.9901629Z Adding repository directory to the temporary git global config as a safe directory
2025-12-23T01:52:25.9920148Z [command]/usr/bin/git config --global --add safe.directory /home/runner/work/tunix-rt/tunix-rt
2025-12-23T01:52:25.9964182Z Deleting the contents of '/home/runner/work/tunix-rt/tunix-rt'
2025-12-23T01:52:25.9968473Z ##[group]Initializing the repository
2025-12-23T01:52:25.9973559Z [command]/usr/bin/git init /home/runner/work/tunix-rt/tunix-rt
2025-12-23T01:52:26.0085178Z hint: Using 'master' as the name for the initial branch. This default branch name
2025-12-23T01:52:26.0086739Z hint: will change to "main" in Git 3.0. To configure the initial branch name
2025-12-23T01:52:26.0087596Z hint: to use in all of your new repositories, which will suppress this warning,
2025-12-23T01:52:26.0088232Z hint: call:
2025-12-23T01:52:26.0089227Z hint:
2025-12-23T01:52:26.0090524Z hint: 	git config --global init.defaultBranch <name>
2025-12-23T01:52:26.0092498Z hint:
2025-12-23T01:52:26.0092983Z hint: Names commonly chosen instead of 'master' are 'main', 'trunk' and
2025-12-23T01:52:26.0093782Z hint: 'development'. The just-created branch can be renamed via this command:
2025-12-23T01:52:26.0094372Z hint:
2025-12-23T01:52:26.0094674Z hint: 	git branch -m <name>
2025-12-23T01:52:26.0095009Z hint:
2025-12-23T01:52:26.0095502Z hint: Disable this message with "git config set advice.defaultBranchName false"
2025-12-23T01:52:26.0097631Z Initialized empty Git repository in /home/runner/work/tunix-rt/tunix-rt/.git/
2025-12-23T01:52:26.0108546Z [command]/usr/bin/git remote add origin https://github.com/m-cahill/tunix-rt
2025-12-23T01:52:26.0147209Z ##[endgroup]
2025-12-23T01:52:26.0149304Z ##[group]Disabling automatic garbage collection
2025-12-23T01:52:26.0151876Z [command]/usr/bin/git config --local gc.auto 0
2025-12-23T01:52:26.0184949Z ##[endgroup]
2025-12-23T01:52:26.0186650Z ##[group]Setting up auth
2025-12-23T01:52:26.0192052Z [command]/usr/bin/git config --local --name-only --get-regexp core\.sshCommand
2025-12-23T01:52:26.0225271Z [command]/usr/bin/git submodule foreach --recursive sh -c "git config --local --name-only --get-regexp 'core\.sshCommand' && git config --local --unset-all 'core.sshCommand' || :"
2025-12-23T01:52:26.0605927Z [command]/usr/bin/git config --local --name-only --get-regexp http\.https\:\/\/github\.com\/\.extraheader
2025-12-23T01:52:26.0640453Z [command]/usr/bin/git submodule foreach --recursive sh -c "git config --local --name-only --get-regexp 'http\.https\:\/\/github\.com\/\.extraheader' && git config --local --unset-all 'http.https://github.com/.extraheader' || :"
2025-12-23T01:52:26.0877036Z [command]/usr/bin/git config --local http.https://github.com/.extraheader AUTHORIZATION: basic ***
2025-12-23T01:52:26.0914715Z ##[endgroup]
2025-12-23T01:52:26.0917238Z ##[group]Fetching the repository
2025-12-23T01:52:26.0935267Z [command]/usr/bin/git -c protocol.version=2 fetch --no-tags --prune --no-recurse-submodules --depth=1 origin +4b62485e8d4e2e7fd39de41edd36ae27cc297168:refs/remotes/origin/main
2025-12-23T01:52:27.0923678Z From https://github.com/m-cahill/tunix-rt
2025-12-23T01:52:27.0928143Z  * [new ref]         4b62485e8d4e2e7fd39de41edd36ae27cc297168 -> origin/main
2025-12-23T01:52:27.0964326Z ##[endgroup]
2025-12-23T01:52:27.0965067Z ##[group]Determining the checkout info
2025-12-23T01:52:27.0965893Z ##[endgroup]
2025-12-23T01:52:27.0971780Z [command]/usr/bin/git sparse-checkout disable
2025-12-23T01:52:27.1037720Z [command]/usr/bin/git config --local --unset-all extensions.worktreeConfig
2025-12-23T01:52:27.1089885Z ##[group]Checking out the ref
2025-12-23T01:52:27.1093820Z [command]/usr/bin/git checkout --progress --force -B main refs/remotes/origin/main
2025-12-23T01:52:27.2131447Z Switched to a new branch 'main'
2025-12-23T01:52:27.2135004Z branch 'main' set up to track 'origin/main'.
2025-12-23T01:52:27.2157267Z ##[endgroup]
2025-12-23T01:52:27.2241439Z [command]/usr/bin/git log -1 --format=%H
2025-12-23T01:52:27.2251054Z 4b62485e8d4e2e7fd39de41edd36ae27cc297168
2025-12-23T01:52:27.2503422Z ##[group]Run actions/setup-python@0b93645e9fea7318ecaed2b359559ac225c90a2b
2025-12-23T01:52:27.2503799Z with:
2025-12-23T01:52:27.2503970Z   python-version: 3.11
2025-12-23T01:52:27.2504168Z   cache: pip
2025-12-23T01:52:27.2504383Z   cache-dependency-path: backend/pyproject.toml
2025-12-23T01:52:27.2504646Z   check-latest: false
2025-12-23T01:52:27.2504944Z   token: ***
2025-12-23T01:52:27.2505123Z   update-environment: true
2025-12-23T01:52:27.2505338Z   allow-prereleases: false
2025-12-23T01:52:27.2505524Z env:
2025-12-23T01:52:27.2505678Z   REDIAI_MODE: mock
2025-12-23T01:52:27.2506078Z   DATABASE_URL: ***localhost:5432/postgres
2025-12-23T01:52:27.2506318Z ##[endgroup]
2025-12-23T01:52:27.4261706Z ##[group]Installed versions
2025-12-23T01:52:27.4941608Z Successfully set up CPython (3.11.14)
2025-12-23T01:52:27.4948034Z ##[endgroup]
2025-12-23T01:52:27.5621368Z [command]/opt/hostedtoolcache/Python/3.11.14/x64/bin/pip cache dir
2025-12-23T01:52:29.0534848Z /home/runner/.cache/pip
2025-12-23T01:52:29.1890621Z ##[warning]Failed to restore: Cache service responded with 400
2025-12-23T01:52:29.1900578Z pip cache is not found
2025-12-23T01:52:29.2007657Z ##[group]Run cd ../backend && python -m pip install -e ".[dev]"
2025-12-23T01:52:29.2008119Z [36;1mcd ../backend && python -m pip install -e ".[dev]"[0m
2025-12-23T01:52:29.2046098Z shell: /usr/bin/bash -e {0}
2025-12-23T01:52:29.2046336Z env:
2025-12-23T01:52:29.2046498Z   REDIAI_MODE: mock
2025-12-23T01:52:29.2047016Z   DATABASE_URL: ***localhost:5432/postgres
2025-12-23T01:52:29.2047350Z   pythonLocation: /opt/hostedtoolcache/Python/3.11.14/x64
2025-12-23T01:52:29.2047768Z   PKG_CONFIG_PATH: /opt/hostedtoolcache/Python/3.11.14/x64/lib/pkgconfig
2025-12-23T01:52:29.2048163Z   Python_ROOT_DIR: /opt/hostedtoolcache/Python/3.11.14/x64
2025-12-23T01:52:29.2048505Z   Python2_ROOT_DIR: /opt/hostedtoolcache/Python/3.11.14/x64
2025-12-23T01:52:29.2048849Z   Python3_ROOT_DIR: /opt/hostedtoolcache/Python/3.11.14/x64
2025-12-23T01:52:29.2049532Z   LD_LIBRARY_PATH: /opt/hostedtoolcache/Python/3.11.14/x64/lib
2025-12-23T01:52:29.2049819Z ##[endgroup]
2025-12-23T01:52:30.4880281Z Obtaining file:///home/runner/work/tunix-rt/tunix-rt/backend
2025-12-23T01:52:30.4904307Z   Installing build dependencies: started
2025-12-23T01:52:31.9612192Z   Installing build dependencies: finished with status 'done'
2025-12-23T01:52:31.9618397Z   Checking if build backend supports build_editable: started
2025-12-23T01:52:32.2733679Z   Checking if build backend supports build_editable: finished with status 'done'
2025-12-23T01:52:32.2741220Z   Getting requirements to build editable: started
2025-12-23T01:52:32.6086954Z   Getting requirements to build editable: finished with status 'done'
2025-12-23T01:52:32.6097986Z   Preparing editable metadata (pyproject.toml): started
2025-12-23T01:52:32.7902852Z   Preparing editable metadata (pyproject.toml): finished with status 'done'
2025-12-23T01:52:32.9353702Z Collecting fastapi>=0.104.0 (from tunix-rt-backend==0.1.0)
2025-12-23T01:52:33.0112541Z   Downloading fastapi-0.127.0-py3-none-any.whl.metadata (30 kB)
2025-12-23T01:52:33.0671503Z Collecting uvicorn>=0.24.0 (from uvicorn[standard]>=0.24.0->tunix-rt-backend==0.1.0)
2025-12-23T01:52:33.0779551Z   Downloading uvicorn-0.40.0-py3-none-any.whl.metadata (6.7 kB)
2025-12-23T01:52:33.1187485Z Collecting httpx>=0.25.0 (from tunix-rt-backend==0.1.0)
2025-12-23T01:52:33.1297020Z   Downloading httpx-0.28.1-py3-none-any.whl.metadata (7.1 kB)
2025-12-23T01:52:33.2759252Z Collecting pydantic>=2.4.0 (from tunix-rt-backend==0.1.0)
2025-12-23T01:52:33.2867615Z   Downloading pydantic-2.12.5-py3-none-any.whl.metadata (90 kB)
2025-12-23T01:52:33.3275018Z Collecting pydantic-settings>=2.0.0 (from tunix-rt-backend==0.1.0)
2025-12-23T01:52:33.3391153Z   Downloading pydantic_settings-2.12.0-py3-none-any.whl.metadata (3.4 kB)
2025-12-23T01:52:33.6508541Z Collecting sqlalchemy>=2.0.0 (from sqlalchemy[asyncio]>=2.0.0->tunix-rt-backend==0.1.0)
2025-12-23T01:52:33.6620237Z   Downloading sqlalchemy-2.0.45-cp311-cp311-manylinux2014_x86_64.manylinux_2_17_x86_64.manylinux_2_28_x86_64.whl.metadata (9.5 kB)
2025-12-23T01:52:33.7001239Z Collecting alembic>=1.12.0 (from tunix-rt-backend==0.1.0)
2025-12-23T01:52:33.7105319Z   Downloading alembic-1.17.2-py3-none-any.whl.metadata (7.2 kB)
2025-12-23T01:52:33.7831223Z Collecting asyncpg>=0.29.0 (from tunix-rt-backend==0.1.0)
2025-12-23T01:52:33.7960238Z   Downloading asyncpg-0.31.0-cp311-cp311-manylinux2014_x86_64.manylinux_2_17_x86_64.manylinux_2_28_x86_64.whl.metadata (4.4 kB)
2025-12-23T01:52:33.8432052Z Collecting pyyaml>=6.0.0 (from tunix-rt-backend==0.1.0)
2025-12-23T01:52:33.8538243Z   Downloading pyyaml-6.0.3-cp311-cp311-manylinux2014_x86_64.manylinux_2_17_x86_64.manylinux_2_28_x86_64.whl.metadata (2.4 kB)
2025-12-23T01:52:33.9002423Z Collecting pytest>=7.4.0 (from tunix-rt-backend==0.1.0)
2025-12-23T01:52:33.9109265Z   Downloading pytest-9.0.2-py3-none-any.whl.metadata (7.6 kB)
2025-12-23T01:52:33.9357329Z Collecting pytest-cov>=4.1.0 (from tunix-rt-backend==0.1.0)
2025-12-23T01:52:33.9458956Z   Downloading pytest_cov-7.0.0-py3-none-any.whl.metadata (31 kB)
2025-12-23T01:52:33.9782233Z Collecting pytest-asyncio>=0.21.0 (from tunix-rt-backend==0.1.0)
2025-12-23T01:52:33.9886712Z   Downloading pytest_asyncio-1.3.0-py3-none-any.whl.metadata (4.1 kB)
2025-12-23T01:52:34.3952137Z Collecting ruff>=0.1.0 (from tunix-rt-backend==0.1.0)
2025-12-23T01:52:34.4058379Z   Downloading ruff-0.14.10-py3-none-manylinux_2_17_x86_64.manylinux2014_x86_64.whl.metadata (26 kB)
2025-12-23T01:52:34.5210248Z Collecting mypy>=1.6.0 (from tunix-rt-backend==0.1.0)
2025-12-23T01:52:34.5326443Z   Downloading mypy-1.19.1-cp311-cp311-manylinux2014_x86_64.manylinux_2_17_x86_64.manylinux_2_28_x86_64.whl.metadata (2.2 kB)
2025-12-23T01:52:34.5611208Z Collecting types-PyYAML>=6.0.0 (from tunix-rt-backend==0.1.0)
2025-12-23T01:52:34.5720919Z   Downloading types_pyyaml-6.0.12.20250915-py3-none-any.whl.metadata (1.7 kB)
2025-12-23T01:52:34.5907403Z Collecting aiosqlite>=0.19.0 (from tunix-rt-backend==0.1.0)
2025-12-23T01:52:34.6008548Z   Downloading aiosqlite-0.22.0-py3-none-any.whl.metadata (4.3 kB)
2025-12-23T01:52:34.6452404Z Collecting Mako (from alembic>=1.12.0->tunix-rt-backend==0.1.0)
2025-12-23T01:52:34.6562115Z   Downloading mako-1.3.10-py3-none-any.whl.metadata (2.9 kB)
2025-12-23T01:52:34.6812501Z Collecting typing-extensions>=4.12 (from alembic>=1.12.0->tunix-rt-backend==0.1.0)
2025-12-23T01:52:34.6915356Z   Downloading typing_extensions-4.15.0-py3-none-any.whl.metadata (3.3 kB)
2025-12-23T01:52:34.7318344Z Collecting starlette<0.51.0,>=0.40.0 (from fastapi>=0.104.0->tunix-rt-backend==0.1.0)
2025-12-23T01:52:34.7425413Z   Downloading starlette-0.50.0-py3-none-any.whl.metadata (6.3 kB)
2025-12-23T01:52:34.7767263Z Collecting annotated-doc>=0.0.2 (from fastapi>=0.104.0->tunix-rt-backend==0.1.0)
2025-12-23T01:52:34.7871585Z   Downloading annotated_doc-0.0.4-py3-none-any.whl.metadata (6.6 kB)
2025-12-23T01:52:34.8156004Z Collecting anyio<5,>=3.6.2 (from starlette<0.51.0,>=0.40.0->fastapi>=0.104.0->tunix-rt-backend==0.1.0)
2025-12-23T01:52:34.8260270Z   Downloading anyio-4.12.0-py3-none-any.whl.metadata (4.3 kB)
2025-12-23T01:52:34.8531470Z Collecting idna>=2.8 (from anyio<5,>=3.6.2->starlette<0.51.0,>=0.40.0->fastapi>=0.104.0->tunix-rt-backend==0.1.0)
2025-12-23T01:52:34.8634636Z   Downloading idna-3.11-py3-none-any.whl.metadata (8.4 kB)
2025-12-23T01:52:34.8973059Z Collecting certifi (from httpx>=0.25.0->tunix-rt-backend==0.1.0)
2025-12-23T01:52:34.9078706Z   Downloading certifi-2025.11.12-py3-none-any.whl.metadata (2.5 kB)
2025-12-23T01:52:34.9350128Z Collecting httpcore==1.* (from httpx>=0.25.0->tunix-rt-backend==0.1.0)
2025-12-23T01:52:34.9453990Z   Downloading httpcore-1.0.9-py3-none-any.whl.metadata (21 kB)
2025-12-23T01:52:34.9671760Z Collecting h11>=0.16 (from httpcore==1.*->httpx>=0.25.0->tunix-rt-backend==0.1.0)
2025-12-23T01:52:34.9772702Z   Downloading h11-0.16.0-py3-none-any.whl.metadata (8.3 kB)
2025-12-23T01:52:35.0018161Z Collecting mypy_extensions>=1.0.0 (from mypy>=1.6.0->tunix-rt-backend==0.1.0)
2025-12-23T01:52:35.0124643Z   Downloading mypy_extensions-1.1.0-py3-none-any.whl.metadata (1.1 kB)
2025-12-23T01:52:35.0331433Z Collecting pathspec>=0.9.0 (from mypy>=1.6.0->tunix-rt-backend==0.1.0)
2025-12-23T01:52:35.0485456Z   Downloading pathspec-0.12.1-py3-none-any.whl.metadata (21 kB)
2025-12-23T01:52:35.1433614Z Collecting librt>=0.6.2 (from mypy>=1.6.0->tunix-rt-backend==0.1.0)
2025-12-23T01:52:35.1544147Z   Downloading librt-0.7.4-cp311-cp311-manylinux2014_x86_64.manylinux_2_17_x86_64.manylinux_2_28_x86_64.whl.metadata (1.3 kB)
2025-12-23T01:52:35.1776824Z Collecting annotated-types>=0.6.0 (from pydantic>=2.4.0->tunix-rt-backend==0.1.0)
2025-12-23T01:52:35.1882362Z   Downloading annotated_types-0.7.0-py3-none-any.whl.metadata (15 kB)
2025-12-23T01:52:35.9509882Z Collecting pydantic-core==2.41.5 (from pydantic>=2.4.0->tunix-rt-backend==0.1.0)
2025-12-23T01:52:35.9615543Z   Downloading pydantic_core-2.41.5-cp311-cp311-manylinux_2_17_x86_64.manylinux2014_x86_64.whl.metadata (7.3 kB)
2025-12-23T01:52:35.9831469Z Collecting typing-inspection>=0.4.2 (from pydantic>=2.4.0->tunix-rt-backend==0.1.0)
2025-12-23T01:52:35.9943486Z   Downloading typing_inspection-0.4.2-py3-none-any.whl.metadata (2.6 kB)
2025-12-23T01:52:36.0198734Z Collecting python-dotenv>=0.21.0 (from pydantic-settings>=2.0.0->tunix-rt-backend==0.1.0)
2025-12-23T01:52:36.0302367Z   Downloading python_dotenv-1.2.1-py3-none-any.whl.metadata (25 kB)
2025-12-23T01:52:36.0525168Z Collecting iniconfig>=1.0.1 (from pytest>=7.4.0->tunix-rt-backend==0.1.0)
2025-12-23T01:52:36.0627295Z   Downloading iniconfig-2.3.0-py3-none-any.whl.metadata (2.5 kB)
2025-12-23T01:52:36.0858807Z Collecting packaging>=22 (from pytest>=7.4.0->tunix-rt-backend==0.1.0)
2025-12-23T01:52:36.0964018Z   Downloading packaging-25.0-py3-none-any.whl.metadata (3.3 kB)
2025-12-23T01:52:36.1163390Z Collecting pluggy<2,>=1.5 (from pytest>=7.4.0->tunix-rt-backend==0.1.0)
2025-12-23T01:52:36.1269666Z   Downloading pluggy-1.6.0-py3-none-any.whl.metadata (4.8 kB)
2025-12-23T01:52:36.1535504Z Collecting pygments>=2.7.2 (from pytest>=7.4.0->tunix-rt-backend==0.1.0)
2025-12-23T01:52:36.1640526Z   Downloading pygments-2.19.2-py3-none-any.whl.metadata (2.5 kB)
2025-12-23T01:52:36.6052787Z Collecting coverage>=7.10.6 (from coverage[toml]>=7.10.6->pytest-cov>=4.1.0->tunix-rt-backend==0.1.0)
2025-12-23T01:52:36.6158695Z   Downloading coverage-7.13.0-cp311-cp311-manylinux1_x86_64.manylinux_2_28_x86_64.manylinux_2_5_x86_64.whl.metadata (8.5 kB)
2025-12-23T01:52:36.7680719Z Collecting greenlet>=1 (from sqlalchemy>=2.0.0->sqlalchemy[asyncio]>=2.0.0->tunix-rt-backend==0.1.0)
2025-12-23T01:52:36.7783618Z   Downloading greenlet-3.3.0-cp311-cp311-manylinux_2_24_x86_64.manylinux_2_28_x86_64.whl.metadata (4.1 kB)
2025-12-23T01:52:36.8123521Z Collecting click>=7.0 (from uvicorn>=0.24.0->uvicorn[standard]>=0.24.0->tunix-rt-backend==0.1.0)
2025-12-23T01:52:36.8225446Z   Downloading click-8.3.1-py3-none-any.whl.metadata (2.6 kB)
2025-12-23T01:52:36.8628223Z Collecting httptools>=0.6.3 (from uvicorn[standard]>=0.24.0->tunix-rt-backend==0.1.0)
2025-12-23T01:52:36.8738541Z   Downloading httptools-0.7.1-cp311-cp311-manylinux1_x86_64.manylinux_2_28_x86_64.manylinux_2_5_x86_64.whl.metadata (3.5 kB)
2025-12-23T01:52:36.9262461Z Collecting uvloop>=0.15.1 (from uvicorn[standard]>=0.24.0->tunix-rt-backend==0.1.0)
2025-12-23T01:52:36.9374511Z   Downloading uvloop-0.22.1-cp311-cp311-manylinux2014_x86_64.manylinux_2_17_x86_64.manylinux_2_28_x86_64.whl.metadata (4.9 kB)
2025-12-23T01:52:37.0192052Z Collecting watchfiles>=0.13 (from uvicorn[standard]>=0.24.0->tunix-rt-backend==0.1.0)
2025-12-23T01:52:37.0297519Z   Downloading watchfiles-1.1.1-cp311-cp311-manylinux_2_17_x86_64.manylinux2014_x86_64.whl.metadata (4.9 kB)
2025-12-23T01:52:37.1219806Z Collecting websockets>=10.4 (from uvicorn[standard]>=0.24.0->tunix-rt-backend==0.1.0)
2025-12-23T01:52:37.1326416Z   Downloading websockets-15.0.1-cp311-cp311-manylinux_2_5_x86_64.manylinux1_x86_64.manylinux_2_17_x86_64.manylinux2014_x86_64.whl.metadata (6.8 kB)
2025-12-23T01:52:37.2083879Z Collecting MarkupSafe>=0.9.2 (from Mako->alembic>=1.12.0->tunix-rt-backend==0.1.0)
2025-12-23T01:52:37.2186792Z   Downloading markupsafe-3.0.3-cp311-cp311-manylinux2014_x86_64.manylinux_2_17_x86_64.manylinux_2_28_x86_64.whl.metadata (2.7 kB)
2025-12-23T01:52:37.2347807Z Downloading aiosqlite-0.22.0-py3-none-any.whl (17 kB)
2025-12-23T01:52:37.2480102Z Downloading alembic-1.17.2-py3-none-any.whl (248 kB)
2025-12-23T01:52:37.2972477Z Downloading asyncpg-0.31.0-cp311-cp311-manylinux2014_x86_64.manylinux_2_17_x86_64.manylinux_2_28_x86_64.whl (3.0 MB)
2025-12-23T01:52:37.4950191Z    ━━━━━━━━━━━━━━━━━━━━━━━━━━━━━━━━━━━━━━━━ 3.0/3.0 MB 16.1 MB/s  0:00:00
2025-12-23T01:52:37.5058076Z Downloading fastapi-0.127.0-py3-none-any.whl (112 kB)
2025-12-23T01:52:37.5206782Z Downloading starlette-0.50.0-py3-none-any.whl (74 kB)
2025-12-23T01:52:37.5334855Z Downloading anyio-4.12.0-py3-none-any.whl (113 kB)
2025-12-23T01:52:37.5479709Z Downloading annotated_doc-0.0.4-py3-none-any.whl (5.3 kB)
2025-12-23T01:52:37.5603269Z Downloading httpx-0.28.1-py3-none-any.whl (73 kB)
2025-12-23T01:52:37.5736167Z Downloading httpcore-1.0.9-py3-none-any.whl (78 kB)
2025-12-23T01:52:37.5876651Z Downloading h11-0.16.0-py3-none-any.whl (37 kB)
2025-12-23T01:52:37.6002275Z Downloading idna-3.11-py3-none-any.whl (71 kB)
2025-12-23T01:52:37.6132783Z Downloading mypy-1.19.1-cp311-cp311-manylinux2014_x86_64.manylinux_2_17_x86_64.manylinux_2_28_x86_64.whl (13.4 MB)
2025-12-23T01:52:37.8766616Z    ━━━━━━━━━━━━━━━━━━━━━━━━━━━━━━━━━━━━━━━━ 13.4/13.4 MB 52.2 MB/s  0:00:00
2025-12-23T01:52:37.8892401Z Downloading librt-0.7.4-cp311-cp311-manylinux2014_x86_64.manylinux_2_17_x86_64.manylinux_2_28_x86_64.whl (184 kB)
2025-12-23T01:52:37.9024569Z Downloading mypy_extensions-1.1.0-py3-none-any.whl (5.0 kB)
2025-12-23T01:52:37.9145791Z Downloading pathspec-0.12.1-py3-none-any.whl (31 kB)
2025-12-23T01:52:37.9268464Z Downloading pydantic-2.12.5-py3-none-any.whl (463 kB)
2025-12-23T01:52:37.9432288Z Downloading pydantic_core-2.41.5-cp311-cp311-manylinux_2_17_x86_64.manylinux2014_x86_64.whl (2.1 MB)
2025-12-23T01:52:37.9678474Z    ━━━━━━━━━━━━━━━━━━━━━━━━━━━━━━━━━━━━━━━━ 2.1/2.1 MB 83.7 MB/s  0:00:00
2025-12-23T01:52:37.9784537Z Downloading annotated_types-0.7.0-py3-none-any.whl (13 kB)
2025-12-23T01:52:37.9909623Z Downloading pydantic_settings-2.12.0-py3-none-any.whl (51 kB)
2025-12-23T01:52:38.0035599Z Downloading pytest-9.0.2-py3-none-any.whl (374 kB)
2025-12-23T01:52:38.0180505Z Downloading pluggy-1.6.0-py3-none-any.whl (20 kB)
2025-12-23T01:52:38.0303373Z Downloading iniconfig-2.3.0-py3-none-any.whl (7.5 kB)
2025-12-23T01:52:38.0427556Z Downloading packaging-25.0-py3-none-any.whl (66 kB)
2025-12-23T01:52:38.0555871Z Downloading pygments-2.19.2-py3-none-any.whl (1.2 MB)
2025-12-23T01:52:38.0726739Z    ━━━━━━━━━━━━━━━━━━━━━━━━━━━━━━━━━━━━━━━━ 1.2/1.2 MB 71.0 MB/s  0:00:00
2025-12-23T01:52:38.0833584Z Downloading pytest_asyncio-1.3.0-py3-none-any.whl (15 kB)
2025-12-23T01:52:38.0959632Z Downloading pytest_cov-7.0.0-py3-none-any.whl (22 kB)
2025-12-23T01:52:38.1099220Z Downloading coverage-7.13.0-cp311-cp311-manylinux1_x86_64.manylinux_2_28_x86_64.manylinux_2_5_x86_64.whl (250 kB)
2025-12-23T01:52:38.1248178Z Downloading python_dotenv-1.2.1-py3-none-any.whl (21 kB)
2025-12-23T01:52:38.1375020Z Downloading pyyaml-6.0.3-cp311-cp311-manylinux2014_x86_64.manylinux_2_17_x86_64.manylinux_2_28_x86_64.whl (806 kB)
2025-12-23T01:52:38.1462615Z    ━━━━━━━━━━━━━━━━━━━━━━━━━━━━━━━━━━━━━━━━ 806.6/806.6 kB 90.0 MB/s  0:00:00
2025-12-23T01:52:38.1566609Z Downloading ruff-0.14.10-py3-none-manylinux_2_17_x86_64.manylinux2014_x86_64.whl (14.2 MB)
2025-12-23T01:52:38.2688325Z    ━━━━━━━━━━━━━━━━━━━━━━━━━━━━━━━━━━━━━━━━ 14.2/14.2 MB 128.3 MB/s  0:00:00
2025-12-23T01:52:38.2796197Z Downloading sqlalchemy-2.0.45-cp311-cp311-manylinux2014_x86_64.manylinux_2_17_x86_64.manylinux_2_28_x86_64.whl (3.3 MB)
2025-12-23T01:52:38.3017642Z    ━━━━━━━━━━━━━━━━━━━━━━━━━━━━━━━━━━━━━━━━ 3.3/3.3 MB 155.9 MB/s  0:00:00
2025-12-23T01:52:38.3122370Z Downloading greenlet-3.3.0-cp311-cp311-manylinux_2_24_x86_64.manylinux_2_28_x86_64.whl (590 kB)
2025-12-23T01:52:38.3194898Z    ━━━━━━━━━━━━━━━━━━━━━━━━━━━━━━━━━━━━━━━━ 590.2/590.2 kB 87.1 MB/s  0:00:00
2025-12-23T01:52:38.3296326Z Downloading types_pyyaml-6.0.12.20250915-py3-none-any.whl (20 kB)
2025-12-23T01:52:38.3420182Z Downloading typing_extensions-4.15.0-py3-none-any.whl (44 kB)
2025-12-23T01:52:38.3543192Z Downloading typing_inspection-0.4.2-py3-none-any.whl (14 kB)
2025-12-23T01:52:38.3665063Z Downloading uvicorn-0.40.0-py3-none-any.whl (68 kB)
2025-12-23T01:52:38.3789675Z Downloading click-8.3.1-py3-none-any.whl (108 kB)
2025-12-23T01:52:38.3915920Z Downloading httptools-0.7.1-cp311-cp311-manylinux1_x86_64.manylinux_2_28_x86_64.manylinux_2_5_x86_64.whl (456 kB)
2025-12-23T01:52:38.4070892Z Downloading uvloop-0.22.1-cp311-cp311-manylinux2014_x86_64.manylinux_2_17_x86_64.manylinux_2_28_x86_64.whl (3.8 MB)
2025-12-23T01:52:38.4541319Z    ━━━━━━━━━━━━━━━━━━━━━━━━━━━━━━━━━━━━━━━━ 3.8/3.8 MB 81.3 MB/s  0:00:00
2025-12-23T01:52:38.4648661Z Downloading watchfiles-1.1.1-cp311-cp311-manylinux_2_17_x86_64.manylinux2014_x86_64.whl (456 kB)
2025-12-23T01:52:38.4812880Z Downloading websockets-15.0.1-cp311-cp311-manylinux_2_5_x86_64.manylinux1_x86_64.manylinux_2_17_x86_64.manylinux2014_x86_64.whl (182 kB)
2025-12-23T01:52:38.4945369Z Downloading certifi-2025.11.12-py3-none-any.whl (159 kB)
2025-12-23T01:52:38.5078259Z Downloading mako-1.3.10-py3-none-any.whl (78 kB)
2025-12-23T01:52:38.5210704Z Downloading markupsafe-3.0.3-cp311-cp311-manylinux2014_x86_64.manylinux_2_17_x86_64.manylinux_2_28_x86_64.whl (22 kB)
2025-12-23T01:52:38.5923167Z Building wheels for collected packages: tunix-rt-backend
2025-12-23T01:52:38.5930414Z   Building editable for tunix-rt-backend (pyproject.toml): started
2025-12-23T01:52:38.8031203Z   Building editable for tunix-rt-backend (pyproject.toml): finished with status 'done'
2025-12-23T01:52:38.8037605Z   Created wheel for tunix-rt-backend: filename=tunix_rt_backend-0.1.0-0.editable-py3-none-any.whl size=3148 sha256=44cfedb8489339dfe7c6749e90e7d84182cb7ffcc645eebeea2e50965eb819d0
2025-12-23T01:52:38.8040593Z   Stored in directory: /tmp/pip-ephem-wheel-cache-a7s9auon/wheels/6c/ee/47/0b2814d300ad026845dfa3996505f4a0f855be918f2df7eb34
2025-12-23T01:52:38.8055364Z Successfully built tunix-rt-backend
2025-12-23T01:52:38.8756549Z Installing collected packages: websockets, uvloop, typing-extensions, types-PyYAML, ruff, pyyaml, python-dotenv, pygments, pluggy, pathspec, packaging, mypy_extensions, MarkupSafe, librt, iniconfig, idna, httptools, h11, greenlet, coverage, click, certifi, asyncpg, annotated-types, annotated-doc, aiosqlite, uvicorn, typing-inspection, sqlalchemy, pytest, pydantic-core, mypy, Mako, httpcore, anyio, watchfiles, starlette, pytest-cov, pytest-asyncio, pydantic, httpx, alembic, pydantic-settings, fastapi, tunix-rt-backend
2025-12-23T01:52:44.0200595Z
2025-12-23T01:52:44.0229648Z Successfully installed Mako-1.3.10 MarkupSafe-3.0.3 aiosqlite-0.22.0 alembic-1.17.2 annotated-doc-0.0.4 annotated-types-0.7.0 anyio-4.12.0 asyncpg-0.31.0 certifi-2025.11.12 click-8.3.1 coverage-7.13.0 fastapi-0.127.0 greenlet-3.3.0 h11-0.16.0 httpcore-1.0.9 httptools-0.7.1 httpx-0.28.1 idna-3.11 iniconfig-2.3.0 librt-0.7.4 mypy-1.19.1 mypy_extensions-1.1.0 packaging-25.0 pathspec-0.12.1 pluggy-1.6.0 pydantic-2.12.5 pydantic-core-2.41.5 pydantic-settings-2.12.0 pygments-2.19.2 pytest-9.0.2 pytest-asyncio-1.3.0 pytest-cov-7.0.0 python-dotenv-1.2.1 pyyaml-6.0.3 ruff-0.14.10 sqlalchemy-2.0.45 starlette-0.50.0 tunix-rt-backend-0.1.0 types-PyYAML-6.0.12.20250915 typing-extensions-4.15.0 typing-inspection-0.4.2 uvicorn-0.40.0 uvloop-0.22.1 watchfiles-1.1.1 websockets-15.0.1
2025-12-23T01:52:44.6275189Z ##[group]Run cd ../backend && alembic upgrade head
2025-12-23T01:52:44.6275557Z [36;1mcd ../backend && alembic upgrade head[0m
2025-12-23T01:52:44.6308175Z shell: /usr/bin/bash -e {0}
2025-12-23T01:52:44.6308397Z env:
2025-12-23T01:52:44.6308560Z   REDIAI_MODE: mock
2025-12-23T01:52:44.6309323Z   DATABASE_URL: ***localhost:5432/postgres
2025-12-23T01:52:44.6309693Z   pythonLocation: /opt/hostedtoolcache/Python/3.11.14/x64
2025-12-23T01:52:44.6310089Z   PKG_CONFIG_PATH: /opt/hostedtoolcache/Python/3.11.14/x64/lib/pkgconfig
2025-12-23T01:52:44.6310489Z   Python_ROOT_DIR: /opt/hostedtoolcache/Python/3.11.14/x64
2025-12-23T01:52:44.6310832Z   Python2_ROOT_DIR: /opt/hostedtoolcache/Python/3.11.14/x64
2025-12-23T01:52:44.6311180Z   Python3_ROOT_DIR: /opt/hostedtoolcache/Python/3.11.14/x64
2025-12-23T01:52:44.6311518Z   LD_LIBRARY_PATH: /opt/hostedtoolcache/Python/3.11.14/x64/lib
2025-12-23T01:52:44.6311807Z ##[endgroup]
2025-12-23T01:52:45.3173855Z INFO  [alembic.runtime.migration] Context impl PostgresqlImpl.
2025-12-23T01:52:45.3175050Z INFO  [alembic.runtime.migration] Will assume transactional DDL.
2025-12-23T01:52:45.3357498Z INFO  [alembic.runtime.migration] Running upgrade  -> 001, create_traces_table
2025-12-23T01:52:45.3433123Z INFO  [alembic.runtime.migration] Running upgrade 001 -> f8f1393630e4, add traces created_at index
2025-12-23T01:52:45.3482014Z INFO  [alembic.runtime.migration] Running upgrade f8f1393630e4 -> f3cc010ca8a6, add_scores_table
2025-12-23T01:52:45.4508348Z ##[group]Run actions/setup-node@39370e3970a6d050c480ffad4ff0ed4d3fdee5af
2025-12-23T01:52:45.4508704Z with:
2025-12-23T01:52:45.4508872Z   node-version: 18
2025-12-23T01:52:45.4509447Z   always-auth: false
2025-12-23T01:52:45.4509643Z   check-latest: false
2025-12-23T01:52:45.4509924Z   token: ***
2025-12-23T01:52:45.4510088Z env:
2025-12-23T01:52:45.4510236Z   REDIAI_MODE: mock
2025-12-23T01:52:45.4510624Z   DATABASE_URL: ***localhost:5432/postgres
2025-12-23T01:52:45.4510931Z   pythonLocation: /opt/hostedtoolcache/Python/3.11.14/x64
2025-12-23T01:52:45.4511328Z   PKG_CONFIG_PATH: /opt/hostedtoolcache/Python/3.11.14/x64/lib/pkgconfig
2025-12-23T01:52:45.4511716Z   Python_ROOT_DIR: /opt/hostedtoolcache/Python/3.11.14/x64
2025-12-23T01:52:45.4512062Z   Python2_ROOT_DIR: /opt/hostedtoolcache/Python/3.11.14/x64
2025-12-23T01:52:45.4512398Z   Python3_ROOT_DIR: /opt/hostedtoolcache/Python/3.11.14/x64
2025-12-23T01:52:45.4534128Z   LD_LIBRARY_PATH: /opt/hostedtoolcache/Python/3.11.14/x64/lib
2025-12-23T01:52:45.4534655Z ##[endgroup]
2025-12-23T01:52:45.6846609Z Attempting to download 18...
2025-12-23T01:52:46.4999758Z Acquiring 18.20.8 - x64 from https://github.com/actions/node-versions/releases/download/18.20.8-14110393767/node-18.20.8-linux-x64.tar.gz
2025-12-23T01:52:47.1257646Z Extracting ...
2025-12-23T01:52:47.1371902Z [command]/usr/bin/tar xz --strip 1 --warning=no-unknown-keyword --overwrite -C /home/runner/work/_temp/54ba4a22-34b0-4dab-95f8-d9ea3418e72b -f /home/runner/work/_temp/4cc184a8-7441-4898-b651-4635d32e2770
2025-12-23T01:52:48.2246167Z Adding to the cache ...
2025-12-23T01:52:50.2186231Z ##[group]Environment details
2025-12-23T01:52:50.5132192Z node: v18.20.8
2025-12-23T01:52:50.5137611Z npm: 10.8.2
2025-12-23T01:52:50.5137877Z yarn: 1.22.22
2025-12-23T01:52:50.5138469Z ##[endgroup]
2025-12-23T01:52:50.5294274Z ##[group]Run cd ../frontend && npm ci
2025-12-23T01:52:50.5294603Z [36;1mcd ../frontend && npm ci[0m
2025-12-23T01:52:50.5327856Z shell: /usr/bin/bash -e {0}
2025-12-23T01:52:50.5328089Z env:
2025-12-23T01:52:50.5328250Z   REDIAI_MODE: mock
2025-12-23T01:52:50.5328810Z   DATABASE_URL: ***localhost:5432/postgres
2025-12-23T01:52:50.5329412Z   pythonLocation: /opt/hostedtoolcache/Python/3.11.14/x64
2025-12-23T01:52:50.5329829Z   PKG_CONFIG_PATH: /opt/hostedtoolcache/Python/3.11.14/x64/lib/pkgconfig
2025-12-23T01:52:50.5330209Z   Python_ROOT_DIR: /opt/hostedtoolcache/Python/3.11.14/x64
2025-12-23T01:52:50.5330568Z   Python2_ROOT_DIR: /opt/hostedtoolcache/Python/3.11.14/x64
2025-12-23T01:52:50.5330917Z   Python3_ROOT_DIR: /opt/hostedtoolcache/Python/3.11.14/x64
2025-12-23T01:52:50.5331275Z   LD_LIBRARY_PATH: /opt/hostedtoolcache/Python/3.11.14/x64/lib
2025-12-23T01:52:50.5331565Z ##[endgroup]
2025-12-23T01:52:52.8506871Z npm warn deprecated rimraf@3.0.2: Rimraf versions prior to v4 are no longer supported
2025-12-23T01:52:53.4184373Z npm warn deprecated inflight@1.0.6: This module is not supported, and leaks memory. Do not use it. Check out lru-cache if you want a good and tested way to coalesce async requests by a key value, which is much more comprehensive and powerful.
2025-12-23T01:52:53.5218014Z npm warn deprecated glob@7.2.3: Glob versions prior to v9 are no longer supported
2025-12-23T01:52:54.2783305Z npm warn deprecated @humanwhocodes/config-array@0.13.0: Use @eslint/config-array instead
2025-12-23T01:52:54.2887776Z npm warn deprecated @humanwhocodes/object-schema@2.0.3: Use @eslint/object-schema instead
2025-12-23T01:52:56.3297317Z npm warn deprecated eslint@8.57.1: This version is no longer supported. Please see https://eslint.org/version-support for other options.
2025-12-23T01:52:56.6615635Z
2025-12-23T01:52:56.6617124Z added 406 packages, and audited 407 packages in 6s
2025-12-23T01:52:56.6618151Z
2025-12-23T01:52:56.6619261Z 117 packages are looking for funding
2025-12-23T01:52:56.6619807Z   run `npm fund` for details
2025-12-23T01:52:56.6827834Z
2025-12-23T01:52:56.6842855Z 5 moderate severity vulnerabilities
2025-12-23T01:52:56.6844455Z
2025-12-23T01:52:56.6845002Z To address all issues (including breaking changes), run:
2025-12-23T01:52:56.6845695Z   npm audit fix --force
2025-12-23T01:52:56.6846631Z
2025-12-23T01:52:56.6846896Z Run `npm audit` for details.
2025-12-23T01:52:56.7139473Z ##[group]Run npm ci
2025-12-23T01:52:56.7139721Z [36;1mnpm ci[0m
2025-12-23T01:52:56.7172575Z shell: /usr/bin/bash -e {0}
2025-12-23T01:52:56.7172788Z env:
2025-12-23T01:52:56.7172951Z   REDIAI_MODE: mock
2025-12-23T01:52:56.7173497Z   DATABASE_URL: ***localhost:5432/postgres
2025-12-23T01:52:56.7173835Z   pythonLocation: /opt/hostedtoolcache/Python/3.11.14/x64
2025-12-23T01:52:56.7174231Z   PKG_CONFIG_PATH: /opt/hostedtoolcache/Python/3.11.14/x64/lib/pkgconfig
2025-12-23T01:52:56.7174611Z   Python_ROOT_DIR: /opt/hostedtoolcache/Python/3.11.14/x64
2025-12-23T01:52:56.7174944Z   Python2_ROOT_DIR: /opt/hostedtoolcache/Python/3.11.14/x64
2025-12-23T01:52:56.7175288Z   Python3_ROOT_DIR: /opt/hostedtoolcache/Python/3.11.14/x64
2025-12-23T01:52:56.7175650Z   LD_LIBRARY_PATH: /opt/hostedtoolcache/Python/3.11.14/x64/lib
2025-12-23T01:52:56.7175930Z ##[endgroup]
2025-12-23T01:52:57.6828420Z
2025-12-23T01:52:57.6829447Z added 5 packages, and audited 6 packages in 889ms
2025-12-23T01:52:57.6850788Z
2025-12-23T01:52:57.6851062Z found 0 vulnerabilities
2025-12-23T01:52:57.6953199Z ##[group]Run npx playwright install chromium --with-deps
2025-12-23T01:52:57.6953581Z [36;1mnpx playwright install chromium --with-deps[0m
2025-12-23T01:52:57.6986181Z shell: /usr/bin/bash -e {0}
2025-12-23T01:52:57.6986404Z env:
2025-12-23T01:52:57.6986570Z   REDIAI_MODE: mock
2025-12-23T01:52:57.6987049Z   DATABASE_URL: ***localhost:5432/postgres
2025-12-23T01:52:57.6987427Z   pythonLocation: /opt/hostedtoolcache/Python/3.11.14/x64
2025-12-23T01:52:57.6987822Z   PKG_CONFIG_PATH: /opt/hostedtoolcache/Python/3.11.14/x64/lib/pkgconfig
2025-12-23T01:52:57.6988204Z   Python_ROOT_DIR: /opt/hostedtoolcache/Python/3.11.14/x64
2025-12-23T01:52:57.6988551Z   Python2_ROOT_DIR: /opt/hostedtoolcache/Python/3.11.14/x64
2025-12-23T01:52:57.6988895Z   Python3_ROOT_DIR: /opt/hostedtoolcache/Python/3.11.14/x64
2025-12-23T01:52:57.6989515Z   LD_LIBRARY_PATH: /opt/hostedtoolcache/Python/3.11.14/x64/lib
2025-12-23T01:52:57.6989802Z ##[endgroup]
2025-12-23T01:52:58.7173882Z Installing dependencies...
2025-12-23T01:52:58.7261637Z Switching to root user to install dependencies...
2025-12-23T01:52:58.9024125Z Get:1 file:/etc/apt/apt-mirrors.txt Mirrorlist [144 B]
2025-12-23T01:52:58.9851020Z Hit:2 http://azure.archive.ubuntu.com/ubuntu noble InRelease
2025-12-23T01:52:58.9870976Z Get:3 http://azure.archive.ubuntu.com/ubuntu noble-updates InRelease [126 kB]
2025-12-23T01:52:59.0010482Z Get:4 http://azure.archive.ubuntu.com/ubuntu noble-backports InRelease [126 kB]
2025-12-23T01:52:59.0079877Z Get:5 http://azure.archive.ubuntu.com/ubuntu noble-security InRelease [126 kB]
2025-12-23T01:52:59.0444733Z Hit:6 https://packages.microsoft.com/repos/azure-cli noble InRelease
2025-12-23T01:52:59.0621743Z Get:7 https://packages.microsoft.com/ubuntu/24.04/prod noble InRelease [3600 B]
2025-12-23T01:52:59.1621392Z Get:8 http://azure.archive.ubuntu.com/ubuntu noble-updates/main amd64 Packages [1684 kB]
2025-12-23T01:52:59.1867873Z Get:9 http://azure.archive.ubuntu.com/ubuntu noble-updates/main Translation-en [311 kB]
2025-12-23T01:52:59.1916291Z Get:10 http://azure.archive.ubuntu.com/ubuntu noble-updates/main amd64 Components [175 kB]
2025-12-23T01:52:59.1961820Z Get:11 http://azure.archive.ubuntu.com/ubuntu noble-updates/main amd64 c-n-f Metadata [15.8 kB]
2025-12-23T01:52:59.2012834Z Get:12 http://azure.archive.ubuntu.com/ubuntu noble-updates/universe amd64 Packages [1506 kB]
2025-12-23T01:52:59.2157620Z Get:13 http://azure.archive.ubuntu.com/ubuntu noble-updates/universe Translation-en [306 kB]
2025-12-23T01:52:59.2270307Z Get:14 http://azure.archive.ubuntu.com/ubuntu noble-updates/universe amd64 Components [377 kB]
2025-12-23T01:52:59.2277224Z Get:15 http://azure.archive.ubuntu.com/ubuntu noble-updates/universe amd64 c-n-f Metadata [31.4 kB]
2025-12-23T01:52:59.2291160Z Get:16 http://azure.archive.ubuntu.com/ubuntu noble-updates/restricted amd64 Packages [2413 kB]
2025-12-23T01:52:59.2549231Z Get:17 http://azure.archive.ubuntu.com/ubuntu noble-updates/restricted Translation-en [550 kB]
2025-12-23T01:52:59.3072712Z Get:18 http://azure.archive.ubuntu.com/ubuntu noble-updates/restricted amd64 Components [212 B]
2025-12-23T01:52:59.3087177Z Get:19 http://azure.archive.ubuntu.com/ubuntu noble-updates/restricted amd64 c-n-f Metadata [516 B]
2025-12-23T01:52:59.3103875Z Get:20 http://azure.archive.ubuntu.com/ubuntu noble-updates/multiverse amd64 Packages [30.3 kB]
2025-12-23T01:52:59.3116915Z Get:21 http://azure.archive.ubuntu.com/ubuntu noble-updates/multiverse Translation-en [6048 B]
2025-12-23T01:52:59.3156400Z Get:22 http://azure.archive.ubuntu.com/ubuntu noble-updates/multiverse amd64 Components [940 B]
2025-12-23T01:52:59.3170688Z Get:23 http://azure.archive.ubuntu.com/ubuntu noble-updates/multiverse amd64 c-n-f Metadata [488 B]
2025-12-23T01:52:59.3193033Z Get:24 http://azure.archive.ubuntu.com/ubuntu noble-backports/main amd64 Packages [40.4 kB]
2025-12-23T01:52:59.3199794Z Get:25 http://azure.archive.ubuntu.com/ubuntu noble-backports/main amd64 Components [7332 B]
2025-12-23T01:52:59.3231213Z Get:26 http://azure.archive.ubuntu.com/ubuntu noble-backports/main amd64 c-n-f Metadata [368 B]
2025-12-23T01:52:59.3264864Z Get:27 http://azure.archive.ubuntu.com/ubuntu noble-backports/universe amd64 Packages [29.5 kB]
2025-12-23T01:52:59.3283443Z Get:28 http://azure.archive.ubuntu.com/ubuntu noble-backports/universe Translation-en [17.9 kB]
2025-12-23T01:52:59.3325410Z Get:29 http://azure.archive.ubuntu.com/ubuntu noble-backports/universe amd64 Components [10.5 kB]
2025-12-23T01:52:59.3380485Z Get:30 http://azure.archive.ubuntu.com/ubuntu noble-backports/universe amd64 c-n-f Metadata [1444 B]
2025-12-23T01:52:59.3382021Z Get:31 http://azure.archive.ubuntu.com/ubuntu noble-backports/restricted amd64 Components [216 B]
2025-12-23T01:52:59.3835535Z Get:32 http://azure.archive.ubuntu.com/ubuntu noble-backports/multiverse amd64 Components [212 B]
2025-12-23T01:52:59.3847830Z Get:33 http://azure.archive.ubuntu.com/ubuntu noble-security/main Translation-en [225 kB]
2025-12-23T01:52:59.3906373Z Get:34 http://azure.archive.ubuntu.com/ubuntu noble-security/main amd64 Components [21.6 kB]
2025-12-23T01:52:59.3922433Z Get:35 http://azure.archive.ubuntu.com/ubuntu noble-security/main amd64 c-n-f Metadata [9504 B]
2025-12-23T01:52:59.3960803Z Get:36 http://azure.archive.ubuntu.com/ubuntu noble-security/universe amd64 Components [71.5 kB]
2025-12-23T01:52:59.3962356Z Get:37 http://azure.archive.ubuntu.com/ubuntu noble-security/restricted amd64 Components [212 B]
2025-12-23T01:52:59.3983361Z Get:38 http://azure.archive.ubuntu.com/ubuntu noble-security/multiverse amd64 Components [212 B]
2025-12-23T01:52:59.4661074Z Get:39 https://packages.microsoft.com/ubuntu/24.04/prod noble/main armhf Packages [11.4 kB]
2025-12-23T01:52:59.4855897Z Get:40 https://packages.microsoft.com/ubuntu/24.04/prod noble/main arm64 Packages [58.8 kB]
2025-12-23T01:52:59.5246491Z Get:41 https://packages.microsoft.com/ubuntu/24.04/prod noble/main amd64 Packages [77.2 kB]
2025-12-23T01:53:11.0782505Z Fetched 8374 kB in 1s (6280 kB/s)
2025-12-23T01:53:11.8870755Z Reading package lists...
2025-12-23T01:53:11.9135782Z Reading package lists...
2025-12-23T01:53:12.1179828Z Building dependency tree...
2025-12-23T01:53:12.1187840Z Reading state information...
2025-12-23T01:53:12.2914960Z libasound2t64 is already the newest version (1.2.11-1ubuntu0.1).
2025-12-23T01:53:12.2918912Z libasound2t64 set to manually installed.
2025-12-23T01:53:12.2920341Z libatk-bridge2.0-0t64 is already the newest version (2.52.0-1build1).
2025-12-23T01:53:12.2921224Z libatk-bridge2.0-0t64 set to manually installed.
2025-12-23T01:53:12.2922117Z libatk1.0-0t64 is already the newest version (2.52.0-1build1).
2025-12-23T01:53:12.2922906Z libatk1.0-0t64 set to manually installed.
2025-12-23T01:53:12.2924139Z libatspi2.0-0t64 is already the newest version (2.52.0-1build1).
2025-12-23T01:53:12.2925083Z libatspi2.0-0t64 set to manually installed.
2025-12-23T01:53:12.2925931Z libcairo2 is already the newest version (1.18.0-3build1).
2025-12-23T01:53:12.2926948Z libcairo2 set to manually installed.
2025-12-23T01:53:12.2927769Z libcups2t64 is already the newest version (2.4.7-1.2ubuntu7.9).
2025-12-23T01:53:12.2928532Z libcups2t64 set to manually installed.
2025-12-23T01:53:12.2929451Z libdbus-1-3 is already the newest version (1.14.10-4ubuntu4.1).
2025-12-23T01:53:12.2930720Z libdbus-1-3 set to manually installed.
2025-12-23T01:53:12.2931538Z libdrm2 is already the newest version (2.4.122-1~ubuntu0.24.04.2).
2025-12-23T01:53:12.2932172Z libdrm2 set to manually installed.
2025-12-23T01:53:12.2933077Z libgbm1 is already the newest version (25.0.7-0ubuntu0.24.04.2).
2025-12-23T01:53:12.2934290Z libgbm1 set to manually installed.
2025-12-23T01:53:12.2935081Z libnspr4 is already the newest version (2:4.35-1.1build1).
2025-12-23T01:53:12.2935778Z libnspr4 set to manually installed.
2025-12-23T01:53:12.2936558Z libnss3 is already the newest version (2:3.98-1build1).
2025-12-23T01:53:12.2937244Z libnss3 set to manually installed.
2025-12-23T01:53:12.2937848Z libpango-1.0-0 is already the newest version (1.52.1+ds-1build1).
2025-12-23T01:53:12.2940320Z libpango-1.0-0 set to manually installed.
2025-12-23T01:53:12.2942086Z libx11-6 is already the newest version (2:1.8.7-1build1).
2025-12-23T01:53:12.2942663Z libx11-6 set to manually installed.
2025-12-23T01:53:12.2943199Z libxcb1 is already the newest version (1.15-1ubuntu2).
2025-12-23T01:53:12.2943755Z libxcb1 set to manually installed.
2025-12-23T01:53:12.2944434Z libxcomposite1 is already the newest version (1:0.4.5-1build3).
2025-12-23T01:53:12.2945137Z libxcomposite1 set to manually installed.
2025-12-23T01:53:12.2945859Z libxdamage1 is already the newest version (1:1.1.6-1build1).
2025-12-23T01:53:12.2946552Z libxdamage1 set to manually installed.
2025-12-23T01:53:12.2947253Z libxext6 is already the newest version (2:1.3.4-1build2).
2025-12-23T01:53:12.2947903Z libxext6 set to manually installed.
2025-12-23T01:53:12.2948603Z libxfixes3 is already the newest version (1:6.0.0-2build1).
2025-12-23T01:53:12.2949572Z libxfixes3 set to manually installed.
2025-12-23T01:53:12.2950261Z libxkbcommon0 is already the newest version (1.6.0-1build1).
2025-12-23T01:53:12.2950910Z libxkbcommon0 set to manually installed.
2025-12-23T01:53:12.2951590Z libxrandr2 is already the newest version (2:1.5.2-2build1).
2025-12-23T01:53:12.2952237Z libxrandr2 set to manually installed.
2025-12-23T01:53:12.2952869Z xvfb is already the newest version (2:21.1.12-1ubuntu1.5).
2025-12-23T01:53:12.2953764Z fonts-noto-color-emoji is already the newest version (2.047-0ubuntu0.24.04.1).
2025-12-23T01:53:12.2954712Z libfontconfig1 is already the newest version (2.15.0-1.1ubuntu2).
2025-12-23T01:53:12.2955404Z libfontconfig1 set to manually installed.
2025-12-23T01:53:12.2956184Z libfreetype6 is already the newest version (2.13.2+dfsg-1build3).
2025-12-23T01:53:12.2956941Z libfreetype6 set to manually installed.
2025-12-23T01:53:12.2957633Z fonts-liberation is already the newest version (1:2.1.5-3).
2025-12-23T01:53:12.2958325Z fonts-liberation set to manually installed.
2025-12-23T01:53:12.2959184Z The following additional packages will be installed:
2025-12-23T01:53:12.2959905Z   gir1.2-glib-2.0 libglib2.0-bin libglib2.0-data xfonts-encodings xfonts-utils
2025-12-23T01:53:12.2960302Z Suggested packages:
2025-12-23T01:53:12.2960501Z   low-memory-monitor
2025-12-23T01:53:12.2960721Z Recommended packages:
2025-12-23T01:53:12.2960967Z   fonts-ipafont-mincho fonts-tlwg-loma
2025-12-23T01:53:12.3442447Z The following NEW packages will be installed:
2025-12-23T01:53:12.3447936Z   fonts-freefont-ttf fonts-ipafont-gothic fonts-tlwg-loma-otf fonts-unifont
2025-12-23T01:53:12.3454870Z   fonts-wqy-zenhei xfonts-cyrillic xfonts-encodings xfonts-scalable
2025-12-23T01:53:12.3457642Z   xfonts-utils
2025-12-23T01:53:12.3460995Z The following packages will be upgraded:
2025-12-23T01:53:12.3467887Z   gir1.2-glib-2.0 libglib2.0-0t64 libglib2.0-bin libglib2.0-data
2025-12-23T01:53:12.3685551Z 4 upgraded, 9 newly installed, 0 to remove and 65 not upgraded.
2025-12-23T01:53:12.3688577Z Need to get 23.0 MB of archives.
2025-12-23T01:53:12.3689640Z After this operation, 79.5 MB of additional disk space will be used.
2025-12-23T01:53:12.3690455Z Get:1 file:/etc/apt/apt-mirrors.txt Mirrorlist [144 B]
2025-12-23T01:53:12.4406978Z Get:2 http://azure.archive.ubuntu.com/ubuntu noble/universe amd64 fonts-ipafont-gothic all 00303-21ubuntu1 [3513 kB]
2025-12-23T01:53:12.6259287Z Get:3 http://azure.archive.ubuntu.com/ubuntu noble-updates/main amd64 libglib2.0-data all 2.80.0-6ubuntu3.5 [48.8 kB]
2025-12-23T01:53:12.6787481Z Get:4 http://azure.archive.ubuntu.com/ubuntu noble-updates/main amd64 libglib2.0-bin amd64 2.80.0-6ubuntu3.5 [97.9 kB]
2025-12-23T01:53:12.7314632Z Get:5 http://azure.archive.ubuntu.com/ubuntu noble-updates/main amd64 gir1.2-glib-2.0 amd64 2.80.0-6ubuntu3.5 [183 kB]
2025-12-23T01:53:12.7858459Z Get:6 http://azure.archive.ubuntu.com/ubuntu noble-updates/main amd64 libglib2.0-0t64 amd64 2.80.0-6ubuntu3.5 [1544 kB]
2025-12-23T01:53:12.8489886Z Get:7 http://azure.archive.ubuntu.com/ubuntu noble/main amd64 fonts-freefont-ttf all 20211204+svn4273-2 [5641 kB]
2025-12-23T01:53:12.9732988Z Get:8 http://azure.archive.ubuntu.com/ubuntu noble/universe amd64 fonts-tlwg-loma-otf all 1:0.7.3-1 [107 kB]
2025-12-23T01:53:13.0256189Z Get:9 http://azure.archive.ubuntu.com/ubuntu noble/universe amd64 fonts-unifont all 1:15.1.01-1build1 [2993 kB]
2025-12-23T01:53:13.1023623Z Get:10 http://azure.archive.ubuntu.com/ubuntu noble/universe amd64 fonts-wqy-zenhei all 0.9.45-8 [7472 kB]
2025-12-23T01:53:13.2582015Z Get:11 http://azure.archive.ubuntu.com/ubuntu noble/main amd64 xfonts-encodings all 1:1.0.5-0ubuntu2 [578 kB]
2025-12-23T01:53:13.3144457Z Get:12 http://azure.archive.ubuntu.com/ubuntu noble/main amd64 xfonts-utils amd64 1:7.7+6build3 [94.4 kB]
2025-12-23T01:53:13.3674182Z Get:13 http://azure.archive.ubuntu.com/ubuntu noble/universe amd64 xfonts-cyrillic all 1:1.0.5+nmu1 [384 kB]
2025-12-23T01:53:13.4216283Z Get:14 http://azure.archive.ubuntu.com/ubuntu noble/main amd64 xfonts-scalable all 1:1.0.3-1.3 [304 kB]
2025-12-23T01:53:13.8265830Z Fetched 23.0 MB in 1s (21.5 MB/s)
2025-12-23T01:53:14.4249866Z Selecting previously unselected package fonts-ipafont-gothic.
2025-12-23T01:53:14.8436286Z (Reading database ...
2025-12-23T01:53:14.8437675Z (Reading database ... 5%
2025-12-23T01:53:14.8440055Z (Reading database ... 10%
2025-12-23T01:53:14.8440746Z (Reading database ... 15%
2025-12-23T01:53:14.8441140Z (Reading database ... 20%
2025-12-23T01:53:14.8441537Z (Reading database ... 25%
2025-12-23T01:53:14.8441928Z (Reading database ... 30%
2025-12-23T01:53:14.8442297Z (Reading database ... 35%
2025-12-23T01:53:14.8443025Z (Reading database ... 40%
2025-12-23T01:53:14.8443696Z (Reading database ... 45%
2025-12-23T01:53:14.8444121Z (Reading database ... 50%
2025-12-23T01:53:15.5718303Z (Reading database ... 55%
2025-12-23T01:53:15.9089292Z (Reading database ... 60%
2025-12-23T01:53:16.0726976Z (Reading database ... 65%
2025-12-23T01:53:16.1731137Z (Reading database ... 70%
2025-12-23T01:53:16.3340897Z (Reading database ... 75%
2025-12-23T01:53:16.8387521Z (Reading database ... 80%
2025-12-23T01:53:17.4420749Z (Reading database ... 85%
2025-12-23T01:53:18.1062875Z (Reading database ... 90%
2025-12-23T01:53:18.6595312Z (Reading database ... 95%
2025-12-23T01:53:18.6597000Z (Reading database ... 100%
2025-12-23T01:53:18.6597636Z (Reading database ... 217374 files and directories currently installed.)
2025-12-23T01:53:18.6639895Z Preparing to unpack .../00-fonts-ipafont-gothic_00303-21ubuntu1_all.deb ...
2025-12-23T01:53:18.6747855Z Unpacking fonts-ipafont-gothic (00303-21ubuntu1) ...
2025-12-23T01:53:18.9270198Z Preparing to unpack .../01-libglib2.0-data_2.80.0-6ubuntu3.5_all.deb ...
2025-12-23T01:53:18.9303076Z Unpacking libglib2.0-data (2.80.0-6ubuntu3.5) over (2.80.0-6ubuntu3.4) ...
2025-12-23T01:53:18.9776950Z Preparing to unpack .../02-libglib2.0-bin_2.80.0-6ubuntu3.5_amd64.deb ...
2025-12-23T01:53:18.9811701Z Unpacking libglib2.0-bin (2.80.0-6ubuntu3.5) over (2.80.0-6ubuntu3.4) ...
2025-12-23T01:53:19.1201056Z Preparing to unpack .../03-gir1.2-glib-2.0_2.80.0-6ubuntu3.5_amd64.deb ...
2025-12-23T01:53:19.1230343Z Unpacking gir1.2-glib-2.0:amd64 (2.80.0-6ubuntu3.5) over (2.80.0-6ubuntu3.4) ...
2025-12-23T01:53:19.1667701Z Preparing to unpack .../04-libglib2.0-0t64_2.80.0-6ubuntu3.5_amd64.deb ...
2025-12-23T01:53:19.1752227Z Unpacking libglib2.0-0t64:amd64 (2.80.0-6ubuntu3.5) over (2.80.0-6ubuntu3.4) ...
2025-12-23T01:53:19.2253565Z Selecting previously unselected package fonts-freefont-ttf.
2025-12-23T01:53:19.2392880Z Preparing to unpack .../05-fonts-freefont-ttf_20211204+svn4273-2_all.deb ...
2025-12-23T01:53:19.2400654Z Unpacking fonts-freefont-ttf (20211204+svn4273-2) ...
2025-12-23T01:53:19.3315927Z Selecting previously unselected package fonts-tlwg-loma-otf.
2025-12-23T01:53:19.3448534Z Preparing to unpack .../06-fonts-tlwg-loma-otf_1%3a0.7.3-1_all.deb ...
2025-12-23T01:53:19.3457757Z Unpacking fonts-tlwg-loma-otf (1:0.7.3-1) ...
2025-12-23T01:53:19.3682727Z Selecting previously unselected package fonts-unifont.
2025-12-23T01:53:19.3817423Z Preparing to unpack .../07-fonts-unifont_1%3a15.1.01-1build1_all.deb ...
2025-12-23T01:53:19.3827982Z Unpacking fonts-unifont (1:15.1.01-1build1) ...
2025-12-23T01:53:19.5122443Z Selecting previously unselected package fonts-wqy-zenhei.
2025-12-23T01:53:19.5256733Z Preparing to unpack .../08-fonts-wqy-zenhei_0.9.45-8_all.deb ...
2025-12-23T01:53:19.5404648Z Unpacking fonts-wqy-zenhei (0.9.45-8) ...
2025-12-23T01:53:20.0180451Z Selecting previously unselected package xfonts-encodings.
2025-12-23T01:53:20.0314722Z Preparing to unpack .../09-xfonts-encodings_1%3a1.0.5-0ubuntu2_all.deb ...
2025-12-23T01:53:20.0324419Z Unpacking xfonts-encodings (1:1.0.5-0ubuntu2) ...
2025-12-23T01:53:20.0688836Z Selecting previously unselected package xfonts-utils.
2025-12-23T01:53:20.0822987Z Preparing to unpack .../10-xfonts-utils_1%3a7.7+6build3_amd64.deb ...
2025-12-23T01:53:20.0834269Z Unpacking xfonts-utils (1:7.7+6build3) ...
2025-12-23T01:53:20.1594217Z Selecting previously unselected package xfonts-cyrillic.
2025-12-23T01:53:20.1729457Z Preparing to unpack .../11-xfonts-cyrillic_1%3a1.0.5+nmu1_all.deb ...
2025-12-23T01:53:20.1753448Z Unpacking xfonts-cyrillic (1:1.0.5+nmu1) ...
2025-12-23T01:53:20.2135875Z Selecting previously unselected package xfonts-scalable.
2025-12-23T01:53:20.2303215Z Preparing to unpack .../12-xfonts-scalable_1%3a1.0.3-1.3_all.deb ...
2025-12-23T01:53:20.2320025Z Unpacking xfonts-scalable (1:1.0.3-1.3) ...
2025-12-23T01:53:20.2770982Z Setting up fonts-wqy-zenhei (0.9.45-8) ...
2025-12-23T01:53:20.2906112Z Setting up fonts-freefont-ttf (20211204+svn4273-2) ...
2025-12-23T01:53:20.2937845Z Setting up libglib2.0-0t64:amd64 (2.80.0-6ubuntu3.5) ...
2025-12-23T01:53:20.3228301Z Setting up libglib2.0-data (2.80.0-6ubuntu3.5) ...
2025-12-23T01:53:20.3253412Z Setting up fonts-tlwg-loma-otf (1:0.7.3-1) ...
2025-12-23T01:53:20.3281260Z Setting up xfonts-encodings (1:1.0.5-0ubuntu2) ...
2025-12-23T01:53:20.3308414Z Setting up gir1.2-glib-2.0:amd64 (2.80.0-6ubuntu3.5) ...
2025-12-23T01:53:20.3331216Z Setting up fonts-ipafont-gothic (00303-21ubuntu1) ...
2025-12-23T01:53:20.3404765Z update-alternatives: using /usr/share/fonts/opentype/ipafont-gothic/ipag.ttf to provide /usr/share/fonts/truetype/fonts-japanese-gothic.ttf (fonts-japanese-gothic.ttf) in auto mode
2025-12-23T01:53:20.3426876Z Setting up fonts-unifont (1:15.1.01-1build1) ...
2025-12-23T01:53:20.3451334Z Setting up libglib2.0-bin (2.80.0-6ubuntu3.5) ...
2025-12-23T01:53:20.3483560Z Setting up xfonts-utils (1:7.7+6build3) ...
2025-12-23T01:53:20.3533083Z Setting up xfonts-cyrillic (1:1.0.5+nmu1) ...
2025-12-23T01:53:20.4022579Z Setting up xfonts-scalable (1:1.0.3-1.3) ...
2025-12-23T01:53:20.4438449Z Processing triggers for libc-bin (2.39-0ubuntu8.6) ...
2025-12-23T01:53:22.0897809Z Processing triggers for man-db (2.12.0-4build2) ...
2025-12-23T01:53:22.1004468Z Not building database; man-db/auto-update is not 'true'.
2025-12-23T01:53:22.1018713Z Processing triggers for fontconfig (2.15.0-1.1ubuntu2) ...
2025-12-23T01:53:23.4664938Z
2025-12-23T01:53:23.4665878Z Running kernel seems to be up-to-date.
2025-12-23T01:53:23.4666370Z
2025-12-23T01:53:23.4666708Z Restarting services...
2025-12-23T01:53:23.5106865Z  systemctl restart packagekit.service php8.3-fpm.service polkit.service udisks2.service
2025-12-23T01:53:23.7401094Z
2025-12-23T01:53:23.7401880Z Service restarts being deferred:
2025-12-23T01:53:23.7402751Z  systemctl restart ModemManager.service
2025-12-23T01:53:23.7403549Z  systemctl restart networkd-dispatcher.service
2025-12-23T01:53:23.7404730Z
2025-12-23T01:53:23.7404973Z No containers need to be restarted.
2025-12-23T01:53:23.7405254Z
2025-12-23T01:53:23.7405530Z No user sessions are running outdated binaries.
2025-12-23T01:53:23.7405876Z
2025-12-23T01:53:23.7406312Z No VM guests are running outdated hypervisor (qemu) binaries on this host.
2025-12-23T01:53:24.7356292Z Downloading Chromium 143.0.7499.4 (playwright build v1200) from https://cdn.playwright.dev/dbazure/download/playwright/builds/chromium/1200/chromium-linux.zip
2025-12-23T01:53:25.0447316Z |                                                                                |   0% of 164.7 MiB
2025-12-23T01:53:25.2994299Z |■■■■■■■■                                                                        |  10% of 164.7 MiB
2025-12-23T01:53:25.4718020Z |■■■■■■■■■■■■■■■■                                                                |  20% of 164.7 MiB
2025-12-23T01:53:25.6007195Z |■■■■■■■■■■■■■■■■■■■■■■■■                                                        |  30% of 164.7 MiB
2025-12-23T01:53:25.7207375Z |■■■■■■■■■■■■■■■■■■■■■■■■■■■■■■■■                                                |  40% of 164.7 MiB
2025-12-23T01:53:25.8390397Z |■■■■■■■■■■■■■■■■■■■■■■■■■■■■■■■■■■■■■■■■                                        |  50% of 164.7 MiB
2025-12-23T01:53:25.9522748Z |■■■■■■■■■■■■■■■■■■■■■■■■■■■■■■■■■■■■■■■■■■■■■■■■                                |  60% of 164.7 MiB
2025-12-23T01:53:26.0631169Z |■■■■■■■■■■■■■■■■■■■■■■■■■■■■■■■■■■■■■■■■■■■■■■■■■■■■■■■■                        |  70% of 164.7 MiB
2025-12-23T01:53:26.1739552Z |■■■■■■■■■■■■■■■■■■■■■■■■■■■■■■■■■■■■■■■■■■■■■■■■■■■■■■■■■■■■■■■■                |  80% of 164.7 MiB
2025-12-23T01:53:26.2866876Z |■■■■■■■■■■■■■■■■■■■■■■■■■■■■■■■■■■■■■■■■■■■■■■■■■■■■■■■■■■■■■■■■■■■■■■■■        |  90% of 164.7 MiB
2025-12-23T01:53:26.3960092Z |■■■■■■■■■■■■■■■■■■■■■■■■■■■■■■■■■■■■■■■■■■■■■■■■■■■■■■■■■■■■■■■■■■■■■■■■■■■■■■■■| 100% of 164.7 MiB
2025-12-23T01:53:30.6658693Z Chromium 143.0.7499.4 (playwright build v1200) downloaded to /home/runner/.cache/ms-playwright/chromium-1200
2025-12-23T01:53:30.6665099Z Downloading FFMPEG playwright build v1011 from https://cdn.playwright.dev/dbazure/download/playwright/builds/ffmpeg/1011/ffmpeg-linux.zip
2025-12-23T01:53:30.9601731Z |                                                                                |   0% of 2.3 MiB
2025-12-23T01:53:30.9787444Z |■■■■■■■■                                                                        |  10% of 2.3 MiB
2025-12-23T01:53:30.9876045Z |■■■■■■■■■■■■■■■■                                                                |  20% of 2.3 MiB
2025-12-23T01:53:30.9932028Z |■■■■■■■■■■■■■■■■■■■■■■■■                                                        |  30% of 2.3 MiB
2025-12-23T01:53:30.9993449Z |■■■■■■■■■■■■■■■■■■■■■■■■■■■■■■■■                                                |  40% of 2.3 MiB
2025-12-23T01:53:31.0016711Z |■■■■■■■■■■■■■■■■■■■■■■■■■■■■■■■■■■■■■■■■                                        |  50% of 2.3 MiB
2025-12-23T01:53:31.0050980Z |■■■■■■■■■■■■■■■■■■■■■■■■■■■■■■■■■■■■■■■■■■■■■■■■                                |  60% of 2.3 MiB
2025-12-23T01:53:31.0088417Z |■■■■■■■■■■■■■■■■■■■■■■■■■■■■■■■■■■■■■■■■■■■■■■■■■■■■■■■■                        |  70% of 2.3 MiB
2025-12-23T01:53:31.0126274Z |■■■■■■■■■■■■■■■■■■■■■■■■■■■■■■■■■■■■■■■■■■■■■■■■■■■■■■■■■■■■■■■■                |  80% of 2.3 MiB
2025-12-23T01:53:31.0170579Z |■■■■■■■■■■■■■■■■■■■■■■■■■■■■■■■■■■■■■■■■■■■■■■■■■■■■■■■■■■■■■■■■■■■■■■■■        |  90% of 2.3 MiB
2025-12-23T01:53:31.0211851Z |■■■■■■■■■■■■■■■■■■■■■■■■■■■■■■■■■■■■■■■■■■■■■■■■■■■■■■■■■■■■■■■■■■■■■■■■■■■■■■■■| 100% of 2.3 MiB
2025-12-23T01:53:31.1282035Z FFMPEG playwright build v1011 downloaded to /home/runner/.cache/ms-playwright/ffmpeg-1011
2025-12-23T01:53:31.1291880Z Downloading Chromium Headless Shell 143.0.7499.4 (playwright build v1200) from https://cdn.playwright.dev/dbazure/download/playwright/builds/chromium/1200/chromium-headless-shell-linux.zip
2025-12-23T01:53:31.5198736Z |                                                                                |   0% of 109.7 MiB
2025-12-23T01:53:31.7212379Z |■■■■■■■■                                                                        |  10% of 109.7 MiB
2025-12-23T01:53:31.8331810Z |■■■■■■■■■■■■■■■■                                                                |  20% of 109.7 MiB
2025-12-23T01:53:31.9394685Z |■■■■■■■■■■■■■■■■■■■■■■■■                                                        |  30% of 109.7 MiB
2025-12-23T01:53:32.0259587Z |■■■■■■■■■■■■■■■■■■■■■■■■■■■■■■■■                                                |  40% of 109.7 MiB
2025-12-23T01:53:32.1085441Z |■■■■■■■■■■■■■■■■■■■■■■■■■■■■■■■■■■■■■■■■                                        |  50% of 109.7 MiB
2025-12-23T01:53:32.1884164Z |■■■■■■■■■■■■■■■■■■■■■■■■■■■■■■■■■■■■■■■■■■■■■■■■                                |  60% of 109.7 MiB
2025-12-23T01:53:32.2694564Z |■■■■■■■■■■■■■■■■■■■■■■■■■■■■■■■■■■■■■■■■■■■■■■■■■■■■■■■■                        |  70% of 109.7 MiB
2025-12-23T01:53:32.3439936Z |■■■■■■■■■■■■■■■■■■■■■■■■■■■■■■■■■■■■■■■■■■■■■■■■■■■■■■■■■■■■■■■■                |  80% of 109.7 MiB
2025-12-23T01:53:32.4204061Z |■■■■■■■■■■■■■■■■■■■■■■■■■■■■■■■■■■■■■■■■■■■■■■■■■■■■■■■■■■■■■■■■■■■■■■■■        |  90% of 109.7 MiB
2025-12-23T01:53:32.4891983Z |■■■■■■■■■■■■■■■■■■■■■■■■■■■■■■■■■■■■■■■■■■■■■■■■■■■■■■■■■■■■■■■■■■■■■■■■■■■■■■■■| 100% of 109.7 MiB
2025-12-23T01:53:35.3739878Z Chromium Headless Shell 143.0.7499.4 (playwright build v1200) downloaded to /home/runner/.cache/ms-playwright/chromium_headless_shell-1200
2025-12-23T01:53:35.3950913Z ##[group]Run npx playwright test
2025-12-23T01:53:35.3951388Z [36;1mnpx playwright test[0m
2025-12-23T01:53:35.3992226Z shell: /usr/bin/bash -e {0}
2025-12-23T01:53:35.3992603Z env:
2025-12-23T01:53:35.3992888Z   REDIAI_MODE: mock
2025-12-23T01:53:35.3993697Z   DATABASE_URL: ***localhost:5432/postgres
2025-12-23T01:53:35.3994299Z   pythonLocation: /opt/hostedtoolcache/Python/3.11.14/x64
2025-12-23T01:53:35.3995014Z   PKG_CONFIG_PATH: /opt/hostedtoolcache/Python/3.11.14/x64/lib/pkgconfig
2025-12-23T01:53:35.3995713Z   Python_ROOT_DIR: /opt/hostedtoolcache/Python/3.11.14/x64
2025-12-23T01:53:35.3996339Z   Python2_ROOT_DIR: /opt/hostedtoolcache/Python/3.11.14/x64
2025-12-23T01:53:35.3997069Z   Python3_ROOT_DIR: /opt/hostedtoolcache/Python/3.11.14/x64
2025-12-23T01:53:35.3997739Z   LD_LIBRARY_PATH: /opt/hostedtoolcache/Python/3.11.14/x64/lib
2025-12-23T01:53:35.3998263Z ##[endgroup]
2025-12-23T01:53:37.5614590Z [WebServer] INFO:     Started server process [3415]
2025-12-23T01:53:37.5618116Z [WebServer] INFO:     Waiting for application startup.
2025-12-23T01:53:37.5620646Z [WebServer] INFO:     Application startup complete.
2025-12-23T01:53:37.5621236Z [WebServer] INFO:     Uvicorn running on http://127.0.0.1:8000 (Press CTRL+C to quit)
2025-12-23T01:53:38.2984029Z
2025-12-23T01:53:38.2988793Z Running 7 tests using 1 worker
2025-12-23T01:53:44.5010599Z ·······
2025-12-23T01:53:44.5012645Z   7 passed (7.7s)
2025-12-23T01:53:44.5493630Z ##[group]Run actions/upload-artifact@6f51ac03b9356f520e9adb1b1b7802705f340c2b
2025-12-23T01:53:44.5494009Z with:
2025-12-23T01:53:44.5494187Z   name: playwright-report
2025-12-23T01:53:44.5494416Z   path: e2e/playwright-report/
2025-12-23T01:53:44.5494629Z   retention-days: 7
2025-12-23T01:53:44.5494837Z   if-no-files-found: warn
2025-12-23T01:53:44.5495032Z   compression-level: 6
2025-12-23T01:53:44.5495216Z   overwrite: false
2025-12-23T01:53:44.5495396Z   include-hidden-files: false
2025-12-23T01:53:44.5495597Z env:
2025-12-23T01:53:44.5495742Z   REDIAI_MODE: mock
2025-12-23T01:53:44.5496207Z   DATABASE_URL: ***localhost:5432/postgres
2025-12-23T01:53:44.5496522Z   pythonLocation: /opt/hostedtoolcache/Python/3.11.14/x64
2025-12-23T01:53:44.5496919Z   PKG_CONFIG_PATH: /opt/hostedtoolcache/Python/3.11.14/x64/lib/pkgconfig
2025-12-23T01:53:44.5497299Z   Python_ROOT_DIR: /opt/hostedtoolcache/Python/3.11.14/x64
2025-12-23T01:53:44.5497661Z   Python2_ROOT_DIR: /opt/hostedtoolcache/Python/3.11.14/x64
2025-12-23T01:53:44.5497998Z   Python3_ROOT_DIR: /opt/hostedtoolcache/Python/3.11.14/x64
2025-12-23T01:53:44.5498336Z   LD_LIBRARY_PATH: /opt/hostedtoolcache/Python/3.11.14/x64/lib
2025-12-23T01:53:44.5498625Z ##[endgroup]
2025-12-23T01:53:44.7842182Z With the provided path, there will be 1 file uploaded
2025-12-23T01:53:44.7853564Z Artifact name is valid!
2025-12-23T01:53:44.7857726Z Root directory input is valid!
2025-12-23T01:53:45.0333959Z Beginning upload of artifact content to blob storage
2025-12-23T01:53:45.4814751Z Uploaded bytes 199541
2025-12-23T01:53:45.5517850Z Finished uploading artifact content to blob storage!
2025-12-23T01:53:45.5520723Z SHA256 hash of uploaded artifact zip is 1b6fa64255853cf904806af35f16368c0617de61cb1f84d9244483ea748fb206
2025-12-23T01:53:45.5523241Z Finalizing artifact upload
2025-12-23T01:53:45.6964211Z Artifact playwright-report.zip successfully finalized. Artifact ID 4949080677
2025-12-23T01:53:45.6965503Z Artifact playwright-report has been successfully uploaded! Final size is 199541 bytes. Artifact ID is 4949080677
2025-12-23T01:53:45.6966875Z Artifact download URL: https://github.com/m-cahill/tunix-rt/actions/runs/20449012631/artifacts/4949080677
2025-12-23T01:53:45.7111842Z Post job cleanup.
2025-12-23T01:53:45.8755504Z Post job cleanup.
2025-12-23T01:53:46.0503630Z [command]/usr/bin/tar --posix -cf cache.tzst --exclude cache.tzst -P -C /home/runner/work/tunix-rt/tunix-rt --files-from manifest.txt --use-compress-program zstdmt
2025-12-23T01:53:46.2874231Z ##[warning]Failed to save: <h2>Our services aren't available right now</h2><p>We're working to restore all services as soon as possible. Please check back soon.</p>0KvZJaQAAAAByuzgfXICYQZov+yD+PxIkUEhYMzFFREdFMDYxNQBFZGdl
2025-12-23T01:53:46.3133828Z Post job cleanup.
2025-12-23T01:53:46.4277284Z [command]/usr/bin/git version
2025-12-23T01:53:46.4318175Z git version 2.52.0
2025-12-23T01:53:46.4364917Z Temporarily overriding HOME='/home/runner/work/_temp/b865a387-c6e6-4296-91b1-1d67213892a2' before making global git config changes
2025-12-23T01:53:46.4367613Z Adding repository directory to the temporary git global config as a safe directory
2025-12-23T01:53:46.4382187Z [command]/usr/bin/git config --global --add safe.directory /home/runner/work/tunix-rt/tunix-rt
2025-12-23T01:53:46.4420122Z [command]/usr/bin/git config --local --name-only --get-regexp core\.sshCommand
2025-12-23T01:53:46.4457274Z [command]/usr/bin/git submodule foreach --recursive sh -c "git config --local --name-only --get-regexp 'core\.sshCommand' && git config --local --unset-all 'core.sshCommand' || :"
2025-12-23T01:53:46.4700791Z [command]/usr/bin/git config --local --name-only --get-regexp http\.https\:\/\/github\.com\/\.extraheader
2025-12-23T01:53:46.4724126Z http.https://github.com/.extraheader
2025-12-23T01:53:46.4739272Z [command]/usr/bin/git config --local --unset-all http.https://github.com/.extraheader
2025-12-23T01:53:46.4774141Z [command]/usr/bin/git submodule foreach --recursive sh -c "git config --local --name-only --get-regexp 'http\.https\:\/\/github\.com\/\.extraheader' && git config --local --unset-all 'http.https://github.com/.extraheader' || :"
2025-12-23T01:53:46.5104266Z Print service container logs: 768233ce554b4bf08fd9a4570c177fea_postgres15alpine_8e87e5
2025-12-23T01:53:46.5108805Z ##[command]/usr/bin/docker logs --details f527ef7522ba675b72620f4cba37ada6c0c583684d1167c49b4cd824f997d724
2025-12-23T01:53:46.5246079Z  sh: locale: not found
2025-12-23T01:53:46.5246687Z  The files belonging to this database system will be owned by user "postgres".
2025-12-23T01:53:46.5247502Z  2025-12-23 01:52:12.882 UTC [34] WARNING:  no usable system locales were found
2025-12-23T01:53:46.5248209Z  initdb: warning: enabling "trust" authentication for local connections
2025-12-23T01:53:46.5249543Z  initdb: hint: You can change this by editing pg_hba.conf or using the option -A, or --auth-local and --auth-host, the next time you run initdb.
2025-12-23T01:53:46.5250825Z  2025-12-23 01:52:13.694 UTC [1] LOG:  starting PostgreSQL 15.15 on x86_64-pc-linux-musl, compiled by gcc (Alpine 15.2.0) 15.2.0, 64-bit
2025-12-23T01:53:46.5251823Z  2025-12-23 01:52:13.694 UTC [1] LOG:  listening on IPv4 address "0.0.0.0", port 5432
2025-12-23T01:53:46.5252502Z  2025-12-23 01:52:13.694 UTC [1] LOG:  listening on IPv6 address "::", port 5432
2025-12-23T01:53:46.5253544Z  2025-12-23 01:52:13.696 UTC [1] LOG:  listening on Unix socket "/var/run/postgresql/.s.PGSQL.5432"
2025-12-23T01:53:46.5254370Z  2025-12-23 01:52:13.699 UTC [54] LOG:  database system was shut down at 2025-12-23 01:52:13 UTC
2025-12-23T01:53:46.5255112Z  2025-12-23 01:52:13.703 UTC [1] LOG:  database system is ready to accept connections
2025-12-23T01:53:46.5255757Z  2025-12-23 01:52:22.433 UTC [64] FATAL:  role "root" does not exist
2025-12-23T01:53:46.5256324Z  2025-12-23 01:52:32.502 UTC [70] FATAL:  role "root" does not exist
2025-12-23T01:53:46.5256878Z  2025-12-23 01:52:42.561 UTC [77] FATAL:  role "root" does not exist
2025-12-23T01:53:46.5257439Z  2025-12-23 01:52:52.626 UTC [86] FATAL:  role "root" does not exist
2025-12-23T01:53:46.5257994Z  2025-12-23 01:53:02.681 UTC [93] FATAL:  role "root" does not exist
2025-12-23T01:53:46.5258577Z  2025-12-23 01:53:12.725 UTC [100] FATAL:  role "root" does not exist
2025-12-23T01:53:46.5259336Z  2025-12-23 01:53:22.783 UTC [108] FATAL:  role "root" does not exist
2025-12-23T01:53:46.5259911Z  2025-12-23 01:53:32.843 UTC [114] FATAL:  role "root" does not exist
2025-12-23T01:53:46.5260486Z  2025-12-23 01:53:42.916 UTC [121] FATAL:  role "root" does not exist
2025-12-23T01:53:46.5261006Z  This user must also own the server process.
2025-12-23T01:53:46.5261885Z
2025-12-23T01:53:46.5262318Z  The database cluster will be initialized with locale "en_US.utf8".
2025-12-23T01:53:46.5263197Z  The default database encoding has accordingly been set to "UTF8".
2025-12-23T01:53:46.5263804Z  The default text search configuration will be set to "english".
2025-12-23T01:53:46.5264251Z
2025-12-23T01:53:46.5264525Z  Data page checksums are disabled.
2025-12-23T01:53:46.5264899Z
2025-12-23T01:53:46.5265560Z  fixing permissions on existing directory /var/lib/postgresql/data ... ok
2025-12-23T01:53:46.5266345Z  creating subdirectories ... ok
2025-12-23T01:53:46.5266970Z  selecting dynamic shared memory implementation ... posix
2025-12-23T01:53:46.5267566Z  selecting default max_connections ... 100
2025-12-23T01:53:46.5268021Z  selecting default shared_buffers ... 128MB
2025-12-23T01:53:46.5268458Z  selecting default time zone ... UTC
2025-12-23T01:53:46.5268730Z  creating configuration files ... ok
2025-12-23T01:53:46.5269145Z  running bootstrap script ... ok
2025-12-23T01:53:46.5269500Z  performing post-bootstrap initialization ... ok
2025-12-23T01:53:46.5269784Z  syncing data to disk ... ok
2025-12-23T01:53:46.5269982Z
2025-12-23T01:53:46.5270127Z
2025-12-23T01:53:46.5270325Z  Success. You can now start the database server using:
2025-12-23T01:53:46.5270589Z
2025-12-23T01:53:46.5270795Z      pg_ctl -D /var/lib/postgresql/data -l logfile start
2025-12-23T01:53:46.5271052Z
2025-12-23T01:53:46.5271783Z  waiting for server to start....2025-12-23 01:52:13.472 UTC [40] LOG:  starting PostgreSQL 15.15 on x86_64-pc-linux-musl, compiled by gcc (Alpine 15.2.0) 15.2.0, 64-bit
2025-12-23T01:53:46.5272482Z  2025-12-23 01:52:13.473 UTC [40] LOG:  listening on Unix socket "/var/run/postgresql/.s.PGSQL.5432"
2025-12-23T01:53:46.5272971Z  2025-12-23 01:52:13.476 UTC [43] LOG:  database system was shut down at 2025-12-23 01:52:13 UTC
2025-12-23T01:53:46.5273410Z  2025-12-23 01:52:13.480 UTC [40] LOG:  database system is ready to accept connections
2025-12-23T01:53:46.5273729Z   done
2025-12-23T01:53:46.5273888Z  server started
2025-12-23T01:53:46.5274053Z
2025-12-23T01:53:46.5274337Z  /usr/local/bin/docker-entrypoint.sh: ignoring /docker-entrypoint-initdb.d/*
2025-12-23T01:53:46.5274694Z
2025-12-23T01:53:46.5274994Z  waiting for server to shut down...2025-12-23 01:52:13.573 UTC [40] LOG:  received fast shutdown request
2025-12-23T01:53:46.5275449Z  .2025-12-23 01:52:13.574 UTC [40] LOG:  aborting any active transactions
2025-12-23T01:53:46.5275946Z  2025-12-23 01:52:13.578 UTC [40] LOG:  background worker "logical replication launcher" (PID 46) exited with exit code 1
2025-12-23T01:53:46.5276398Z  2025-12-23 01:52:13.579 UTC [41] LOG:  shutting down
2025-12-23T01:53:46.5276858Z  2025-12-23 01:52:13.580 UTC [41] LOG:  checkpoint starting: shutdown immediate
2025-12-23T01:53:46.5277659Z  2025-12-23 01:52:13.584 UTC [41] LOG:  checkpoint complete: wrote 3 buffers (0.0%); 0 WAL file(s) added, 0 removed, 0 recycled; write=0.002 s, sync=0.001 s, total=0.005 s; sync files=2, longest=0.001 s, average=0.001 s; distance=0 kB, estimate=0 kB
2025-12-23T01:53:46.5278438Z  2025-12-23 01:52:13.588 UTC [40] LOG:  database system is shut down
2025-12-23T01:53:46.5278714Z   done
2025-12-23T01:53:46.5278870Z  server stopped
2025-12-23T01:53:46.5279214Z
2025-12-23T01:53:46.5279567Z  PostgreSQL init process complete; ready for start up.
2025-12-23T01:53:46.5279841Z
2025-12-23T01:53:46.5285331Z Stop and remove container: 768233ce554b4bf08fd9a4570c177fea_postgres15alpine_8e87e5
2025-12-23T01:53:46.5290192Z ##[command]/usr/bin/docker rm --force f527ef7522ba675b72620f4cba37ada6c0c583684d1167c49b4cd824f997d724
2025-12-23T01:53:49.1658760Z f527ef7522ba675b72620f4cba37ada6c0c583684d1167c49b4cd824f997d724
2025-12-23T01:53:49.1687964Z Remove container network: github_network_845c5d11bcb84d0f82d3b1b3a1a17721
2025-12-23T01:53:49.1692484Z ##[command]/usr/bin/docker network rm github_network_845c5d11bcb84d0f82d3b1b3a1a17721
2025-12-23T01:53:49.2497544Z github_network_845c5d11bcb84d0f82d3b1b3a1a17721
2025-12-23T01:53:49.2556642Z Cleaning up orphan processes
