2025-12-23T21:28:54.2953511Z Current runner version: '2.330.0'
2025-12-23T21:28:54.3027616Z ##[group]Runner Image Provisioner
2025-12-23T21:28:54.3028985Z Hosted Compute Agent
2025-12-23T21:28:54.3029929Z Version: 20251211.462
2025-12-23T21:28:54.3030887Z Commit: 6cbad8c2bb55d58165063d031ccabf57e2d2db61
2025-12-23T21:28:54.3032227Z Build Date: 2025-12-11T16:28:49Z
2025-12-23T21:28:54.3033283Z Worker ID: {e6198d03-679c-449b-886d-3b16620bc5be}
2025-12-23T21:28:54.3034421Z ##[endgroup]
2025-12-23T21:28:54.3035376Z ##[group]Operating System
2025-12-23T21:28:54.3058178Z Ubuntu
2025-12-23T21:28:54.3059055Z 24.04.3
2025-12-23T21:28:54.3059869Z LTS
2025-12-23T21:28:54.3060666Z ##[endgroup]
2025-12-23T21:28:54.3061579Z ##[group]Runner Image
2025-12-23T21:28:54.3062614Z Image: ubuntu-24.04
2025-12-23T21:28:54.3063475Z Version: 20251215.174.1
2025-12-23T21:28:54.3065424Z Included Software: https://github.com/actions/runner-images/blob/ubuntu24/20251215.174/images/ubuntu/Ubuntu2404-Readme.md
2025-12-23T21:28:54.3078510Z Image Release: https://github.com/actions/runner-images/releases/tag/ubuntu24%2F20251215.174
2025-12-23T21:28:54.3080389Z ##[endgroup]
2025-12-23T21:28:54.3081934Z ##[group]GITHUB_TOKEN Permissions
2025-12-23T21:28:54.3084491Z Contents: read
2025-12-23T21:28:54.3085431Z Metadata: read
2025-12-23T21:28:54.3106666Z ##[endgroup]
2025-12-23T21:28:54.3109800Z Secret source: Actions
2025-12-23T21:28:54.3110922Z Prepare workflow directory
2025-12-23T21:28:54.4038106Z Prepare all required actions
2025-12-23T21:28:54.4093906Z Getting action download info
2025-12-23T21:28:54.7537239Z Download action repository 'actions/checkout@11bd71901bbe5b1630ceea73d27597364c9af683' (SHA:11bd71901bbe5b1630ceea73d27597364c9af683)
2025-12-23T21:28:54.8985450Z Download action repository 'actions/setup-python@0b93645e9fea7318ecaed2b359559ac225c90a2b' (SHA:0b93645e9fea7318ecaed2b359559ac225c90a2b)
2025-12-23T21:28:55.0736370Z Download action repository 'actions/cache@1bd1e32a3bdc45362d1e726936510720a7c30a57' (SHA:1bd1e32a3bdc45362d1e726936510720a7c30a57)
2025-12-23T21:28:55.2362769Z Download action repository 'actions/upload-artifact@6f51ac03b9356f520e9adb1b1b7802705f340c2b' (SHA:6f51ac03b9356f520e9adb1b1b7802705f340c2b)
2025-12-23T21:28:55.5033462Z Complete job name: security-backend
2025-12-23T21:28:55.5695606Z ##[group]Run actions/checkout@11bd71901bbe5b1630ceea73d27597364c9af683
2025-12-23T21:28:55.5696786Z with:
2025-12-23T21:28:55.5697213Z   repository: m-cahill/tunix-rt
2025-12-23T21:28:55.5697830Z   token: ***
2025-12-23T21:28:55.5698207Z   ssh-strict: true
2025-12-23T21:28:55.5698577Z   ssh-user: git
2025-12-23T21:28:55.5698969Z   persist-credentials: true
2025-12-23T21:28:55.5699396Z   clean: true
2025-12-23T21:28:55.5699789Z   sparse-checkout-cone-mode: true
2025-12-23T21:28:55.5700240Z   fetch-depth: 1
2025-12-23T21:28:55.5700612Z   fetch-tags: false
2025-12-23T21:28:55.5700993Z   show-progress: true
2025-12-23T21:28:55.5701385Z   lfs: false
2025-12-23T21:28:55.5701743Z   submodules: false
2025-12-23T21:28:55.5702123Z   set-safe-directory: true
2025-12-23T21:28:55.5702765Z ##[endgroup]
2025-12-23T21:28:55.6820011Z Syncing repository: m-cahill/tunix-rt
2025-12-23T21:28:55.6822414Z ##[group]Getting Git version info
2025-12-23T21:28:55.6823587Z Working directory is '/home/runner/work/tunix-rt/tunix-rt'
2025-12-23T21:28:55.6825212Z [command]/usr/bin/git version
2025-12-23T21:28:55.6905113Z git version 2.52.0
2025-12-23T21:28:55.6932380Z ##[endgroup]
2025-12-23T21:28:55.6950218Z Temporarily overriding HOME='/home/runner/work/_temp/712b38f7-5b70-4d0e-bebc-e8cbf4910c73' before making global git config changes
2025-12-23T21:28:55.6955084Z Adding repository directory to the temporary git global config as a safe directory
2025-12-23T21:28:55.6968333Z [command]/usr/bin/git config --global --add safe.directory /home/runner/work/tunix-rt/tunix-rt
2025-12-23T21:28:55.7009281Z Deleting the contents of '/home/runner/work/tunix-rt/tunix-rt'
2025-12-23T21:28:55.7014183Z ##[group]Initializing the repository
2025-12-23T21:28:55.7020473Z [command]/usr/bin/git init /home/runner/work/tunix-rt/tunix-rt
2025-12-23T21:28:55.7130095Z hint: Using 'master' as the name for the initial branch. This default branch name
2025-12-23T21:28:55.7131972Z hint: will change to "main" in Git 3.0. To configure the initial branch name
2025-12-23T21:28:55.7133483Z hint: to use in all of your new repositories, which will suppress this warning,
2025-12-23T21:28:55.7134679Z hint: call:
2025-12-23T21:28:55.7135278Z hint:
2025-12-23T21:28:55.7136413Z hint: 	git config --global init.defaultBranch <name>
2025-12-23T21:28:55.7137330Z hint:
2025-12-23T21:28:55.7138202Z hint: Names commonly chosen instead of 'master' are 'main', 'trunk' and
2025-12-23T21:28:55.7139823Z hint: 'development'. The just-created branch can be renamed via this command:
2025-12-23T21:28:55.7141088Z hint:
2025-12-23T21:28:55.7141781Z hint: 	git branch -m <name>
2025-12-23T21:28:55.7142544Z hint:
2025-12-23T21:28:55.7143588Z hint: Disable this message with "git config set advice.defaultBranchName false"
2025-12-23T21:28:55.7146940Z Initialized empty Git repository in /home/runner/work/tunix-rt/tunix-rt/.git/
2025-12-23T21:28:55.7152877Z [command]/usr/bin/git remote add origin https://github.com/m-cahill/tunix-rt
2025-12-23T21:28:55.7191958Z ##[endgroup]
2025-12-23T21:28:55.7193169Z ##[group]Disabling automatic garbage collection
2025-12-23T21:28:55.7195643Z [command]/usr/bin/git config --local gc.auto 0
2025-12-23T21:28:55.7234151Z ##[endgroup]
2025-12-23T21:28:55.7235348Z ##[group]Setting up auth
2025-12-23T21:28:55.7242925Z [command]/usr/bin/git config --local --name-only --get-regexp core\.sshCommand
2025-12-23T21:28:55.7275228Z [command]/usr/bin/git submodule foreach --recursive sh -c "git config --local --name-only --get-regexp 'core\.sshCommand' && git config --local --unset-all 'core.sshCommand' || :"
2025-12-23T21:28:55.7638326Z [command]/usr/bin/git config --local --name-only --get-regexp http\.https\:\/\/github\.com\/\.extraheader
2025-12-23T21:28:55.7670994Z [command]/usr/bin/git submodule foreach --recursive sh -c "git config --local --name-only --get-regexp 'http\.https\:\/\/github\.com\/\.extraheader' && git config --local --unset-all 'http.https://github.com/.extraheader' || :"
2025-12-23T21:28:55.7901022Z [command]/usr/bin/git config --local http.https://github.com/.extraheader AUTHORIZATION: basic ***
2025-12-23T21:28:55.7936110Z ##[endgroup]
2025-12-23T21:28:55.7938478Z ##[group]Fetching the repository
2025-12-23T21:28:55.7954747Z [command]/usr/bin/git -c protocol.version=2 fetch --no-tags --prune --no-recurse-submodules --depth=1 origin +ce538560284c18f462acd307ca887ea531b58a3f:refs/remotes/origin/main
2025-12-23T21:28:56.4862554Z From https://github.com/m-cahill/tunix-rt
2025-12-23T21:28:56.4866939Z  * [new ref]         ce538560284c18f462acd307ca887ea531b58a3f -> origin/main
2025-12-23T21:28:56.4896156Z ##[endgroup]
2025-12-23T21:28:56.4898789Z ##[group]Determining the checkout info
2025-12-23T21:28:56.4902263Z ##[endgroup]
2025-12-23T21:28:56.4908445Z [command]/usr/bin/git sparse-checkout disable
2025-12-23T21:28:56.4951280Z [command]/usr/bin/git config --local --unset-all extensions.worktreeConfig
2025-12-23T21:28:56.4982680Z ##[group]Checking out the ref
2025-12-23T21:28:56.4988109Z [command]/usr/bin/git checkout --progress --force -B main refs/remotes/origin/main
2025-12-23T21:28:56.6171666Z Switched to a new branch 'main'
2025-12-23T21:28:56.6176287Z branch 'main' set up to track 'origin/main'.
2025-12-23T21:28:56.6188549Z ##[endgroup]
2025-12-23T21:28:56.6229853Z [command]/usr/bin/git log -1 --format=%H
2025-12-23T21:28:56.6276939Z ce538560284c18f462acd307ca887ea531b58a3f
2025-12-23T21:28:56.6511933Z ##[group]Run actions/setup-python@0b93645e9fea7318ecaed2b359559ac225c90a2b
2025-12-23T21:28:56.6512766Z with:
2025-12-23T21:28:56.6513130Z   python-version: 3.11
2025-12-23T21:28:56.6513550Z   cache: pip
2025-12-23T21:28:56.6514002Z   cache-dependency-path: backend/pyproject.toml
2025-12-23T21:28:56.6514607Z   check-latest: false
2025-12-23T21:28:56.6515195Z   token: ***
2025-12-23T21:28:56.6515579Z   update-environment: true
2025-12-23T21:28:56.6516446Z   allow-prereleases: false
2025-12-23T21:28:56.6516892Z ##[endgroup]
2025-12-23T21:28:56.8099467Z ##[group]Installed versions
2025-12-23T21:28:56.8212043Z Successfully set up CPython (3.11.14)
2025-12-23T21:28:56.8214190Z ##[endgroup]
2025-12-23T21:28:56.8768257Z [command]/opt/hostedtoolcache/Python/3.11.14/x64/bin/pip cache dir
2025-12-23T21:28:58.6595273Z /home/runner/.cache/pip
2025-12-23T21:28:58.7564610Z ##[warning]Failed to restore: Cache service responded with 400
2025-12-23T21:28:58.7591735Z pip cache is not found
2025-12-23T21:28:58.7784303Z ##[group]Run python -m pip install -e ".[dev]"
2025-12-23T21:28:58.7784750Z [36;1mpython -m pip install -e ".[dev]"[0m
2025-12-23T21:28:58.7823585Z shell: /usr/bin/bash -e {0}
2025-12-23T21:28:58.7823885Z env:
2025-12-23T21:28:58.7824167Z   pythonLocation: /opt/hostedtoolcache/Python/3.11.14/x64
2025-12-23T21:28:58.7824636Z   PKG_CONFIG_PATH: /opt/hostedtoolcache/Python/3.11.14/x64/lib/pkgconfig
2025-12-23T21:28:58.7825079Z   Python_ROOT_DIR: /opt/hostedtoolcache/Python/3.11.14/x64
2025-12-23T21:28:58.7825479Z   Python2_ROOT_DIR: /opt/hostedtoolcache/Python/3.11.14/x64
2025-12-23T21:28:58.7825865Z   Python3_ROOT_DIR: /opt/hostedtoolcache/Python/3.11.14/x64
2025-12-23T21:28:58.7826427Z   LD_LIBRARY_PATH: /opt/hostedtoolcache/Python/3.11.14/x64/lib
2025-12-23T21:28:58.7826767Z ##[endgroup]
2025-12-23T21:28:59.8817353Z Obtaining file:///home/runner/work/tunix-rt/tunix-rt/backend
2025-12-23T21:28:59.8835743Z   Installing build dependencies: started
2025-12-23T21:29:00.7261193Z   Installing build dependencies: finished with status 'done'
2025-12-23T21:29:00.7265443Z   Checking if build backend supports build_editable: started
2025-12-23T21:29:01.0458996Z   Checking if build backend supports build_editable: finished with status 'done'
2025-12-23T21:29:01.0467572Z   Getting requirements to build editable: started
2025-12-23T21:29:01.3587033Z   Getting requirements to build editable: finished with status 'done'
2025-12-23T21:29:01.3596771Z   Preparing editable metadata (pyproject.toml): started
2025-12-23T21:29:01.5385460Z   Preparing editable metadata (pyproject.toml): finished with status 'done'
2025-12-23T21:29:01.6654531Z Collecting fastapi==0.125.0 (from tunix-rt-backend==0.1.0)
2025-12-23T21:29:01.7223731Z   Downloading fastapi-0.125.0-py3-none-any.whl.metadata (30 kB)
2025-12-23T21:29:01.7715256Z Collecting uvicorn==0.38.0 (from uvicorn[standard]==0.38.0->tunix-rt-backend==0.1.0)
2025-12-23T21:29:01.7796652Z   Downloading uvicorn-0.38.0-py3-none-any.whl.metadata (6.8 kB)
2025-12-23T21:29:01.8104652Z Collecting httpx==0.28.1 (from tunix-rt-backend==0.1.0)
2025-12-23T21:29:01.8156756Z   Downloading httpx-0.28.1-py3-none-any.whl.metadata (7.1 kB)
2025-12-23T21:29:01.9297242Z Collecting pydantic==2.12.5 (from tunix-rt-backend==0.1.0)
2025-12-23T21:29:01.9342956Z   Downloading pydantic-2.12.5-py3-none-any.whl.metadata (90 kB)
2025-12-23T21:29:01.9606845Z Collecting pydantic-settings==2.12.0 (from tunix-rt-backend==0.1.0)
2025-12-23T21:29:01.9650871Z   Downloading pydantic_settings-2.12.0-py3-none-any.whl.metadata (3.4 kB)
2025-12-23T21:29:02.2220498Z Collecting sqlalchemy==2.0.45 (from sqlalchemy[asyncio]==2.0.45->tunix-rt-backend==0.1.0)
2025-12-23T21:29:02.2267134Z   Downloading sqlalchemy-2.0.45-cp311-cp311-manylinux2014_x86_64.manylinux_2_17_x86_64.manylinux_2_28_x86_64.whl.metadata (9.5 kB)
2025-12-23T21:29:02.2550064Z Collecting alembic==1.17.2 (from tunix-rt-backend==0.1.0)
2025-12-23T21:29:02.2586269Z   Downloading alembic-1.17.2-py3-none-any.whl.metadata (7.2 kB)
2025-12-23T21:29:02.3152829Z Collecting asyncpg==0.31.0 (from tunix-rt-backend==0.1.0)
2025-12-23T21:29:02.3206784Z   Downloading asyncpg-0.31.0-cp311-cp311-manylinux2014_x86_64.manylinux_2_17_x86_64.manylinux_2_28_x86_64.whl.metadata (4.4 kB)
2025-12-23T21:29:02.3594141Z Collecting pyyaml==6.0.3 (from tunix-rt-backend==0.1.0)
2025-12-23T21:29:02.3628146Z   Downloading pyyaml-6.0.3-cp311-cp311-manylinux2014_x86_64.manylinux_2_17_x86_64.manylinux_2_28_x86_64.whl.metadata (2.4 kB)
2025-12-23T21:29:02.3772271Z Collecting prometheus-client==0.23.1 (from tunix-rt-backend==0.1.0)
2025-12-23T21:29:02.3804963Z   Downloading prometheus_client-0.23.1-py3-none-any.whl.metadata (1.9 kB)
2025-12-23T21:29:02.4149152Z Collecting pytest>=7.4.0 (from tunix-rt-backend==0.1.0)
2025-12-23T21:29:02.4185775Z   Downloading pytest-9.0.2-py3-none-any.whl.metadata (7.6 kB)
2025-12-23T21:29:02.4359960Z Collecting pytest-cov>=4.1.0 (from tunix-rt-backend==0.1.0)
2025-12-23T21:29:02.4395256Z   Downloading pytest_cov-7.0.0-py3-none-any.whl.metadata (31 kB)
2025-12-23T21:29:02.4614588Z Collecting pytest-asyncio>=0.21.0 (from tunix-rt-backend==0.1.0)
2025-12-23T21:29:02.4650470Z   Downloading pytest_asyncio-1.3.0-py3-none-any.whl.metadata (4.1 kB)
2025-12-23T21:29:02.8245082Z Collecting ruff>=0.1.0 (from tunix-rt-backend==0.1.0)
2025-12-23T21:29:02.8281607Z   Downloading ruff-0.14.10-py3-none-manylinux_2_17_x86_64.manylinux2014_x86_64.whl.metadata (26 kB)
2025-12-23T21:29:02.9278883Z Collecting mypy>=1.6.0 (from tunix-rt-backend==0.1.0)
2025-12-23T21:29:02.9326093Z   Downloading mypy-1.19.1-cp311-cp311-manylinux2014_x86_64.manylinux_2_17_x86_64.manylinux_2_28_x86_64.whl.metadata (2.2 kB)
2025-12-23T21:29:02.9564527Z Collecting types-PyYAML>=6.0.0 (from tunix-rt-backend==0.1.0)
2025-12-23T21:29:02.9599969Z   Downloading types_pyyaml-6.0.12.20250915-py3-none-any.whl.metadata (1.7 kB)
2025-12-23T21:29:02.9731314Z Collecting aiosqlite>=0.19.0 (from tunix-rt-backend==0.1.0)
2025-12-23T21:29:02.9768601Z   Downloading aiosqlite-0.22.1-py3-none-any.whl.metadata (4.3 kB)
2025-12-23T21:29:03.0044032Z Collecting Mako (from alembic==1.17.2->tunix-rt-backend==0.1.0)
2025-12-23T21:29:03.0082563Z   Downloading mako-1.3.10-py3-none-any.whl.metadata (2.9 kB)
2025-12-23T21:29:03.0249430Z Collecting typing-extensions>=4.12 (from alembic==1.17.2->tunix-rt-backend==0.1.0)
2025-12-23T21:29:03.0292289Z   Downloading typing_extensions-4.15.0-py3-none-any.whl.metadata (3.3 kB)
2025-12-23T21:29:03.0632107Z Collecting starlette<0.51.0,>=0.40.0 (from fastapi==0.125.0->tunix-rt-backend==0.1.0)
2025-12-23T21:29:03.0657478Z   Downloading starlette-0.50.0-py3-none-any.whl.metadata (6.3 kB)
2025-12-23T21:29:03.1327138Z Collecting annotated-doc>=0.0.2 (from fastapi==0.125.0->tunix-rt-backend==0.1.0)
2025-12-23T21:29:03.1366463Z   Downloading annotated_doc-0.0.4-py3-none-any.whl.metadata (6.6 kB)
2025-12-23T21:29:03.1487818Z Collecting annotated-types>=0.6.0 (from pydantic==2.12.5->tunix-rt-backend==0.1.0)
2025-12-23T21:29:03.1530267Z   Downloading annotated_types-0.7.0-py3-none-any.whl.metadata (15 kB)
2025-12-23T21:29:03.8074272Z Collecting pydantic-core==2.41.5 (from pydantic==2.12.5->tunix-rt-backend==0.1.0)
2025-12-23T21:29:03.8111403Z   Downloading pydantic_core-2.41.5-cp311-cp311-manylinux_2_17_x86_64.manylinux2014_x86_64.whl.metadata (7.3 kB)
2025-12-23T21:29:03.8257590Z Collecting typing-inspection>=0.4.2 (from pydantic==2.12.5->tunix-rt-backend==0.1.0)
2025-12-23T21:29:03.8299713Z   Downloading typing_inspection-0.4.2-py3-none-any.whl.metadata (2.6 kB)
2025-12-23T21:29:03.8511951Z Collecting anyio (from httpx==0.28.1->tunix-rt-backend==0.1.0)
2025-12-23T21:29:03.8551006Z   Downloading anyio-4.12.0-py3-none-any.whl.metadata (4.3 kB)
2025-12-23T21:29:03.8751253Z Collecting certifi (from httpx==0.28.1->tunix-rt-backend==0.1.0)
2025-12-23T21:29:03.8785536Z   Downloading certifi-2025.11.12-py3-none-any.whl.metadata (2.5 kB)
2025-12-23T21:29:03.9402364Z Collecting httpcore==1.* (from httpx==0.28.1->tunix-rt-backend==0.1.0)
2025-12-23T21:29:03.9437339Z   Downloading httpcore-1.0.9-py3-none-any.whl.metadata (21 kB)
2025-12-23T21:29:03.9590233Z Collecting idna (from httpx==0.28.1->tunix-rt-backend==0.1.0)
2025-12-23T21:29:03.9632381Z   Downloading idna-3.11-py3-none-any.whl.metadata (8.4 kB)
2025-12-23T21:29:04.0292312Z Collecting python-dotenv>=0.21.0 (from pydantic-settings==2.12.0->tunix-rt-backend==0.1.0)
2025-12-23T21:29:04.0330946Z   Downloading python_dotenv-1.2.1-py3-none-any.whl.metadata (25 kB)
2025-12-23T21:29:04.1542987Z Collecting greenlet>=1 (from sqlalchemy==2.0.45->sqlalchemy[asyncio]==2.0.45->tunix-rt-backend==0.1.0)
2025-12-23T21:29:04.1580718Z   Downloading greenlet-3.3.0-cp311-cp311-manylinux_2_24_x86_64.manylinux_2_28_x86_64.whl.metadata (4.1 kB)
2025-12-23T21:29:04.1827908Z Collecting click>=7.0 (from uvicorn==0.38.0->uvicorn[standard]==0.38.0->tunix-rt-backend==0.1.0)
2025-12-23T21:29:04.1860625Z   Downloading click-8.3.1-py3-none-any.whl.metadata (2.6 kB)
2025-12-23T21:29:04.1983196Z Collecting h11>=0.8 (from uvicorn==0.38.0->uvicorn[standard]==0.38.0->tunix-rt-backend==0.1.0)
2025-12-23T21:29:04.2021313Z   Downloading h11-0.16.0-py3-none-any.whl.metadata (8.3 kB)
2025-12-23T21:29:04.2336649Z Collecting httptools>=0.6.3 (from uvicorn[standard]==0.38.0->tunix-rt-backend==0.1.0)
2025-12-23T21:29:04.2379127Z   Downloading httptools-0.7.1-cp311-cp311-manylinux1_x86_64.manylinux_2_28_x86_64.manylinux_2_5_x86_64.whl.metadata (3.5 kB)
2025-12-23T21:29:04.2825670Z Collecting uvloop>=0.15.1 (from uvicorn[standard]==0.38.0->tunix-rt-backend==0.1.0)
2025-12-23T21:29:04.2864031Z   Downloading uvloop-0.22.1-cp311-cp311-manylinux2014_x86_64.manylinux_2_17_x86_64.manylinux_2_28_x86_64.whl.metadata (4.9 kB)
2025-12-23T21:29:04.3607531Z Collecting watchfiles>=0.13 (from uvicorn[standard]==0.38.0->tunix-rt-backend==0.1.0)
2025-12-23T21:29:04.3644360Z   Downloading watchfiles-1.1.1-cp311-cp311-manylinux_2_17_x86_64.manylinux2014_x86_64.whl.metadata (4.9 kB)
2025-12-23T21:29:04.4472528Z Collecting websockets>=10.4 (from uvicorn[standard]==0.38.0->tunix-rt-backend==0.1.0)
2025-12-23T21:29:04.4514248Z   Downloading websockets-15.0.1-cp311-cp311-manylinux_2_5_x86_64.manylinux1_x86_64.manylinux_2_17_x86_64.manylinux2014_x86_64.whl.metadata (6.8 kB)
2025-12-23T21:29:04.4854899Z Collecting mypy_extensions>=1.0.0 (from mypy>=1.6.0->tunix-rt-backend==0.1.0)
2025-12-23T21:29:04.4891469Z   Downloading mypy_extensions-1.1.0-py3-none-any.whl.metadata (1.1 kB)
2025-12-23T21:29:04.5013599Z Collecting pathspec>=0.9.0 (from mypy>=1.6.0->tunix-rt-backend==0.1.0)
2025-12-23T21:29:04.5065152Z   Downloading pathspec-0.12.1-py3-none-any.whl.metadata (21 kB)
2025-12-23T21:29:04.5871767Z Collecting librt>=0.6.2 (from mypy>=1.6.0->tunix-rt-backend==0.1.0)
2025-12-23T21:29:04.5912823Z   Downloading librt-0.7.4-cp311-cp311-manylinux2014_x86_64.manylinux_2_17_x86_64.manylinux_2_28_x86_64.whl.metadata (1.3 kB)
2025-12-23T21:29:04.6056614Z Collecting iniconfig>=1.0.1 (from pytest>=7.4.0->tunix-rt-backend==0.1.0)
2025-12-23T21:29:04.6089891Z   Downloading iniconfig-2.3.0-py3-none-any.whl.metadata (2.5 kB)
2025-12-23T21:29:04.6247309Z Collecting packaging>=22 (from pytest>=7.4.0->tunix-rt-backend==0.1.0)
2025-12-23T21:29:04.6324743Z   Downloading packaging-25.0-py3-none-any.whl.metadata (3.3 kB)
2025-12-23T21:29:04.6455476Z Collecting pluggy<2,>=1.5 (from pytest>=7.4.0->tunix-rt-backend==0.1.0)
2025-12-23T21:29:04.6489757Z   Downloading pluggy-1.6.0-py3-none-any.whl.metadata (4.8 kB)
2025-12-23T21:29:04.6695291Z Collecting pygments>=2.7.2 (from pytest>=7.4.0->tunix-rt-backend==0.1.0)
2025-12-23T21:29:04.6729818Z   Downloading pygments-2.19.2-py3-none-any.whl.metadata (2.5 kB)
2025-12-23T21:29:05.0855304Z Collecting coverage>=7.10.6 (from coverage[toml]>=7.10.6->pytest-cov>=4.1.0->tunix-rt-backend==0.1.0)
2025-12-23T21:29:05.0895275Z   Downloading coverage-7.13.0-cp311-cp311-manylinux1_x86_64.manylinux_2_28_x86_64.manylinux_2_5_x86_64.whl.metadata (8.5 kB)
2025-12-23T21:29:05.1728774Z Collecting MarkupSafe>=0.9.2 (from Mako->alembic==1.17.2->tunix-rt-backend==0.1.0)
2025-12-23T21:29:05.1764219Z   Downloading markupsafe-3.0.3-cp311-cp311-manylinux2014_x86_64.manylinux_2_17_x86_64.manylinux_2_28_x86_64.whl.metadata (2.7 kB)
2025-12-23T21:29:05.1857040Z Downloading alembic-1.17.2-py3-none-any.whl (248 kB)
2025-12-23T21:29:05.1991969Z Downloading asyncpg-0.31.0-cp311-cp311-manylinux2014_x86_64.manylinux_2_17_x86_64.manylinux_2_28_x86_64.whl (3.0 MB)
2025-12-23T21:29:05.2233064Z    ━━━━━━━━━━━━━━━━━━━━━━━━━━━━━━━━━━━━━━━━ 3.0/3.0 MB 129.4 MB/s  0:00:00
2025-12-23T21:29:05.2273520Z Downloading fastapi-0.125.0-py3-none-any.whl (112 kB)
2025-12-23T21:29:05.2338751Z Downloading pydantic-2.12.5-py3-none-any.whl (463 kB)
2025-12-23T21:29:05.2418776Z Downloading httpx-0.28.1-py3-none-any.whl (73 kB)
2025-12-23T21:29:05.2480740Z Downloading prometheus_client-0.23.1-py3-none-any.whl (61 kB)
2025-12-23T21:29:05.2543452Z Downloading pydantic_core-2.41.5-cp311-cp311-manylinux_2_17_x86_64.manylinux2014_x86_64.whl (2.1 MB)
2025-12-23T21:29:05.2710396Z    ━━━━━━━━━━━━━━━━━━━━━━━━━━━━━━━━━━━━━━━━ 2.1/2.1 MB 130.3 MB/s  0:00:00
2025-12-23T21:29:05.2744099Z Downloading pydantic_settings-2.12.0-py3-none-any.whl (51 kB)
2025-12-23T21:29:05.2801216Z Downloading pyyaml-6.0.3-cp311-cp311-manylinux2014_x86_64.manylinux_2_17_x86_64.manylinux_2_28_x86_64.whl (806 kB)
2025-12-23T21:29:05.2884844Z    ━━━━━━━━━━━━━━━━━━━━━━━━━━━━━━━━━━━━━━━━ 806.6/806.6 kB 110.6 MB/s  0:00:00
2025-12-23T21:29:05.2929253Z Downloading sqlalchemy-2.0.45-cp311-cp311-manylinux2014_x86_64.manylinux_2_17_x86_64.manylinux_2_28_x86_64.whl (3.3 MB)
2025-12-23T21:29:05.3141896Z    ━━━━━━━━━━━━━━━━━━━━━━━━━━━━━━━━━━━━━━━━ 3.3/3.3 MB 163.9 MB/s  0:00:00
2025-12-23T21:29:05.3178029Z Downloading uvicorn-0.38.0-py3-none-any.whl (68 kB)
2025-12-23T21:29:05.3240816Z Downloading httpcore-1.0.9-py3-none-any.whl (78 kB)
2025-12-23T21:29:05.3305277Z Downloading starlette-0.50.0-py3-none-any.whl (74 kB)
2025-12-23T21:29:05.3365197Z Downloading anyio-4.12.0-py3-none-any.whl (113 kB)
2025-12-23T21:29:05.3426919Z Downloading aiosqlite-0.22.1-py3-none-any.whl (17 kB)
2025-12-23T21:29:05.3484731Z Downloading annotated_doc-0.0.4-py3-none-any.whl (5.3 kB)
2025-12-23T21:29:05.3538752Z Downloading annotated_types-0.7.0-py3-none-any.whl (13 kB)
2025-12-23T21:29:05.3594116Z Downloading click-8.3.1-py3-none-any.whl (108 kB)
2025-12-23T21:29:05.3672067Z Downloading greenlet-3.3.0-cp311-cp311-manylinux_2_24_x86_64.manylinux_2_28_x86_64.whl (590 kB)
2025-12-23T21:29:05.3738248Z    ━━━━━━━━━━━━━━━━━━━━━━━━━━━━━━━━━━━━━━━━ 590.2/590.2 kB 81.9 MB/s  0:00:00
2025-12-23T21:29:05.3773717Z Downloading h11-0.16.0-py3-none-any.whl (37 kB)
2025-12-23T21:29:05.3829756Z Downloading httptools-0.7.1-cp311-cp311-manylinux1_x86_64.manylinux_2_28_x86_64.manylinux_2_5_x86_64.whl (456 kB)
2025-12-23T21:29:05.3905746Z Downloading idna-3.11-py3-none-any.whl (71 kB)
2025-12-23T21:29:05.4011520Z Downloading mypy-1.19.1-cp311-cp311-manylinux2014_x86_64.manylinux_2_17_x86_64.manylinux_2_28_x86_64.whl (13.4 MB)
2025-12-23T21:29:05.4720102Z    ━━━━━━━━━━━━━━━━━━━━━━━━━━━━━━━━━━━━━━━━ 13.4/13.4 MB 193.4 MB/s  0:00:00
2025-12-23T21:29:05.4757388Z Downloading librt-0.7.4-cp311-cp311-manylinux2014_x86_64.manylinux_2_17_x86_64.manylinux_2_28_x86_64.whl (184 kB)
2025-12-23T21:29:05.4825425Z Downloading mypy_extensions-1.1.0-py3-none-any.whl (5.0 kB)
2025-12-23T21:29:05.4879022Z Downloading pathspec-0.12.1-py3-none-any.whl (31 kB)
2025-12-23T21:29:05.4938266Z Downloading pytest-9.0.2-py3-none-any.whl (374 kB)
2025-12-23T21:29:05.5007346Z Downloading pluggy-1.6.0-py3-none-any.whl (20 kB)
2025-12-23T21:29:05.5065765Z Downloading iniconfig-2.3.0-py3-none-any.whl (7.5 kB)
2025-12-23T21:29:05.5140308Z Downloading packaging-25.0-py3-none-any.whl (66 kB)
2025-12-23T21:29:05.5200613Z Downloading pygments-2.19.2-py3-none-any.whl (1.2 MB)
2025-12-23T21:29:05.5302728Z    ━━━━━━━━━━━━━━━━━━━━━━━━━━━━━━━━━━━━━━━━ 1.2/1.2 MB 122.6 MB/s  0:00:00
2025-12-23T21:29:05.5337754Z Downloading pytest_asyncio-1.3.0-py3-none-any.whl (15 kB)
2025-12-23T21:29:05.5394254Z Downloading pytest_cov-7.0.0-py3-none-any.whl (22 kB)
2025-12-23T21:29:05.5468885Z Downloading coverage-7.13.0-cp311-cp311-manylinux1_x86_64.manylinux_2_28_x86_64.manylinux_2_5_x86_64.whl (250 kB)
2025-12-23T21:29:05.5534531Z Downloading python_dotenv-1.2.1-py3-none-any.whl (21 kB)
2025-12-23T21:29:05.5601403Z Downloading ruff-0.14.10-py3-none-manylinux_2_17_x86_64.manylinux2014_x86_64.whl (14.2 MB)
2025-12-23T21:29:05.6248971Z    ━━━━━━━━━━━━━━━━━━━━━━━━━━━━━━━━━━━━━━━━ 14.2/14.2 MB 223.8 MB/s  0:00:00
2025-12-23T21:29:05.6287713Z Downloading types_pyyaml-6.0.12.20250915-py3-none-any.whl (20 kB)
2025-12-23T21:29:05.6344889Z Downloading typing_extensions-4.15.0-py3-none-any.whl (44 kB)
2025-12-23T21:29:05.6402122Z Downloading typing_inspection-0.4.2-py3-none-any.whl (14 kB)
2025-12-23T21:29:05.6462787Z Downloading uvloop-0.22.1-cp311-cp311-manylinux2014_x86_64.manylinux_2_17_x86_64.manylinux_2_28_x86_64.whl (3.8 MB)
2025-12-23T21:29:05.6686962Z    ━━━━━━━━━━━━━━━━━━━━━━━━━━━━━━━━━━━━━━━━ 3.8/3.8 MB 181.3 MB/s  0:00:00
2025-12-23T21:29:05.6727135Z Downloading watchfiles-1.1.1-cp311-cp311-manylinux_2_17_x86_64.manylinux2014_x86_64.whl (456 kB)
2025-12-23T21:29:05.6813331Z Downloading websockets-15.0.1-cp311-cp311-manylinux_2_5_x86_64.manylinux1_x86_64.manylinux_2_17_x86_64.manylinux2014_x86_64.whl (182 kB)
2025-12-23T21:29:05.6879186Z Downloading certifi-2025.11.12-py3-none-any.whl (159 kB)
2025-12-23T21:29:05.6940592Z Downloading mako-1.3.10-py3-none-any.whl (78 kB)
2025-12-23T21:29:05.7000036Z Downloading markupsafe-3.0.3-cp311-cp311-manylinux2014_x86_64.manylinux_2_17_x86_64.manylinux_2_28_x86_64.whl (22 kB)
2025-12-23T21:29:05.7720430Z Building wheels for collected packages: tunix-rt-backend
2025-12-23T21:29:05.7729202Z   Building editable for tunix-rt-backend (pyproject.toml): started
2025-12-23T21:29:05.9788970Z   Building editable for tunix-rt-backend (pyproject.toml): finished with status 'done'
2025-12-23T21:29:05.9794740Z   Created wheel for tunix-rt-backend: filename=tunix_rt_backend-0.1.0-0.editable-py3-none-any.whl size=3178 sha256=998d3a19c497e2fde070b88aa62456697978c720637d61874027851a43e64df1
2025-12-23T21:29:05.9797208Z   Stored in directory: /tmp/pip-ephem-wheel-cache-w123rvuc/wheels/6c/ee/47/0b2814d300ad026845dfa3996505f4a0f855be918f2df7eb34
2025-12-23T21:29:05.9815097Z Successfully built tunix-rt-backend
2025-12-23T21:29:06.0505731Z Installing collected packages: websockets, uvloop, typing-extensions, types-PyYAML, ruff, pyyaml, python-dotenv, pygments, prometheus-client, pluggy, pathspec, packaging, mypy_extensions, MarkupSafe, librt, iniconfig, idna, httptools, h11, greenlet, coverage, click, certifi, asyncpg, annotated-types, annotated-doc, aiosqlite, uvicorn, typing-inspection, sqlalchemy, pytest, pydantic-core, mypy, Mako, httpcore, anyio, watchfiles, starlette, pytest-cov, pytest-asyncio, pydantic, httpx, alembic, pydantic-settings, fastapi, tunix-rt-backend
2025-12-23T21:29:11.2355341Z
2025-12-23T21:29:11.2388656Z Successfully installed Mako-1.3.10 MarkupSafe-3.0.3 aiosqlite-0.22.1 alembic-1.17.2 annotated-doc-0.0.4 annotated-types-0.7.0 anyio-4.12.0 asyncpg-0.31.0 certifi-2025.11.12 click-8.3.1 coverage-7.13.0 fastapi-0.125.0 greenlet-3.3.0 h11-0.16.0 httpcore-1.0.9 httptools-0.7.1 httpx-0.28.1 idna-3.11 iniconfig-2.3.0 librt-0.7.4 mypy-1.19.1 mypy_extensions-1.1.0 packaging-25.0 pathspec-0.12.1 pluggy-1.6.0 prometheus-client-0.23.1 pydantic-2.12.5 pydantic-core-2.41.5 pydantic-settings-2.12.0 pygments-2.19.2 pytest-9.0.2 pytest-asyncio-1.3.0 pytest-cov-7.0.0 python-dotenv-1.2.1 pyyaml-6.0.3 ruff-0.14.10 sqlalchemy-2.0.45 starlette-0.50.0 tunix-rt-backend-0.1.0 types-PyYAML-6.0.12.20250915 typing-extensions-4.15.0 typing-inspection-0.4.2 uvicorn-0.38.0 uvloop-0.22.1 watchfiles-1.1.1 websockets-15.0.1
2025-12-23T21:29:11.9536539Z ##[group]Run actions/cache@1bd1e32a3bdc45362d1e726936510720a7c30a57
2025-12-23T21:29:11.9536934Z with:
2025-12-23T21:29:11.9537108Z   path: ~/.cache/pip
2025-12-23T21:29:11.9537506Z   key: security-tools-Linux-64953fd675460340fdcb2a6d53936f96fdb0712c15a05dd4de709ab544c3847e
2025-12-23T21:29:11.9537951Z   restore-keys: security-tools-Linux-

2025-12-23T21:29:11.9538208Z   enableCrossOsArchive: false
2025-12-23T21:29:11.9538420Z   fail-on-cache-miss: false
2025-12-23T21:29:11.9538644Z   lookup-only: false
2025-12-23T21:29:11.9538824Z   save-always: false
2025-12-23T21:29:11.9538984Z env:
2025-12-23T21:29:11.9539218Z   pythonLocation: /opt/hostedtoolcache/Python/3.11.14/x64
2025-12-23T21:29:11.9539599Z   PKG_CONFIG_PATH: /opt/hostedtoolcache/Python/3.11.14/x64/lib/pkgconfig
2025-12-23T21:29:11.9539987Z   Python_ROOT_DIR: /opt/hostedtoolcache/Python/3.11.14/x64
2025-12-23T21:29:11.9540526Z   Python2_ROOT_DIR: /opt/hostedtoolcache/Python/3.11.14/x64
2025-12-23T21:29:11.9540905Z   Python3_ROOT_DIR: /opt/hostedtoolcache/Python/3.11.14/x64
2025-12-23T21:29:11.9541237Z   LD_LIBRARY_PATH: /opt/hostedtoolcache/Python/3.11.14/x64/lib
2025-12-23T21:29:11.9541519Z ##[endgroup]
2025-12-23T21:29:12.1982335Z Cache hit for: security-tools-Linux-64953fd675460340fdcb2a6d53936f96fdb0712c15a05dd4de709ab544c3847e
2025-12-23T21:29:12.8805128Z Received 64633492 of 64633492 (100.0%), 108.1 MBs/sec
2025-12-23T21:29:12.8809199Z Cache Size: ~62 MB (64633492 B)
2025-12-23T21:29:12.8840926Z [command]/usr/bin/tar -xf /home/runner/work/_temp/485bebff-e065-437f-a152-b11b1157bd04/cache.tzst -P -C /home/runner/work/tunix-rt/tunix-rt --use-compress-program unzstd
2025-12-23T21:29:13.0886965Z Cache restored successfully
2025-12-23T21:29:13.1093536Z Cache restored from key: security-tools-Linux-64953fd675460340fdcb2a6d53936f96fdb0712c15a05dd4de709ab544c3847e
2025-12-23T21:29:13.1209134Z ##[group]Run pip install pip-audit
2025-12-23T21:29:13.1209480Z [36;1mpip install pip-audit[0m
2025-12-23T21:29:13.1209846Z [36;1mpip-audit --desc --format json --output pip-audit-report.json || true[0m
2025-12-23T21:29:13.1210223Z [36;1mpip-audit --desc || true[0m
2025-12-23T21:29:13.1244814Z shell: /usr/bin/bash -e {0}
2025-12-23T21:29:13.1245031Z env:
2025-12-23T21:29:13.1245272Z   pythonLocation: /opt/hostedtoolcache/Python/3.11.14/x64
2025-12-23T21:29:13.1245680Z   PKG_CONFIG_PATH: /opt/hostedtoolcache/Python/3.11.14/x64/lib/pkgconfig
2025-12-23T21:29:13.1246320Z   Python_ROOT_DIR: /opt/hostedtoolcache/Python/3.11.14/x64
2025-12-23T21:29:13.1246663Z   Python2_ROOT_DIR: /opt/hostedtoolcache/Python/3.11.14/x64
2025-12-23T21:29:13.1247012Z   Python3_ROOT_DIR: /opt/hostedtoolcache/Python/3.11.14/x64
2025-12-23T21:29:13.1247355Z   LD_LIBRARY_PATH: /opt/hostedtoolcache/Python/3.11.14/x64/lib
2025-12-23T21:29:13.1247631Z ##[endgroup]
2025-12-23T21:29:13.5827386Z Collecting pip-audit
2025-12-23T21:29:13.5847005Z   Using cached pip_audit-2.10.0-py3-none-any.whl.metadata (28 kB)
2025-12-23T21:29:13.6031543Z Collecting CacheControl>=0.13.0 (from CacheControl[filecache]>=0.13.0->pip-audit)
2025-12-23T21:29:13.6047757Z   Using cached cachecontrol-0.14.4-py3-none-any.whl.metadata (3.1 kB)
2025-12-23T21:29:13.6439520Z Collecting cyclonedx-python-lib<12,>=5 (from pip-audit)
2025-12-23T21:29:13.6462163Z   Using cached cyclonedx_python_lib-11.6.0-py3-none-any.whl.metadata (6.8 kB)
2025-12-23T21:29:13.6512551Z Requirement already satisfied: packaging>=23.0.0 in /opt/hostedtoolcache/Python/3.11.14/x64/lib/python3.11/site-packages (from pip-audit) (25.0)
2025-12-23T21:29:13.6627847Z Collecting pip-api>=0.0.28 (from pip-audit)
2025-12-23T21:29:13.6642365Z   Using cached pip_api-0.0.34-py3-none-any.whl.metadata (6.6 kB)
2025-12-23T21:29:13.6762395Z Collecting pip-requirements-parser>=32.0.0 (from pip-audit)
2025-12-23T21:29:13.6776920Z   Using cached pip_requirements_parser-32.0.1-py3-none-any.whl.metadata (9.3 kB)
2025-12-23T21:29:13.7117323Z Collecting requests>=2.31.0 (from pip-audit)
2025-12-23T21:29:13.7132800Z   Using cached requests-2.32.5-py3-none-any.whl.metadata (4.9 kB)
2025-12-23T21:29:13.7489870Z Collecting rich>=12.4 (from pip-audit)
2025-12-23T21:29:13.7505678Z   Using cached rich-14.2.0-py3-none-any.whl.metadata (18 kB)
2025-12-23T21:29:13.7668423Z Collecting tomli>=2.2.1 (from pip-audit)
2025-12-23T21:29:13.7683422Z   Using cached tomli-2.3.0-cp311-cp311-manylinux2014_x86_64.manylinux_2_17_x86_64.manylinux_2_28_x86_64.whl.metadata (10 kB)
2025-12-23T21:29:13.7771650Z Collecting tomli-w>=1.2.0 (from pip-audit)
2025-12-23T21:29:13.7784895Z   Using cached tomli_w-1.2.0-py3-none-any.whl.metadata (5.7 kB)
2025-12-23T21:29:13.8001280Z Collecting platformdirs>=4.2.0 (from pip-audit)
2025-12-23T21:29:13.8019501Z   Using cached platformdirs-4.5.1-py3-none-any.whl.metadata (12 kB)
2025-12-23T21:29:13.8196275Z Collecting license-expression<31,>=30 (from cyclonedx-python-lib<12,>=5->pip-audit)
2025-12-23T21:29:13.8209884Z   Using cached license_expression-30.4.4-py3-none-any.whl.metadata (11 kB)
2025-12-23T21:29:13.8412898Z Collecting packageurl-python<2,>=0.11 (from cyclonedx-python-lib<12,>=5->pip-audit)
2025-12-23T21:29:13.8426713Z   Using cached packageurl_python-0.17.6-py3-none-any.whl.metadata (5.1 kB)
2025-12-23T21:29:13.8594845Z Collecting py-serializable<3.0.0,>=2.1.0 (from cyclonedx-python-lib<12,>=5->pip-audit)
2025-12-23T21:29:13.8609137Z   Using cached py_serializable-2.1.0-py3-none-any.whl.metadata (4.3 kB)
2025-12-23T21:29:13.8725234Z Collecting sortedcontainers<3.0.0,>=2.4.0 (from cyclonedx-python-lib<12,>=5->pip-audit)
2025-12-23T21:29:13.8739088Z   Using cached sortedcontainers-2.4.0-py2.py3-none-any.whl.metadata (10 kB)
2025-12-23T21:29:13.8762338Z Requirement already satisfied: typing_extensions<5.0,>=4.6 in /opt/hostedtoolcache/Python/3.11.14/x64/lib/python3.11/site-packages (from cyclonedx-python-lib<12,>=5->pip-audit) (4.15.0)
2025-12-23T21:29:13.8868867Z Collecting boolean.py>=4.0 (from license-expression<31,>=30->cyclonedx-python-lib<12,>=5->pip-audit)
2025-12-23T21:29:13.8882809Z   Using cached boolean_py-5.0-py3-none-any.whl.metadata (2.3 kB)
2025-12-23T21:29:13.8999850Z Collecting defusedxml<0.8.0,>=0.7.1 (from py-serializable<3.0.0,>=2.1.0->cyclonedx-python-lib<12,>=5->pip-audit)
2025-12-23T21:29:13.9013537Z   Using cached defusedxml-0.7.1-py2.py3-none-any.whl.metadata (32 kB)
2025-12-23T21:29:14.0000094Z Collecting msgpack<2.0.0,>=0.5.2 (from CacheControl>=0.13.0->CacheControl[filecache]>=0.13.0->pip-audit)
2025-12-23T21:29:14.0016232Z   Using cached msgpack-1.1.2-cp311-cp311-manylinux2014_x86_64.manylinux_2_17_x86_64.manylinux_2_28_x86_64.whl.metadata (8.1 kB)
2025-12-23T21:29:14.0225644Z Collecting filelock>=3.8.0 (from CacheControl[filecache]>=0.13.0->pip-audit)
2025-12-23T21:29:14.0241261Z   Using cached filelock-3.20.1-py3-none-any.whl.metadata (2.1 kB)
2025-12-23T21:29:14.0277736Z Requirement already satisfied: pip in /opt/hostedtoolcache/Python/3.11.14/x64/lib/python3.11/site-packages (from pip-api>=0.0.28->pip-audit) (25.3)
2025-12-23T21:29:14.0501543Z Collecting pyparsing (from pip-requirements-parser>=32.0.0->pip-audit)
2025-12-23T21:29:14.0517142Z   Using cached pyparsing-3.3.1-py3-none-any.whl.metadata (5.6 kB)
2025-12-23T21:29:14.1311256Z Collecting charset_normalizer<4,>=2 (from requests>=2.31.0->pip-audit)
2025-12-23T21:29:14.1327727Z   Using cached charset_normalizer-3.4.4-cp311-cp311-manylinux2014_x86_64.manylinux_2_17_x86_64.manylinux_2_28_x86_64.whl.metadata (37 kB)
2025-12-23T21:29:14.1366507Z Requirement already satisfied: idna<4,>=2.5 in /opt/hostedtoolcache/Python/3.11.14/x64/lib/python3.11/site-packages (from requests>=2.31.0->pip-audit) (3.11)
2025-12-23T21:29:14.1607441Z Collecting urllib3<3,>=1.21.1 (from requests>=2.31.0->pip-audit)
2025-12-23T21:29:14.1623246Z   Using cached urllib3-2.6.2-py3-none-any.whl.metadata (6.6 kB)
2025-12-23T21:29:14.1652045Z Requirement already satisfied: certifi>=2017.4.17 in /opt/hostedtoolcache/Python/3.11.14/x64/lib/python3.11/site-packages (from requests>=2.31.0->pip-audit) (2025.11.12)
2025-12-23T21:29:14.1818437Z Collecting markdown-it-py>=2.2.0 (from rich>=12.4->pip-audit)
2025-12-23T21:29:14.1833385Z   Using cached markdown_it_py-4.0.0-py3-none-any.whl.metadata (7.3 kB)
2025-12-23T21:29:14.1881849Z Requirement already satisfied: pygments<3.0.0,>=2.13.0 in /opt/hostedtoolcache/Python/3.11.14/x64/lib/python3.11/site-packages (from rich>=12.4->pip-audit) (2.19.2)
2025-12-23T21:29:14.1970171Z Collecting mdurl~=0.1 (from markdown-it-py>=2.2.0->rich>=12.4->pip-audit)
2025-12-23T21:29:14.1984843Z   Using cached mdurl-0.1.2-py3-none-any.whl.metadata (1.6 kB)
2025-12-23T21:29:14.2056673Z Using cached pip_audit-2.10.0-py3-none-any.whl (61 kB)
2025-12-23T21:29:14.2070782Z Using cached cyclonedx_python_lib-11.6.0-py3-none-any.whl (511 kB)
2025-12-23T21:29:14.2089379Z Using cached license_expression-30.4.4-py3-none-any.whl (120 kB)
2025-12-23T21:29:14.2103237Z Using cached packageurl_python-0.17.6-py3-none-any.whl (36 kB)
2025-12-23T21:29:14.2116635Z Using cached py_serializable-2.1.0-py3-none-any.whl (23 kB)
2025-12-23T21:29:14.2130162Z Using cached defusedxml-0.7.1-py2.py3-none-any.whl (25 kB)
2025-12-23T21:29:14.2143256Z Using cached sortedcontainers-2.4.0-py2.py3-none-any.whl (29 kB)
2025-12-23T21:29:14.2156432Z Using cached boolean_py-5.0-py3-none-any.whl (26 kB)
2025-12-23T21:29:14.2169968Z Using cached cachecontrol-0.14.4-py3-none-any.whl (22 kB)
2025-12-23T21:29:14.2183529Z Using cached msgpack-1.1.2-cp311-cp311-manylinux2014_x86_64.manylinux_2_17_x86_64.manylinux_2_28_x86_64.whl (426 kB)
2025-12-23T21:29:14.2200135Z Using cached filelock-3.20.1-py3-none-any.whl (16 kB)
2025-12-23T21:29:14.2212941Z Using cached pip_api-0.0.34-py3-none-any.whl (120 kB)
2025-12-23T21:29:14.2226676Z Using cached pip_requirements_parser-32.0.1-py3-none-any.whl (35 kB)
2025-12-23T21:29:14.2240145Z Using cached platformdirs-4.5.1-py3-none-any.whl (18 kB)
2025-12-23T21:29:14.2253196Z Using cached requests-2.32.5-py3-none-any.whl (64 kB)
2025-12-23T21:29:14.2267676Z Using cached charset_normalizer-3.4.4-cp311-cp311-manylinux2014_x86_64.manylinux_2_17_x86_64.manylinux_2_28_x86_64.whl (151 kB)
2025-12-23T21:29:14.2282279Z Using cached urllib3-2.6.2-py3-none-any.whl (131 kB)
2025-12-23T21:29:14.2295793Z Using cached rich-14.2.0-py3-none-any.whl (243 kB)
2025-12-23T21:29:14.2310948Z Using cached markdown_it_py-4.0.0-py3-none-any.whl (87 kB)
2025-12-23T21:29:14.2324273Z Using cached mdurl-0.1.2-py3-none-any.whl (10.0 kB)
2025-12-23T21:29:14.2338497Z Using cached tomli-2.3.0-cp311-cp311-manylinux2014_x86_64.manylinux_2_17_x86_64.manylinux_2_28_x86_64.whl (242 kB)
2025-12-23T21:29:14.2353186Z Using cached tomli_w-1.2.0-py3-none-any.whl (6.7 kB)
2025-12-23T21:29:14.2365736Z Using cached pyparsing-3.3.1-py3-none-any.whl (121 kB)
2025-12-23T21:29:14.3254964Z Installing collected packages: sortedcontainers, boolean.py, urllib3, tomli-w, tomli, pyparsing, platformdirs, pip-api, packageurl-python, msgpack, mdurl, license-expression, filelock, defusedxml, charset_normalizer, requests, py-serializable, pip-requirements-parser, markdown-it-py, rich, cyclonedx-python-lib, CacheControl, pip-audit
2025-12-23T21:29:15.1688241Z
2025-12-23T21:29:15.1724611Z Successfully installed CacheControl-0.14.4 boolean.py-5.0 charset_normalizer-3.4.4 cyclonedx-python-lib-11.6.0 defusedxml-0.7.1 filelock-3.20.1 license-expression-30.4.4 markdown-it-py-4.0.0 mdurl-0.1.2 msgpack-1.1.2 packageurl-python-0.17.6 pip-api-0.0.34 pip-audit-2.10.0 pip-requirements-parser-32.0.1 platformdirs-4.5.1 py-serializable-2.1.0 pyparsing-3.3.1 requests-2.32.5 rich-14.2.0 sortedcontainers-2.4.0 tomli-2.3.0 tomli-w-1.2.0 urllib3-2.6.2
2025-12-23T21:29:16.6745613Z No known vulnerabilities found
2025-12-23T21:29:17.4604202Z No known vulnerabilities found
2025-12-23T21:29:17.4610882Z Name             Skip Reason
2025-12-23T21:29:17.4611803Z ---------------- -------------------------------------------------------------------------------
2025-12-23T21:29:17.4612839Z tunix-rt-backend Dependency not found on PyPI and could not be audited: tunix-rt-backend (0.1.0)
2025-12-23T21:29:17.5065054Z ##[group]Run actions/upload-artifact@6f51ac03b9356f520e9adb1b1b7802705f340c2b
2025-12-23T21:29:17.5065417Z with:
2025-12-23T21:29:17.5065593Z   name: pip-audit-report
2025-12-23T21:29:17.5065808Z   path: backend/pip-audit-report.json
2025-12-23T21:29:17.5066352Z   retention-days: 30
2025-12-23T21:29:17.5066540Z   if-no-files-found: warn
2025-12-23T21:29:17.5066739Z   compression-level: 6
2025-12-23T21:29:17.5066923Z   overwrite: false
2025-12-23T21:29:17.5067100Z   include-hidden-files: false
2025-12-23T21:29:17.5067299Z env:
2025-12-23T21:29:17.5067513Z   pythonLocation: /opt/hostedtoolcache/Python/3.11.14/x64
2025-12-23T21:29:17.5067915Z   PKG_CONFIG_PATH: /opt/hostedtoolcache/Python/3.11.14/x64/lib/pkgconfig
2025-12-23T21:29:17.5068279Z   Python_ROOT_DIR: /opt/hostedtoolcache/Python/3.11.14/x64
2025-12-23T21:29:17.5068618Z   Python2_ROOT_DIR: /opt/hostedtoolcache/Python/3.11.14/x64
2025-12-23T21:29:17.5068949Z   Python3_ROOT_DIR: /opt/hostedtoolcache/Python/3.11.14/x64
2025-12-23T21:29:17.5069507Z   LD_LIBRARY_PATH: /opt/hostedtoolcache/Python/3.11.14/x64/lib
2025-12-23T21:29:17.5069783Z ##[endgroup]
2025-12-23T21:29:17.7344889Z With the provided path, there will be 1 file uploaded
2025-12-23T21:29:17.7351720Z Artifact name is valid!
2025-12-23T21:29:17.7354516Z Root directory input is valid!
2025-12-23T21:29:17.8816994Z Beginning upload of artifact content to blob storage
2025-12-23T21:29:17.9901246Z Uploaded bytes 1065
2025-12-23T21:29:18.0206899Z Finished uploading artifact content to blob storage!
2025-12-23T21:29:18.0211034Z SHA256 hash of uploaded artifact zip is 58acd6a74dd724513192b7162a6d5d456962852addecbb067c6738b394c423bd
2025-12-23T21:29:18.0212594Z Finalizing artifact upload
2025-12-23T21:29:18.1253991Z Artifact pip-audit-report.zip successfully finalized. Artifact ID 4956982438
2025-12-23T21:29:18.1255105Z Artifact pip-audit-report has been successfully uploaded! Final size is 1065 bytes. Artifact ID is 4956982438
2025-12-23T21:29:18.1263045Z Artifact download URL: https://github.com/m-cahill/tunix-rt/actions/runs/20471996970/artifacts/4956982438
2025-12-23T21:29:18.1369426Z ##[group]Run pip install cyclonedx-bom
2025-12-23T21:29:18.1369728Z [36;1mpip install cyclonedx-bom[0m
2025-12-23T21:29:18.1403463Z shell: /usr/bin/bash -e {0}
2025-12-23T21:29:18.1403690Z env:
2025-12-23T21:29:18.1403925Z   pythonLocation: /opt/hostedtoolcache/Python/3.11.14/x64
2025-12-23T21:29:18.1404335Z   PKG_CONFIG_PATH: /opt/hostedtoolcache/Python/3.11.14/x64/lib/pkgconfig
2025-12-23T21:29:18.1404734Z   Python_ROOT_DIR: /opt/hostedtoolcache/Python/3.11.14/x64
2025-12-23T21:29:18.1423524Z   Python2_ROOT_DIR: /opt/hostedtoolcache/Python/3.11.14/x64
2025-12-23T21:29:18.1424145Z   Python3_ROOT_DIR: /opt/hostedtoolcache/Python/3.11.14/x64
2025-12-23T21:29:18.1424730Z   LD_LIBRARY_PATH: /opt/hostedtoolcache/Python/3.11.14/x64/lib
2025-12-23T21:29:18.1425204Z ##[endgroup]
2025-12-23T21:29:18.5726896Z Collecting cyclonedx-bom
2025-12-23T21:29:18.5756871Z   Using cached cyclonedx_bom-7.2.1-py3-none-any.whl.metadata (9.3 kB)
2025-12-23T21:29:18.5924831Z Collecting chardet<6.0,>=5.1 (from cyclonedx-bom)
2025-12-23T21:29:18.5953340Z   Using cached chardet-5.2.0-py3-none-any.whl.metadata (3.4 kB)
2025-12-23T21:29:18.5997975Z Requirement already satisfied: cyclonedx-python-lib<12,>=8.0 in /opt/hostedtoolcache/Python/3.11.14/x64/lib/python3.11/site-packages (from cyclonedx-python-lib[validation]<12,>=8.0->cyclonedx-bom) (11.6.0)
2025-12-23T21:29:18.6014336Z Requirement already satisfied: packageurl-python<2,>=0.11 in /opt/hostedtoolcache/Python/3.11.14/x64/lib/python3.11/site-packages (from cyclonedx-bom) (0.17.6)
2025-12-23T21:29:18.6028637Z Requirement already satisfied: packaging<26,>=22 in /opt/hostedtoolcache/Python/3.11.14/x64/lib/python3.11/site-packages (from cyclonedx-bom) (25.0)
2025-12-23T21:29:18.6041275Z Requirement already satisfied: pip-requirements-parser<33.0,>=32.0 in /opt/hostedtoolcache/Python/3.11.14/x64/lib/python3.11/site-packages (from cyclonedx-bom) (32.0.1)
2025-12-23T21:29:18.6061280Z Requirement already satisfied: license-expression<31,>=30 in /opt/hostedtoolcache/Python/3.11.14/x64/lib/python3.11/site-packages (from cyclonedx-python-lib<12,>=8.0->cyclonedx-python-lib[validation]<12,>=8.0->cyclonedx-bom) (30.4.4)
2025-12-23T21:29:18.6071255Z Requirement already satisfied: py-serializable<3.0.0,>=2.1.0 in /opt/hostedtoolcache/Python/3.11.14/x64/lib/python3.11/site-packages (from cyclonedx-python-lib<12,>=8.0->cyclonedx-python-lib[validation]<12,>=8.0->cyclonedx-bom) (2.1.0)
2025-12-23T21:29:18.6081026Z Requirement already satisfied: sortedcontainers<3.0.0,>=2.4.0 in /opt/hostedtoolcache/Python/3.11.14/x64/lib/python3.11/site-packages (from cyclonedx-python-lib<12,>=8.0->cyclonedx-python-lib[validation]<12,>=8.0->cyclonedx-bom) (2.4.0)
2025-12-23T21:29:18.6097139Z Requirement already satisfied: typing_extensions<5.0,>=4.6 in /opt/hostedtoolcache/Python/3.11.14/x64/lib/python3.11/site-packages (from cyclonedx-python-lib<12,>=8.0->cyclonedx-python-lib[validation]<12,>=8.0->cyclonedx-bom) (4.15.0)
2025-12-23T21:29:18.6299560Z Collecting jsonschema<5.0,>=4.25 (from jsonschema[format-nongpl]<5.0,>=4.25; extra == "validation" or extra == "json-validation"->cyclonedx-python-lib[validation]<12,>=8.0->cyclonedx-bom)
2025-12-23T21:29:18.6315147Z   Using cached jsonschema-4.25.1-py3-none-any.whl.metadata (7.6 kB)
2025-12-23T21:29:18.8174021Z Collecting lxml<7,>=4 (from cyclonedx-python-lib[validation]<12,>=8.0->cyclonedx-bom)
2025-12-23T21:29:18.8191765Z   Using cached lxml-6.0.2-cp311-cp311-manylinux_2_26_x86_64.manylinux_2_28_x86_64.whl.metadata (3.6 kB)
2025-12-23T21:29:18.8426240Z Collecting referencing>=0.28.4 (from cyclonedx-python-lib[validation]<12,>=8.0->cyclonedx-bom)
2025-12-23T21:29:18.8440636Z   Using cached referencing-0.37.0-py3-none-any.whl.metadata (2.8 kB)
2025-12-23T21:29:18.8577548Z Collecting attrs>=22.2.0 (from jsonschema<5.0,>=4.25->jsonschema[format-nongpl]<5.0,>=4.25; extra == "validation" or extra == "json-validation"->cyclonedx-python-lib[validation]<12,>=8.0->cyclonedx-bom)
2025-12-23T21:29:18.8592034Z   Using cached attrs-25.4.0-py3-none-any.whl.metadata (10 kB)
2025-12-23T21:29:18.8701571Z Collecting jsonschema-specifications>=2023.03.6 (from jsonschema<5.0,>=4.25->jsonschema[format-nongpl]<5.0,>=4.25; extra == "validation" or extra == "json-validation"->cyclonedx-python-lib[validation]<12,>=8.0->cyclonedx-bom)
2025-12-23T21:29:18.8715460Z   Using cached jsonschema_specifications-2025.9.1-py3-none-any.whl.metadata (2.9 kB)
2025-12-23T21:29:19.1462278Z Collecting rpds-py>=0.7.1 (from jsonschema<5.0,>=4.25->jsonschema[format-nongpl]<5.0,>=4.25; extra == "validation" or extra == "json-validation"->cyclonedx-python-lib[validation]<12,>=8.0->cyclonedx-bom)
2025-12-23T21:29:19.1478174Z   Using cached rpds_py-0.30.0-cp311-cp311-manylinux_2_17_x86_64.manylinux2014_x86_64.whl.metadata (4.1 kB)
2025-12-23T21:29:19.1644867Z Collecting fqdn (from jsonschema[format-nongpl]<5.0,>=4.25; extra == "validation" or extra == "json-validation"->cyclonedx-python-lib[validation]<12,>=8.0->cyclonedx-bom)
2025-12-23T21:29:19.1658943Z   Using cached fqdn-1.5.1-py3-none-any.whl.metadata (1.4 kB)
2025-12-23T21:29:19.1676414Z Requirement already satisfied: idna in /opt/hostedtoolcache/Python/3.11.14/x64/lib/python3.11/site-packages (from jsonschema[format-nongpl]<5.0,>=4.25; extra == "validation" or extra == "json-validation"->cyclonedx-python-lib[validation]<12,>=8.0->cyclonedx-bom) (3.11)
2025-12-23T21:29:19.1777638Z Collecting isoduration (from jsonschema[format-nongpl]<5.0,>=4.25; extra == "validation" or extra == "json-validation"->cyclonedx-python-lib[validation]<12,>=8.0->cyclonedx-bom)
2025-12-23T21:29:19.1791419Z   Using cached isoduration-20.11.0-py3-none-any.whl.metadata (5.7 kB)
2025-12-23T21:29:19.1892970Z Collecting jsonpointer>1.13 (from jsonschema[format-nongpl]<5.0,>=4.25; extra == "validation" or extra == "json-validation"->cyclonedx-python-lib[validation]<12,>=8.0->cyclonedx-bom)
2025-12-23T21:29:19.1906661Z   Using cached jsonpointer-3.0.0-py2.py3-none-any.whl.metadata (2.3 kB)
2025-12-23T21:29:19.1989809Z Collecting rfc3339-validator (from jsonschema[format-nongpl]<5.0,>=4.25; extra == "validation" or extra == "json-validation"->cyclonedx-python-lib[validation]<12,>=8.0->cyclonedx-bom)
2025-12-23T21:29:19.2004234Z   Using cached rfc3339_validator-0.1.4-py2.py3-none-any.whl.metadata (1.5 kB)
2025-12-23T21:29:19.2105304Z Collecting rfc3986-validator>0.1.0 (from jsonschema[format-nongpl]<5.0,>=4.25; extra == "validation" or extra == "json-validation"->cyclonedx-python-lib[validation]<12,>=8.0->cyclonedx-bom)
2025-12-23T21:29:19.2133745Z   Using cached rfc3986_validator-0.1.1-py2.py3-none-any.whl.metadata (1.7 kB)
2025-12-23T21:29:19.2254838Z Collecting rfc3987-syntax>=1.1.0 (from jsonschema[format-nongpl]<5.0,>=4.25; extra == "validation" or extra == "json-validation"->cyclonedx-python-lib[validation]<12,>=8.0->cyclonedx-bom)
2025-12-23T21:29:19.2273755Z   Using cached rfc3987_syntax-1.1.0-py3-none-any.whl.metadata (7.7 kB)
2025-12-23T21:29:19.2386902Z Collecting uri-template (from jsonschema[format-nongpl]<5.0,>=4.25; extra == "validation" or extra == "json-validation"->cyclonedx-python-lib[validation]<12,>=8.0->cyclonedx-bom)
2025-12-23T21:29:19.2426954Z   Using cached uri_template-1.3.0-py3-none-any.whl.metadata (8.8 kB)
2025-12-23T21:29:19.2597553Z Collecting webcolors>=24.6.0 (from jsonschema[format-nongpl]<5.0,>=4.25; extra == "validation" or extra == "json-validation"->cyclonedx-python-lib[validation]<12,>=8.0->cyclonedx-bom)
2025-12-23T21:29:19.2617683Z   Using cached webcolors-25.10.0-py3-none-any.whl.metadata (2.2 kB)
2025-12-23T21:29:19.2653364Z Requirement already satisfied: boolean.py>=4.0 in /opt/hostedtoolcache/Python/3.11.14/x64/lib/python3.11/site-packages (from license-expression<31,>=30->cyclonedx-python-lib<12,>=8.0->cyclonedx-python-lib[validation]<12,>=8.0->cyclonedx-bom) (5.0)
2025-12-23T21:29:19.2734779Z Requirement already satisfied: pyparsing in /opt/hostedtoolcache/Python/3.11.14/x64/lib/python3.11/site-packages (from pip-requirements-parser<33.0,>=32.0->cyclonedx-bom) (3.3.1)
2025-12-23T21:29:19.2789594Z Requirement already satisfied: defusedxml<0.8.0,>=0.7.1 in /opt/hostedtoolcache/Python/3.11.14/x64/lib/python3.11/site-packages (from py-serializable<3.0.0,>=2.1.0->cyclonedx-python-lib<12,>=8.0->cyclonedx-python-lib[validation]<12,>=8.0->cyclonedx-bom) (0.7.1)
2025-12-23T21:29:19.3143693Z Collecting lark>=1.2.2 (from rfc3987-syntax>=1.1.0->jsonschema[format-nongpl]<5.0,>=4.25; extra == "validation" or extra == "json-validation"->cyclonedx-python-lib[validation]<12,>=8.0->cyclonedx-bom)
2025-12-23T21:29:19.3158720Z   Using cached lark-1.3.1-py3-none-any.whl.metadata (1.8 kB)
2025-12-23T21:29:19.3366963Z Collecting arrow>=0.15.0 (from isoduration->jsonschema[format-nongpl]<5.0,>=4.25; extra == "validation" or extra == "json-validation"->cyclonedx-python-lib[validation]<12,>=8.0->cyclonedx-bom)
2025-12-23T21:29:19.3380642Z   Using cached arrow-1.4.0-py3-none-any.whl.metadata (7.7 kB)
2025-12-23T21:29:19.3519860Z Collecting python-dateutil>=2.7.0 (from arrow>=0.15.0->isoduration->jsonschema[format-nongpl]<5.0,>=4.25; extra == "validation" or extra == "json-validation"->cyclonedx-python-lib[validation]<12,>=8.0->cyclonedx-bom)
2025-12-23T21:29:19.3533362Z   Using cached python_dateutil-2.9.0.post0-py2.py3-none-any.whl.metadata (8.4 kB)
2025-12-23T21:29:19.3655541Z Collecting tzdata (from arrow>=0.15.0->isoduration->jsonschema[format-nongpl]<5.0,>=4.25; extra == "validation" or extra == "json-validation"->cyclonedx-python-lib[validation]<12,>=8.0->cyclonedx-bom)
2025-12-23T21:29:19.3669807Z   Using cached tzdata-2025.3-py2.py3-none-any.whl.metadata (1.4 kB)
2025-12-23T21:29:19.3823801Z Collecting six>=1.5 (from python-dateutil>=2.7.0->arrow>=0.15.0->isoduration->jsonschema[format-nongpl]<5.0,>=4.25; extra == "validation" or extra == "json-validation"->cyclonedx-python-lib[validation]<12,>=8.0->cyclonedx-bom)
2025-12-23T21:29:19.3837615Z   Using cached six-1.17.0-py2.py3-none-any.whl.metadata (1.7 kB)
2025-12-23T21:29:19.3936634Z Using cached cyclonedx_bom-7.2.1-py3-none-any.whl (60 kB)
2025-12-23T21:29:19.3950374Z Using cached chardet-5.2.0-py3-none-any.whl (199 kB)
2025-12-23T21:29:19.3964860Z Using cached jsonschema-4.25.1-py3-none-any.whl (90 kB)
2025-12-23T21:29:19.3979213Z Using cached lxml-6.0.2-cp311-cp311-manylinux_2_26_x86_64.manylinux_2_28_x86_64.whl (5.2 MB)
2025-12-23T21:29:19.4029579Z Using cached attrs-25.4.0-py3-none-any.whl (67 kB)
2025-12-23T21:29:19.4042826Z Using cached jsonpointer-3.0.0-py2.py3-none-any.whl (7.6 kB)
2025-12-23T21:29:19.4056214Z Using cached jsonschema_specifications-2025.9.1-py3-none-any.whl (18 kB)
2025-12-23T21:29:19.4069595Z Using cached referencing-0.37.0-py3-none-any.whl (26 kB)
2025-12-23T21:29:19.4082924Z Using cached rfc3986_validator-0.1.1-py2.py3-none-any.whl (4.2 kB)
2025-12-23T21:29:19.4096155Z Using cached rfc3987_syntax-1.1.0-py3-none-any.whl (8.0 kB)
2025-12-23T21:29:19.4109613Z Using cached lark-1.3.1-py3-none-any.whl (113 kB)
2025-12-23T21:29:19.4123721Z Using cached rpds_py-0.30.0-cp311-cp311-manylinux_2_17_x86_64.manylinux2014_x86_64.whl (390 kB)
2025-12-23T21:29:19.4140490Z Using cached webcolors-25.10.0-py3-none-any.whl (14 kB)
2025-12-23T21:29:19.4153890Z Using cached fqdn-1.5.1-py3-none-any.whl (9.1 kB)
2025-12-23T21:29:19.4166865Z Using cached isoduration-20.11.0-py3-none-any.whl (11 kB)
2025-12-23T21:29:19.4180073Z Using cached arrow-1.4.0-py3-none-any.whl (68 kB)
2025-12-23T21:29:19.4193795Z Using cached python_dateutil-2.9.0.post0-py2.py3-none-any.whl (229 kB)
2025-12-23T21:29:19.4208935Z Using cached six-1.17.0-py2.py3-none-any.whl (11 kB)
2025-12-23T21:29:19.4222202Z Using cached rfc3339_validator-0.1.4-py2.py3-none-any.whl (3.5 kB)
2025-12-23T21:29:19.4235374Z Using cached tzdata-2025.3-py2.py3-none-any.whl (348 kB)
2025-12-23T21:29:19.4251338Z Using cached uri_template-1.3.0-py3-none-any.whl (11 kB)
2025-12-23T21:29:19.5253205Z Installing collected packages: webcolors, uri-template, tzdata, six, rpds-py, rfc3986-validator, lxml, lark, jsonpointer, fqdn, chardet, attrs, rfc3987-syntax, rfc3339-validator, referencing, python-dateutil, jsonschema-specifications, arrow, jsonschema, isoduration, cyclonedx-bom
2025-12-23T21:29:20.3220008Z
2025-12-23T21:29:20.3260733Z Successfully installed arrow-1.4.0 attrs-25.4.0 chardet-5.2.0 cyclonedx-bom-7.2.1 fqdn-1.5.1 isoduration-20.11.0 jsonpointer-3.0.0 jsonschema-4.25.1 jsonschema-specifications-2025.9.1 lark-1.3.1 lxml-6.0.2 python-dateutil-2.9.0.post0 referencing-0.37.0 rfc3339-validator-0.1.4 rfc3986-validator-0.1.1 rfc3987-syntax-1.1.0 rpds-py-0.30.0 six-1.17.0 tzdata-2025.3 uri-template-1.3.0 webcolors-25.10.0
2025-12-23T21:29:20.4228073Z ##[group]Run cd ../backend
2025-12-23T21:29:20.4228342Z [36;1mcd ../backend[0m
2025-12-23T21:29:20.4228684Z [36;1mcyclonedx-py requirements -i pyproject.toml -o sbom.json --format json[0m
2025-12-23T21:29:20.4262034Z shell: /usr/bin/bash -e {0}
2025-12-23T21:29:20.4262253Z env:
2025-12-23T21:29:20.4262488Z   pythonLocation: /opt/hostedtoolcache/Python/3.11.14/x64
2025-12-23T21:29:20.4262892Z   PKG_CONFIG_PATH: /opt/hostedtoolcache/Python/3.11.14/x64/lib/pkgconfig
2025-12-23T21:29:20.4263295Z   Python_ROOT_DIR: /opt/hostedtoolcache/Python/3.11.14/x64
2025-12-23T21:29:20.4263637Z   Python2_ROOT_DIR: /opt/hostedtoolcache/Python/3.11.14/x64
2025-12-23T21:29:20.4263976Z   Python3_ROOT_DIR: /opt/hostedtoolcache/Python/3.11.14/x64
2025-12-23T21:29:20.4264319Z   LD_LIBRARY_PATH: /opt/hostedtoolcache/Python/3.11.14/x64/lib
2025-12-23T21:29:20.4264605Z ##[endgroup]
2025-12-23T21:29:20.6155300Z usage: cyclonedx-py [-h] [--version] <command> ...
2025-12-23T21:29:20.6157971Z cyclonedx-py: error: unrecognized arguments: --format
2025-12-23T21:29:20.6559814Z ##[error]Process completed with exit code 2.
2025-12-23T21:29:20.6612415Z ##[group]Run actions/upload-artifact@6f51ac03b9356f520e9adb1b1b7802705f340c2b
2025-12-23T21:29:20.6612791Z with:
2025-12-23T21:29:20.6612964Z   name: backend-sbom
2025-12-23T21:29:20.6613151Z   path: backend/sbom.json
2025-12-23T21:29:20.6613349Z   retention-days: 90
2025-12-23T21:29:20.6613529Z   if-no-files-found: warn
2025-12-23T21:29:20.6613726Z   compression-level: 6
2025-12-23T21:29:20.6613934Z   overwrite: false
2025-12-23T21:29:20.6614122Z   include-hidden-files: false
2025-12-23T21:29:20.6614328Z env:
2025-12-23T21:29:20.6614546Z   pythonLocation: /opt/hostedtoolcache/Python/3.11.14/x64
2025-12-23T21:29:20.6614930Z   PKG_CONFIG_PATH: /opt/hostedtoolcache/Python/3.11.14/x64/lib/pkgconfig
2025-12-23T21:29:20.6615297Z   Python_ROOT_DIR: /opt/hostedtoolcache/Python/3.11.14/x64
2025-12-23T21:29:20.6615640Z   Python2_ROOT_DIR: /opt/hostedtoolcache/Python/3.11.14/x64
2025-12-23T21:29:20.6616270Z   Python3_ROOT_DIR: /opt/hostedtoolcache/Python/3.11.14/x64
2025-12-23T21:29:20.6616647Z   LD_LIBRARY_PATH: /opt/hostedtoolcache/Python/3.11.14/x64/lib
2025-12-23T21:29:20.6616933Z ##[endgroup]
2025-12-23T21:29:20.8858533Z With the provided path, there will be 1 file uploaded
2025-12-23T21:29:20.8859340Z Artifact name is valid!
2025-12-23T21:29:20.8859711Z Root directory input is valid!
2025-12-23T21:29:21.0215050Z Beginning upload of artifact content to blob storage
2025-12-23T21:29:21.1294780Z Uploaded bytes 134
2025-12-23T21:29:21.1592904Z Finished uploading artifact content to blob storage!
2025-12-23T21:29:21.1596895Z SHA256 hash of uploaded artifact zip is aa3635d2131e4ab40bab481f3a23fd41374d593cc756832b0271bf972b2d3741
2025-12-23T21:29:21.1599494Z Finalizing artifact upload
2025-12-23T21:29:21.2570247Z Artifact backend-sbom.zip successfully finalized. Artifact ID 4956982763
2025-12-23T21:29:21.2571513Z Artifact backend-sbom has been successfully uploaded! Final size is 134 bytes. Artifact ID is 4956982763
2025-12-23T21:29:21.2579371Z Artifact download URL: https://github.com/m-cahill/tunix-rt/actions/runs/20471996970/artifacts/4956982763
2025-12-23T21:29:21.3211963Z Post job cleanup.
2025-12-23T21:29:21.5188441Z Cache hit occurred on the primary key security-tools-Linux-64953fd675460340fdcb2a6d53936f96fdb0712c15a05dd4de709ab544c3847e, not saving cache.
2025-12-23T21:29:21.5280307Z Post job cleanup.
2025-12-23T21:29:21.6946750Z [command]/usr/bin/tar --posix -cf cache.tzst --exclude cache.tzst -P -C /home/runner/work/tunix-rt/tunix-rt --files-from manifest.txt --use-compress-program zstdmt
2025-12-23T21:29:21.9947005Z ##[warning]Failed to save: <h2>Our services aren't available right now</h2><p>We're working to restore all services as soon as possible. Please check back soon.</p>0sQlLaQAAAADqI1az1I9bSqZehjgopzQYQ0hJMzBFREdFMDMwOABFZGdl
2025-12-23T21:29:22.0209691Z Post job cleanup.
2025-12-23T21:29:22.1244573Z [command]/usr/bin/git version
2025-12-23T21:29:22.1285250Z git version 2.52.0
2025-12-23T21:29:22.1332551Z Temporarily overriding HOME='/home/runner/work/_temp/29fb3508-575c-4b3b-9a3f-a6a3ec4b313d' before making global git config changes
2025-12-23T21:29:22.1335173Z Adding repository directory to the temporary git global config as a safe directory
2025-12-23T21:29:22.1340187Z [command]/usr/bin/git config --global --add safe.directory /home/runner/work/tunix-rt/tunix-rt
2025-12-23T21:29:22.1388661Z [command]/usr/bin/git config --local --name-only --get-regexp core\.sshCommand
2025-12-23T21:29:22.1424452Z [command]/usr/bin/git submodule foreach --recursive sh -c "git config --local --name-only --get-regexp 'core\.sshCommand' && git config --local --unset-all 'core.sshCommand' || :"
2025-12-23T21:29:22.1667763Z [command]/usr/bin/git config --local --name-only --get-regexp http\.https\:\/\/github\.com\/\.extraheader
2025-12-23T21:29:22.1704069Z http.https://github.com/.extraheader
2025-12-23T21:29:22.1722820Z [command]/usr/bin/git config --local --unset-all http.https://github.com/.extraheader
2025-12-23T21:29:22.1756647Z [command]/usr/bin/git submodule foreach --recursive sh -c "git config --local --name-only --get-regexp 'http\.https\:\/\/github\.com\/\.extraheader' && git config --local --unset-all 'http.https://github.com/.extraheader' || :"
2025-12-23T21:29:22.2111266Z Cleaning up orphan processes
