2025-12-23T21:28:54.0539442Z Current runner version: '2.330.0'
2025-12-23T21:28:54.0572795Z ##[group]Runner Image Provisioner
2025-12-23T21:28:54.0574016Z Hosted Compute Agent
2025-12-23T21:28:54.0574950Z Version: 20251211.462
2025-12-23T21:28:54.0575952Z Commit: 6cbad8c2bb55d58165063d031ccabf57e2d2db61
2025-12-23T21:28:54.0577020Z Build Date: 2025-12-11T16:28:49Z
2025-12-23T21:28:54.0578388Z Worker ID: {301e810b-edfc-42be-a1c2-b960dfee2210}
2025-12-23T21:28:54.0579451Z ##[endgroup]
2025-12-23T21:28:54.0580279Z ##[group]Operating System
2025-12-23T21:28:54.0581241Z Ubuntu
2025-12-23T21:28:54.0582064Z 24.04.3
2025-12-23T21:28:54.0582790Z LTS
2025-12-23T21:28:54.0583434Z ##[endgroup]
2025-12-23T21:28:54.0584357Z ##[group]Runner Image
2025-12-23T21:28:54.0585190Z Image: ubuntu-24.04
2025-12-23T21:28:54.0585996Z Version: 20251215.174.1
2025-12-23T21:28:54.0588073Z Included Software: https://github.com/actions/runner-images/blob/ubuntu24/20251215.174/images/ubuntu/Ubuntu2404-Readme.md
2025-12-23T21:28:54.0590757Z Image Release: https://github.com/actions/runner-images/releases/tag/ubuntu24%2F20251215.174
2025-12-23T21:28:54.0592530Z ##[endgroup]
2025-12-23T21:28:54.0594110Z ##[group]GITHUB_TOKEN Permissions
2025-12-23T21:28:54.0597658Z Contents: read
2025-12-23T21:28:54.0598435Z Metadata: read
2025-12-23T21:28:54.0599202Z ##[endgroup]
2025-12-23T21:28:54.0602282Z Secret source: Actions
2025-12-23T21:28:54.0603364Z Prepare workflow directory
2025-12-23T21:28:54.1534603Z Prepare all required actions
2025-12-23T21:28:54.1589845Z Getting action download info
2025-12-23T21:28:54.5352232Z Download action repository 'actions/checkout@11bd71901bbe5b1630ceea73d27597364c9af683' (SHA:11bd71901bbe5b1630ceea73d27597364c9af683)
2025-12-23T21:28:54.6731617Z Download action repository 'actions/setup-python@0b93645e9fea7318ecaed2b359559ac225c90a2b' (SHA:0b93645e9fea7318ecaed2b359559ac225c90a2b)
2025-12-23T21:28:54.8088323Z Download action repository 'actions/upload-artifact@6f51ac03b9356f520e9adb1b1b7802705f340c2b' (SHA:6f51ac03b9356f520e9adb1b1b7802705f340c2b)
2025-12-23T21:28:55.1814704Z Complete job name: backend (3.11)
2025-12-23T21:28:55.2579135Z ##[group]Run actions/checkout@11bd71901bbe5b1630ceea73d27597364c9af683
2025-12-23T21:28:55.2580542Z with:
2025-12-23T21:28:55.2581123Z   repository: m-cahill/tunix-rt
2025-12-23T21:28:55.2582060Z   token: ***
2025-12-23T21:28:55.2582607Z   ssh-strict: true
2025-12-23T21:28:55.2583189Z   ssh-user: git
2025-12-23T21:28:55.2583792Z   persist-credentials: true
2025-12-23T21:28:55.2584487Z   clean: true
2025-12-23T21:28:55.2585086Z   sparse-checkout-cone-mode: true
2025-12-23T21:28:55.2585824Z   fetch-depth: 1
2025-12-23T21:28:55.2586406Z   fetch-tags: false
2025-12-23T21:28:55.2586996Z   show-progress: true
2025-12-23T21:28:55.2587795Z   lfs: false
2025-12-23T21:28:55.2588343Z   submodules: false
2025-12-23T21:28:55.2588955Z   set-safe-directory: true
2025-12-23T21:28:55.2589865Z ##[endgroup]
2025-12-23T21:28:55.3733778Z Syncing repository: m-cahill/tunix-rt
2025-12-23T21:28:55.3737767Z ##[group]Getting Git version info
2025-12-23T21:28:55.3739640Z Working directory is '/home/runner/work/tunix-rt/tunix-rt'
2025-12-23T21:28:55.3742347Z [command]/usr/bin/git version
2025-12-23T21:28:55.3793458Z git version 2.52.0
2025-12-23T21:28:55.3835860Z ##[endgroup]
2025-12-23T21:28:55.3850589Z Temporarily overriding HOME='/home/runner/work/_temp/27e472c1-e426-47e2-ad60-fe2fff49b114' before making global git config changes
2025-12-23T21:28:55.3854548Z Adding repository directory to the temporary git global config as a safe directory
2025-12-23T21:28:55.3857854Z [command]/usr/bin/git config --global --add safe.directory /home/runner/work/tunix-rt/tunix-rt
2025-12-23T21:28:55.3905755Z Deleting the contents of '/home/runner/work/tunix-rt/tunix-rt'
2025-12-23T21:28:55.3910587Z ##[group]Initializing the repository
2025-12-23T21:28:55.3917497Z [command]/usr/bin/git init /home/runner/work/tunix-rt/tunix-rt
2025-12-23T21:28:55.4018318Z hint: Using 'master' as the name for the initial branch. This default branch name
2025-12-23T21:28:55.4025204Z hint: will change to "main" in Git 3.0. To configure the initial branch name
2025-12-23T21:28:55.4030470Z hint: to use in all of your new repositories, which will suppress this warning,
2025-12-23T21:28:55.4032326Z hint: call:
2025-12-23T21:28:55.4033113Z hint:
2025-12-23T21:28:55.4034593Z hint: 	git config --global init.defaultBranch <name>
2025-12-23T21:28:55.4037863Z hint:
2025-12-23T21:28:55.4039183Z hint: Names commonly chosen instead of 'master' are 'main', 'trunk' and
2025-12-23T21:28:55.4041552Z hint: 'development'. The just-created branch can be renamed via this command:
2025-12-23T21:28:55.4043342Z hint:
2025-12-23T21:28:55.4044126Z hint: 	git branch -m <name>
2025-12-23T21:28:55.4044995Z hint:
2025-12-23T21:28:55.4046376Z hint: Disable this message with "git config set advice.defaultBranchName false"
2025-12-23T21:28:55.4049175Z Initialized empty Git repository in /home/runner/work/tunix-rt/tunix-rt/.git/
2025-12-23T21:28:55.4053246Z [command]/usr/bin/git remote add origin https://github.com/m-cahill/tunix-rt
2025-12-23T21:28:55.4077493Z ##[endgroup]
2025-12-23T21:28:55.4079498Z ##[group]Disabling automatic garbage collection
2025-12-23T21:28:55.4084523Z [command]/usr/bin/git config --local gc.auto 0
2025-12-23T21:28:55.4124764Z ##[endgroup]
2025-12-23T21:28:55.4126171Z ##[group]Setting up auth
2025-12-23T21:28:55.4128167Z [command]/usr/bin/git config --local --name-only --get-regexp core\.sshCommand
2025-12-23T21:28:55.4160243Z [command]/usr/bin/git submodule foreach --recursive sh -c "git config --local --name-only --get-regexp 'core\.sshCommand' && git config --local --unset-all 'core.sshCommand' || :"
2025-12-23T21:28:55.4475923Z [command]/usr/bin/git config --local --name-only --get-regexp http\.https\:\/\/github\.com\/\.extraheader
2025-12-23T21:28:55.4510125Z [command]/usr/bin/git submodule foreach --recursive sh -c "git config --local --name-only --get-regexp 'http\.https\:\/\/github\.com\/\.extraheader' && git config --local --unset-all 'http.https://github.com/.extraheader' || :"
2025-12-23T21:28:55.4745326Z [command]/usr/bin/git config --local http.https://github.com/.extraheader AUTHORIZATION: basic ***
2025-12-23T21:28:55.4781498Z ##[endgroup]
2025-12-23T21:28:55.4784363Z ##[group]Fetching the repository
2025-12-23T21:28:55.4795451Z [command]/usr/bin/git -c protocol.version=2 fetch --no-tags --prune --no-recurse-submodules --depth=1 origin +ce538560284c18f462acd307ca887ea531b58a3f:refs/remotes/origin/main
2025-12-23T21:28:56.1963688Z From https://github.com/m-cahill/tunix-rt
2025-12-23T21:28:56.1977794Z  * [new ref]         ce538560284c18f462acd307ca887ea531b58a3f -> origin/main
2025-12-23T21:28:56.2012534Z ##[endgroup]
2025-12-23T21:28:56.2014553Z ##[group]Determining the checkout info
2025-12-23T21:28:56.2031079Z ##[endgroup]
2025-12-23T21:28:56.2040739Z [command]/usr/bin/git sparse-checkout disable
2025-12-23T21:28:56.2091265Z [command]/usr/bin/git config --local --unset-all extensions.worktreeConfig
2025-12-23T21:28:56.2127004Z ##[group]Checking out the ref
2025-12-23T21:28:56.2129785Z [command]/usr/bin/git checkout --progress --force -B main refs/remotes/origin/main
2025-12-23T21:28:56.3317722Z Switched to a new branch 'main'
2025-12-23T21:28:56.3322549Z branch 'main' set up to track 'origin/main'.
2025-12-23T21:28:56.3336928Z ##[endgroup]
2025-12-23T21:28:56.3374648Z [command]/usr/bin/git log -1 --format=%H
2025-12-23T21:28:56.3400656Z ce538560284c18f462acd307ca887ea531b58a3f
2025-12-23T21:28:56.3705008Z ##[group]Run actions/setup-python@0b93645e9fea7318ecaed2b359559ac225c90a2b
2025-12-23T21:28:56.3706512Z with:
2025-12-23T21:28:56.3707640Z   python-version: 3.11
2025-12-23T21:28:56.3708556Z   cache: pip
2025-12-23T21:28:56.3709504Z   cache-dependency-path: backend/pyproject.toml
2025-12-23T21:28:56.3710704Z   check-latest: false
2025-12-23T21:28:56.3711830Z   token: ***
2025-12-23T21:28:56.3712654Z   update-environment: true
2025-12-23T21:28:56.3713636Z   allow-prereleases: false
2025-12-23T21:28:56.3714578Z ##[endgroup]
2025-12-23T21:28:56.5591818Z ##[group]Installed versions
2025-12-23T21:28:56.5691159Z Successfully set up CPython (3.11.14)
2025-12-23T21:28:56.5694156Z ##[endgroup]
2025-12-23T21:28:56.6177040Z [command]/opt/hostedtoolcache/Python/3.11.14/x64/bin/pip cache dir
2025-12-23T21:28:58.3322229Z /home/runner/.cache/pip
2025-12-23T21:28:58.4293006Z ##[warning]Failed to restore: Cache service responded with 400
2025-12-23T21:28:58.4303775Z pip cache is not found
2025-12-23T21:28:58.4415090Z ##[group]Run python -m pip install -e ".[dev]"
2025-12-23T21:28:58.4415517Z [36;1mpython -m pip install -e ".[dev]"[0m
2025-12-23T21:28:58.4457958Z shell: /usr/bin/bash -e {0}
2025-12-23T21:28:58.4458216Z env:
2025-12-23T21:28:58.4458475Z   pythonLocation: /opt/hostedtoolcache/Python/3.11.14/x64
2025-12-23T21:28:58.4458907Z   PKG_CONFIG_PATH: /opt/hostedtoolcache/Python/3.11.14/x64/lib/pkgconfig
2025-12-23T21:28:58.4459315Z   Python_ROOT_DIR: /opt/hostedtoolcache/Python/3.11.14/x64
2025-12-23T21:28:58.4459664Z   Python2_ROOT_DIR: /opt/hostedtoolcache/Python/3.11.14/x64
2025-12-23T21:28:58.4460010Z   Python3_ROOT_DIR: /opt/hostedtoolcache/Python/3.11.14/x64
2025-12-23T21:28:58.4460382Z   LD_LIBRARY_PATH: /opt/hostedtoolcache/Python/3.11.14/x64/lib
2025-12-23T21:28:58.4460675Z ##[endgroup]
2025-12-23T21:28:59.8673218Z Obtaining file:///home/runner/work/tunix-rt/tunix-rt/backend
2025-12-23T21:28:59.8717887Z   Installing build dependencies: started
2025-12-23T21:29:01.3441058Z   Installing build dependencies: finished with status 'done'
2025-12-23T21:29:01.3446191Z   Checking if build backend supports build_editable: started
2025-12-23T21:29:01.6656796Z   Checking if build backend supports build_editable: finished with status 'done'
2025-12-23T21:29:01.6664390Z   Getting requirements to build editable: started
2025-12-23T21:29:01.9749671Z   Getting requirements to build editable: finished with status 'done'
2025-12-23T21:29:01.9762046Z   Preparing editable metadata (pyproject.toml): started
2025-12-23T21:29:02.1491545Z   Preparing editable metadata (pyproject.toml): finished with status 'done'
2025-12-23T21:29:02.2671217Z Collecting fastapi==0.125.0 (from tunix-rt-backend==0.1.0)
2025-12-23T21:29:02.3677846Z   Downloading fastapi-0.125.0-py3-none-any.whl.metadata (30 kB)
2025-12-23T21:29:02.4117785Z Collecting uvicorn==0.38.0 (from uvicorn[standard]==0.38.0->tunix-rt-backend==0.1.0)
2025-12-23T21:29:02.4315620Z   Downloading uvicorn-0.38.0-py3-none-any.whl.metadata (6.8 kB)
2025-12-23T21:29:02.4684070Z Collecting httpx==0.28.1 (from tunix-rt-backend==0.1.0)
2025-12-23T21:29:02.4814783Z   Downloading httpx-0.28.1-py3-none-any.whl.metadata (7.1 kB)
2025-12-23T21:29:02.5941383Z Collecting pydantic==2.12.5 (from tunix-rt-backend==0.1.0)
2025-12-23T21:29:02.6139122Z   Downloading pydantic-2.12.5-py3-none-any.whl.metadata (90 kB)
2025-12-23T21:29:02.6516795Z Collecting pydantic-settings==2.12.0 (from tunix-rt-backend==0.1.0)
2025-12-23T21:29:02.6726358Z   Downloading pydantic_settings-2.12.0-py3-none-any.whl.metadata (3.4 kB)
2025-12-23T21:29:02.9453041Z Collecting sqlalchemy==2.0.45 (from sqlalchemy[asyncio]==2.0.45->tunix-rt-backend==0.1.0)
2025-12-23T21:29:02.9657607Z   Downloading sqlalchemy-2.0.45-cp311-cp311-manylinux2014_x86_64.manylinux_2_17_x86_64.manylinux_2_28_x86_64.whl.metadata (9.5 kB)
2025-12-23T21:29:02.9941839Z Collecting alembic==1.17.2 (from tunix-rt-backend==0.1.0)
2025-12-23T21:29:03.0136590Z   Downloading alembic-1.17.2-py3-none-any.whl.metadata (7.2 kB)
2025-12-23T21:29:03.0712212Z Collecting asyncpg==0.31.0 (from tunix-rt-backend==0.1.0)
2025-12-23T21:29:03.0895930Z   Downloading asyncpg-0.31.0-cp311-cp311-manylinux2014_x86_64.manylinux_2_17_x86_64.manylinux_2_28_x86_64.whl.metadata (4.4 kB)
2025-12-23T21:29:03.1269047Z Collecting pyyaml==6.0.3 (from tunix-rt-backend==0.1.0)
2025-12-23T21:29:03.1464216Z   Downloading pyyaml-6.0.3-cp311-cp311-manylinux2014_x86_64.manylinux_2_17_x86_64.manylinux_2_28_x86_64.whl.metadata (2.4 kB)
2025-12-23T21:29:03.1606972Z Collecting prometheus-client==0.23.1 (from tunix-rt-backend==0.1.0)
2025-12-23T21:29:03.1801910Z   Downloading prometheus_client-0.23.1-py3-none-any.whl.metadata (1.9 kB)
2025-12-23T21:29:03.2145215Z Collecting pytest>=7.4.0 (from tunix-rt-backend==0.1.0)
2025-12-23T21:29:03.2338825Z   Downloading pytest-9.0.2-py3-none-any.whl.metadata (7.6 kB)
2025-12-23T21:29:03.2508983Z Collecting pytest-cov>=4.1.0 (from tunix-rt-backend==0.1.0)
2025-12-23T21:29:03.2704117Z   Downloading pytest_cov-7.0.0-py3-none-any.whl.metadata (31 kB)
2025-12-23T21:29:03.2931061Z Collecting pytest-asyncio>=0.21.0 (from tunix-rt-backend==0.1.0)
2025-12-23T21:29:03.3126293Z   Downloading pytest_asyncio-1.3.0-py3-none-any.whl.metadata (4.1 kB)
2025-12-23T21:29:03.6647940Z Collecting ruff>=0.1.0 (from tunix-rt-backend==0.1.0)
2025-12-23T21:29:03.6844604Z   Downloading ruff-0.14.10-py3-none-manylinux_2_17_x86_64.manylinux2014_x86_64.whl.metadata (26 kB)
2025-12-23T21:29:03.7827743Z Collecting mypy>=1.6.0 (from tunix-rt-backend==0.1.0)
2025-12-23T21:29:03.8023625Z   Downloading mypy-1.19.1-cp311-cp311-manylinux2014_x86_64.manylinux_2_17_x86_64.manylinux_2_28_x86_64.whl.metadata (2.2 kB)
2025-12-23T21:29:03.8220873Z Collecting types-PyYAML>=6.0.0 (from tunix-rt-backend==0.1.0)
2025-12-23T21:29:03.8415435Z   Downloading types_pyyaml-6.0.12.20250915-py3-none-any.whl.metadata (1.7 kB)
2025-12-23T21:29:03.8532885Z Collecting aiosqlite>=0.19.0 (from tunix-rt-backend==0.1.0)
2025-12-23T21:29:03.8727779Z   Downloading aiosqlite-0.22.1-py3-none-any.whl.metadata (4.3 kB)
2025-12-23T21:29:03.9002681Z Collecting Mako (from alembic==1.17.2->tunix-rt-backend==0.1.0)
2025-12-23T21:29:03.9196535Z   Downloading mako-1.3.10-py3-none-any.whl.metadata (2.9 kB)
2025-12-23T21:29:03.9366956Z Collecting typing-extensions>=4.12 (from alembic==1.17.2->tunix-rt-backend==0.1.0)
2025-12-23T21:29:03.9560125Z   Downloading typing_extensions-4.15.0-py3-none-any.whl.metadata (3.3 kB)
2025-12-23T21:29:03.9842311Z Collecting starlette<0.51.0,>=0.40.0 (from fastapi==0.125.0->tunix-rt-backend==0.1.0)
2025-12-23T21:29:04.0039591Z   Downloading starlette-0.50.0-py3-none-any.whl.metadata (6.3 kB)
2025-12-23T21:29:04.0490887Z Collecting annotated-doc>=0.0.2 (from fastapi==0.125.0->tunix-rt-backend==0.1.0)
2025-12-23T21:29:04.0684380Z   Downloading annotated_doc-0.0.4-py3-none-any.whl.metadata (6.6 kB)
2025-12-23T21:29:04.0803401Z Collecting annotated-types>=0.6.0 (from pydantic==2.12.5->tunix-rt-backend==0.1.0)
2025-12-23T21:29:04.0998689Z   Downloading annotated_types-0.7.0-py3-none-any.whl.metadata (15 kB)
2025-12-23T21:29:04.7434094Z Collecting pydantic-core==2.41.5 (from pydantic==2.12.5->tunix-rt-backend==0.1.0)
2025-12-23T21:29:04.7632802Z   Downloading pydantic_core-2.41.5-cp311-cp311-manylinux_2_17_x86_64.manylinux2014_x86_64.whl.metadata (7.3 kB)
2025-12-23T21:29:04.7779951Z Collecting typing-inspection>=0.4.2 (from pydantic==2.12.5->tunix-rt-backend==0.1.0)
2025-12-23T21:29:04.7973212Z   Downloading typing_inspection-0.4.2-py3-none-any.whl.metadata (2.6 kB)
2025-12-23T21:29:04.8168833Z Collecting anyio (from httpx==0.28.1->tunix-rt-backend==0.1.0)
2025-12-23T21:29:04.8363479Z   Downloading anyio-4.12.0-py3-none-any.whl.metadata (4.3 kB)
2025-12-23T21:29:04.8562468Z Collecting certifi (from httpx==0.28.1->tunix-rt-backend==0.1.0)
2025-12-23T21:29:04.8755778Z   Downloading certifi-2025.11.12-py3-none-any.whl.metadata (2.5 kB)
2025-12-23T21:29:04.9377480Z Collecting httpcore==1.* (from httpx==0.28.1->tunix-rt-backend==0.1.0)
2025-12-23T21:29:04.9572522Z   Downloading httpcore-1.0.9-py3-none-any.whl.metadata (21 kB)
2025-12-23T21:29:04.9728372Z Collecting idna (from httpx==0.28.1->tunix-rt-backend==0.1.0)
2025-12-23T21:29:04.9921243Z   Downloading idna-3.11-py3-none-any.whl.metadata (8.4 kB)
2025-12-23T21:29:05.0424101Z Collecting python-dotenv>=0.21.0 (from pydantic-settings==2.12.0->tunix-rt-backend==0.1.0)
2025-12-23T21:29:05.0618141Z   Downloading python_dotenv-1.2.1-py3-none-any.whl.metadata (25 kB)
2025-12-23T21:29:05.1822783Z Collecting greenlet>=1 (from sqlalchemy==2.0.45->sqlalchemy[asyncio]==2.0.45->tunix-rt-backend==0.1.0)
2025-12-23T21:29:05.2015969Z   Downloading greenlet-3.3.0-cp311-cp311-manylinux_2_24_x86_64.manylinux_2_28_x86_64.whl.metadata (4.1 kB)
2025-12-23T21:29:05.2257784Z Collecting click>=7.0 (from uvicorn==0.38.0->uvicorn[standard]==0.38.0->tunix-rt-backend==0.1.0)
2025-12-23T21:29:05.2452062Z   Downloading click-8.3.1-py3-none-any.whl.metadata (2.6 kB)
2025-12-23T21:29:05.2561492Z Collecting h11>=0.8 (from uvicorn==0.38.0->uvicorn[standard]==0.38.0->tunix-rt-backend==0.1.0)
2025-12-23T21:29:05.2756439Z   Downloading h11-0.16.0-py3-none-any.whl.metadata (8.3 kB)
2025-12-23T21:29:05.3050727Z Collecting httptools>=0.6.3 (from uvicorn[standard]==0.38.0->tunix-rt-backend==0.1.0)
2025-12-23T21:29:05.3245442Z   Downloading httptools-0.7.1-cp311-cp311-manylinux1_x86_64.manylinux_2_28_x86_64.manylinux_2_5_x86_64.whl.metadata (3.5 kB)
2025-12-23T21:29:05.3681803Z Collecting uvloop>=0.15.1 (from uvicorn[standard]==0.38.0->tunix-rt-backend==0.1.0)
2025-12-23T21:29:05.3876061Z   Downloading uvloop-0.22.1-cp311-cp311-manylinux2014_x86_64.manylinux_2_17_x86_64.manylinux_2_28_x86_64.whl.metadata (4.9 kB)
2025-12-23T21:29:05.4605078Z Collecting watchfiles>=0.13 (from uvicorn[standard]==0.38.0->tunix-rt-backend==0.1.0)
2025-12-23T21:29:05.4798955Z   Downloading watchfiles-1.1.1-cp311-cp311-manylinux_2_17_x86_64.manylinux2014_x86_64.whl.metadata (4.9 kB)
2025-12-23T21:29:05.5609353Z Collecting websockets>=10.4 (from uvicorn[standard]==0.38.0->tunix-rt-backend==0.1.0)
2025-12-23T21:29:05.5805478Z   Downloading websockets-15.0.1-cp311-cp311-manylinux_2_5_x86_64.manylinux1_x86_64.manylinux_2_17_x86_64.manylinux2014_x86_64.whl.metadata (6.8 kB)
2025-12-23T21:29:05.6188001Z Collecting mypy_extensions>=1.0.0 (from mypy>=1.6.0->tunix-rt-backend==0.1.0)
2025-12-23T21:29:05.6380794Z   Downloading mypy_extensions-1.1.0-py3-none-any.whl.metadata (1.1 kB)
2025-12-23T21:29:05.6509887Z Collecting pathspec>=0.9.0 (from mypy>=1.6.0->tunix-rt-backend==0.1.0)
2025-12-23T21:29:05.6703145Z   Downloading pathspec-0.12.1-py3-none-any.whl.metadata (21 kB)
2025-12-23T21:29:05.7449706Z Collecting librt>=0.6.2 (from mypy>=1.6.0->tunix-rt-backend==0.1.0)
2025-12-23T21:29:05.7643879Z   Downloading librt-0.7.4-cp311-cp311-manylinux2014_x86_64.manylinux_2_17_x86_64.manylinux_2_28_x86_64.whl.metadata (1.3 kB)
2025-12-23T21:29:05.7785978Z Collecting iniconfig>=1.0.1 (from pytest>=7.4.0->tunix-rt-backend==0.1.0)
2025-12-23T21:29:05.7981478Z   Downloading iniconfig-2.3.0-py3-none-any.whl.metadata (2.5 kB)
2025-12-23T21:29:05.8139783Z Collecting packaging>=22 (from pytest>=7.4.0->tunix-rt-backend==0.1.0)
2025-12-23T21:29:05.8334727Z   Downloading packaging-25.0-py3-none-any.whl.metadata (3.3 kB)
2025-12-23T21:29:05.8467509Z Collecting pluggy<2,>=1.5 (from pytest>=7.4.0->tunix-rt-backend==0.1.0)
2025-12-23T21:29:05.8664067Z   Downloading pluggy-1.6.0-py3-none-any.whl.metadata (4.8 kB)
2025-12-23T21:29:05.8858220Z Collecting pygments>=2.7.2 (from pytest>=7.4.0->tunix-rt-backend==0.1.0)
2025-12-23T21:29:05.9052253Z   Downloading pygments-2.19.2-py3-none-any.whl.metadata (2.5 kB)
2025-12-23T21:29:06.3210945Z Collecting coverage>=7.10.6 (from coverage[toml]>=7.10.6->pytest-cov>=4.1.0->tunix-rt-backend==0.1.0)
2025-12-23T21:29:06.3407343Z   Downloading coverage-7.13.0-cp311-cp311-manylinux1_x86_64.manylinux_2_28_x86_64.manylinux_2_5_x86_64.whl.metadata (8.5 kB)
2025-12-23T21:29:06.4246952Z Collecting MarkupSafe>=0.9.2 (from Mako->alembic==1.17.2->tunix-rt-backend==0.1.0)
2025-12-23T21:29:06.4448221Z   Downloading markupsafe-3.0.3-cp311-cp311-manylinux2014_x86_64.manylinux_2_17_x86_64.manylinux_2_28_x86_64.whl.metadata (2.7 kB)
2025-12-23T21:29:06.4705221Z Downloading alembic-1.17.2-py3-none-any.whl (248 kB)
2025-12-23T21:29:06.5131567Z Downloading asyncpg-0.31.0-cp311-cp311-manylinux2014_x86_64.manylinux_2_17_x86_64.manylinux_2_28_x86_64.whl (3.0 MB)
2025-12-23T21:29:06.5728066Z    ━━━━━━━━━━━━━━━━━━━━━━━━━━━━━━━━━━━━━━━━ 3.0/3.0 MB 51.5 MB/s  0:00:00
2025-12-23T21:29:06.5922613Z Downloading fastapi-0.125.0-py3-none-any.whl (112 kB)
2025-12-23T21:29:06.6167894Z Downloading pydantic-2.12.5-py3-none-any.whl (463 kB)
2025-12-23T21:29:06.6398067Z Downloading httpx-0.28.1-py3-none-any.whl (73 kB)
2025-12-23T21:29:06.6613584Z Downloading prometheus_client-0.23.1-py3-none-any.whl (61 kB)
2025-12-23T21:29:06.6834820Z Downloading pydantic_core-2.41.5-cp311-cp311-manylinux_2_17_x86_64.manylinux2014_x86_64.whl (2.1 MB)
2025-12-23T21:29:06.6971762Z    ━━━━━━━━━━━━━━━━━━━━━━━━━━━━━━━━━━━━━━━━ 2.1/2.1 MB 177.0 MB/s  0:00:00
2025-12-23T21:29:06.7164826Z Downloading pydantic_settings-2.12.0-py3-none-any.whl (51 kB)
2025-12-23T21:29:06.7386297Z Downloading pyyaml-6.0.3-cp311-cp311-manylinux2014_x86_64.manylinux_2_17_x86_64.manylinux_2_28_x86_64.whl (806 kB)
2025-12-23T21:29:06.7453365Z    ━━━━━━━━━━━━━━━━━━━━━━━━━━━━━━━━━━━━━━━━ 806.6/806.6 kB 132.6 MB/s  0:00:00
2025-12-23T21:29:06.7653925Z Downloading sqlalchemy-2.0.45-cp311-cp311-manylinux2014_x86_64.manylinux_2_17_x86_64.manylinux_2_28_x86_64.whl (3.3 MB)
2025-12-23T21:29:06.7839575Z    ━━━━━━━━━━━━━━━━━━━━━━━━━━━━━━━━━━━━━━━━ 3.3/3.3 MB 203.4 MB/s  0:00:00
2025-12-23T21:29:06.8032147Z Downloading uvicorn-0.38.0-py3-none-any.whl (68 kB)
2025-12-23T21:29:06.8249941Z Downloading httpcore-1.0.9-py3-none-any.whl (78 kB)
2025-12-23T21:29:06.8466466Z Downloading starlette-0.50.0-py3-none-any.whl (74 kB)
2025-12-23T21:29:06.8681702Z Downloading anyio-4.12.0-py3-none-any.whl (113 kB)
2025-12-23T21:29:06.8914988Z Downloading aiosqlite-0.22.1-py3-none-any.whl (17 kB)
2025-12-23T21:29:06.9129612Z Downloading annotated_doc-0.0.4-py3-none-any.whl (5.3 kB)
2025-12-23T21:29:06.9343340Z Downloading annotated_types-0.7.0-py3-none-any.whl (13 kB)
2025-12-23T21:29:06.9557308Z Downloading click-8.3.1-py3-none-any.whl (108 kB)
2025-12-23T21:29:06.9778827Z Downloading greenlet-3.3.0-cp311-cp311-manylinux_2_24_x86_64.manylinux_2_28_x86_64.whl (590 kB)
2025-12-23T21:29:06.9837244Z    ━━━━━━━━━━━━━━━━━━━━━━━━━━━━━━━━━━━━━━━━ 590.2/590.2 kB 98.8 MB/s  0:00:00
2025-12-23T21:29:07.0028839Z Downloading h11-0.16.0-py3-none-any.whl (37 kB)
2025-12-23T21:29:07.0246252Z Downloading httptools-0.7.1-cp311-cp311-manylinux1_x86_64.manylinux_2_28_x86_64.manylinux_2_5_x86_64.whl (456 kB)
2025-12-23T21:29:07.0475958Z Downloading idna-3.11-py3-none-any.whl (71 kB)
2025-12-23T21:29:07.0701481Z Downloading mypy-1.19.1-cp311-cp311-manylinux2014_x86_64.manylinux_2_17_x86_64.manylinux_2_28_x86_64.whl (13.4 MB)
2025-12-23T21:29:07.1505096Z    ━━━━━━━━━━━━━━━━━━━━━━━━━━━━━━━━━━━━━━━━ 13.4/13.4 MB 168.6 MB/s  0:00:00
2025-12-23T21:29:07.1705283Z Downloading librt-0.7.4-cp311-cp311-manylinux2014_x86_64.manylinux_2_17_x86_64.manylinux_2_28_x86_64.whl (184 kB)
2025-12-23T21:29:07.1924471Z Downloading mypy_extensions-1.1.0-py3-none-any.whl (5.0 kB)
2025-12-23T21:29:07.2139763Z Downloading pathspec-0.12.1-py3-none-any.whl (31 kB)
2025-12-23T21:29:07.2356971Z Downloading pytest-9.0.2-py3-none-any.whl (374 kB)
2025-12-23T21:29:07.2586924Z Downloading pluggy-1.6.0-py3-none-any.whl (20 kB)
2025-12-23T21:29:07.2801365Z Downloading iniconfig-2.3.0-py3-none-any.whl (7.5 kB)
2025-12-23T21:29:07.3014645Z Downloading packaging-25.0-py3-none-any.whl (66 kB)
2025-12-23T21:29:07.3238374Z Downloading pygments-2.19.2-py3-none-any.whl (1.2 MB)
2025-12-23T21:29:07.3320583Z    ━━━━━━━━━━━━━━━━━━━━━━━━━━━━━━━━━━━━━━━━ 1.2/1.2 MB 168.4 MB/s  0:00:00
2025-12-23T21:29:07.3518554Z Downloading pytest_asyncio-1.3.0-py3-none-any.whl (15 kB)
2025-12-23T21:29:07.3732516Z Downloading pytest_cov-7.0.0-py3-none-any.whl (22 kB)
2025-12-23T21:29:07.3950791Z Downloading coverage-7.13.0-cp311-cp311-manylinux1_x86_64.manylinux_2_28_x86_64.manylinux_2_5_x86_64.whl (250 kB)
2025-12-23T21:29:07.4173058Z Downloading python_dotenv-1.2.1-py3-none-any.whl (21 kB)
2025-12-23T21:29:07.4392950Z Downloading ruff-0.14.10-py3-none-manylinux_2_17_x86_64.manylinux2014_x86_64.whl (14.2 MB)
2025-12-23T21:29:07.5264962Z    ━━━━━━━━━━━━━━━━━━━━━━━━━━━━━━━━━━━━━━━━ 14.2/14.2 MB 170.1 MB/s  0:00:00
2025-12-23T21:29:07.5458721Z Downloading types_pyyaml-6.0.12.20250915-py3-none-any.whl (20 kB)
2025-12-23T21:29:07.5674210Z Downloading typing_extensions-4.15.0-py3-none-any.whl (44 kB)
2025-12-23T21:29:07.5887005Z Downloading typing_inspection-0.4.2-py3-none-any.whl (14 kB)
2025-12-23T21:29:07.6104922Z Downloading uvloop-0.22.1-cp311-cp311-manylinux2014_x86_64.manylinux_2_17_x86_64.manylinux_2_28_x86_64.whl (3.8 MB)
2025-12-23T21:29:07.6302338Z    ━━━━━━━━━━━━━━━━━━━━━━━━━━━━━━━━━━━━━━━━ 3.8/3.8 MB 223.0 MB/s  0:00:00
2025-12-23T21:29:07.6499330Z Downloading watchfiles-1.1.1-cp311-cp311-manylinux_2_17_x86_64.manylinux2014_x86_64.whl (456 kB)
2025-12-23T21:29:07.6730095Z Downloading websockets-15.0.1-cp311-cp311-manylinux_2_5_x86_64.manylinux1_x86_64.manylinux_2_17_x86_64.manylinux2014_x86_64.whl (182 kB)
2025-12-23T21:29:07.6951989Z Downloading certifi-2025.11.12-py3-none-any.whl (159 kB)
2025-12-23T21:29:07.7171059Z Downloading mako-1.3.10-py3-none-any.whl (78 kB)
2025-12-23T21:29:07.7394035Z Downloading markupsafe-3.0.3-cp311-cp311-manylinux2014_x86_64.manylinux_2_17_x86_64.manylinux_2_28_x86_64.whl (22 kB)
2025-12-23T21:29:07.8114464Z Building wheels for collected packages: tunix-rt-backend
2025-12-23T21:29:07.8122659Z   Building editable for tunix-rt-backend (pyproject.toml): started
2025-12-23T21:29:08.0122541Z   Building editable for tunix-rt-backend (pyproject.toml): finished with status 'done'
2025-12-23T21:29:08.0129748Z   Created wheel for tunix-rt-backend: filename=tunix_rt_backend-0.1.0-0.editable-py3-none-any.whl size=3178 sha256=baa3769bedf4c48cec81b277dfeb26e7bbcc8f8da40d26b76c1d7bcefc4dcfd9
2025-12-23T21:29:08.0131727Z   Stored in directory: /tmp/pip-ephem-wheel-cache-moveas07/wheels/6c/ee/47/0b2814d300ad026845dfa3996505f4a0f855be918f2df7eb34
2025-12-23T21:29:08.0146454Z Successfully built tunix-rt-backend
2025-12-23T21:29:08.0842430Z Installing collected packages: websockets, uvloop, typing-extensions, types-PyYAML, ruff, pyyaml, python-dotenv, pygments, prometheus-client, pluggy, pathspec, packaging, mypy_extensions, MarkupSafe, librt, iniconfig, idna, httptools, h11, greenlet, coverage, click, certifi, asyncpg, annotated-types, annotated-doc, aiosqlite, uvicorn, typing-inspection, sqlalchemy, pytest, pydantic-core, mypy, Mako, httpcore, anyio, watchfiles, starlette, pytest-cov, pytest-asyncio, pydantic, httpx, alembic, pydantic-settings, fastapi, tunix-rt-backend
2025-12-23T21:29:13.2162461Z
2025-12-23T21:29:13.2191540Z Successfully installed Mako-1.3.10 MarkupSafe-3.0.3 aiosqlite-0.22.1 alembic-1.17.2 annotated-doc-0.0.4 annotated-types-0.7.0 anyio-4.12.0 asyncpg-0.31.0 certifi-2025.11.12 click-8.3.1 coverage-7.13.0 fastapi-0.125.0 greenlet-3.3.0 h11-0.16.0 httpcore-1.0.9 httptools-0.7.1 httpx-0.28.1 idna-3.11 iniconfig-2.3.0 librt-0.7.4 mypy-1.19.1 mypy_extensions-1.1.0 packaging-25.0 pathspec-0.12.1 pluggy-1.6.0 prometheus-client-0.23.1 pydantic-2.12.5 pydantic-core-2.41.5 pydantic-settings-2.12.0 pygments-2.19.2 pytest-9.0.2 pytest-asyncio-1.3.0 pytest-cov-7.0.0 python-dotenv-1.2.1 pyyaml-6.0.3 ruff-0.14.10 sqlalchemy-2.0.45 starlette-0.50.0 tunix-rt-backend-0.1.0 types-PyYAML-6.0.12.20250915 typing-extensions-4.15.0 typing-inspection-0.4.2 uvicorn-0.38.0 uvloop-0.22.1 watchfiles-1.1.1 websockets-15.0.1
2025-12-23T21:29:13.7423183Z ##[group]Run ruff check .
2025-12-23T21:29:13.7423486Z [36;1mruff check .[0m
2025-12-23T21:29:13.7456751Z shell: /usr/bin/bash -e {0}
2025-12-23T21:29:13.7456987Z env:
2025-12-23T21:29:13.7457501Z   pythonLocation: /opt/hostedtoolcache/Python/3.11.14/x64
2025-12-23T21:29:13.7457927Z   PKG_CONFIG_PATH: /opt/hostedtoolcache/Python/3.11.14/x64/lib/pkgconfig
2025-12-23T21:29:13.7458338Z   Python_ROOT_DIR: /opt/hostedtoolcache/Python/3.11.14/x64
2025-12-23T21:29:13.7458691Z   Python2_ROOT_DIR: /opt/hostedtoolcache/Python/3.11.14/x64
2025-12-23T21:29:13.7459049Z   Python3_ROOT_DIR: /opt/hostedtoolcache/Python/3.11.14/x64
2025-12-23T21:29:13.7459404Z   LD_LIBRARY_PATH: /opt/hostedtoolcache/Python/3.11.14/x64/lib
2025-12-23T21:29:13.7459701Z ##[endgroup]
2025-12-23T21:29:13.7742542Z All checks passed!
2025-12-23T21:29:13.7775845Z ##[group]Run ruff format --check .
2025-12-23T21:29:13.7776127Z [36;1mruff format --check .[0m
2025-12-23T21:29:13.7808135Z shell: /usr/bin/bash -e {0}
2025-12-23T21:29:13.7808374Z env:
2025-12-23T21:29:13.7808795Z   pythonLocation: /opt/hostedtoolcache/Python/3.11.14/x64
2025-12-23T21:29:13.7809207Z   PKG_CONFIG_PATH: /opt/hostedtoolcache/Python/3.11.14/x64/lib/pkgconfig
2025-12-23T21:29:13.7809599Z   Python_ROOT_DIR: /opt/hostedtoolcache/Python/3.11.14/x64
2025-12-23T21:29:13.7809946Z   Python2_ROOT_DIR: /opt/hostedtoolcache/Python/3.11.14/x64
2025-12-23T21:29:13.7810303Z   Python3_ROOT_DIR: /opt/hostedtoolcache/Python/3.11.14/x64
2025-12-23T21:29:13.7810647Z   LD_LIBRARY_PATH: /opt/hostedtoolcache/Python/3.11.14/x64/lib
2025-12-23T21:29:13.7810939Z ##[endgroup]
2025-12-23T21:29:13.8107489Z Would reformat: tests/test_tunix_registry.py
2025-12-23T21:29:13.8109310Z 1 file would be reformatted, 70 files already formatted
2025-12-23T21:29:13.8122807Z ##[error]Process completed with exit code 1.
2025-12-23T21:29:13.8228155Z Post job cleanup.
2025-12-23T21:29:13.9183710Z [command]/usr/bin/git version
2025-12-23T21:29:13.9223978Z git version 2.52.0
2025-12-23T21:29:13.9272102Z Temporarily overriding HOME='/home/runner/work/_temp/68932ee6-a8a8-4e67-b001-d538992178d6' before making global git config changes
2025-12-23T21:29:13.9274009Z Adding repository directory to the temporary git global config as a safe directory
2025-12-23T21:29:13.9278828Z [command]/usr/bin/git config --global --add safe.directory /home/runner/work/tunix-rt/tunix-rt
2025-12-23T21:29:13.9325822Z [command]/usr/bin/git config --local --name-only --get-regexp core\.sshCommand
2025-12-23T21:29:13.9361566Z [command]/usr/bin/git submodule foreach --recursive sh -c "git config --local --name-only --get-regexp 'core\.sshCommand' && git config --local --unset-all 'core.sshCommand' || :"
2025-12-23T21:29:13.9708203Z [command]/usr/bin/git config --local --name-only --get-regexp http\.https\:\/\/github\.com\/\.extraheader
2025-12-23T21:29:13.9749358Z http.https://github.com/.extraheader
2025-12-23T21:29:13.9780346Z [command]/usr/bin/git config --local --unset-all http.https://github.com/.extraheader
2025-12-23T21:29:13.9837593Z [command]/usr/bin/git submodule foreach --recursive sh -c "git config --local --name-only --get-regexp 'http\.https\:\/\/github\.com\/\.extraheader' && git config --local --unset-all 'http.https://github.com/.extraheader' || :"
2025-12-23T21:29:14.0347697Z Cleaning up orphan processes
